Resolving dependencies...
Downloading packages...
  _fe_analyzer_shared 67.0.0 (92.0.0 available)
  analyzer 6.4.1 (9.0.0 available)
  audio_session 0.1.25 (0.2.2 available)
  build 2.4.1 (4.0.2 available)
  build_config 1.1.2 (1.2.0 available)
  build_daemon 4.1.0 (4.1.1 available)
  build_resolvers 2.4.2 (3.0.4 available)
  build_runner 2.4.13 (2.10.3 available)
  build_runner_core 7.3.2 (9.3.2 available)
  characters 1.4.0 (1.4.1 available)
  cross_file 0.3.4+2 (0.3.5 available)
  crypto 3.0.6 (3.0.7 available)
  dart_style 2.3.6 (3.1.3 available)
  device_info_plus 11.5.0 (12.2.0 available)
  flutter_secure_storage_linux 1.2.3 (2.0.1 available)
  flutter_secure_storage_macos 3.1.3 (4.0.0 available)
  flutter_secure_storage_platform_interface 1.1.2 (2.0.1 available)
  flutter_secure_storage_web 1.2.1 (2.0.0 available)
  flutter_secure_storage_windows 3.1.2 (4.0.0 available)
  flutter_svg 2.2.1 (2.2.2 available)
  google_sign_in 6.3.0 (7.2.0 available)
  google_sign_in_android 6.2.1 (7.2.4 available)
  google_sign_in_ios 5.9.0 (6.2.3 available)
  google_sign_in_platform_interface 2.5.0 (3.1.0 available)
  google_sign_in_web 0.12.4+4 (1.1.0 available)
  http 1.5.0 (1.6.0 available)
  js 0.6.7 (0.7.2 available)
  material_color_utilities 0.11.1 (0.13.0 available)
  mockito 5.4.4 (5.5.1 available)
  package_info_plus 8.3.1 (9.0.0 available)
  share_plus 11.1.0 (12.0.1 available)
  shelf_web_socket 2.0.1 (3.0.0 available)
  sign_in_with_apple 6.1.4 (7.0.1 available)
  sign_in_with_apple_platform_interface 1.1.0 (2.0.0 available)
  sign_in_with_apple_web 2.1.1 (3.0.0 available)
  source_gen 1.5.0 (4.0.2 available)
  source_helper 1.3.5 (1.3.8 available)
  test_api 0.7.7 (0.7.8 available)
  tflite_flutter 0.11.0 (0.12.1 available)
  uuid 4.5.1 (4.5.2 available)
  webview_flutter_wkwebview 3.23.1 (3.23.2 available)
Got dependencies!
41 packages have newer versions incompatible with dependency constraints.
Try `flutter pub outdated` for more information.
00:00 +0: loading /Users/nishantgupta/Documents/GitaGyan/OldWisdom/test/core/app_initializer_test.dart                                                                                                 00:01 +0: loading /Users/nishantgupta/Documents/GitaGyan/OldWisdom/test/core/app_initializer_test.dart                                                                                                 00:02 +0: loading /Users/nishantgupta/Documents/GitaGyan/OldWisdom/test/core/app_initializer_test.dart                                                                                                 00:03 +0: loading /Users/nishantgupta/Documents/GitaGyan/OldWisdom/test/core/app_initializer_test.dart                                                                                                 00:03 +0: /Users/nishantgupta/Documents/GitaGyan/OldWisdom/test/core/app_initializer_test.dart: AppInitializer Critical Services Initialization should initialize critical services without throwing   00:03 +1: /Users/nishantgupta/Documents/GitaGyan/OldWisdom/test/core/app_initializer_test.dart: AppInitializer Critical Services Initialization should initialize critical services without throwing   00:03 +1: /Users/nishantgupta/Documents/GitaGyan/OldWisdom/test/core/app_initializer_test.dart: AppInitializer Critical Services Initialization should validate application configuration              00:03 +2: /Users/nishantgupta/Documents/GitaGyan/OldWisdom/test/core/app_initializer_test.dart: AppInitializer Critical Services Initialization should validate application configuration              00:03 +2: /Users/nishantgupta/Documents/GitaGyan/OldWisdom/test/core/app_initializer_test.dart: AppInitializer Secondary Services Initialization initializeSecondaryServices should be async method    00:03 +3: /Users/nishantgupta/Documents/GitaGyan/OldWisdom/test/core/app_initializer_test.dart: AppInitializer Secondary Services Initialization initializeSecondaryServices should be async method    00:03 +3: /Users/nishantgupta/Documents/GitaGyan/OldWisdom/test/core/app_initializer_test.dart: AppInitializer Secondary Services Initialization should handle initialization timeout gracefully       00:03 +4: /Users/nishantgupta/Documents/GitaGyan/OldWisdom/test/core/app_initializer_test.dart: AppInitializer Secondary Services Initialization should handle initialization timeout gracefully       00:03 +4: /Users/nishantgupta/Documents/GitaGyan/OldWisdom/test/core/app_initializer_test.dart: AppInitializer Secondary Services Initialization should continue startup even if secondary init fails  00:03 +5: /Users/nishantgupta/Documents/GitaGyan/OldWisdom/test/core/app_initializer_test.dart: AppInitializer Secondary Services Initialization should continue startup even if secondary init fails  00:03 +5: /Users/nishantgupta/Documents/GitaGyan/OldWisdom/test/core/app_initializer_test.dart: AppInitializer Hive Adapter Registration should register all model adapters                            00:03 +6: /Users/nishantgupta/Documents/GitaGyan/OldWisdom/test/core/app_initializer_test.dart: AppInitializer Hive Adapter Registration should register all model adapters                            00:03 +6: /Users/nishantgupta/Documents/GitaGyan/OldWisdom/test/core/app_initializer_test.dart: AppInitializer Hive Adapter Registration should not crash if adapters already registered               00:03 +7: /Users/nishantgupta/Documents/GitaGyan/OldWisdom/test/core/app_initializer_test.dart: AppInitializer Hive Adapter Registration should not crash if adapters already registered               00:03 +7: /Users/nishantgupta/Documents/GitaGyan/OldWisdom/test/core/app_initializer_test.dart: AppInitializer User Data Preservation should preserve existing Hive data on initialization             00:03 +8: /Users/nishantgupta/Documents/GitaGyan/OldWisdom/test/core/app_initializer_test.dart: AppInitializer User Data Preservation should preserve existing Hive data on initialization             00:03 +8: /Users/nishantgupta/Documents/GitaGyan/OldWisdom/test/core/app_initializer_test.dart: AppInitializer Platform Specific Initialization should handle iOS/macOS specific UI settings           00:03 +9: /Users/nishantgupta/Documents/GitaGyan/OldWisdom/test/core/app_initializer_test.dart: AppInitializer Platform Specific Initialization should handle iOS/macOS specific UI settings           00:03 +9: /Users/nishantgupta/Documents/GitaGyan/OldWisdom/test/core/app_initializer_test.dart: AppInitializer Platform Specific Initialization should skip platform operations on web platform        00:03 +10: /Users/nishantgupta/Documents/GitaGyan/OldWisdom/test/core/app_initializer_test.dart: AppInitializer Platform Specific Initialization should skip platform operations on web platform       00:03 +10: /Users/nishantgupta/Documents/GitaGyan/OldWisdom/test/core/app_initializer_test.dart: AppInitializer Error Handling critical initialization failure should rethrow exception                00:03 +11: /Users/nishantgupta/Documents/GitaGyan/OldWisdom/test/core/app_initializer_test.dart: AppInitializer Error Handling critical initialization failure should rethrow exception                00:03 +11: /Users/nishantgupta/Documents/GitaGyan/OldWisdom/test/core/app_initializer_test.dart: AppInitializer Error Handling secondary initialization failure should not crash app                   00:03 +12: /Users/nishantgupta/Documents/GitaGyan/OldWisdom/test/core/app_initializer_test.dart: AppInitializer Error Handling secondary initialization failure should not crash app                   00:03 +12: /Users/nishantgupta/Documents/GitaGyan/OldWisdom/test/core/app_initializer_test.dart: AppInitializer Performance critical initialization should complete quickly                            00:03 +13: /Users/nishantgupta/Documents/GitaGyan/OldWisdom/test/core/app_initializer_test.dart: AppInitializer Performance critical initialization should complete quickly                            00:03 +13: /Users/nishantgupta/Documents/GitaGyan/OldWisdom/test/core/app_initializer_test.dart: AppInitializer Performance secondary initialization should have timeout                               00:03 +14: /Users/nishantgupta/Documents/GitaGyan/OldWisdom/test/core/app_initializer_test.dart: AppInitializer Performance secondary initialization should have timeout                               00:03 +14: /Users/nishantgupta/Documents/GitaGyan/OldWisdom/test/core/app_initializer_test.dart: AppInitializer Supabase Initialization should require valid environment variables                     00:03 +15: /Users/nishantgupta/Documents/GitaGyan/OldWisdom/test/core/app_initializer_test.dart: AppInitializer Supabase Initialization should require valid environment variables                     00:03 +15: /Users/nishantgupta/Documents/GitaGyan/OldWisdom/test/core/app_initializer_test.dart: AppInitializer Supabase Initialization should handle missing credentials gracefully                   00:03 +16: /Users/nishantgupta/Documents/GitaGyan/OldWisdom/test/core/app_initializer_test.dart: AppInitializer Supabase Initialization should handle missing credentials gracefully                   00:03 +16: /Users/nishantgupta/Documents/GitaGyan/OldWisdom/test/core/app_initializer_test.dart: AppInitializer Hive Database Initialization should initialize Hive with documents directory           00:03 +17: /Users/nishantgupta/Documents/GitaGyan/OldWisdom/test/core/app_initializer_test.dart: AppInitializer Hive Database Initialization should initialize Hive with documents directory           00:03 +17: /Users/nishantgupta/Documents/GitaGyan/OldWisdom/test/core/app_initializer_test.dart: AppInitializer Hive Database Initialization should initialize SettingsService                         00:03 +18: /Users/nishantgupta/Documents/GitaGyan/OldWisdom/test/core/app_initializer_test.dart: AppInitializer Hive Database Initialization should initialize SettingsService                         00:03 +18: loading /Users/nishantgupta/Documents/GitaGyan/OldWisdom/test/models/scenario_test.dart                                                                                                     00:03 +18: /Users/nishantgupta/Documents/GitaGyan/OldWisdom/test/models/scenario_test.dart: Scenario Model Scenario Creation should create scenario with all required fields                           00:03 +19: /Users/nishantgupta/Documents/GitaGyan/OldWisdom/test/models/scenario_test.dart: Scenario Model Scenario Creation should create scenario with all required fields                           00:03 +19: /Users/nishantgupta/Documents/GitaGyan/OldWisdom/test/models/scenario_test.dart: Scenario Model Scenario Creation should handle optional fields as null                                     00:03 +20: /Users/nishantgupta/Documents/GitaGyan/OldWisdom/test/models/scenario_test.dart: Scenario Model Scenario Creation should handle optional fields as null                                     00:03 +20: /Users/nishantgupta/Documents/GitaGyan/OldWisdom/test/models/scenario_test.dart: Scenario Model Heart vs Duty Framework should maintain distinct heart and duty responses                   00:03 +21: /Users/nishantgupta/Documents/GitaGyan/OldWisdom/test/models/scenario_test.dart: Scenario Model Heart vs Duty Framework should maintain distinct heart and duty responses                   00:03 +21: /Users/nishantgupta/Documents/GitaGyan/OldWisdom/test/models/scenario_test.dart: Scenario Model Heart vs Duty Framework both responses should be non-empty strings                          00:03 +22: /Users/nishantgupta/Documents/GitaGyan/OldWisdom/test/models/scenario_test.dart: Scenario Model Heart vs Duty Framework both responses should be non-empty strings                          00:03 +22: /Users/nishantgupta/Documents/GitaGyan/OldWisdom/test/models/scenario_test.dart: Scenario Model Scenario Tagging System should support multiple tags                                        00:03 +23: /Users/nishantgupta/Documents/GitaGyan/OldWisdom/test/models/scenario_test.dart: Scenario Model Scenario Tagging System should support multiple tags                                        00:03 +23: /Users/nishantgupta/Documents/GitaGyan/OldWisdom/test/models/scenario_test.dart: Scenario Model Scenario Tagging System should handle null tag list                                         00:03 +24: /Users/nishantgupta/Documents/GitaGyan/OldWisdom/test/models/scenario_test.dart: Scenario Model Scenario Tagging System should handle null tag list                                         00:03 +24: /Users/nishantgupta/Documents/GitaGyan/OldWisdom/test/models/scenario_test.dart: Scenario Model Verse References should link to Gita verses                                                 00:03 +25: /Users/nishantgupta/Documents/GitaGyan/OldWisdom/test/models/scenario_test.dart: Scenario Model Verse References should link to Gita verses                                                 00:03 +25: /Users/nishantgupta/Documents/GitaGyan/OldWisdom/test/models/scenario_test.dart: Scenario Model Chapter Association should associate with valid chapter ID                                  00:03 +26: /Users/nishantgupta/Documents/GitaGyan/OldWisdom/test/models/scenario_test.dart: Scenario Model Chapter Association should associate with valid chapter ID                                  00:03 +26: /Users/nishantgupta/Documents/GitaGyan/OldWisdom/test/models/scenario_test.dart: Scenario Model Data Integrity should preserve special characters in text                                   00:03 +26 -1: loading /Users/nishantgupta/Documents/GitaGyan/OldWisdom/test/models/chapter_test.dart                                                                                                   00:03 +26 -1: /Users/nishantgupta/Documents/GitaGyan/OldWisdom/test/models/chapter_test.dart: Chapter Model Chapter Creation and Serialization should create chapter with required fields              00:03 +26 -1: /Users/nishantgupta/Documents/GitaGyan/OldWisdom/test/models/scenario_test.dart: Scenario Model Data Integrity should preserve special characters in text [E]                            
  Expected: contains '\''
    Actual: 'Fulfill your dharmic duties'
     Which: does not contain '\''
  
  package:matcher                                     expect
  package:flutter_test/src/widget_tester.dart 473:18  expect
  test/models/scenario_test.dart 182:9                main.<fn>.<fn>.<fn>
  

To run this test again: /Users/nishantgupta/Documents/Development/flutter/bin/cache/dart-sdk/bin/dart test /Users/nishantgupta/Documents/GitaGyan/OldWisdom/test/models/scenario_test.dart -p vm --plain-name 'Scenario Model Data Integrity should preserve special characters in text'
00:03 +27 -1: /Users/nishantgupta/Documents/GitaGyan/OldWisdom/test/models/chapter_test.dart: Chapter Model Chapter Creation and Serialization should create chapter with required fields              00:03 +28 -1: /Users/nishantgupta/Documents/GitaGyan/OldWisdom/test/models/chapter_test.dart: Chapter Model Chapter Creation and Serialization should create chapter with required fields              00:03 +29 -1: /Users/nishantgupta/Documents/GitaGyan/OldWisdom/test/models/chapter_test.dart: Chapter Model Chapter Creation and Serialization should create chapter with required fields              00:03 +30 -1: /Users/nishantgupta/Documents/GitaGyan/OldWisdom/test/models/scenario_test.dart: Scenario Model Hive Integration should be HiveObject for local storage                                  00:03 +31 -1: /Users/nishantgupta/Documents/GitaGyan/OldWisdom/test/models/chapter_test.dart: Chapter Model Chapter Creation and Serialization should handle null optional fields                      00:03 +32 -1: /Users/nishantgupta/Documents/GitaGyan/OldWisdom/test/models/chapter_test.dart: Chapter Model Chapter Creation and Serialization should handle null optional fields                      00:03 +32 -1: /Users/nishantgupta/Documents/GitaGyan/OldWisdom/test/models/chapter_test.dart: Chapter Model Chapter Creation and Serialization should validate chapter number range (1-18)             00:03 +33 -1: /Users/nishantgupta/Documents/GitaGyan/OldWisdom/test/models/chapter_test.dart: Chapter Model Chapter Creation and Serialization should validate chapter number range (1-18)             00:03 +33 -1: /Users/nishantgupta/Documents/GitaGyan/OldWisdom/test/models/chapter_test.dart: Chapter Model Chapter Creation and Serialization should support optional subtitle                        00:03 +34 -1: /Users/nishantgupta/Documents/GitaGyan/OldWisdom/test/models/chapter_test.dart: Chapter Model Chapter Creation and Serialization should support optional subtitle                        00:03 +34 -1: /Users/nishantgupta/Documents/GitaGyan/OldWisdom/test/models/chapter_test.dart: Chapter Model Chapter Content Integrity should maintain chapter data consistency                         00:03 +35 -1: /Users/nishantgupta/Documents/GitaGyan/OldWisdom/test/models/chapter_test.dart: Chapter Model Chapter Content Integrity should maintain chapter data consistency                         00:03 +35 -1: /Users/nishantgupta/Documents/GitaGyan/OldWisdom/test/models/chapter_test.dart: Chapter Model Chapter Content Integrity should handle empty summary gracefully                           00:03 +36 -1: /Users/nishantgupta/Documents/GitaGyan/OldWisdom/test/models/chapter_test.dart: Chapter Model Chapter Content Integrity should handle empty summary gracefully                           00:03 +36 -1: /Users/nishantgupta/Documents/GitaGyan/OldWisdom/test/models/chapter_test.dart: Chapter Model Chapter Content Integrity should support theme property                                    00:03 +37 -1: /Users/nishantgupta/Documents/GitaGyan/OldWisdom/test/models/chapter_test.dart: Chapter Model Chapter Content Integrity should support theme property                                    00:03 +37 -1: /Users/nishantgupta/Documents/GitaGyan/OldWisdom/test/models/chapter_test.dart: Chapter Model Model Equality and Hashing identical chapters should be equal                              00:03 +38 -1: /Users/nishantgupta/Documents/GitaGyan/OldWisdom/test/models/chapter_test.dart: Chapter Model Model Equality and Hashing identical chapters should be equal                              00:03 +38 -1: /Users/nishantgupta/Documents/GitaGyan/OldWisdom/test/models/chapter_test.dart: Chapter Model Model Equality and Hashing different chapters should be distinguishable                    00:03 +39 -1: /Users/nishantgupta/Documents/GitaGyan/OldWisdom/test/models/chapter_test.dart: Chapter Model Model Equality and Hashing different chapters should be distinguishable                    00:03 +39 -1: /Users/nishantgupta/Documents/GitaGyan/OldWisdom/test/models/chapter_test.dart: Chapter Model Data Validation should accept valid UTF-8 text                                             00:03 +40 -1: /Users/nishantgupta/Documents/GitaGyan/OldWisdom/test/models/chapter_test.dart: Chapter Model Data Validation should accept valid UTF-8 text                                             00:03 +40 -1: /Users/nishantgupta/Documents/GitaGyan/OldWisdom/test/models/chapter_test.dart: Chapter Model Data Validation should handle special characters in text                                   00:03 +41 -1: /Users/nishantgupta/Documents/GitaGyan/OldWisdom/test/models/chapter_test.dart: Chapter Model Data Validation should handle special characters in text                                   00:03 +41 -1: /Users/nishantgupta/Documents/GitaGyan/OldWisdom/test/models/chapter_test.dart: Chapter Model Serialization should have fromJson factory                                                 00:03 +42 -1: /Users/nishantgupta/Documents/GitaGyan/OldWisdom/test/models/chapter_test.dart: Chapter Model Serialization should have fromJson factory                                                 00:03 +42 -1: /Users/nishantgupta/Documents/GitaGyan/OldWisdom/test/models/chapter_test.dart: Chapter Model Serialization should have toJson method                                                    00:03 +43 -1: /Users/nishantgupta/Documents/GitaGyan/OldWisdom/test/models/chapter_test.dart: Chapter Model Serialization should have toJson method                                                    00:04 +43 -1: /Users/nishantgupta/Documents/GitaGyan/OldWisdom/test/models/chapter_test.dart: Chapter Model Serialization should have toJson method                                                    00:05 +43 -1: /Users/nishantgupta/Documents/GitaGyan/OldWisdom/test/models/chapter_test.dart: Chapter Model Serialization should have toJson method                                                    00:06 +43 -1: /Users/nishantgupta/Documents/GitaGyan/OldWisdom/test/models/chapter_test.dart: Chapter Model Serialization should have toJson method                                                    00:06 +43 -1: loading /Users/nishantgupta/Documents/GitaGyan/OldWisdom/test/screens/more_screen_test.dart                                                                                              00:06 +43 -1: /Users/nishantgupta/Documents/GitaGyan/OldWisdom/test/screens/more_screen_test.dart: MoreScreen Widget Tests should render more screen with app bar                                      00:07 +43 -1: /Users/nishantgupta/Documents/GitaGyan/OldWisdom/test/screens/more_screen_test.dart: MoreScreen Widget Tests should render more screen with app bar                                      00:07 +44 -1: /Users/nishantgupta/Documents/GitaGyan/OldWisdom/test/screens/more_screen_test.dart: MoreScreen Widget Tests should render more screen with app bar                                      00:07 +44 -1: /Users/nishantgupta/Documents/GitaGyan/OldWisdom/test/services/cache_service_test.dart: CacheService - Cache Sizes getCacheSizes should return map                                       
Error calculating cache sizes: MissingPluginException(No implementation found for method getApplicationDocumentsDirectory on channel plugins.flutter.io/path_provider)
00:07 +45 -1: /Users/nishantgupta/Documents/GitaGyan/OldWisdom/test/screens/more_screen_test.dart: MoreScreen Widget Tests should render more screen with app bar                                      00:07 +46 -1: /Users/nishantgupta/Documents/GitaGyan/OldWisdom/test/screens/more_screen_test.dart: MoreScreen Widget Tests should render more screen with app bar                                      00:07 +46 -1: /Users/nishantgupta/Documents/GitaGyan/OldWisdom/test/services/cache_service_test.dart: CacheService - Cache Sizes getCacheSizes should not throw errors                                 
Error calculating cache sizes: MissingPluginException(No implementation found for method getApplicationDocumentsDirectory on channel plugins.flutter.io/path_provider)
00:07 +46 -1: /Users/nishantgupta/Documents/GitaGyan/OldWisdom/test/services/cache_service_test.dart: CacheService - Cache Sizes getCacheSizes should have non-negative values                         
Error calculating cache sizes: MissingPluginException(No implementation found for method getApplicationDocumentsDirectory on channel plugins.flutter.io/path_provider)
00:07 +47 -1: /Users/nishantgupta/Documents/GitaGyan/OldWisdom/test/screens/more_screen_test.dart: MoreScreen Widget Tests should render more screen with app bar                                      00:07 +47 -1: /Users/nishantgupta/Documents/GitaGyan/OldWisdom/test/services/cache_service_test.dart: CacheService - Cache Sizes getTotalCacheSize should return non-negative value                    
Error calculating cache sizes: MissingPluginException(No implementation found for method getApplicationDocumentsDirectory on channel plugins.flutter.io/path_provider)
00:07 +48 -1: /Users/nishantgupta/Documents/GitaGyan/OldWisdom/test/screens/more_screen_test.dart: MoreScreen Widget Tests should render more screen with app bar                                      00:07 +49 -1: /Users/nishantgupta/Documents/GitaGyan/OldWisdom/test/screens/more_screen_test.dart: MoreScreen Widget Tests should render more screen with app bar                                      00:07 +49 -1: /Users/nishantgupta/Documents/GitaGyan/OldWisdom/test/services/cache_service_test.dart: CacheService - Cache Sizes getTotalCacheSize should not throw errors                             
Error calculating cache sizes: MissingPluginException(No implementation found for method getApplicationDocumentsDirectory on channel plugins.flutter.io/path_provider)
00:07 +49 -1: /Users/nishantgupta/Documents/GitaGyan/OldWisdom/test/services/cache_service_test.dart: CacheService - Cache Sizes getTotalCacheSize should equal sum of individual sizes                
Error calculating cache sizes: MissingPluginException(No implementation found for method getApplicationDocumentsDirectory on channel plugins.flutter.io/path_provider)
Error calculating cache sizes: MissingPluginException(No implementation found for method getApplicationDocumentsDirectory on channel plugins.flutter.io/path_provider)
00:07 +50 -1: /Users/nishantgupta/Documents/GitaGyan/OldWisdom/test/screens/more_screen_test.dart: MoreScreen Widget Tests should render more screen with app bar                                      00:07 +51 -1: /Users/nishantgupta/Documents/GitaGyan/OldWisdom/test/screens/more_screen_test.dart: MoreScreen Widget Tests should render more screen with app bar                                      00:07 +51 -1: /Users/nishantgupta/Documents/GitaGyan/OldWisdom/test/services/cache_service_test.dart: CacheService - Cache Operations clearAllCache should not throw errors                            
🗑️ Cleared verse cache
🗑️ Cleared journal cache
🗑️ Cleared scenario cache
🗑️ Cleared chapter cache
🗑️ Cleared all cache successfully
00:07 +51 -1: /Users/nishantgupta/Documents/GitaGyan/OldWisdom/test/services/cache_service_test.dart: CacheService - Cache Operations clearAllCache should complete successfully                       
🗑️ Cleared verse cache
🗑️ Cleared journal cache
🗑️ Cleared scenario cache
🗑️ Cleared chapter cache
🗑️ Cleared all cache successfully
00:07 +52 -1: /Users/nishantgupta/Documents/GitaGyan/OldWisdom/test/screens/more_screen_test.dart: MoreScreen Widget Tests should render more screen with app bar                                      00:07 +52 -1: /Users/nishantgupta/Documents/GitaGyan/OldWisdom/test/services/cache_service_test.dart: CacheService - Cache Operations cache sizes should be valid after clear                          
🗑️ Cleared verse cache
🗑️ Cleared journal cache
🗑️ Cleared scenario cache
🗑️ Cleared chapter cache
🗑️ Cleared all cache successfully
Error calculating cache sizes: MissingPluginException(No implementation found for method getApplicationDocumentsDirectory on channel plugins.flutter.io/path_provider)
00:07 +53 -1: /Users/nishantgupta/Documents/GitaGyan/OldWisdom/test/screens/more_screen_test.dart: MoreScreen Widget Tests should render more screen with app bar                                      00:07 +54 -1: /Users/nishantgupta/Documents/GitaGyan/OldWisdom/test/screens/more_screen_test.dart: MoreScreen Widget Tests should render more screen with app bar                                      00:07 +54 -1: /Users/nishantgupta/Documents/GitaGyan/OldWisdom/test/services/cache_service_test.dart: CacheService - Error Handling should handle filesystem errors gracefully                         
Error calculating cache sizes: MissingPluginException(No implementation found for method getApplicationDocumentsDirectory on channel plugins.flutter.io/path_provider)
00:07 +54 -1: /Users/nishantgupta/Documents/GitaGyan/OldWisdom/test/services/cache_service_test.dart: CacheService - Error Handling should return empty map on filesystem errors                       
Error calculating cache sizes: MissingPluginException(No implementation found for method getApplicationDocumentsDirectory on channel plugins.flutter.io/path_provider)
00:07 +55 -1: /Users/nishantgupta/Documents/GitaGyan/OldWisdom/test/screens/more_screen_test.dart: MoreScreen Widget Tests should render more screen with app bar                                      00:07 +55 -1: /Users/nishantgupta/Documents/GitaGyan/OldWisdom/test/services/cache_service_test.dart: CacheService - Error Handling should handle missing directories gracefully                       
Error calculating cache sizes: MissingPluginException(No implementation found for method getApplicationDocumentsDirectory on channel plugins.flutter.io/path_provider)
00:07 +56 -1: /Users/nishantgupta/Documents/GitaGyan/OldWisdom/test/screens/more_screen_test.dart: MoreScreen Widget Tests should render more screen with app bar                                      00:07 +56 -1: /Users/nishantgupta/Documents/GitaGyan/OldWisdom/test/services/cache_service_test.dart: CacheService - Data Consistency multiple getCacheSizes calls should be consistent                
Error calculating cache sizes: MissingPluginException(No implementation found for method getApplicationDocumentsDirectory on channel plugins.flutter.io/path_provider)
Error calculating cache sizes: MissingPluginException(No implementation found for method getApplicationDocumentsDirectory on channel plugins.flutter.io/path_provider)
00:07 +57 -1: /Users/nishantgupta/Documents/GitaGyan/OldWisdom/test/screens/more_screen_test.dart: MoreScreen Widget Tests should render more screen with app bar                                      00:07 +57 -1: /Users/nishantgupta/Documents/GitaGyan/OldWisdom/test/services/cache_service_test.dart: CacheService - Data Consistency cache size should not be negative                                
Error calculating cache sizes: MissingPluginException(No implementation found for method getApplicationDocumentsDirectory on channel plugins.flutter.io/path_provider)
00:07 +58 -1: /Users/nishantgupta/Documents/GitaGyan/OldWisdom/test/screens/more_screen_test.dart: MoreScreen Widget Tests should render more screen with app bar                                      00:07 +58 -1: /Users/nishantgupta/Documents/GitaGyan/OldWisdom/test/services/cache_service_test.dart: CacheService - Data Consistency total cache size should be consistent                            
Error calculating cache sizes: MissingPluginException(No implementation found for method getApplicationDocumentsDirectory on channel plugins.flutter.io/path_provider)
Error calculating cache sizes: MissingPluginException(No implementation found for method getApplicationDocumentsDirectory on channel plugins.flutter.io/path_provider)
00:07 +59 -1: /Users/nishantgupta/Documents/GitaGyan/OldWisdom/test/screens/more_screen_test.dart: MoreScreen Widget Tests should render more screen with app bar                                      00:07 +59 -1: /Users/nishantgupta/Documents/GitaGyan/OldWisdom/test/services/cache_service_test.dart: CacheService - Box Names should track expected cache boxes when available                        
Error calculating cache sizes: MissingPluginException(No implementation found for method getApplicationDocumentsDirectory on channel plugins.flutter.io/path_provider)
00:07 +60 -1: /Users/nishantgupta/Documents/GitaGyan/OldWisdom/test/screens/more_screen_test.dart: MoreScreen Widget Tests should render more screen with app bar                                      00:08 +60 -1: /Users/nishantgupta/Documents/GitaGyan/OldWisdom/test/screens/more_screen_test.dart: MoreScreen Widget Tests should render more screen with app bar                                      00:08 +61 -1: /Users/nishantgupta/Documents/GitaGyan/OldWisdom/test/screens/more_screen_test.dart: MoreScreen Widget Tests should render more screen with app bar                                      00:08 +62 -1: /Users/nishantgupta/Documents/GitaGyan/OldWisdom/test/screens/more_screen_test.dart: MoreScreen Widget Tests should render more screen with app bar                                      00:08 +63 -1: /Users/nishantgupta/Documents/GitaGyan/OldWisdom/test/screens/more_screen_test.dart: MoreScreen Widget Tests should render more screen with app bar                                      00:08 +64 -1: /Users/nishantgupta/Documents/GitaGyan/OldWisdom/test/screens/more_screen_test.dart: MoreScreen Widget Tests should render more screen with app bar                                      00:08 +64 -2: /Users/nishantgupta/Documents/GitaGyan/OldWisdom/test/services/supabase_auth_service_test.dart: SupabaseAuthService Authentication State Management should provide getter methods [E]    
  Expected: not null
    Actual: <null>
  
  package:matcher                                     expect
  package:flutter_test/src/widget_tester.dart 473:18  expect
  test/services/supabase_auth_service_test.dart 47:9  main.<fn>.<fn>.<fn>
  

To run this test again: /Users/nishantgupta/Documents/Development/flutter/bin/cache/dart-sdk/bin/dart test /Users/nishantgupta/Documents/GitaGyan/OldWisdom/test/services/supabase_auth_service_test.dart -p vm --plain-name 'SupabaseAuthService Authentication State Management should provide getter methods'
00:08 +65 -2: /Users/nishantgupta/Documents/GitaGyan/OldWisdom/test/screens/more_screen_test.dart: MoreScreen Widget Tests should render more screen with app bar                                      00:08 +66 -2: /Users/nishantgupta/Documents/GitaGyan/OldWisdom/test/screens/more_screen_test.dart: MoreScreen Widget Tests should render more screen with app bar                                      00:08 +67 -2: /Users/nishantgupta/Documents/GitaGyan/OldWisdom/test/screens/more_screen_test.dart: MoreScreen Widget Tests should render more screen with app bar                                      00:08 +68 -2: /Users/nishantgupta/Documents/GitaGyan/OldWisdom/test/screens/more_screen_test.dart: MoreScreen Widget Tests should render more screen with app bar                                      00:08 +69 -2: /Users/nishantgupta/Documents/GitaGyan/OldWisdom/test/screens/more_screen_test.dart: MoreScreen Widget Tests should render more screen with app bar                                      00:08 +70 -2: /Users/nishantgupta/Documents/GitaGyan/OldWisdom/test/screens/more_screen_test.dart: MoreScreen Widget Tests should render more screen with app bar                                      00:08 +71 -2: /Users/nishantgupta/Documents/GitaGyan/OldWisdom/test/screens/more_screen_test.dart: MoreScreen Widget Tests should render more screen with app bar                                      00:08 +72 -2: /Users/nishantgupta/Documents/GitaGyan/OldWisdom/test/screens/more_screen_test.dart: MoreScreen Widget Tests should render more screen with app bar                                      00:08 +73 -2: /Users/nishantgupta/Documents/GitaGyan/OldWisdom/test/screens/more_screen_test.dart: MoreScreen Widget Tests should render more screen with app bar                                      00:08 +73 -2: /Users/nishantgupta/Documents/GitaGyan/OldWisdom/test/services/keyword_search_service_test.dart: KeywordSearchService Initialization should index scenarios successfully                 
📇 Building keyword index for 4 scenarios...
✅ Keyword index built in 15ms
00:08 +74 -2: /Users/nishantgupta/Documents/GitaGyan/OldWisdom/test/screens/more_screen_test.dart: MoreScreen Widget Tests should render more screen with app bar                                      00:08 +74 -2: /Users/nishantgupta/Documents/GitaGyan/OldWisdom/test/services/keyword_search_service_test.dart: KeywordSearchService Initialization should skip re-indexing if already indexed with same count
📇 Scenario index already up-to-date (4 scenarios)
📇 Scenario index already up-to-date (4 scenarios)
00:08 +75 -2: /Users/nishantgupta/Documents/GitaGyan/OldWisdom/test/screens/more_screen_test.dart: MoreScreen Widget Tests should render more screen with app bar                                      00:08 +75 -2: /Users/nishantgupta/Documents/GitaGyan/OldWisdom/test/services/keyword_search_service_test.dart: KeywordSearchService Initialization should handle empty scenario list                   
📇 Building keyword index for 0 scenarios...
✅ Keyword index built in 0ms
00:08 +76 -2: /Users/nishantgupta/Documents/GitaGyan/OldWisdom/test/screens/more_screen_test.dart: MoreScreen Widget Tests should render more screen with app bar                                      00:08 +76 -2: /Users/nishantgupta/Documents/GitaGyan/OldWisdom/test/services/keyword_search_service_test.dart: KeywordSearchService Query Processing should handle empty query                         
📇 Building keyword index for 4 scenarios...
✅ Keyword index built in 1ms
00:08 +77 -2: /Users/nishantgupta/Documents/GitaGyan/OldWisdom/test/screens/more_screen_test.dart: MoreScreen Widget Tests should render more screen with app bar                                      00:08 +77 -2: /Users/nishantgupta/Documents/GitaGyan/OldWisdom/test/services/keyword_search_service_test.dart: KeywordSearchService Query Processing should handle whitespace-only query               
📇 Scenario index already up-to-date (4 scenarios)
00:08 +78 -2: /Users/nishantgupta/Documents/GitaGyan/OldWisdom/test/screens/more_screen_test.dart: MoreScreen Widget Tests should render more screen with app bar                                      00:08 +78 -2: /Users/nishantgupta/Documents/GitaGyan/OldWisdom/test/services/keyword_search_service_test.dart: KeywordSearchService Query Processing should handle special characters                  
📇 Scenario index already up-to-date (4 scenarios)
00:08 +79 -2: /Users/nishantgupta/Documents/GitaGyan/OldWisdom/test/screens/more_screen_test.dart: MoreScreen Widget Tests should render more screen with app bar                                      00:08 +79 -2: /Users/nishantgupta/Documents/GitaGyan/OldWisdom/test/services/keyword_search_service_test.dart: KeywordSearchService Query Processing should be case-insensitive                        
📇 Scenario index already up-to-date (4 scenarios)
🔍 Keyword search: "work" → 2/2 results in 2ms
🔍 Keyword search: "WORK" → 2/2 results in 0ms
🔍 Keyword search: "WoRk" → 2/2 results in 0ms
00:08 +80 -2: /Users/nishantgupta/Documents/GitaGyan/OldWisdom/test/screens/more_screen_test.dart: MoreScreen Widget Tests should render more screen with app bar                                      00:08 +80 -2: /Users/nishantgupta/Documents/GitaGyan/OldWisdom/test/services/keyword_search_service_test.dart: KeywordSearchService Query Processing should filter stop words                          
📇 Scenario index already up-to-date (4 scenarios)
🔍 Keyword search: "the and a stress" → 1/1 results in 0ms
00:08 +81 -2: /Users/nishantgupta/Documents/GitaGyan/OldWisdom/test/screens/more_screen_test.dart: MoreScreen Widget Tests should render more screen with app bar                                      00:08 +81 -2: /Users/nishantgupta/Documents/GitaGyan/OldWisdom/test/services/keyword_search_service_test.dart: KeywordSearchService Query Processing should filter short words (length <= 2)           
📇 Scenario index already up-to-date (4 scenarios)
🔍 Keyword search: "a be it stress" → 1/1 results in 0ms
00:08 +82 -2: /Users/nishantgupta/Documents/GitaGyan/OldWisdom/test/screens/more_screen_test.dart: MoreScreen Widget Tests should render more screen with app bar                                      00:08 +82 -2: /Users/nishantgupta/Documents/GitaGyan/OldWisdom/test/services/keyword_search_service_test.dart: KeywordSearchService Query Processing should tokenize on whitespace and punctuation     
📇 Scenario index already up-to-date (4 scenarios)
🔍 Keyword search: "work-stress,anxiety" → 2/2 results in 0ms
00:08 +83 -2: /Users/nishantgupta/Documents/GitaGyan/OldWisdom/test/screens/more_screen_test.dart: MoreScreen Widget Tests should render more screen with app bar                                      00:08 +83 -2: /Users/nishantgupta/Documents/GitaGyan/OldWisdom/test/services/keyword_search_service_test.dart: KeywordSearchService Search Results should return ranked results for single keyword     
📇 Scenario index already up-to-date (4 scenarios)
🔍 Keyword search: "work" → 2/2 results in 0ms
00:08 +84 -2: /Users/nishantgupta/Documents/GitaGyan/OldWisdom/test/screens/more_screen_test.dart: MoreScreen Widget Tests should render more screen with app bar                                      00:08 +84 -2: /Users/nishantgupta/Documents/GitaGyan/OldWisdom/test/services/keyword_search_service_test.dart: KeywordSearchService Search Results should return multiple results for common term      
📇 Scenario index already up-to-date (4 scenarios)
🔍 Keyword search: "anxiety" → 2/2 results in 0ms
00:08 +85 -2: /Users/nishantgupta/Documents/GitaGyan/OldWisdom/test/screens/more_screen_test.dart: MoreScreen Widget Tests should render more screen with app bar                                      00:08 +85 -2: /Users/nishantgupta/Documents/GitaGyan/OldWisdom/test/services/keyword_search_service_test.dart: KeywordSearchService Search Results should rank exact matches higher than partial       
📇 Scenario index already up-to-date (4 scenarios)
🔍 Keyword search: "stress" → 1/1 results in 0ms
00:08 +86 -2: /Users/nishantgupta/Documents/GitaGyan/OldWisdom/test/screens/more_screen_test.dart: MoreScreen Widget Tests should render more screen with app bar                                      00:08 +86 -2: /Users/nishantgupta/Documents/GitaGyan/OldWisdom/test/services/keyword_search_service_test.dart: KeywordSearchService Search Results should return results sorted by score descending    
📇 Scenario index already up-to-date (4 scenarios)
🔍 Keyword search: "work stress" → 2/2 results in 0ms
00:08 +87 -2: /Users/nishantgupta/Documents/GitaGyan/OldWisdom/test/screens/more_screen_test.dart: MoreScreen Widget Tests should render more screen with app bar                                      00:08 +87 -2: /Users/nishantgupta/Documents/GitaGyan/OldWisdom/test/services/keyword_search_service_test.dart: KeywordSearchService Search Results should include matched terms in results             
📇 Scenario index already up-to-date (4 scenarios)
🔍 Keyword search: "work stress" → 2/2 results in 0ms
00:08 +88 -2: /Users/nishantgupta/Documents/GitaGyan/OldWisdom/test/screens/more_screen_test.dart: MoreScreen Widget Tests should render more screen with app bar                                      00:08 +88 -2: /Users/nishantgupta/Documents/GitaGyan/OldWisdom/test/services/keyword_search_service_test.dart: KeywordSearchService Search Results should support partial word matching                
📇 Scenario index already up-to-date (4 scenarios)
🔍 Keyword search: "anx" → 2/2 results in 0ms
00:08 +89 -2: /Users/nishantgupta/Documents/GitaGyan/OldWisdom/test/screens/more_screen_test.dart: MoreScreen Widget Tests should render more screen with app bar                                      00:08 +89 -2: /Users/nishantgupta/Documents/GitaGyan/OldWisdom/test/services/keyword_search_service_test.dart: KeywordSearchService Search Results should search across all scenario fields            
📇 Scenario index already up-to-date (4 scenarios)
🔍 Keyword search: "Career Purpose" → 1/1 results in 0ms
🔍 Keyword search: "Finance" → 1/1 results in 0ms
🔍 Keyword search: "dharma" → 1/1 results in 0ms
00:08 +90 -2: /Users/nishantgupta/Documents/GitaGyan/OldWisdom/test/screens/more_screen_test.dart: MoreScreen Widget Tests should render more screen with app bar                                      00:08 +90 -2: /Users/nishantgupta/Documents/GitaGyan/OldWisdom/test/services/keyword_search_service_test.dart: KeywordSearchService Search Results should limit results count                          
📇 Scenario index already up-to-date (4 scenarios)
🔍 Keyword search: "work" → 2/2 results in 0ms
00:08 +91 -2: /Users/nishantgupta/Documents/GitaGyan/OldWisdom/test/screens/more_screen_test.dart: MoreScreen Widget Tests should render more screen with app bar                                      00:08 +91 -2: /Users/nishantgupta/Documents/GitaGyan/OldWisdom/test/services/keyword_search_service_test.dart: KeywordSearchService Search Results should respect maxResults parameter                 
📇 Scenario index already up-to-date (4 scenarios)
🔍 Keyword search: "anxiety" → 1/2 results in 0ms
🔍 Keyword search: "anxiety" → 2/2 results in 0ms
00:08 +92 -2: /Users/nishantgupta/Documents/GitaGyan/OldWisdom/test/screens/more_screen_test.dart: MoreScreen Widget Tests should render more screen with app bar                                      00:08 +92 -2: /Users/nishantgupta/Documents/GitaGyan/OldWisdom/test/services/keyword_search_service_test.dart: KeywordSearchService Search Results should return empty list for no matches             
📇 Scenario index already up-to-date (4 scenarios)
🔍 Keyword search: "nonexistentkeyword123xyz" → 0/0 results in 0ms
00:08 +93 -2: /Users/nishantgupta/Documents/GitaGyan/OldWisdom/test/screens/more_screen_test.dart: MoreScreen Widget Tests should render more screen with app bar                                      00:08 +93 -2: /Users/nishantgupta/Documents/GitaGyan/OldWisdom/test/services/keyword_search_service_test.dart: KeywordSearchService TF-IDF Scoring should calculate term frequency correctly           
📇 Scenario index already up-to-date (4 scenarios)
🔍 Keyword search: "anxiety" → 2/2 results in 0ms
00:08 +94 -2: /Users/nishantgupta/Documents/GitaGyan/OldWisdom/test/screens/more_screen_test.dart: MoreScreen Widget Tests should render more screen with app bar                                      00:08 +94 -2: /Users/nishantgupta/Documents/GitaGyan/OldWisdom/test/services/keyword_search_service_test.dart: KeywordSearchService TF-IDF Scoring should boost rare terms over common terms           
📇 Scenario index already up-to-date (4 scenarios)
🔍 Keyword search: "dharma" → 1/1 results in 0ms
🔍 Keyword search: "anxiety" → 2/2 results in 0ms
00:08 +95 -2: /Users/nishantgupta/Documents/GitaGyan/OldWisdom/test/screens/more_screen_test.dart: MoreScreen Widget Tests should render more screen with app bar                                      00:08 +95 -2: /Users/nishantgupta/Documents/GitaGyan/OldWisdom/test/services/keyword_search_service_test.dart: KeywordSearchService TF-IDF Scoring should combine scores for multi-term queries        
📇 Scenario index already up-to-date (4 scenarios)
🔍 Keyword search: "work" → 2/2 results in 0ms
🔍 Keyword search: "work stress" → 2/2 results in 0ms
00:08 +96 -2: /Users/nishantgupta/Documents/GitaGyan/OldWisdom/test/screens/more_screen_test.dart: MoreScreen Widget Tests should render more screen with app bar                                      00:08 +96 -2: /Users/nishantgupta/Documents/GitaGyan/OldWisdom/test/services/keyword_search_service_test.dart: KeywordSearchService TF-IDF Scoring should apply partial match penalty (0.5 weight)     
📇 Scenario index already up-to-date (4 scenarios)
🔍 Keyword search: "stress" → 1/1 results in 0ms
🔍 Keyword search: "stres" → 1/1 results in 0ms
00:08 +97 -2: /Users/nishantgupta/Documents/GitaGyan/OldWisdom/test/screens/more_screen_test.dart: MoreScreen Widget Tests should render more screen with app bar                                      00:08 +97 -2: /Users/nishantgupta/Documents/GitaGyan/OldWisdom/test/services/keyword_search_service_test.dart: KeywordSearchService Edge Cases should handle very long queries                         
📇 Scenario index already up-to-date (4 scenarios)
🔍 Keyword search: "work stress anxiety family career purpose dharma meaning life balance health money finance security" → 4/4 results in 0ms
00:08 +98 -2: /Users/nishantgupta/Documents/GitaGyan/OldWisdom/test/screens/more_screen_test.dart: MoreScreen Widget Tests should render more screen with app bar                                      00:08 +98 -2: /Users/nishantgupta/Documents/GitaGyan/OldWisdom/test/services/keyword_search_service_test.dart: KeywordSearchService Edge Cases should handle single character query                    
📇 Scenario index already up-to-date (4 scenarios)
00:08 +99 -2: /Users/nishantgupta/Documents/GitaGyan/OldWisdom/test/screens/more_screen_test.dart: MoreScreen Widget Tests should render more screen with app bar                                      00:08 +99 -2: /Users/nishantgupta/Documents/GitaGyan/OldWisdom/test/services/keyword_search_service_test.dart: KeywordSearchService Edge Cases should handle two character query                       
📇 Scenario index already up-to-date (4 scenarios)
00:08 +100 -2: /Users/nishantgupta/Documents/GitaGyan/OldWisdom/test/screens/more_screen_test.dart: MoreScreen Widget Tests should render more screen with app bar                                     00:08 +100 -2: /Users/nishantgupta/Documents/GitaGyan/OldWisdom/test/services/keyword_search_service_test.dart: KeywordSearchService Edge Cases should handle numeric queries                          
📇 Scenario index already up-to-date (4 scenarios)
🔍 Keyword search: "123" → 0/0 results in 0ms
00:08 +101 -2: /Users/nishantgupta/Documents/GitaGyan/OldWisdom/test/screens/more_screen_test.dart: MoreScreen Widget Tests should render more screen with app bar                                     00:08 +101 -2: /Users/nishantgupta/Documents/GitaGyan/OldWisdom/test/services/keyword_search_service_test.dart: KeywordSearchService Edge Cases should handle queries with only stop words             
📇 Scenario index already up-to-date (4 scenarios)
🔍 Keyword search: "the and or but" → 1/1 results in 0ms
00:08 +102 -2: /Users/nishantgupta/Documents/GitaGyan/OldWisdom/test/screens/more_screen_test.dart: MoreScreen Widget Tests should render more screen with app bar                                     00:08 +102 -2: /Users/nishantgupta/Documents/GitaGyan/OldWisdom/test/services/keyword_search_service_test.dart: KeywordSearchService Edge Cases should handle unicode characters                       
📇 Scenario index already up-to-date (4 scenarios)
00:08 +103 -2: /Users/nishantgupta/Documents/GitaGyan/OldWisdom/test/screens/more_screen_test.dart: MoreScreen Widget Tests should render more screen with app bar                                     00:08 +103 -2: /Users/nishantgupta/Documents/GitaGyan/OldWisdom/test/services/keyword_search_service_test.dart: KeywordSearchService Edge Cases should handle mixed alphanumeric queries               
📇 Scenario index already up-to-date (4 scenarios)
🔍 Keyword search: "chapter3 verse35" → 0/0 results in 0ms
00:08 +104 -2: /Users/nishantgupta/Documents/GitaGyan/OldWisdom/test/screens/more_screen_test.dart: MoreScreen Widget Tests should render more screen with app bar                                     00:08 +104 -2: /Users/nishantgupta/Documents/GitaGyan/OldWisdom/test/services/keyword_search_service_test.dart: KeywordSearchService Performance should index large dataset efficiently                
📇 Building keyword index for 100 scenarios...
✅ Keyword index built in 14ms
00:08 +105 -2: /Users/nishantgupta/Documents/GitaGyan/OldWisdom/test/screens/more_screen_test.dart: MoreScreen Widget Tests should render more screen with app bar                                     00:08 +105 -2: /Users/nishantgupta/Documents/GitaGyan/OldWisdom/test/services/keyword_search_service_test.dart: KeywordSearchService Performance should search quickly                                 
📇 Building keyword index for 4 scenarios...
✅ Keyword index built in 2ms
🔍 Keyword search: "work stress anxiety" → 2/2 results in 0ms
00:08 +106 -2: /Users/nishantgupta/Documents/GitaGyan/OldWisdom/test/screens/more_screen_test.dart: MoreScreen Widget Tests should render more screen with app bar                                     00:08 +106 -2: /Users/nishantgupta/Documents/GitaGyan/OldWisdom/test/services/keyword_search_service_test.dart: KeywordSearchService SearchResult Model should create SearchResult with scenario       
📇 Scenario index already up-to-date (4 scenarios)
🔍 Keyword search: "work" → 2/2 results in 0ms
00:08 +107 -2: /Users/nishantgupta/Documents/GitaGyan/OldWisdom/test/screens/more_screen_test.dart: MoreScreen Widget Tests should render more screen with app bar                                     00:08 +107 -2: /Users/nishantgupta/Documents/GitaGyan/OldWisdom/test/services/keyword_search_service_test.dart: KeywordSearchService SearchResult Model should include score in SearchResult           
📇 Scenario index already up-to-date (4 scenarios)
🔍 Keyword search: "work" → 2/2 results in 0ms
00:08 +108 -2: /Users/nishantgupta/Documents/GitaGyan/OldWisdom/test/screens/more_screen_test.dart: MoreScreen Widget Tests should render more screen with app bar                                     00:08 +108 -2: /Users/nishantgupta/Documents/GitaGyan/OldWisdom/test/services/keyword_search_service_test.dart: KeywordSearchService SearchResult Model should include matched terms in SearchResult   
📇 Scenario index already up-to-date (4 scenarios)
🔍 Keyword search: "work stress" → 2/2 results in 0ms
00:08 +109 -2: /Users/nishantgupta/Documents/GitaGyan/OldWisdom/test/screens/more_screen_test.dart: MoreScreen Widget Tests should render more screen with app bar                                     00:08 +109 -2: /Users/nishantgupta/Documents/GitaGyan/OldWisdom/test/services/keyword_search_service_test.dart: KeywordSearchService SearchResult Model matched terms should contain query terms       
📇 Scenario index already up-to-date (4 scenarios)
🔍 Keyword search: "work stress" → 2/2 results in 0ms
00:08 +110 -2: /Users/nishantgupta/Documents/GitaGyan/OldWisdom/test/screens/more_screen_test.dart: MoreScreen Widget Tests should render more screen with app bar                                     00:08 +110 -2: /Users/nishantgupta/Documents/GitaGyan/OldWisdom/test/services/keyword_search_service_test.dart: KeywordSearchService Index State Management should maintain index across searches      
📇 Scenario index already up-to-date (4 scenarios)
🔍 Keyword search: "work" → 2/2 results in 0ms
🔍 Keyword search: "family" → 1/1 results in 0ms
🔍 Keyword search: "career" → 1/1 results in 0ms
00:08 +111 -2: /Users/nishantgupta/Documents/GitaGyan/OldWisdom/test/screens/more_screen_test.dart: MoreScreen Widget Tests should render more screen with app bar                                     00:08 +111 -2: /Users/nishantgupta/Documents/GitaGyan/OldWisdom/test/services/keyword_search_service_test.dart: KeywordSearchService Index State Management should handle re-indexing with different scenarios
📇 Building keyword index for 2 scenarios...
✅ Keyword index built in 0ms
📇 Building keyword index for 4 scenarios...
✅ Keyword index built in 0ms
00:08 +112 -2: /Users/nishantgupta/Documents/GitaGyan/OldWisdom/test/screens/more_screen_test.dart: MoreScreen Widget Tests should render more screen with app bar                                     00:08 +113 -2: /Users/nishantgupta/Documents/GitaGyan/OldWisdom/test/screens/more_screen_test.dart: MoreScreen Widget Tests should render more screen with app bar                                     00:08 +114 -2: /Users/nishantgupta/Documents/GitaGyan/OldWisdom/test/screens/more_screen_test.dart: MoreScreen Widget Tests should render more screen with app bar                                     00:08 +114 -2: /Users/nishantgupta/Documents/GitaGyan/OldWisdom/test/services/cache_refresh_service_test.dart: CacheRefreshService refreshAllCaches should call all refresh methods                    
🔄 Starting intelligent batch cache refresh...
⚠️ Could not clear box chapters: HiveError: The box "chapters" is already open and of type Box<Chapter>.
⚠️ Could not clear box gita_verses_cache: HiveError: The box "gita_verses_cache" is already open and of type Box<Verse>.
✅ All caches cleared
📚 Fetching all chapters...
📖 Fetching verses for all chapters...
🎯 Refreshing scenarios cache...
✅ Fetched 18 chapters
✅ Fetched 180 verses across 18 chapters
✅ Loaded 5 scenarios
✅ All caches refreshed successfully
00:08 +115 -2: /Users/nishantgupta/Documents/GitaGyan/OldWisdom/test/screens/more_screen_test.dart: MoreScreen Widget Tests should render more screen with app bar                                     00:08 +115 -2: /Users/nishantgupta/Documents/GitaGyan/OldWisdom/test/services/cache_refresh_service_test.dart: CacheRefreshService refreshAllCaches should provide progress updates in correct order   
🔄 Starting intelligent batch cache refresh...
⚠️ Could not clear box chapters: HiveError: The box "chapters" is already open and of type Box<Chapter>.
⚠️ Could not clear box gita_verses_cache: HiveError: The box "gita_verses_cache" is already open and of type Box<Verse>.
✅ All caches cleared
📚 Fetching all chapters...
📖 Fetching verses for all chapters...
🎯 Refreshing scenarios cache...
✅ Fetched 18 chapters
✅ Fetched 180 verses across 18 chapters
✅ Loaded 5 scenarios
✅ All caches refreshed successfully
00:08 +116 -2: /Users/nishantgupta/Documents/GitaGyan/OldWisdom/test/screens/more_screen_test.dart: MoreScreen Widget Tests should render more screen with app bar                                     00:08 +116 -2: /Users/nishantgupta/Documents/GitaGyan/OldWisdom/test/services/cache_refresh_service_test.dart: CacheRefreshService refreshAllCaches should report correct progress values              
🔄 Starting intelligent batch cache refresh...
⚠️ Could not clear box chapters: HiveError: The box "chapters" is already open and of type Box<Chapter>.
⚠️ Could not clear box gita_verses_cache: HiveError: The box "gita_verses_cache" is already open and of type Box<Verse>.
✅ All caches cleared
📚 Fetching all chapters...
📖 Fetching verses for all chapters...
🎯 Refreshing scenarios cache...
✅ Fetched 18 chapters
✅ Fetched 180 verses across 18 chapters
✅ Loaded 5 scenarios
✅ All caches refreshed successfully
00:08 +117 -2: /Users/nishantgupta/Documents/GitaGyan/OldWisdom/test/screens/more_screen_test.dart: MoreScreen Widget Tests should render more screen with app bar                                     00:08 +117 -2: /Users/nishantgupta/Documents/GitaGyan/OldWisdom/test/services/cache_refresh_service_test.dart: CacheRefreshService refreshAllCaches should handle errors gracefully                    
🔄 Starting intelligent batch cache refresh...
⚠️ Could not clear box chapters: HiveError: The box "chapters" is already open and of type Box<Chapter>.
⚠️ Could not clear box gita_verses_cache: HiveError: The box "gita_verses_cache" is already open and of type Box<Verse>.
✅ All caches cleared
📚 Fetching all chapters...
❌ Error refreshing chapters: Exception: Network error
📖 Fetching verses for all chapters...
🎯 Refreshing scenarios cache...
00:08 +118 -2: /Users/nishantgupta/Documents/GitaGyan/OldWisdom/test/screens/more_screen_test.dart: MoreScreen Widget Tests should render more screen with app bar                                     00:08 +118 -2: /Users/nishantgupta/Documents/GitaGyan/OldWisdom/test/services/cache_refresh_service_test.dart: CacheRefreshService refreshAllCaches should handle errors gracefully                    
✅ Fetched 180 verses across 18 chapters
✅ Loaded 5 scenarios
❌ Cache refresh error: Exception: Network error
00:08 +119 -2: /Users/nishantgupta/Documents/GitaGyan/OldWisdom/test/screens/more_screen_test.dart: MoreScreen Widget Tests should render more screen with app bar                                     00:08 +120 -2: /Users/nishantgupta/Documents/GitaGyan/OldWisdom/test/screens/more_screen_test.dart: MoreScreen Widget Tests should render more screen with app bar                                     00:08 +121 -2: /Users/nishantgupta/Documents/GitaGyan/OldWisdom/test/screens/more_screen_test.dart: MoreScreen Widget Tests should render more screen with app bar                                     00:08 +121 -2: /Users/nishantgupta/Documents/GitaGyan/OldWisdom/test/services/cache_refresh_service_test.dart: CacheRefreshService refreshAllCaches should refresh in parallel                         
🔄 Starting intelligent batch cache refresh...
⚠️ Could not clear box chapters: HiveError: The box "chapters" is already open and of type Box<Chapter>.
⚠️ Could not clear box gita_verses_cache: HiveError: The box "gita_verses_cache" is already open and of type Box<Verse>.
✅ All caches cleared
📚 Fetching all chapters...
📖 Fetching verses for all chapters...
00:08 +122 -2: /Users/nishantgupta/Documents/GitaGyan/OldWisdom/test/screens/more_screen_test.dart: MoreScreen Widget Tests should render more screen with app bar                                     00:08 +122 -2: /Users/nishantgupta/Documents/GitaGyan/OldWisdom/test/services/cache_refresh_service_test.dart: CacheRefreshService refreshAllCaches should refresh in parallel                         
🎯 Refreshing scenarios cache...
✅ Fetched 18 chapters
✅ Fetched 180 verses across 18 chapters
✅ Loaded 5 scenarios
✅ All caches refreshed successfully
00:08 +123 -2: /Users/nishantgupta/Documents/GitaGyan/OldWisdom/test/screens/more_screen_test.dart: MoreScreen Widget Tests should render more screen with app bar                                     00:08 +124 -2: /Users/nishantgupta/Documents/GitaGyan/OldWisdom/test/screens/more_screen_test.dart: MoreScreen Widget Tests should render more screen with app bar                                     00:08 +124 -2: /Users/nishantgupta/Documents/GitaGyan/OldWisdom/test/services/enhanced_supabase_service_test.dart: EnhancedSupabaseService Service Error Handling testConnection should handle connection gracefully
🧪 Testing Supabase connection...
00:09 +124 -3: /Users/nishantgupta/Documents/GitaGyan/OldWisdom/test/services/enhanced_supabase_service_test.dart: ... Service Error Handling testConnection should handle connection gracefully       00:09 +124 -3: /Users/nishantgupta/Documents/GitaGyan/OldWisdom/test/services/enhanced_supabase_service_test.dart: EnhancedSupabaseService Service Error Handling testConnection should handle connection gracefully
❌ Supabase connection failed: PostgrestException(message: , code: 400, details: , hint: null)
00:09 +125 -3: /Users/nishantgupta/Documents/GitaGyan/OldWisdom/test/screens/more_screen_test.dart: MoreScreen Widget Tests should render more screen with app bar                                     00:09 +125 -3: /Users/nishantgupta/Documents/GitaGyan/OldWisdom/test/services/cache_refresh_service_test.dart: CacheRefreshService Cache Clearing should clear chapters box [E]                        
  HiveError: The box "chapters" is already open and of type Box<Chapter>.
  package:hive/src/hive_impl.dart 182:9                 HiveImpl._getBoxInternal
  package:hive/src/hive_impl.dart 197:33                HiveImpl.box
  test/services/cache_refresh_service_test.dart 237:34  main.<fn>.<fn>.<fn>
  

To run this test again: /Users/nishantgupta/Documents/Development/flutter/bin/cache/dart-sdk/bin/dart test /Users/nishantgupta/Documents/GitaGyan/OldWisdom/test/services/cache_refresh_service_test.dart -p vm --plain-name 'CacheRefreshService Cache Clearing should clear chapters box'
00:09 +125 -4: /Users/nishantgupta/Documents/GitaGyan/OldWisdom/test/services/cache_refresh_service_test.dart: CacheRefreshService Cache Clearing should clear verses box [E]                          
  HiveError: The box "gita_verses_cache" is already open and of type Box<Verse>.
  package:hive/src/hive_impl.dart 182:9                 HiveImpl._getBoxInternal
  package:hive/src/hive_impl.dart 197:33                HiveImpl.box
  test/services/cache_refresh_service_test.dart 249:32  main.<fn>.<fn>.<fn>
  

To run this test again: /Users/nishantgupta/Documents/Development/flutter/bin/cache/dart-sdk/bin/dart test /Users/nishantgupta/Documents/GitaGyan/OldWisdom/test/services/cache_refresh_service_test.dart -p vm --plain-name 'CacheRefreshService Cache Clearing should clear verses box'
00:09 +125 -5: /Users/nishantgupta/Documents/GitaGyan/OldWisdom/test/services/cache_refresh_service_test.dart: CacheRefreshService Cache Clearing should clear scenarios box [E]                       
  HiveError: The box "scenarios" is already open and of type Box<Scenario>.
  package:hive/src/hive_impl.dart 182:9                 HiveImpl._getBoxInternal
  package:hive/src/hive_impl.dart 197:33                HiveImpl.box
  test/services/cache_refresh_service_test.dart 261:35  main.<fn>.<fn>.<fn>
  

To run this test again: /Users/nishantgupta/Documents/Development/flutter/bin/cache/dart-sdk/bin/dart test /Users/nishantgupta/Documents/GitaGyan/OldWisdom/test/services/cache_refresh_service_test.dart -p vm --plain-name 'CacheRefreshService Cache Clearing should clear scenarios box'
00:09 +125 -5: /Users/nishantgupta/Documents/GitaGyan/OldWisdom/test/services/cache_refresh_service_test.dart: CacheRefreshService Cache Clearing should handle missing boxes gracefully               
🔄 Starting intelligent batch cache refresh...
⚠️ Could not clear box chapters: HiveError: The box "chapters" is already open and of type Box<Chapter>.
⚠️ Could not clear box gita_verses_cache: HiveError: The box "gita_verses_cache" is already open and of type Box<Verse>.
✅ All caches cleared
📚 Fetching all chapters...
📖 Fetching verses for all chapters...
🎯 Refreshing scenarios cache...
✅ Fetched 18 chapters
✅ Fetched 180 verses across 18 chapters
✅ Loaded 5 scenarios
✅ All caches refreshed successfully
00:09 +126 -5: /Users/nishantgupta/Documents/GitaGyan/OldWisdom/test/screens/more_screen_test.dart: MoreScreen Widget Tests should render more screen with app bar                                     00:09 +126 -5: /Users/nishantgupta/Documents/GitaGyan/OldWisdom/test/services/cache_refresh_service_test.dart: CacheRefreshService Chapters Cache Refresh should fetch all chapters                    
🔄 Starting intelligent batch cache refresh...
⚠️ Could not clear box chapters: HiveError: The box "chapters" is already open and of type Box<Chapter>.
⚠️ Could not clear box gita_verses_cache: HiveError: The box "gita_verses_cache" is already open and of type Box<Verse>.
✅ All caches cleared
📚 Fetching all chapters...
📖 Fetching verses for all chapters...
🎯 Refreshing scenarios cache...
✅ Fetched 18 chapters
✅ Fetched 180 verses across 18 chapters
✅ Loaded 5 scenarios
✅ All caches refreshed successfully
00:09 +127 -5: /Users/nishantgupta/Documents/GitaGyan/OldWisdom/test/screens/more_screen_test.dart: MoreScreen Widget Tests should render more screen with app bar                                     00:09 +127 -5: /Users/nishantgupta/Documents/GitaGyan/OldWisdom/test/services/cache_refresh_service_test.dart: CacheRefreshService Chapters Cache Refresh should handle empty chapters response        
🔄 Starting intelligent batch cache refresh...
⚠️ Could not clear box chapters: HiveError: The box "chapters" is already open and of type Box<Chapter>.
⚠️ Could not clear box gita_verses_cache: HiveError: The box "gita_verses_cache" is already open and of type Box<Verse>.
✅ All caches cleared
📚 Fetching all chapters...
📖 Fetching verses for all chapters...
🎯 Refreshing scenarios cache...
⚠️ No chapters loaded
✅ Fetched 180 verses across 18 chapters
✅ Loaded 5 scenarios
✅ All caches refreshed successfully
00:09 +128 -5: /Users/nishantgupta/Documents/GitaGyan/OldWisdom/test/screens/more_screen_test.dart: MoreScreen Widget Tests should render more screen with app bar                                     00:09 +128 -5: /Users/nishantgupta/Documents/GitaGyan/OldWisdom/test/services/cache_refresh_service_test.dart: CacheRefreshService Chapters Cache Refresh should handle chapters fetch error           
🔄 Starting intelligent batch cache refresh...
⚠️ Could not clear box chapters: HiveError: The box "chapters" is already open and of type Box<Chapter>.
⚠️ Could not clear box gita_verses_cache: HiveError: The box "gita_verses_cache" is already open and of type Box<Verse>.
✅ All caches cleared
📚 Fetching all chapters...
❌ Error refreshing chapters: Exception: Network error
📖 Fetching verses for all chapters...
🎯 Refreshing scenarios cache...
✅ Fetched 180 verses across 18 chapters
✅ Loaded 5 scenarios
❌ Cache refresh error: Exception: Network error
00:09 +129 -5: /Users/nishantgupta/Documents/GitaGyan/OldWisdom/test/screens/more_screen_test.dart: MoreScreen Widget Tests should render more screen with app bar                                     00:09 +129 -5: /Users/nishantgupta/Documents/GitaGyan/OldWisdom/test/services/cache_refresh_service_test.dart: CacheRefreshService Verses Cache Refresh should fetch verses for all 18 chapters        
🔄 Starting intelligent batch cache refresh...
⚠️ Could not clear box chapters: HiveError: The box "chapters" is already open and of type Box<Chapter>.
⚠️ Could not clear box gita_verses_cache: HiveError: The box "gita_verses_cache" is already open and of type Box<Verse>.
✅ All caches cleared
📚 Fetching all chapters...
📖 Fetching verses for all chapters...
🎯 Refreshing scenarios cache...
✅ Fetched 18 chapters
✅ Fetched 180 verses across 18 chapters
✅ Loaded 5 scenarios
✅ All caches refreshed successfully
00:09 +130 -5: /Users/nishantgupta/Documents/GitaGyan/OldWisdom/test/screens/more_screen_test.dart: MoreScreen Widget Tests should render more screen with app bar                                     00:09 +130 -5: /Users/nishantgupta/Documents/GitaGyan/OldWisdom/test/services/cache_refresh_service_test.dart: CacheRefreshService Verses Cache Refresh should fetch verses for chapters 1-18          
🔄 Starting intelligent batch cache refresh...
⚠️ Could not clear box chapters: HiveError: The box "chapters" is already open and of type Box<Chapter>.
⚠️ Could not clear box gita_verses_cache: HiveError: The box "gita_verses_cache" is already open and of type Box<Verse>.
✅ All caches cleared
📚 Fetching all chapters...
📖 Fetching verses for all chapters...
🎯 Refreshing scenarios cache...
✅ Fetched 18 chapters
✅ Fetched 180 verses across 18 chapters
✅ Loaded 5 scenarios
✅ All caches refreshed successfully
00:09 +131 -5: /Users/nishantgupta/Documents/GitaGyan/OldWisdom/test/screens/more_screen_test.dart: MoreScreen Widget Tests should render more screen with app bar                                     00:09 +131 -5: /Users/nishantgupta/Documents/GitaGyan/OldWisdom/test/screens/home_screen_test.dart: HomeScreen Widget Tests should render home screen with app bar                                     
══╡ EXCEPTION CAUGHT BY FLUTTER TEST FRAMEWORK ╞════════════════════════════════════════════════════
The following assertion was thrown running a test:
You must initialize the supabase instance before calling Supabase.instance
'package:supabase_flutter/src/supabase.dart':
Failed assertion: line 45 pos 7: '_instance._isInitialized'

When the exception was thrown, this was the stack:
#2      Supabase.instance (package:supabase_flutter/src/supabase.dart:45:7)
#3      new EnhancedSupabaseService (package:GitaWisdom/services/enhanced_supabase_service.dart:28:42)
#4      ServiceLocator.enhancedSupabaseService (package:GitaWisdom/services/service_locator.dart:15:34)
#5      _HomeScreenState._service (package:GitaWisdom/screens/home_screen.dart:78:49)
#6      _HomeScreenState._service (package:GitaWisdom/screens/home_screen.dart)
#7      _HomeScreenState._initializeDataAfterFirstFrame.<anonymous closure> (package:GitaWisdom/screens/home_screen.dart:160:22)
#8      State.setState (package:flutter/src/widgets/framework.dart:1199:30)
#9      _HomeScreenState._initializeDataAfterFirstFrame (package:GitaWisdom/screens/home_screen.dart:158:5)
#10     _HomeScreenState.initState.<anonymous closure> (package:GitaWisdom/screens/home_screen.dart:141:7)
#11     SchedulerBinding._invokeFrameCallback (package:flutter/src/scheduler/binding.dart:1434:15)
#12     SchedulerBinding.handleDrawFrame (package:flutter/src/scheduler/binding.dart:1361:11)
#13     AutomatedTestWidgetsFlutterBinding.pump.<anonymous closure> (package:flutter_test/src/binding.dart:1335:9)
#16     TestAsyncUtils.guard (package:flutter_test/src/test_async_utils.dart:74:41)
#17     AutomatedTestWidgetsFlutterBinding.pump (package:flutter_test/src/binding.dart:1324:27)
#18     WidgetTester.pumpWidget.<anonymous closure> (package:flutter_test/src/widget_tester.dart:598:22)
#21     TestAsyncUtils.guard (package:flutter_test/src/test_async_utils.dart:74:41)
#22     WidgetTester.pumpWidget (package:flutter_test/src/widget_tester.dart:595:27)
#23     main.<anonymous closure>.<anonymous closure> (file:///Users/nishantgupta/Documents/GitaGyan/OldWisdom/test/screens/home_screen_test.dart:66:20)
#24     testWidgets.<anonymous closure>.<anonymous closure> (package:flutter_test/src/widget_tester.dart:192:29)
<asynchronous suspension>
#25     TestWidgetsFlutterBinding._runTestBody (package:flutter_test/src/binding.dart:1059:5)
<asynchronous suspension>
<asynchronous suspension>
(elided 7 frames from class _AssertionError, dart:async, and package:stack_trace)

The test description was:
  should render home screen with app bar
════════════════════════════════════════════════════════════════════════════════════════════════════
00:09 +131 -6: /Users/nishantgupta/Documents/GitaGyan/OldWisdom/test/services/cache_refresh_service_test.dart: CacheRefreshService Verses Cache Refresh should handle verses fetch error               
🔄 Starting intelligent batch cache refresh...
⚠️ Could not clear box chapters: HiveError: The box "chapters" is already open and of type Box<Chapter>.
⚠️ Could not clear box gita_verses_cache: HiveError: The box "gita_verses_cache" is already open and of type Box<Verse>.
✅ All caches cleared
📚 Fetching all chapters...
📖 Fetching verses for all chapters...
❌ Error refreshing verses: Exception: Network error
🎯 Refreshing scenarios cache...
✅ Fetched 18 chapters
✅ Loaded 5 scenarios
❌ Cache refresh error: Exception: Network error
00:09 +132 -6: /Users/nishantgupta/Documents/GitaGyan/OldWisdom/test/screens/more_screen_test.dart: MoreScreen Widget Tests should render more screen with app bar                                     00:09 +132 -6: /Users/nishantgupta/Documents/GitaGyan/OldWisdom/test/screens/home_screen_test.dart: HomeScreen Widget Tests should render home screen with app bar [E]                                 
  Test failed. See exception logs above.
  The test description was: should render home screen with app bar
  
00:09 +132 -6: /Users/nishantgupta/Documents/GitaGyan/OldWisdom/test/services/cache_refresh_service_test.dart: CacheRefreshService Verses Cache Refresh should continue if one chapter fails (eagerError: false)
🔄 Starting intelligent batch cache refresh...
⚠️ Could not clear box chapters: HiveError: The box "chapters" is already open and of type Box<Chapter>.
⚠️ Could not clear box gita_verses_cache: HiveError: The box "gita_verses_cache" is already open and of type Box<Verse>.
✅ All caches cleared
📚 Fetching all chapters...
📖 Fetching verses for all chapters...
❌ Error refreshing verses: Exception: Chapter 5 error
🎯 Refreshing scenarios cache...
✅ Fetched 18 chapters
✅ Loaded 5 scenarios
❌ Cache refresh error: Exception: Chapter 5 error
00:09 +133 -6: /Users/nishantgupta/Documents/GitaGyan/OldWisdom/test/screens/more_screen_test.dart: MoreScreen Widget Tests should render more screen with app bar                                     00:09 +133 -6: /Users/nishantgupta/Documents/GitaGyan/OldWisdom/test/services/cache_refresh_service_test.dart: CacheRefreshService Scenarios Cache Refresh should fetch scenarios with limit           
🔄 Starting intelligent batch cache refresh...
⚠️ Could not clear box chapters: HiveError: The box "chapters" is already open and of type Box<Chapter>.
⚠️ Could not clear box gita_verses_cache: HiveError: The box "gita_verses_cache" is already open and of type Box<Verse>.
✅ All caches cleared
📚 Fetching all chapters...
📖 Fetching verses for all chapters...
🎯 Refreshing scenarios cache...
✅ Fetched 18 chapters
✅ Fetched 180 verses across 18 chapters
✅ Loaded 5 scenarios
✅ All caches refreshed successfully
00:09 +134 -6: /Users/nishantgupta/Documents/GitaGyan/OldWisdom/test/screens/more_screen_test.dart: MoreScreen Widget Tests should render more screen with app bar                                     00:09 +134 -6: /Users/nishantgupta/Documents/GitaGyan/OldWisdom/test/services/cache_refresh_service_test.dart: CacheRefreshService Scenarios Cache Refresh should handle empty scenarios response      
🔄 Starting intelligent batch cache refresh...
⚠️ Could not clear box chapters: HiveError: The box "chapters" is already open and of type Box<Chapter>.
⚠️ Could not clear box gita_verses_cache: HiveError: The box "gita_verses_cache" is already open and of type Box<Verse>.
✅ All caches cleared
📚 Fetching all chapters...
📖 Fetching verses for all chapters...
🎯 Refreshing scenarios cache...
✅ Fetched 18 chapters
✅ Fetched 180 verses across 18 chapters
⚠️ No scenarios loaded
✅ All caches refreshed successfully
00:09 +135 -6: /Users/nishantgupta/Documents/GitaGyan/OldWisdom/test/screens/more_screen_test.dart: MoreScreen Widget Tests should render more screen with app bar                                     00:09 +135 -6: /Users/nishantgupta/Documents/GitaGyan/OldWisdom/test/services/cache_refresh_service_test.dart: CacheRefreshService Scenarios Cache Refresh should handle scenarios fetch error         
🔄 Starting intelligent batch cache refresh...
⚠️ Could not clear box chapters: HiveError: The box "chapters" is already open and of type Box<Chapter>.
⚠️ Could not clear box gita_verses_cache: HiveError: The box "gita_verses_cache" is already open and of type Box<Verse>.
✅ All caches cleared
📚 Fetching all chapters...
📖 Fetching verses for all chapters...
🎯 Refreshing scenarios cache...
❌ Error refreshing scenarios: Exception: Network error
✅ Fetched 18 chapters
✅ Fetched 180 verses across 18 chapters
❌ Cache refresh error: Exception: Network error
00:09 +136 -6: /Users/nishantgupta/Documents/GitaGyan/OldWisdom/test/screens/more_screen_test.dart: MoreScreen Widget Tests should render more screen with app bar                                     00:09 +136 -6: /Users/nishantgupta/Documents/GitaGyan/OldWisdom/test/services/cache_refresh_service_test.dart: CacheRefreshService getCacheStats should return cache statistics                        
⚠️ Could not read box chapters: HiveError: The box "chapters" is already open and of type Box<Chapter>.
⚠️ Could not read box gita_verses_cache: HiveError: The box "gita_verses_cache" is already open and of type Box<Verse>.
⚠️ Could not read box scenarios: HiveError: The box "scenarios" is already open and of type Box<Scenario>.
00:09 +137 -6: /Users/nishantgupta/Documents/GitaGyan/OldWisdom/test/screens/more_screen_test.dart: MoreScreen Widget Tests should render more screen with app bar                                     00:09 +137 -7: /Users/nishantgupta/Documents/GitaGyan/OldWisdom/test/services/cache_refresh_service_test.dart: CacheRefreshService getCacheStats should count items in cache boxes [E]                 
  HiveError: The box "chapters" is already open and of type Box<Chapter>.
  package:hive/src/hive_impl.dart 182:9                 HiveImpl._getBoxInternal
  package:hive/src/hive_impl.dart 197:33                HiveImpl.box
  test/services/cache_refresh_service_test.dart 414:34  main.<fn>.<fn>.<fn>
  

To run this test again: /Users/nishantgupta/Documents/Development/flutter/bin/cache/dart-sdk/bin/dart test /Users/nishantgupta/Documents/GitaGyan/OldWisdom/test/services/cache_refresh_service_test.dart -p vm --plain-name 'CacheRefreshService getCacheStats should count items in cache boxes'
00:09 +137 -7: /Users/nishantgupta/Documents/GitaGyan/OldWisdom/test/services/cache_refresh_service_test.dart: CacheRefreshService getCacheStats should indicate which caches are available            
⚠️ Could not read box chapters: HiveError: The box "chapters" is already open and of type Box<Chapter>.
⚠️ Could not read box gita_verses_cache: HiveError: The box "gita_verses_cache" is already open and of type Box<Verse>.
⚠️ Could not read box scenarios: HiveError: The box "scenarios" is already open and of type Box<Scenario>.
00:09 +138 -7: /Users/nishantgupta/Documents/GitaGyan/OldWisdom/test/screens/more_screen_test.dart: MoreScreen Widget Tests should render more screen with app bar                                     00:09 +138 -7: /Users/nishantgupta/Documents/GitaGyan/OldWisdom/test/services/cache_refresh_service_test.dart: CacheRefreshService getCacheStats should handle missing boxes gracefully                
⚠️ Could not read box chapters: HiveError: The box "chapters" is already open and of type Box<Chapter>.
⚠️ Could not read box gita_verses_cache: HiveError: The box "gita_verses_cache" is already open and of type Box<Verse>.
⚠️ Could not read box scenarios: HiveError: The box "scenarios" is already open and of type Box<Scenario>.
00:09 +139 -7: /Users/nishantgupta/Documents/GitaGyan/OldWisdom/test/screens/more_screen_test.dart: MoreScreen Widget Tests should render more screen with app bar                                     00:09 +140 -7: /Users/nishantgupta/Documents/GitaGyan/OldWisdom/test/screens/more_screen_test.dart: MoreScreen Widget Tests should render more screen with app bar                                     00:09 +140 -8: /Users/nishantgupta/Documents/GitaGyan/OldWisdom/test/services/cache_refresh_service_test.dart: CacheRefreshService getCacheStats should return empty map on error [E]                  
  HiveError: The box "chapters" is already open and of type Box<Chapter>.
  package:hive/src/hive_impl.dart 182:9                 HiveImpl._getBoxInternal
  package:hive/src/hive_impl.dart 197:33                HiveImpl.box
  test/services/cache_refresh_service_test.dart 441:22  main.<fn>.<fn>.<fn>
  

To run this test again: /Users/nishantgupta/Documents/Development/flutter/bin/cache/dart-sdk/bin/dart test /Users/nishantgupta/Documents/GitaGyan/OldWisdom/test/services/cache_refresh_service_test.dart -p vm --plain-name 'CacheRefreshService getCacheStats should return empty map on error'
00:09 +141 -8: /Users/nishantgupta/Documents/GitaGyan/OldWisdom/test/screens/more_screen_test.dart: MoreScreen Widget Tests should render more screen with app bar                                     00:09 +142 -8: /Users/nishantgupta/Documents/GitaGyan/OldWisdom/test/screens/more_screen_test.dart: MoreScreen Widget Tests should render more screen with app bar                                     00:09 +142 -8: /Users/nishantgupta/Documents/GitaGyan/OldWisdom/test/services/cache_refresh_service_test.dart: CacheRefreshService Error Handling should handle network errors during refresh          
🔄 Starting intelligent batch cache refresh...
⚠️ Could not clear box chapters: HiveError: The box "chapters" is already open and of type Box<Chapter>.
⚠️ Could not clear box gita_verses_cache: HiveError: The box "gita_verses_cache" is already open and of type Box<Verse>.
✅ All caches cleared
📚 Fetching all chapters...
❌ Error refreshing chapters: Exception: Network timeout
📖 Fetching verses for all chapters...
🎯 Refreshing scenarios cache...
✅ Fetched 180 verses across 18 chapters
✅ Loaded 5 scenarios
❌ Cache refresh error: Exception: Network timeout
00:09 +143 -8: /Users/nishantgupta/Documents/GitaGyan/OldWisdom/test/screens/more_screen_test.dart: MoreScreen Widget Tests should render more screen with app bar                                     00:09 +143 -8: /Users/nishantgupta/Documents/GitaGyan/OldWisdom/test/services/cache_refresh_service_test.dart: CacheRefreshService Error Handling should handle Hive errors during clear               
🔄 Starting intelligent batch cache refresh...
⚠️ Could not clear box chapters: HiveError: The box "chapters" is already open and of type Box<Chapter>.
⚠️ Could not clear box gita_verses_cache: HiveError: The box "gita_verses_cache" is already open and of type Box<Verse>.
✅ All caches cleared
00:09 +143 -8: /Users/nishantgupta/Documents/GitaGyan/OldWisdom/test/services/notification_permission_service_test.dart: NotificationPermissionService - Permission States requestPermissionIfNeeded should return true on iOS
🔔 Notification permissions not needed on iOS
00:09 +143 -8: /Users/nishantgupta/Documents/GitaGyan/OldWisdom/test/services/cache_refresh_service_test.dart: CacheRefreshService Error Handling should handle Hive errors during clear               
📚 Fetching all chapters...
📖 Fetching verses for all chapters...
00:09 +144 -8: /Users/nishantgupta/Documents/GitaGyan/OldWisdom/test/screens/more_screen_test.dart: MoreScreen Widget Tests should render more screen with app bar                                     00:09 +144 -8: /Users/nishantgupta/Documents/GitaGyan/OldWisdom/test/services/cache_refresh_service_test.dart: CacheRefreshService Error Handling should handle Hive errors during clear               
🎯 Refreshing scenarios cache...
✅ Fetched 18 chapters
✅ Fetched 180 verses across 18 chapters
✅ Loaded 5 scenarios
✅ All caches refreshed successfully
00:09 +144 -8: /Users/nishantgupta/Documents/GitaGyan/OldWisdom/test/services/notification_permission_service_test.dart: NotificationPermissionService - Permission States requestPermissionIfNeeded should not request twice in same session
🔔 Notification permissions not needed on iOS
00:09 +144 -8: /Users/nishantgupta/Documents/GitaGyan/OldWisdom/test/screens/more_screen_test.dart: MoreScreen Widget Tests should render more screen with app bar                                     00:09 +145 -8: /Users/nishantgupta/Documents/GitaGyan/OldWisdom/test/screens/more_screen_test.dart: MoreScreen Widget Tests should render more screen with app bar                                     00:09 +145 -8: /Users/nishantgupta/Documents/GitaGyan/OldWisdom/test/services/notification_permission_service_test.dart: NotificationPermissionService - Permission States requestPermissionIfNeeded should not request twice in same session
🔔 Notification permissions not needed on iOS
00:09 +146 -8: /Users/nishantgupta/Documents/GitaGyan/OldWisdom/test/screens/more_screen_test.dart: MoreScreen Widget Tests should render more screen with app bar                                     00:09 +146 -8: /Users/nishantgupta/Documents/GitaGyan/OldWisdom/test/services/cache_refresh_service_test.dart: CacheRefreshService Error Handling should propagate errors to caller                    
🔄 Starting intelligent batch cache refresh...
⚠️ Could not clear box chapters: HiveError: The box "chapters" is already open and of type Box<Chapter>.
⚠️ Could not clear box gita_verses_cache: HiveError: The box "gita_verses_cache" is already open and of type Box<Verse>.
✅ All caches cleared
00:09 +146 -8: /Users/nishantgupta/Documents/GitaGyan/OldWisdom/test/services/notification_permission_service_test.dart: NotificationPermissionService - Permission States requestPermissionIfNeeded should handle errors gracefully
🔔 Notification permissions not needed on iOS
00:09 +147 -8: /Users/nishantgupta/Documents/GitaGyan/OldWisdom/test/screens/more_screen_test.dart: MoreScreen Widget Tests should render more screen with app bar                                     00:09 +147 -8: /Users/nishantgupta/Documents/GitaGyan/OldWisdom/test/services/cache_refresh_service_test.dart: CacheRefreshService Error Handling should propagate errors to caller                    
📚 Fetching all chapters...
📖 Fetching verses for all chapters...
🎯 Refreshing scenarios cache...
❌ Error refreshing scenarios: Exception: Custom error
✅ Fetched 18 chapters
✅ Fetched 180 verses across 18 chapters
❌ Cache refresh error: Exception: Custom error
00:09 +148 -8: /Users/nishantgupta/Documents/GitaGyan/OldWisdom/test/screens/more_screen_test.dart: MoreScreen Widget Tests should render more screen with app bar                                     00:09 +148 -8: /Users/nishantgupta/Documents/GitaGyan/OldWisdom/test/services/cache_refresh_service_test.dart: CacheRefreshService Integration Scenarios should refresh all caches successfully        
🔄 Starting intelligent batch cache refresh...
00:09 +149 -8: /Users/nishantgupta/Documents/GitaGyan/OldWisdom/test/screens/more_screen_test.dart: MoreScreen Widget Tests should render more screen with app bar                                     00:09 +149 -8: /Users/nishantgupta/Documents/GitaGyan/OldWisdom/test/services/cache_refresh_service_test.dart: CacheRefreshService Integration Scenarios should refresh all caches successfully        
⚠️ Could not clear box chapters: HiveError: The box "chapters" is already open and of type Box<Chapter>.
⚠️ Could not clear box gita_verses_cache: HiveError: The box "gita_verses_cache" is already open and of type Box<Verse>.
✅ All caches cleared
📚 Fetching all chapters...
📖 Fetching verses for all chapters...
00:09 +150 -8: /Users/nishantgupta/Documents/GitaGyan/OldWisdom/test/screens/more_screen_test.dart: MoreScreen Widget Tests should render more screen with app bar                                     00:09 +150 -8: /Users/nishantgupta/Documents/GitaGyan/OldWisdom/test/services/cache_refresh_service_test.dart: CacheRefreshService Integration Scenarios should refresh all caches successfully        
🎯 Refreshing scenarios cache...
✅ Fetched 18 chapters
✅ Fetched 180 verses across 18 chapters
✅ Loaded 5 scenarios
✅ All caches refreshed successfully
00:09 +151 -8: /Users/nishantgupta/Documents/GitaGyan/OldWisdom/test/screens/more_screen_test.dart: MoreScreen Widget Tests should render more screen with app bar                                     00:09 +151 -9: /Users/nishantgupta/Documents/GitaGyan/OldWisdom/test/services/cache_refresh_service_test.dart: CacheRefreshService Integration Scenarios should clear then reload data [E]             
  HiveError: The box "chapters" is already open and of type Box<Chapter>.
  package:hive/src/hive_impl.dart 182:9                 HiveImpl._getBoxInternal
  package:hive/src/hive_impl.dart 197:33                HiveImpl.box
  test/services/cache_refresh_service_test.dart 506:34  main.<fn>.<fn>.<fn>
  

To run this test again: /Users/nishantgupta/Documents/Development/flutter/bin/cache/dart-sdk/bin/dart test /Users/nishantgupta/Documents/GitaGyan/OldWisdom/test/services/cache_refresh_service_test.dart -p vm --plain-name 'CacheRefreshService Integration Scenarios should clear then reload data'
00:09 +151 -9: /Users/nishantgupta/Documents/GitaGyan/OldWisdom/test/services/cache_refresh_service_test.dart: CacheRefreshService Integration Scenarios should handle multiple consecutive refreshes  
🔄 Starting intelligent batch cache refresh...
⚠️ Could not clear box chapters: HiveError: The box "chapters" is already open and of type Box<Chapter>.
⚠️ Could not clear box gita_verses_cache: HiveError: The box "gita_verses_cache" is already open and of type Box<Verse>.
✅ All caches cleared
📚 Fetching all chapters...
📖 Fetching verses for all chapters...
🎯 Refreshing scenarios cache...
✅ Fetched 18 chapters
✅ Fetched 180 verses across 18 chapters
✅ Loaded 5 scenarios
✅ All caches refreshed successfully
🔄 Starting intelligent batch cache refresh...
⚠️ Could not clear box chapters: HiveError: The box "chapters" is already open and of type Box<Chapter>.
⚠️ Could not clear box gita_verses_cache: HiveError: The box "gita_verses_cache" is already open and of type Box<Verse>.
✅ All caches cleared
00:09 +151 -9: /Users/nishantgupta/Documents/GitaGyan/OldWisdom/test/services/notification_permission_service_test.dart: NotificationPermissionService - Settings openSettings should not throw errors 
❌ Error opening app settings: Binding has not yet been initialized.
The "instance" getter on the ServicesBinding binding mixin is only available once that binding has been initialized.
Typically, this is done by calling "WidgetsFlutterBinding.ensureInitialized()" or "runApp()" (the latter calls the former). Typically this call is done in the "void main()" method. The "ensureInitialized" method is idempotent; calling it multiple times is not harmful. After calling that method, the "instance" getter will return the binding.
In a test, one can call "TestWidgetsFlutterBinding.ensureInitialized()" as the first line in the test's "main()" method to initialize the binding.
If ServicesBinding is a custom binding mixin, there must also be a custom binding class, like WidgetsFlutterBinding, but that mixes in the selected binding, and that is the class that must be constructed before using the "instance" getter.
00:09 +152 -9: /Users/nishantgupta/Documents/GitaGyan/OldWisdom/test/screens/more_screen_test.dart: MoreScreen Widget Tests should render more screen with app bar                                     00:09 +152 -10: /Users/nishantgupta/Documents/GitaGyan/OldWisdom/test/services/notification_permission_service_test.dart: NotificationPermissionService - Settings openSettings should complete successfully
❌ Error opening app settings: Binding has not yet been initialized.
The "instance" getter on the ServicesBinding binding mixin is only available once that binding has been initialized.
Typically, this is done by calling "WidgetsFlutterBinding.ensureInitialized()" or "runApp()" (the latter calls the former). Typically this call is done in the "void main()" method. The "ensureInitialized" method is idempotent; calling it multiple times is not harmful. After calling that method, the "instance" getter will return the binding.
In a test, one can call "TestWidgetsFlutterBinding.ensureInitialized()" as the first line in the test's "main()" method to initialize the binding.
If ServicesBinding is a custom binding mixin, there must also be a custom binding class, like WidgetsFlutterBinding, but that mixes in the selected binding, and that is the class that must be constructed before using the "instance" getter.
00:09 +152 -10: /Users/nishantgupta/Documents/GitaGyan/OldWisdom/test/services/cache_refresh_service_test.dart: CacheRefreshService Integration Scenarios should handle multiple consecutive refreshes [E]
  Expected: <2>
    Actual: <1>
  Unexpected number of calls
  
  package:matcher                                       expect
  package:mockito/src/mock.dart 995:5                   VerificationResult.called
  test/services/cache_refresh_service_test.dart 532:56  main.<fn>.<fn>.<fn>
  
📚 Fetching all chapters...
📖 Fetching verses for all chapters...
00:09 +153 -10: /Users/nishantgupta/Documents/GitaGyan/OldWisdom/test/screens/more_screen_test.dart: MoreScreen Widget Tests should render more screen with app bar                                    00:09 +153 -10: /Users/nishantgupta/Documents/GitaGyan/OldWisdom/test/services/cache_refresh_service_test.dart: CacheRefreshService Integration Scenarios should handle multiple consecutive refreshes 
🎯 Refreshing scenarios cache...
✅ Fetched 18 chapters
✅ Fetched 180 verses across 18 chapters
✅ Loaded 5 scenarios
✅ All caches refreshed successfully

To run this test again: /Users/nishantgupta/Documents/Development/flutter/bin/cache/dart-sdk/bin/dart test /Users/nishantgupta/Documents/GitaGyan/OldWisdom/test/services/cache_refresh_service_test.dart -p vm --plain-name 'CacheRefreshService Integration Scenarios should handle multiple consecutive refreshes'
00:09 +154 -10: /Users/nishantgupta/Documents/GitaGyan/OldWisdom/test/screens/more_screen_test.dart: MoreScreen Widget Tests should render more screen with app bar                                    00:09 +154 -10: /Users/nishantgupta/Documents/GitaGyan/OldWisdom/test/services/notification_permission_service_test.dart: NotificationPermissionService - Error Handling should handle permission request errors
🔔 Notification permissions not needed on iOS
00:09 +155 -10: /Users/nishantgupta/Documents/GitaGyan/OldWisdom/test/screens/more_screen_test.dart: MoreScreen Widget Tests should render more screen with app bar                                    00:09 +155 -10: /Users/nishantgupta/Documents/GitaGyan/OldWisdom/test/services/notification_permission_service_test.dart: NotificationPermissionService - Error Handling all methods should be non-throwing
🔔 Notification permissions not needed on iOS
❌ Error opening app settings: Binding has not yet been initialized.
The "instance" getter on the ServicesBinding binding mixin is only available once that binding has been initialized.
Typically, this is done by calling "WidgetsFlutterBinding.ensureInitialized()" or "runApp()" (the latter calls the former). Typically this call is done in the "void main()" method. The "ensureInitialized" method is idempotent; calling it multiple times is not harmful. After calling that method, the "instance" getter will return the binding.
In a test, one can call "TestWidgetsFlutterBinding.ensureInitialized()" as the first line in the test's "main()" method to initialize the binding.
If ServicesBinding is a custom binding mixin, there must also be a custom binding class, like WidgetsFlutterBinding, but that mixes in the selected binding, and that is the class that must be constructed before using the "instance" getter.
00:09 +156 -10: /Users/nishantgupta/Documents/GitaGyan/OldWisdom/test/screens/more_screen_test.dart: MoreScreen Widget Tests should render more screen with app bar                                    00:09 +156 -10: /Users/nishantgupta/Documents/GitaGyan/OldWisdom/test/services/notification_permission_service_test.dart: NotificationPermissionService - Integration Tests should handle complete permission flow
🔔 Notification permissions not needed on iOS
00:09 +157 -10: /Users/nishantgupta/Documents/GitaGyan/OldWisdom/test/screens/more_screen_test.dart: MoreScreen Widget Tests should render more screen with app bar                                    00:09 +157 -10: /Users/nishantgupta/Documents/GitaGyan/OldWisdom/test/services/notification_permission_service_test.dart: NotificationPermissionService - Integration Tests should maintain singleton pattern across multiple operations
🔔 Notification permissions not needed on iOS
00:09 +158 -10: /Users/nishantgupta/Documents/GitaGyan/OldWisdom/test/screens/more_screen_test.dart: MoreScreen Widget Tests should render more screen with app bar                                    00:09 +159 -10: /Users/nishantgupta/Documents/GitaGyan/OldWisdom/test/screens/more_screen_test.dart: MoreScreen Widget Tests should render more screen with app bar                                    00:09 +160 -10: /Users/nishantgupta/Documents/GitaGyan/OldWisdom/test/screens/more_screen_test.dart: MoreScreen Widget Tests should render more screen with app bar                                    test/services/bookmark_service_test.dart:27:9: Error: No named parameter with the name 'id'.
        id: 1,
        ^^
lib/models/verse.dart:33:3: Context: Found this candidate, but the arguments don't match.
  Verse({
  ^^^^^
test/services/bookmark_service_test.dart:47:9: Error: No named parameter with the name 'id'.
        id: 1,
        ^^
lib/models/verse.dart:33:3: Context: Found this candidate, but the arguments don't match.
  Verse({
  ^^^^^
test/services/bookmark_service_test.dart:68:11: Error: No named parameter with the name 'id'.
          id: 1,
          ^^
lib/models/verse.dart:33:3: Context: Found this candidate, but the arguments don't match.
  Verse({
  ^^^^^
test/services/bookmark_service_test.dart:77:11: Error: No named parameter with the name 'id'.
          id: 2,
          ^^
lib/models/verse.dart:33:3: Context: Found this candidate, but the arguments don't match.
  Verse({
  ^^^^^
test/services/bookmark_service_test.dart:109:9: Error: No named parameter with the name 'id'.
        id: 1,
        ^^
lib/models/scenario.dart:45:3: Context: Found this candidate, but the arguments don't match.
  Scenario({
  ^^^^^^^^
test/services/bookmark_service_test.dart:139:11: Error: No named parameter with the name 'id'.
          id: 1,
          ^^
lib/models/scenario.dart:45:3: Context: Found this candidate, but the arguments don't match.
  Scenario({
  ^^^^^^^^
test/services/bookmark_service_test.dart:147:11: Error: No named parameter with the name 'id'.
          id: 2,
          ^^
lib/models/scenario.dart:45:3: Context: Found this candidate, but the arguments don't match.
  Scenario({
  ^^^^^^^^
test/services/bookmark_service_test.dart:170:11: Error: No named parameter with the name 'id'.
          id: 1,
          ^^
lib/models/scenario.dart:45:3: Context: Found this candidate, but the arguments don't match.
  Scenario({
  ^^^^^^^^
test/services/bookmark_service_test.dart:190:13: Error: No named parameter with the name 'id'.
            id: 1,
            ^^
lib/models/verse.dart:33:3: Context: Found this candidate, but the arguments don't match.
  Verse({
  ^^^^^
test/services/bookmark_service_test.dart:217:11: Error: No named parameter with the name 'id'.
          id: index,
          ^^
lib/models/verse.dart:33:3: Context: Found this candidate, but the arguments don't match.
  Verse({
  ^^^^^
test/services/bookmark_service_test.dart:38:29: Error: The method 'addVerseBookmark' isn't defined for the type 'BookmarkService'.
 - 'BookmarkService' is from 'package:GitaWisdom/services/bookmark_service.dart' ('lib/services/bookmark_service.dart').
Try correcting the name to the name of an existing method, or defining a method named 'addVerseBookmark'.
      await bookmarkService.addVerseBookmark(verse);
                            ^^^^^^^^^^^^^^^^
test/services/bookmark_service_test.dart:41:50: Error: The method 'isVerseBookmarked' isn't defined for the type 'BookmarkService'.
 - 'BookmarkService' is from 'package:GitaWisdom/services/bookmark_service.dart' ('lib/services/bookmark_service.dart').
Try correcting the name to the name of an existing method, or defining a method named 'isVerseBookmarked'.
      final isBookmarked = await bookmarkService.isVerseBookmarked(verse.id);
                                                 ^^^^^^^^^^^^^^^^^
test/services/bookmark_service_test.dart:58:29: Error: The method 'removeVerseBookmark' isn't defined for the type 'BookmarkService'.
 - 'BookmarkService' is from 'package:GitaWisdom/services/bookmark_service.dart' ('lib/services/bookmark_service.dart').
Try correcting the name to the name of an existing method, or defining a method named 'removeVerseBookmark'.
      await bookmarkService.removeVerseBookmark(verse.id);
                            ^^^^^^^^^^^^^^^^^^^
test/services/bookmark_service_test.dart:61:50: Error: The method 'isVerseBookmarked' isn't defined for the type 'BookmarkService'.
 - 'BookmarkService' is from 'package:GitaWisdom/services/bookmark_service.dart' ('lib/services/bookmark_service.dart').
Try correcting the name to the name of an existing method, or defining a method named 'isVerseBookmarked'.
      final isBookmarked = await bookmarkService.isVerseBookmarked(verse.id);
                                                 ^^^^^^^^^^^^^^^^^
test/services/bookmark_service_test.dart:89:47: Error: The method 'getAllVerseBookmarks' isn't defined for the type 'BookmarkService'.
 - 'BookmarkService' is from 'package:GitaWisdom/services/bookmark_service.dart' ('lib/services/bookmark_service.dart').
Try correcting the name to the name of an existing method, or defining a method named 'getAllVerseBookmarks'.
      final bookmarks = await bookmarkService.getAllVerseBookmarks();
                                              ^^^^^^^^^^^^^^^^^^^^
test/services/bookmark_service_test.dart:98:51: Error: The method 'isVerseBookmarked' isn't defined for the type 'BookmarkService'.
 - 'BookmarkService' is from 'package:GitaWisdom/services/bookmark_service.dart' ('lib/services/bookmark_service.dart').
Try correcting the name to the name of an existing method, or defining a method named 'isVerseBookmarked'.
      final isBookmarked1 = await bookmarkService.isVerseBookmarked(1);
                                                  ^^^^^^^^^^^^^^^^^
test/services/bookmark_service_test.dart:99:51: Error: The method 'isVerseBookmarked' isn't defined for the type 'BookmarkService'.
 - 'BookmarkService' is from 'package:GitaWisdom/services/bookmark_service.dart' ('lib/services/bookmark_service.dart').
Try correcting the name to the name of an existing method, or defining a method named 'isVerseBookmarked'.
      final isBookmarked2 = await bookmarkService.isVerseBookmarked(2);
                                                  ^^^^^^^^^^^^^^^^^
test/services/bookmark_service_test.dart:119:29: Error: The method 'addScenarioBookmark' isn't defined for the type 'BookmarkService'.
 - 'BookmarkService' is from 'package:GitaWisdom/services/bookmark_service.dart' ('lib/services/bookmark_service.dart').
Try correcting the name to the name of an existing method, or defining a method named 'addScenarioBookmark'.
      await bookmarkService.addScenarioBookmark(scenario);
                            ^^^^^^^^^^^^^^^^^^^
test/services/bookmark_service_test.dart:122:50: Error: The method 'isScenarioBookmarked' isn't defined for the type 'BookmarkService'.
 - 'BookmarkService' is from 'package:GitaWisdom/services/bookmark_service.dart' ('lib/services/bookmark_service.dart').
Try correcting the name to the name of an existing method, or defining a method named 'isScenarioBookmarked'.
      final isBookmarked = await bookmarkService.isScenarioBookmarked(scenario.id);
                                                 ^^^^^^^^^^^^^^^^^^^^
test/services/bookmark_service_test.dart:129:29: Error: The method 'removeScenarioBookmark' isn't defined for the type 'BookmarkService'.
 - 'BookmarkService' is from 'package:GitaWisdom/services/bookmark_service.dart' ('lib/services/bookmark_service.dart').
Try correcting the name to the name of an existing method, or defining a method named 'removeScenarioBookmark'.
      await bookmarkService.removeScenarioBookmark(1);
                            ^^^^^^^^^^^^^^^^^^^^^^
test/services/bookmark_service_test.dart:132:50: Error: The method 'isScenarioBookmarked' isn't defined for the type 'BookmarkService'.
 - 'BookmarkService' is from 'package:GitaWisdom/services/bookmark_service.dart' ('lib/services/bookmark_service.dart').
Try correcting the name to the name of an existing method, or defining a method named 'isScenarioBookmarked'.
      final isBookmarked = await bookmarkService.isScenarioBookmarked(1);
                                                 ^^^^^^^^^^^^^^^^^^^^
test/services/bookmark_service_test.dart:158:47: Error: The method 'getAllScenarioBookmarks' isn't defined for the type 'BookmarkService'.
 - 'BookmarkService' is from 'package:GitaWisdom/services/bookmark_service.dart' ('lib/services/bookmark_service.dart').
Try correcting the name to the name of an existing method, or defining a method named 'getAllScenarioBookmarks'.
      final bookmarks = await bookmarkService.getAllScenarioBookmarks();
                                              ^^^^^^^^^^^^^^^^^^^^^^^
test/services/bookmark_service_test.dart:168:29: Error: The method 'toggleScenarioBookmark' isn't defined for the type 'BookmarkService'.
 - 'BookmarkService' is from 'package:GitaWisdom/services/bookmark_service.dart' ('lib/services/bookmark_service.dart').
Try correcting the name to the name of an existing method, or defining a method named 'toggleScenarioBookmark'.
      await bookmarkService.toggleScenarioBookmark(
                            ^^^^^^^^^^^^^^^^^^^^^^
test/services/bookmark_service_test.dart:188:31: Error: The method 'addVerseBookmark' isn't defined for the type 'BookmarkService'.
 - 'BookmarkService' is from 'package:GitaWisdom/services/bookmark_service.dart' ('lib/services/bookmark_service.dart').
Try correcting the name to the name of an existing method, or defining a method named 'addVerseBookmark'.
        () => bookmarkService.addVerseBookmark(
                              ^^^^^^^^^^^^^^^^
test/services/bookmark_service_test.dart:206:47: Error: The method 'getAllVerseBookmarks' isn't defined for the type 'BookmarkService'.
 - 'BookmarkService' is from 'package:GitaWisdom/services/bookmark_service.dart' ('lib/services/bookmark_service.dart').
Try correcting the name to the name of an existing method, or defining a method named 'getAllVerseBookmarks'.
      final bookmarks = await bookmarkService.getAllVerseBookmarks();
                                              ^^^^^^^^^^^^^^^^^^^^
test/services/bookmark_service_test.dart:230:47: Error: The method 'getAllVerseBookmarks' isn't defined for the type 'BookmarkService'.
 - 'BookmarkService' is from 'package:GitaWisdom/services/bookmark_service.dart' ('lib/services/bookmark_service.dart').
Try correcting the name to the name of an existing method, or defining a method named 'getAllVerseBookmarks'.
      final bookmarks = await bookmarkService.getAllVerseBookmarks();
                                              ^^^^^^^^^^^^^^^^^^^^
00:10 +160 -10: /Users/nishantgupta/Documents/GitaGyan/OldWisdom/test/screens/more_screen_test.dart: MoreScreen Widget Tests should render more screen with app bar                                    00:10 +161 -10: /Users/nishantgupta/Documents/GitaGyan/OldWisdom/test/screens/more_screen_test.dart: MoreScreen Widget Tests should render more screen with app bar                                    00:10 +161 -11: loading /Users/nishantgupta/Documents/GitaGyan/OldWisdom/test/services/bookmark_service_test.dart [E]                                                                                  
  Failed to load "/Users/nishantgupta/Documents/GitaGyan/OldWisdom/test/services/bookmark_service_test.dart":
  Compilation failed for testPath=/Users/nishantgupta/Documents/GitaGyan/OldWisdom/test/services/bookmark_service_test.dart: test/services/bookmark_service_test.dart:27:9: Error: No named parameter with the name 'id'.
          id: 1,
          ^^
  lib/models/verse.dart:33:3: Context: Found this candidate, but the arguments don't match.
    Verse({
    ^^^^^
  test/services/bookmark_service_test.dart:47:9: Error: No named parameter with the name 'id'.
          id: 1,
          ^^
  lib/models/verse.dart:33:3: Context: Found this candidate, but the arguments don't match.
    Verse({
    ^^^^^
  test/services/bookmark_service_test.dart:68:11: Error: No named parameter with the name 'id'.
            id: 1,
            ^^
  lib/models/verse.dart:33:3: Context: Found this candidate, but the arguments don't match.
    Verse({
    ^^^^^
  test/services/bookmark_service_test.dart:77:11: Error: No named parameter with the name 'id'.
            id: 2,
            ^^
  lib/models/verse.dart:33:3: Context: Found this candidate, but the arguments don't match.
    Verse({
    ^^^^^
  test/services/bookmark_service_test.dart:109:9: Error: No named parameter with the name 'id'.
          id: 1,
          ^^
  lib/models/scenario.dart:45:3: Context: Found this candidate, but the arguments don't match.
    Scenario({
    ^^^^^^^^
  test/services/bookmark_service_test.dart:139:11: Error: No named parameter with the name 'id'.
            id: 1,
            ^^
  lib/models/scenario.dart:45:3: Context: Found this candidate, but the arguments don't match.
    Scenario({
    ^^^^^^^^
  test/services/bookmark_service_test.dart:147:11: Error: No named parameter with the name 'id'.
            id: 2,
            ^^
  lib/models/scenario.dart:45:3: Context: Found this candidate, but the arguments don't match.
    Scenario({
    ^^^^^^^^
  test/services/bookmark_service_test.dart:170:11: Error: No named parameter with the name 'id'.
            id: 1,
            ^^
  lib/models/scenario.dart:45:3: Context: Found this candidate, but the arguments don't match.
    Scenario({
    ^^^^^^^^
  test/services/bookmark_service_test.dart:190:13: Error: No named parameter with the name 'id'.
              id: 1,
              ^^
  lib/models/verse.dart:33:3: Context: Found this candidate, but the arguments don't match.
    Verse({
    ^^^^^
  test/services/bookmark_service_test.dart:217:11: Error: No named parameter with the name 'id'.
            id: index,
            ^^
  lib/models/verse.dart:33:3: Context: Found this candidate, but the arguments don't match.
    Verse({
    ^^^^^
  test/services/bookmark_service_test.dart:38:29: Error: The method 'addVerseBookmark' isn't defined for the type 'BookmarkService'.
   - 'BookmarkService' is from 'package:GitaWisdom/services/bookmark_service.dart' ('lib/services/bookmark_service.dart').
  Try correcting the name to the name of an existing method, or defining a method named 'addVerseBookmark'.
        await bookmarkService.addVerseBookmark(verse);
                              ^^^^^^^^^^^^^^^^
  test/services/bookmark_service_test.dart:41:50: Error: The method 'isVerseBookmarked' isn't defined for the type 'BookmarkService'.
   - 'BookmarkService' is from 'package:GitaWisdom/services/bookmark_service.dart' ('lib/services/bookmark_service.dart').
  Try correcting the name to the name of an existing method, or defining a method named 'isVerseBookmarked'.
        final isBookmarked = await bookmarkService.isVerseBookmarked(verse.id);
                                                   ^^^^^^^^^^^^^^^^^
  test/services/bookmark_service_test.dart:58:29: Error: The method 'removeVerseBookmark' isn't defined for the type 'BookmarkService'.
   - 'BookmarkService' is from 'package:GitaWisdom/services/bookmark_service.dart' ('lib/services/bookmark_service.dart').
  Try correcting the name to the name of an existing method, or defining a method named 'removeVerseBookmark'.
        await bookmarkService.removeVerseBookmark(verse.id);
                              ^^^^^^^^^^^^^^^^^^^
  test/services/bookmark_service_test.dart:61:50: Error: The method 'isVerseBookmarked' isn't defined for the type 'BookmarkService'.
   - 'BookmarkService' is from 'package:GitaWisdom/services/bookmark_service.dart' ('lib/services/bookmark_service.dart').
  Try correcting the name to the name of an existing method, or defining a method named 'isVerseBookmarked'.
        final isBookmarked = await bookmarkService.isVerseBookmarked(verse.id);
                                                   ^^^^^^^^^^^^^^^^^
  test/services/bookmark_service_test.dart:89:47: Error: The method 'getAllVerseBookmarks' isn't defined for the type 'BookmarkService'.
   - 'BookmarkService' is from 'package:GitaWisdom/services/bookmark_service.dart' ('lib/services/bookmark_service.dart').
  Try correcting the name to the name of an existing method, or defining a method named 'getAllVerseBookmarks'.
        final bookmarks = await bookmarkService.getAllVerseBookmarks();
                                                ^^^^^^^^^^^^^^^^^^^^
  test/services/bookmark_service_test.dart:98:51: Error: The method 'isVerseBookmarked' isn't defined for the type 'BookmarkService'.
   - 'BookmarkService' is from 'package:GitaWisdom/services/bookmark_service.dart' ('lib/services/bookmark_service.dart').
  Try correcting the name to the name of an existing method, or defining a method named 'isVerseBookmarked'.
        final isBookmarked1 = await bookmarkService.isVerseBookmarked(1);
                                                    ^^^^^^^^^^^^^^^^^
  test/services/bookmark_service_test.dart:99:51: Error: The method 'isVerseBookmarked' isn't defined for the type 'BookmarkService'.
   - 'BookmarkService' is from 'package:GitaWisdom/services/bookmark_service.dart' ('lib/services/bookmark_service.dart').
  Try correcting the name to the name of an existing method, or defining a method named 'isVerseBookmarked'.
        final isBookmarked2 = await bookmarkService.isVerseBookmarked(2);
                                                    ^^^^^^^^^^^^^^^^^
  test/services/bookmark_service_test.dart:119:29: Error: The method 'addScenarioBookmark' isn't defined for the type 'BookmarkService'.
   - 'BookmarkService' is from 'package:GitaWisdom/services/bookmark_service.dart' ('lib/services/bookmark_service.dart').
  Try correcting the name to the name of an existing method, or defining a method named 'addScenarioBookmark'.
        await bookmarkService.addScenarioBookmark(scenario);
                              ^^^^^^^^^^^^^^^^^^^
  test/services/bookmark_service_test.dart:122:50: Error: The method 'isScenarioBookmarked' isn't defined for the type 'BookmarkService'.
   - 'BookmarkService' is from 'package:GitaWisdom/services/bookmark_service.dart' ('lib/services/bookmark_service.dart').
  Try correcting the name to the name of an existing method, or defining a method named 'isScenarioBookmarked'.
        final isBookmarked = await bookmarkService.isScenarioBookmarked(scenario.id);
                                                   ^^^^^^^^^^^^^^^^^^^^
  test/services/bookmark_service_test.dart:129:29: Error: The method 'removeScenarioBookmark' isn't defined for the type 'BookmarkService'.
   - 'BookmarkService' is from 'package:GitaWisdom/services/bookmark_service.dart' ('lib/services/bookmark_service.dart').
  Try correcting the name to the name of an existing method, or defining a method named 'removeScenarioBookmark'.
        await bookmarkService.removeScenarioBookmark(1);
                              ^^^^^^^^^^^^^^^^^^^^^^
  test/services/bookmark_service_test.dart:132:50: Error: The method 'isScenarioBookmarked' isn't defined for the type 'BookmarkService'.
   - 'BookmarkService' is from 'package:GitaWisdom/services/bookmark_service.dart' ('lib/services/bookmark_service.dart').
  Try correcting the name to the name of an existing method, or defining a method named 'isScenarioBookmarked'.
        final isBookmarked = await bookmarkService.isScenarioBookmarked(1);
                                                   ^^^^^^^^^^^^^^^^^^^^
  test/services/bookmark_service_test.dart:158:47: Error: The method 'getAllScenarioBookmarks' isn't defined for the type 'BookmarkService'.
   - 'BookmarkService' is from 'package:GitaWisdom/services/bookmark_service.dart' ('lib/services/bookmark_service.dart').
  Try correcting the name to the name of an existing method, or defining a method named 'getAllScenarioBookmarks'.
        final bookmarks = await bookmarkService.getAllScenarioBookmarks();
                                                ^^^^^^^^^^^^^^^^^^^^^^^
  test/services/bookmark_service_test.dart:168:29: Error: The method 'toggleScenarioBookmark' isn't defined for the type 'BookmarkService'.
   - 'BookmarkService' is from 'package:GitaWisdom/services/bookmark_service.dart' ('lib/services/bookmark_service.dart').
  Try correcting the name to the name of an existing method, or defining a method named 'toggleScenarioBookmark'.
        await bookmarkService.toggleScenarioBookmark(
                              ^^^^^^^^^^^^^^^^^^^^^^
  test/services/bookmark_service_test.dart:188:31: Error: The method 'addVerseBookmark' isn't defined for the type 'BookmarkService'.
   - 'BookmarkService' is from 'package:GitaWisdom/services/bookmark_service.dart' ('lib/services/bookmark_service.dart').
  Try correcting the name to the name of an existing method, or defining a method named 'addVerseBookmark'.
          () => bookmarkService.addVerseBookmark(
                                ^^^^^^^^^^^^^^^^
  test/services/bookmark_service_test.dart:206:47: Error: The method 'getAllVerseBookmarks' isn't defined for the type 'BookmarkService'.
   - 'BookmarkService' is from 'package:GitaWisdom/services/bookmark_service.dart' ('lib/services/bookmark_service.dart').
  Try correcting the name to the name of an existing method, or defining a method named 'getAllVerseBookmarks'.
        final bookmarks = await bookmarkService.getAllVerseBookmarks();
                                                ^^^^^^^^^^^^^^^^^^^^
  test/services/bookmark_service_test.dart:230:47: Error: The method 'getAllVerseBookmarks' isn't defined for the type 'BookmarkService'.
   - 'BookmarkService' is from 'package:GitaWisdom/services/bookmark_service.dart' ('lib/services/bookmark_service.dart').
  Try correcting the name to the name of an existing method, or defining a method named 'getAllVerseBookmarks'.
        final bookmarks = await bookmarkService.getAllVerseBookmarks();
                                                ^^^^^^^^^^^^^^^^^^^^
  .

To run this test again: /Users/nishantgupta/Documents/Development/flutter/bin/cache/dart-sdk/bin/dart test /Users/nishantgupta/Documents/GitaGyan/OldWisdom/test/services/bookmark_service_test.dart -p vm --plain-name 'loading /Users/nishantgupta/Documents/GitaGyan/OldWisdom/test/services/bookmark_service_test.dart'
00:10 +162 -11: /Users/nishantgupta/Documents/GitaGyan/OldWisdom/test/screens/more_screen_test.dart: MoreScreen Widget Tests should render more screen with app bar                                    00:10 +163 -11: /Users/nishantgupta/Documents/GitaGyan/OldWisdom/test/screens/more_screen_test.dart: MoreScreen Widget Tests should render more screen with app bar                                    00:10 +163 -11: /Users/nishantgupta/Documents/GitaGyan/OldWisdom/test/services/intelligent_scenario_search_test.dart: IntelligentScenarioSearch Initialization service should be singleton             
📇 Building keyword index for 3 scenarios...
00:10 +164 -11: /Users/nishantgupta/Documents/GitaGyan/OldWisdom/test/screens/more_screen_test.dart: MoreScreen Widget Tests should render more screen with app bar                                    00:10 +164 -11: /Users/nishantgupta/Documents/GitaGyan/OldWisdom/test/services/intelligent_scenario_search_test.dart: IntelligentScenarioSearch Initialization service should be singleton             
✅ Keyword index built in 14ms
🧠 Initializing enhanced semantic search with AI-powered algorithms...
📚 Built vocabulary: 42 unique terms
✅ Enhanced semantic search initialized in 6ms
📊 Indexed 3 scenarios with 42 unique terms
00:10 +165 -11: /Users/nishantgupta/Documents/GitaGyan/OldWisdom/test/screens/more_screen_test.dart: MoreScreen Widget Tests should render more screen with app bar                                    00:10 +165 -11: /Users/nishantgupta/Documents/GitaGyan/OldWisdom/test/services/intelligent_scenario_search_test.dart: IntelligentScenarioSearch Initialization should start uninitialized              
📇 Scenario index already up-to-date (3 scenarios)
🧠 Enhanced semantic search already initialized (3 scenarios)
00:10 +166 -11: /Users/nishantgupta/Documents/GitaGyan/OldWisdom/test/screens/more_screen_test.dart: MoreScreen Widget Tests should render more screen with app bar                                    00:10 +167 -11: /Users/nishantgupta/Documents/GitaGyan/OldWisdom/test/screens/more_screen_test.dart: MoreScreen Widget Tests should render more screen with app bar                                    00:10 +167 -11: /Users/nishantgupta/Documents/GitaGyan/OldWisdom/test/services/intelligent_scenario_search_test.dart: IntelligentScenarioSearch Initialization should initialize successfully          
📇 Scenario index already up-to-date (3 scenarios)
🧠 Enhanced semantic search already initialized (3 scenarios)
🔍 Starting intelligent search initialization in background...
00:10 +168 -11: /Users/nishantgupta/Documents/GitaGyan/OldWisdom/test/screens/more_screen_test.dart: MoreScreen Widget Tests should render more screen with app bar                                    00:10 +168 -11: /Users/nishantgupta/Documents/GitaGyan/OldWisdom/test/services/intelligent_scenario_search_test.dart: IntelligentScenarioSearch Initialization should initialize successfully          
❌ Error fetching paginated scenarios for en: PostgrestException(message: , code: 400, details: , hint: null)
🔧 Using fallback method for scenarios (limit: 50, offset: 0)
❌ Fallback scenarios fetch failed: PostgrestException(message: , code: 400, details: , hint: null)
⚠️ No scenarios available for indexing
00:10 +168 -11: /Users/nishantgupta/Documents/GitaGyan/OldWisdom/test/services/intelligent_scenario_search_test.dart: IntelligentScenarioSearch Initialization should skip re-initialization if already initialized
📇 Scenario index already up-to-date (3 scenarios)
🧠 Enhanced semantic search already initialized (3 scenarios)
🔍 Starting intelligent search initialization in background...
🔍 Starting intelligent search initialization in background...
00:10 +169 -11: /Users/nishantgupta/Documents/GitaGyan/OldWisdom/test/screens/more_screen_test.dart: MoreScreen Widget Tests should render more screen with app bar                                    00:10 +169 -11: /Users/nishantgupta/Documents/GitaGyan/OldWisdom/test/services/intelligent_scenario_search_test.dart: IntelligentScenarioSearch Initialization should skip re-initialization if already initialized
❌ Error fetching paginated scenarios for en: PostgrestException(message: , code: 400, details: , hint: null)
🔧 Using fallback method for scenarios (limit: 50, offset: 0)
❌ Fallback scenarios fetch failed: PostgrestException(message: , code: 400, details: , hint: null)
⚠️ No scenarios available for indexing
⚠️ No scenarios available for indexing
00:10 +169 -11: /Users/nishantgupta/Documents/GitaGyan/OldWisdom/test/services/intelligent_scenario_search_test.dart: IntelligentScenarioSearch Initialization should initialize in background without blocking
📇 Scenario index already up-to-date (3 scenarios)
🧠 Enhanced semantic search already initialized (3 scenarios)
🔍 Starting intelligent search initialization in background...
00:10 +170 -11: /Users/nishantgupta/Documents/GitaGyan/OldWisdom/test/screens/more_screen_test.dart: MoreScreen Widget Tests should render more screen with app bar                                    00:10 +170 -11: /Users/nishantgupta/Documents/GitaGyan/OldWisdom/test/services/intelligent_scenario_search_test.dart: IntelligentScenarioSearch Initialization should initialize in background without blocking
❌ Error fetching paginated scenarios for en: PostgrestException(message: , code: 400, details: , hint: null)
🔧 Using fallback method for scenarios (limit: 50, offset: 0)
❌ Fallback scenarios fetch failed: PostgrestException(message: , code: 400, details: , hint: null)
⚠️ No scenarios available for indexing
00:10 +170 -11: /Users/nishantgupta/Documents/GitaGyan/OldWisdom/test/services/intelligent_scenario_search_test.dart: IntelligentScenarioSearch Search Functionality should return empty list for empty query
📇 Scenario index already up-to-date (3 scenarios)
🧠 Enhanced semantic search already initialized (3 scenarios)
⚠️ Intelligent search not initialized yet
🔍 Starting intelligent search initialization in background...
00:10 +171 -11: /Users/nishantgupta/Documents/GitaGyan/OldWisdom/test/screens/more_screen_test.dart: MoreScreen Widget Tests should render more screen with app bar                                    00:10 +171 -11: /Users/nishantgupta/Documents/GitaGyan/OldWisdom/test/services/intelligent_scenario_search_test.dart: IntelligentScenarioSearch Search Functionality should return empty list for empty query
❌ Error fetching paginated scenarios for en: PostgrestException(message: , code: 400, details: , hint: null)
🔧 Using fallback method for scenarios (limit: 50, offset: 0)
❌ Fallback scenarios fetch failed: PostgrestException(message: , code: 400, details: , hint: null)
⚠️ No scenarios available for indexing
00:10 +171 -11: /Users/nishantgupta/Documents/GitaGyan/OldWisdom/test/services/intelligent_scenario_search_test.dart: IntelligentScenarioSearch Search Functionality should return empty list for whitespace query
📇 Scenario index already up-to-date (3 scenarios)
🧠 Enhanced semantic search already initialized (3 scenarios)
⚠️ Intelligent search not initialized yet
🔍 Starting intelligent search initialization in background...
00:10 +172 -11: /Users/nishantgupta/Documents/GitaGyan/OldWisdom/test/screens/more_screen_test.dart: MoreScreen Widget Tests should render more screen with app bar                                    00:10 +172 -11: /Users/nishantgupta/Documents/GitaGyan/OldWisdom/test/services/intelligent_scenario_search_test.dart: IntelligentScenarioSearch Search Functionality should return empty list for whitespace query
❌ Error fetching paginated scenarios for en: PostgrestException(message: , code: 400, details: , hint: null)
🔧 Using fallback method for scenarios (limit: 50, offset: 0)
❌ Fallback scenarios fetch failed: PostgrestException(message: , code: 400, details: , hint: null)
⚠️ No scenarios available for indexing
00:10 +172 -11: /Users/nishantgupta/Documents/GitaGyan/OldWisdom/test/services/intelligent_scenario_search_test.dart: IntelligentScenarioSearch Search Functionality should trim whitespace from query 
📇 Scenario index already up-to-date (3 scenarios)
🧠 Enhanced semantic search already initialized (3 scenarios)
⚠️ Intelligent search not initialized yet
🔍 Starting intelligent search initialization in background...
🧠 Using AI semantic search...
🔍 Keyword search: "work" → 1/1 results in 2ms
❌ Error fetching paginated scenarios for en: PostgrestException(message: , code: 400, details: , hint: null)
🔧 Using fallback method for scenarios (limit: 50, offset: 0)
❌ Fallback scenarios fetch failed: PostgrestException(message: , code: 400, details: , hint: null)
⚠️ No scenarios available for indexing
🔍 Enhanced semantic search: "work" → 2/2 results in 12ms
00:10 +173 -11: /Users/nishantgupta/Documents/GitaGyan/OldWisdom/test/screens/more_screen_test.dart: MoreScreen Widget Tests should render more screen with app bar                                    00:10 +173 -11: /Users/nishantgupta/Documents/GitaGyan/OldWisdom/test/services/intelligent_scenario_search_test.dart: IntelligentScenarioSearch Search Functionality should trim whitespace from query 
✅ AI-powered hybrid search: 2 results in 22ms
⚠️ Intelligent search not initialized yet
🔍 Starting intelligent search initialization in background...
🧠 Using AI semantic search...
🔍 Keyword search: "  work  " → 1/1 results in 0ms
❌ Error fetching paginated scenarios for en: PostgrestException(message: , code: 400, details: , hint: null)
🔧 Using fallback method for scenarios (limit: 50, offset: 0)
❌ Fallback scenarios fetch failed: PostgrestException(message: , code: 400, details: , hint: null)
⚠️ No scenarios available for indexing
🔍 Enhanced semantic search: "  work  " → 2/2 results in 4ms
✅ AI-powered hybrid search: 2 results in 5ms
00:10 +174 -11: /Users/nishantgupta/Documents/GitaGyan/OldWisdom/test/screens/more_screen_test.dart: MoreScreen Widget Tests should render more screen with app bar                                    00:10 +174 -11: /Users/nishantgupta/Documents/GitaGyan/OldWisdom/test/services/intelligent_scenario_search_test.dart: IntelligentScenarioSearch Search Functionality should return IntelligentSearchResult objects
📇 Scenario index already up-to-date (3 scenarios)
🧠 Enhanced semantic search already initialized (3 scenarios)
🔍 Starting intelligent search initialization in background...
⚠️ Intelligent search not initialized yet
🔍 Starting intelligent search initialization in background...
🧠 Using AI semantic search...
🔍 Keyword search: "work" → 1/1 results in 0ms
❌ Error fetching paginated scenarios for en: PostgrestException(message: , code: 400, details: , hint: null)
🔧 Using fallback method for scenarios (limit: 50, offset: 0)
❌ Fallback scenarios fetch failed: PostgrestException(message: , code: 400, details: , hint: null)
⚠️ No scenarios available for indexing
⚠️ No scenarios available for indexing
🔍 Enhanced semantic search: "work" → 2/2 results in 4ms
✅ AI-powered hybrid search: 2 results in 6ms
00:10 +175 -11: /Users/nishantgupta/Documents/GitaGyan/OldWisdom/test/screens/more_screen_test.dart: MoreScreen Widget Tests should render more screen with app bar                                    00:10 +175 -11: /Users/nishantgupta/Documents/GitaGyan/OldWisdom/test/services/intelligent_scenario_search_test.dart: IntelligentScenarioSearch Search Functionality should respect maxResults parameter
📇 Scenario index already up-to-date (3 scenarios)
🧠 Enhanced semantic search already initialized (3 scenarios)
🔍 Starting intelligent search initialization in background...
⚠️ Intelligent search not initialized yet
🔍 Starting intelligent search initialization in background...
🧠 Using AI semantic search...
🔍 Keyword search: "work" → 1/1 results in 0ms
❌ Error fetching paginated scenarios for en: PostgrestException(message: , code: 400, details: , hint: null)
🔧 Using fallback method for scenarios (limit: 50, offset: 0)
❌ Fallback scenarios fetch failed: PostgrestException(message: , code: 400, details: , hint: null)
⚠️ No scenarios available for indexing
⚠️ No scenarios available for indexing
🔍 Enhanced semantic search: "work" → 1/2 results in 6ms
✅ AI-powered hybrid search: 1 results in 8ms
00:10 +176 -11: /Users/nishantgupta/Documents/GitaGyan/OldWisdom/test/screens/more_screen_test.dart: MoreScreen Widget Tests should render more screen with app bar                                    00:10 +176 -11: /Users/nishantgupta/Documents/GitaGyan/OldWisdom/test/services/intelligent_scenario_search_test.dart: IntelligentScenarioSearch Search Functionality should handle search before initialization
📇 Scenario index already up-to-date (3 scenarios)
🧠 Enhanced semantic search already initialized (3 scenarios)
⚠️ Intelligent search not initialized yet
🔍 Starting intelligent search initialization in background...
🧠 Using AI semantic search...
🔍 Keyword search: "work" → 1/1 results in 0ms
❌ Error fetching paginated scenarios for en: PostgrestException(message: , code: 400, details: , hint: null)
🔧 Using fallback method for scenarios (limit: 50, offset: 0)
❌ Fallback scenarios fetch failed: PostgrestException(message: , code: 400, details: , hint: null)
⚠️ No scenarios available for indexing
🔍 Enhanced semantic search: "work" → 2/2 results in 3ms
✅ AI-powered hybrid search: 2 results in 5ms
00:10 +177 -11: /Users/nishantgupta/Documents/GitaGyan/OldWisdom/test/screens/more_screen_test.dart: MoreScreen Widget Tests should render more screen with app bar                                    00:10 +177 -11: /Users/nishantgupta/Documents/GitaGyan/OldWisdom/test/services/intelligent_scenario_search_test.dart: IntelligentScenarioSearch Hybrid Search Integration should combine keyword and semantic results
📇 Scenario index already up-to-date (3 scenarios)
🧠 Enhanced semantic search already initialized (3 scenarios)
🔍 Starting intelligent search initialization in background...
⚠️ Intelligent search not initialized yet
🔍 Starting intelligent search initialization in background...
🧠 Using AI semantic search...
🔍 Keyword search: "work stress" → 1/1 results in 0ms
❌ Error fetching paginated scenarios for en: PostgrestException(message: , code: 400, details: , hint: null)
🔧 Using fallback method for scenarios (limit: 50, offset: 0)
❌ Fallback scenarios fetch failed: PostgrestException(message: , code: 400, details: , hint: null)
⚠️ No scenarios available for indexing
⚠️ No scenarios available for indexing
🔍 Enhanced semantic search: "work stress" → 2/2 results in 4ms
✅ AI-powered hybrid search: 2 results in 5ms
00:10 +178 -11: /Users/nishantgupta/Documents/GitaGyan/OldWisdom/test/screens/more_screen_test.dart: MoreScreen Widget Tests should render more screen with app bar                                    00:10 +178 -11: /Users/nishantgupta/Documents/GitaGyan/OldWisdom/test/services/share_card_service_test.dart: ShareCardService - Sharing Functions shareVerseCard should not throw errors               
❌ Error sharing verse card: MissingPluginException(No implementation found for method getTemporaryDirectory on channel plugins.flutter.io/path_provider)
00:10 +178 -11: /Users/nishantgupta/Documents/GitaGyan/OldWisdom/test/services/intelligent_scenario_search_test.dart: IntelligentScenarioSearch Hybrid Search Integration should indicate search type in results
📇 Scenario index already up-to-date (3 scenarios)
🧠 Enhanced semantic search already initialized (3 scenarios)
🔍 Starting intelligent search initialization in background...
⚠️ Intelligent search not initialized yet
🔍 Starting intelligent search initialization in background...
🧠 Using AI semantic search...
🔍 Keyword search: "work" → 1/1 results in 0ms
❌ Error fetching paginated scenarios for en: PostgrestException(message: , code: 400, details: , hint: null)
🔧 Using fallback method for scenarios (limit: 50, offset: 0)
00:10 +178 -11: /Users/nishantgupta/Documents/GitaGyan/OldWisdom/test/screens/more_screen_test.dart: MoreScreen Widget Tests should render more screen with app bar                                    00:10 +178 -11: /Users/nishantgupta/Documents/GitaGyan/OldWisdom/test/services/intelligent_scenario_search_test.dart: IntelligentScenarioSearch Hybrid Search Integration should indicate search type in results
❌ Fallback scenarios fetch failed: PostgrestException(message: , code: 400, details: , hint: null)
⚠️ No scenarios available for indexing
⚠️ No scenarios available for indexing
🔍 Enhanced semantic search: "work" → 2/2 results in 6ms
✅ AI-powered hybrid search: 2 results in 8ms
00:10 +179 -11: /Users/nishantgupta/Documents/GitaGyan/OldWisdom/test/screens/more_screen_test.dart: MoreScreen Widget Tests should render more screen with app bar                                    00:10 +179 -11: /Users/nishantgupta/Documents/GitaGyan/OldWisdom/test/services/intelligent_scenario_search_test.dart: IntelligentScenarioSearch Hybrid Search Integration should prioritize semantic search when available
📇 Scenario index already up-to-date (3 scenarios)
🧠 Enhanced semantic search already initialized (3 scenarios)
🔍 Starting intelligent search initialization in background...
⚠️ Intelligent search not initialized yet
🔍 Starting intelligent search initialization in background...
🧠 Using AI semantic search...
🔍 Keyword search: "work stress anxiety" → 1/1 results in 0ms
❌ Error fetching paginated scenarios for en: PostgrestException(message: , code: 400, details: , hint: null)
🔧 Using fallback method for scenarios (limit: 50, offset: 0)
❌ Fallback scenarios fetch failed: PostgrestException(message: , code: 400, details: , hint: null)
⚠️ No scenarios available for indexing
⚠️ No scenarios available for indexing
🔍 Enhanced semantic search: "work stress anxiety" → 2/2 results in 5ms
✅ AI-powered hybrid search: 2 results in 7ms
00:10 +180 -11: /Users/nishantgupta/Documents/GitaGyan/OldWisdom/test/screens/more_screen_test.dart: MoreScreen Widget Tests should render more screen with app bar                                    00:10 +180 -11: /Users/nishantgupta/Documents/GitaGyan/OldWisdom/test/services/intelligent_scenario_search_test.dart: IntelligentScenarioSearch Hybrid Search Integration should fallback to keyword search when semantic unavailable
📇 Scenario index already up-to-date (3 scenarios)
🧠 Enhanced semantic search already initialized (3 scenarios)
🔍 Starting intelligent search initialization in background...
⚠️ Intelligent search not initialized yet
🔍 Starting intelligent search initialization in background...
🧠 Using AI semantic search...
🔍 Keyword search: "work" → 1/1 results in 0ms
❌ Error fetching paginated scenarios for en: PostgrestException(message: , code: 400, details: , hint: null)
🔧 Using fallback method for scenarios (limit: 50, offset: 0)
❌ Fallback scenarios fetch failed: PostgrestException(message: , code: 400, details: , hint: null)
⚠️ No scenarios available for indexing
⚠️ No scenarios available for indexing
🔍 Enhanced semantic search: "work" → 2/2 results in 4ms
✅ AI-powered hybrid search: 2 results in 5ms
00:10 +181 -11: /Users/nishantgupta/Documents/GitaGyan/OldWisdom/test/screens/more_screen_test.dart: MoreScreen Widget Tests should render more screen with app bar                                    00:10 +181 -11: /Users/nishantgupta/Documents/GitaGyan/OldWisdom/test/services/intelligent_scenario_search_test.dart: IntelligentScenarioSearch Result Ranking should return sorted results by score   
📇 Scenario index already up-to-date (3 scenarios)
🧠 Enhanced semantic search already initialized (3 scenarios)
🔍 Starting intelligent search initialization in background...
⚠️ Intelligent search not initialized yet
🔍 Starting intelligent search initialization in background...
🧠 Using AI semantic search...
🔍 Keyword search: "work stress career" → 2/2 results in 0ms
❌ Error fetching paginated scenarios for en: PostgrestException(message: , code: 400, details: , hint: null)
🔧 Using fallback method for scenarios (limit: 50, offset: 0)
❌ Fallback scenarios fetch failed: PostgrestException(message: , code: 400, details: , hint: null)
⚠️ No scenarios available for indexing
⚠️ No scenarios available for indexing
🔍 Enhanced semantic search: "work stress career" → 2/2 results in 4ms
✅ AI-powered hybrid search: 2 results in 5ms
00:10 +182 -11: /Users/nishantgupta/Documents/GitaGyan/OldWisdom/test/screens/more_screen_test.dart: MoreScreen Widget Tests should render more screen with app bar                                    00:10 +182 -11: /Users/nishantgupta/Documents/GitaGyan/OldWisdom/test/services/intelligent_scenario_search_test.dart: IntelligentScenarioSearch Result Ranking should boost hybrid matches over single-engine matches
📇 Scenario index already up-to-date (3 scenarios)
🧠 Enhanced semantic search already initialized (3 scenarios)
🔍 Starting intelligent search initialization in background...
⚠️ Intelligent search not initialized yet
🔍 Starting intelligent search initialization in background...
🧠 Using AI semantic search...
🔍 Keyword search: "work stress" → 1/1 results in 0ms
❌ Error fetching paginated scenarios for en: PostgrestException(message: , code: 400, details: , hint: null)
🔧 Using fallback method for scenarios (limit: 50, offset: 0)
❌ Fallback scenarios fetch failed: PostgrestException(message: , code: 400, details: , hint: null)
⚠️ No scenarios available for indexing
⚠️ No scenarios available for indexing
🔍 Enhanced semantic search: "work stress" → 2/2 results in 4ms
✅ AI-powered hybrid search: 2 results in 5ms
00:10 +183 -11: /Users/nishantgupta/Documents/GitaGyan/OldWisdom/test/screens/more_screen_test.dart: MoreScreen Widget Tests should render more screen with app bar                                    00:10 +183 -11: /Users/nishantgupta/Documents/GitaGyan/OldWisdom/test/services/intelligent_scenario_search_test.dart: IntelligentScenarioSearch Result Ranking should include matched terms when available
📇 Scenario index already up-to-date (3 scenarios)
🧠 Enhanced semantic search already initialized (3 scenarios)
🔍 Starting intelligent search initialization in background...
⚠️ Intelligent search not initialized yet
🔍 Starting intelligent search initialization in background...
🧠 Using AI semantic search...
🔍 Keyword search: "work stress" → 1/1 results in 0ms
❌ Error fetching paginated scenarios for en: PostgrestException(message: , code: 400, details: , hint: null)
🔧 Using fallback method for scenarios (limit: 50, offset: 0)
❌ Fallback scenarios fetch failed: PostgrestException(message: , code: 400, details: , hint: null)
⚠️ No scenarios available for indexing
⚠️ No scenarios available for indexing
🔍 Enhanced semantic search: "work stress" → 2/2 results in 4ms
✅ AI-powered hybrid search: 2 results in 5ms
00:10 +184 -11: /Users/nishantgupta/Documents/GitaGyan/OldWisdom/test/screens/more_screen_test.dart: MoreScreen Widget Tests should render more screen with app bar                                    00:10 +184 -11: /Users/nishantgupta/Documents/GitaGyan/OldWisdom/test/services/intelligent_scenario_search_test.dart: IntelligentScenarioSearch Broader Search Fallback should attempt broader search for no results
📇 Scenario index already up-to-date (3 scenarios)
🧠 Enhanced semantic search already initialized (3 scenarios)
🔍 Starting intelligent search initialization in background...
⚠️ Intelligent search not initialized yet
🔍 Starting intelligent search initialization in background...
🧠 Using AI semantic search...
🔍 Keyword search: "xyz123nonexistent" → 0/0 results in 0ms
❌ Error fetching paginated scenarios for en: PostgrestException(message: , code: 400, details: , hint: null)
🔧 Using fallback method for scenarios (limit: 50, offset: 0)
❌ Fallback scenarios fetch failed: PostgrestException(message: , code: 400, details: , hint: null)
⚠️ No scenarios available for indexing
⚠️ No scenarios available for indexing
🔍 Enhanced semantic search: "xyz123nonexistent" → 0/0 results in 3ms
⚠️ AI search returned no results, using keyword fallback
✅ Keyword fallback: 0 results in 5ms
00:10 +185 -11: /Users/nishantgupta/Documents/GitaGyan/OldWisdom/test/screens/more_screen_test.dart: MoreScreen Widget Tests should render more screen with app bar                                    00:10 +185 -11: /Users/nishantgupta/Documents/GitaGyan/OldWisdom/test/services/intelligent_scenario_search_test.dart: IntelligentScenarioSearch Broader Search Fallback should match by category in broader search
📇 Scenario index already up-to-date (3 scenarios)
🧠 Enhanced semantic search already initialized (3 scenarios)
🔍 Starting intelligent search initialization in background...
⚠️ Intelligent search not initialized yet
🔍 Starting intelligent search initialization in background...
🧠 Using AI semantic search...
🔍 Keyword search: "Family" → 1/1 results in 0ms
❌ Error fetching paginated scenarios for en: PostgrestException(message: , code: 400, details: , hint: null)
🔧 Using fallback method for scenarios (limit: 50, offset: 0)
❌ Fallback scenarios fetch failed: PostgrestException(message: , code: 400, details: , hint: null)
⚠️ No scenarios available for indexing
⚠️ No scenarios available for indexing
🔍 Enhanced semantic search: "Family" → 1/1 results in 3ms
✅ AI-powered hybrid search: 1 results in 4ms
00:10 +186 -11: /Users/nishantgupta/Documents/GitaGyan/OldWisdom/test/screens/more_screen_test.dart: MoreScreen Widget Tests should render more screen with app bar                                    00:10 +186 -11: /Users/nishantgupta/Documents/GitaGyan/OldWisdom/test/services/intelligent_scenario_search_test.dart: IntelligentScenarioSearch Broader Search Fallback should match by title in broader search
📇 Scenario index already up-to-date (3 scenarios)
🧠 Enhanced semantic search already initialized (3 scenarios)
🔍 Starting intelligent search initialization in background...
⚠️ Intelligent search not initialized yet
🔍 Starting intelligent search initialization in background...
🧠 Using AI semantic search...
🔍 Keyword search: "Career" → 1/1 results in 0ms
❌ Error fetching paginated scenarios for en: PostgrestException(message: , code: 400, details: , hint: null)
🔧 Using fallback method for scenarios (limit: 50, offset: 0)
❌ Fallback scenarios fetch failed: PostgrestException(message: , code: 400, details: , hint: null)
⚠️ No scenarios available for indexing
⚠️ No scenarios available for indexing
🔍 Enhanced semantic search: "Career" → 2/2 results in 5ms
✅ AI-powered hybrid search: 2 results in 6ms
00:10 +187 -11: /Users/nishantgupta/Documents/GitaGyan/OldWisdom/test/screens/more_screen_test.dart: MoreScreen Widget Tests should render more screen with app bar                                    00:10 +187 -11: /Users/nishantgupta/Documents/GitaGyan/OldWisdom/test/services/intelligent_scenario_search_test.dart: IntelligentScenarioSearch Broader Search Fallback should use fuzzy search type for broader matches
📇 Scenario index already up-to-date (3 scenarios)
🧠 Enhanced semantic search already initialized (3 scenarios)
00:10 +187 -11: /Users/nishantgupta/Documents/GitaGyan/OldWisdom/test/screens/more_screen_test.dart: MoreScreen Widget Tests should render more screen with app bar                                    00:10 +187 -11: /Users/nishantgupta/Documents/GitaGyan/OldWisdom/test/services/intelligent_scenario_search_test.dart: IntelligentScenarioSearch Broader Search Fallback should use fuzzy search type for broader matches
🔍 Starting intelligent search initialization in background...
⚠️ Intelligent search not initialized yet
🔍 Starting intelligent search initialization in background...
🧠 Using AI semantic search...
🔍 Keyword search: "dharma" → 1/1 results in 0ms
❌ Error fetching paginated scenarios for en: PostgrestException(message: , code: 400, details: , hint: null)
🔧 Using fallback method for scenarios (limit: 50, offset: 0)
❌ Fallback scenarios fetch failed: PostgrestException(message: , code: 400, details: , hint: null)
⚠️ No scenarios available for indexing
⚠️ No scenarios available for indexing
🔍 Enhanced semantic search: "dharma" → 2/2 results in 4ms
✅ AI-powered hybrid search: 2 results in 5ms
00:10 +188 -11: /Users/nishantgupta/Documents/GitaGyan/OldWisdom/test/screens/more_screen_test.dart: MoreScreen Widget Tests should render more screen with app bar                                    00:10 +188 -11: /Users/nishantgupta/Documents/GitaGyan/OldWisdom/test/services/intelligent_scenario_search_test.dart: IntelligentScenarioSearch IntelligentSearchResult Model should create result with scenario
📇 Scenario index already up-to-date (3 scenarios)
🧠 Enhanced semantic search already initialized (3 scenarios)
🔍 Starting intelligent search initialization in background...
⚠️ Intelligent search not initialized yet
🔍 Starting intelligent search initialization in background...
🧠 Using AI semantic search...
00:10 +189 -11: /Users/nishantgupta/Documents/GitaGyan/OldWisdom/test/screens/more_screen_test.dart: MoreScreen Widget Tests should render more screen with app bar                                    00:10 +189 -11: /Users/nishantgupta/Documents/GitaGyan/OldWisdom/test/services/intelligent_scenario_search_test.dart: IntelligentScenarioSearch IntelligentSearchResult Model should create result with scenario
🔍 Keyword search: "work" → 1/1 results in 0ms
❌ Error fetching paginated scenarios for en: PostgrestException(message: , code: 400, details: , hint: null)
🔧 Using fallback method for scenarios (limit: 50, offset: 0)
❌ Fallback scenarios fetch failed: PostgrestException(message: , code: 400, details: , hint: null)
⚠️ No scenarios available for indexing
⚠️ No scenarios available for indexing
00:10 +190 -11: /Users/nishantgupta/Documents/GitaGyan/OldWisdom/test/screens/more_screen_test.dart: MoreScreen Widget Tests should render more screen with app bar                                    00:10 +190 -11: /Users/nishantgupta/Documents/GitaGyan/OldWisdom/test/services/intelligent_scenario_search_test.dart: IntelligentScenarioSearch IntelligentSearchResult Model should create result with scenario
🔍 Enhanced semantic search: "work" → 2/2 results in 4ms
✅ AI-powered hybrid search: 2 results in 5ms
00:10 +191 -11: /Users/nishantgupta/Documents/GitaGyan/OldWisdom/test/screens/more_screen_test.dart: MoreScreen Widget Tests should render more screen with app bar                                    00:10 +191 -11: /Users/nishantgupta/Documents/GitaGyan/OldWisdom/test/services/share_card_service_test.dart: ShareCardService - Sharing Functions shareScenarioCard should not throw errors            
❌ Error sharing scenario card: MissingPluginException(No implementation found for method getTemporaryDirectory on channel plugins.flutter.io/path_provider)
00:10 +191 -11: /Users/nishantgupta/Documents/GitaGyan/OldWisdom/test/services/share_card_service_test.dart: ShareCardService - Sharing Functions shareVerseCard should return boolean                 
❌ Error sharing verse card: MissingPluginException(No implementation found for method getTemporaryDirectory on channel plugins.flutter.io/path_provider)
00:10 +192 -11: /Users/nishantgupta/Documents/GitaGyan/OldWisdom/test/screens/more_screen_test.dart: MoreScreen Widget Tests should render more screen with app bar                                    00:10 +192 -11: /Users/nishantgupta/Documents/GitaGyan/OldWisdom/test/services/intelligent_scenario_search_test.dart: IntelligentScenarioSearch IntelligentSearchResult Model should include score     
📇 Scenario index already up-to-date (3 scenarios)
🧠 Enhanced semantic search already initialized (3 scenarios)
🔍 Starting intelligent search initialization in background...
00:10 +192 -11: /Users/nishantgupta/Documents/GitaGyan/OldWisdom/test/services/enhanced_semantic_search_service_test.dart: EnhancedSemanticSearchService Initialization should initialize successfully with scenarios
🧠 Initializing enhanced semantic search with AI-powered algorithms...
00:10 +192 -11: /Users/nishantgupta/Documents/GitaGyan/OldWisdom/test/services/intelligent_scenario_search_test.dart: IntelligentScenarioSearch IntelligentSearchResult Model should include score     
⚠️ Intelligent search not initialized yet
🔍 Starting intelligent search initialization in background...
🧠 Using AI semantic search...
🔍 Keyword search: "work" → 1/1 results in 0ms
❌ Error fetching paginated scenarios for en: PostgrestException(message: , code: 400, details: , hint: null)
🔧 Using fallback method for scenarios (limit: 50, offset: 0)
❌ Fallback scenarios fetch failed: PostgrestException(message: , code: 400, details: , hint: null)
⚠️ No scenarios available for indexing
⚠️ No scenarios available for indexing
🔍 Enhanced semantic search: "work" → 2/2 results in 4ms
✅ AI-powered hybrid search: 2 results in 6ms
00:10 +193 -11: /Users/nishantgupta/Documents/GitaGyan/OldWisdom/test/screens/more_screen_test.dart: MoreScreen Widget Tests should render more screen with app bar                                    00:10 +193 -11: /Users/nishantgupta/Documents/GitaGyan/OldWisdom/test/services/intelligent_scenario_search_test.dart: IntelligentScenarioSearch IntelligentSearchResult Model should include search type
📇 Scenario index already up-to-date (3 scenarios)
🧠 Enhanced semantic search already initialized (3 scenarios)
🔍 Starting intelligent search initialization in background...
00:10 +193 -11: /Users/nishantgupta/Documents/GitaGyan/OldWisdom/test/services/enhanced_semantic_search_service_test.dart: EnhancedSemanticSearchService Initialization should initialize successfully with scenarios
📚 Built vocabulary: 108 unique terms
00:10 +193 -11: /Users/nishantgupta/Documents/GitaGyan/OldWisdom/test/services/intelligent_scenario_search_test.dart: IntelligentScenarioSearch IntelligentSearchResult Model should include search type
⚠️ Intelligent search not initialized yet
🔍 Starting intelligent search initialization in background...
🧠 Using AI semantic search...
🔍 Keyword search: "work" → 1/1 results in 0ms
❌ Error fetching paginated scenarios for en: PostgrestException(message: , code: 400, details: , hint: null)
🔧 Using fallback method for scenarios (limit: 50, offset: 0)
❌ Fallback scenarios fetch failed: PostgrestException(message: , code: 400, details: , hint: null)
⚠️ No scenarios available for indexing
⚠️ No scenarios available for indexing
🔍 Enhanced semantic search: "work" → 2/2 results in 4ms
✅ AI-powered hybrid search: 2 results in 5ms
00:10 +194 -11: /Users/nishantgupta/Documents/GitaGyan/OldWisdom/test/screens/more_screen_test.dart: MoreScreen Widget Tests should render more screen with app bar                                    00:10 +194 -11: /Users/nishantgupta/Documents/GitaGyan/OldWisdom/test/services/enhanced_semantic_search_service_test.dart: EnhancedSemanticSearchService Initialization should initialize successfully with scenarios
✅ Enhanced semantic search initialized in 23ms
📊 Indexed 5 scenarios with 108 unique terms
00:10 +194 -11: /Users/nishantgupta/Documents/GitaGyan/OldWisdom/test/services/intelligent_scenario_search_test.dart: IntelligentScenarioSearch IntelligentSearchResult Model should optionally include matched terms
📇 Scenario index already up-to-date (3 scenarios)
🧠 Enhanced semantic search already initialized (3 scenarios)
00:10 +195 -11: /Users/nishantgupta/Documents/GitaGyan/OldWisdom/test/screens/more_screen_test.dart: MoreScreen Widget Tests should render more screen with app bar                                    00:10 +195 -11: /Users/nishantgupta/Documents/GitaGyan/OldWisdom/test/services/intelligent_scenario_search_test.dart: IntelligentScenarioSearch IntelligentSearchResult Model should optionally include matched terms
🔍 Starting intelligent search initialization in background...
⚠️ Intelligent search not initialized yet
🔍 Starting intelligent search initialization in background...
🧠 Using AI semantic search...
🔍 Keyword search: "work stress" → 1/1 results in 0ms
00:10 +195 -11: /Users/nishantgupta/Documents/GitaGyan/OldWisdom/test/services/enhanced_semantic_search_service_test.dart: EnhancedSemanticSearchService Initialization should skip re-initialization with same count
🧠 Enhanced semantic search already initialized (5 scenarios)
00:10 +195 -11: /Users/nishantgupta/Documents/GitaGyan/OldWisdom/test/services/intelligent_scenario_search_test.dart: IntelligentScenarioSearch IntelligentSearchResult Model should optionally include matched terms
❌ Error fetching paginated scenarios for en: PostgrestException(message: , code: 400, details: , hint: null)
00:10 +195 -11: /Users/nishantgupta/Documents/GitaGyan/OldWisdom/test/services/enhanced_semantic_search_service_test.dart: EnhancedSemanticSearchService Initialization should skip re-initialization with same count
🧠 Enhanced semantic search already initialized (5 scenarios)
00:10 +195 -11: /Users/nishantgupta/Documents/GitaGyan/OldWisdom/test/services/intelligent_scenario_search_test.dart: IntelligentScenarioSearch IntelligentSearchResult Model should optionally include matched terms
🔧 Using fallback method for scenarios (limit: 50, offset: 0)
00:10 +196 -11: /Users/nishantgupta/Documents/GitaGyan/OldWisdom/test/screens/more_screen_test.dart: MoreScreen Widget Tests should render more screen with app bar                                    00:10 +196 -11: /Users/nishantgupta/Documents/GitaGyan/OldWisdom/test/services/intelligent_scenario_search_test.dart: IntelligentScenarioSearch IntelligentSearchResult Model should optionally include matched terms
❌ Fallback scenarios fetch failed: PostgrestException(message: , code: 400, details: , hint: null)
⚠️ No scenarios available for indexing
⚠️ No scenarios available for indexing
🔍 Enhanced semantic search: "work stress" → 2/2 results in 3ms
✅ AI-powered hybrid search: 2 results in 4ms
00:10 +197 -11: /Users/nishantgupta/Documents/GitaGyan/OldWisdom/test/screens/more_screen_test.dart: MoreScreen Widget Tests should render more screen with app bar                                    00:10 +197 -11: /Users/nishantgupta/Documents/GitaGyan/OldWisdom/test/services/enhanced_semantic_search_service_test.dart: EnhancedSemanticSearchService Initialization should handle empty scenario list
🧠 Initializing enhanced semantic search with AI-powered algorithms...
📚 Built vocabulary: 0 unique terms
✅ Enhanced semantic search initialized in 0ms
📊 Indexed 0 scenarios with 0 unique terms
00:10 +198 -11: /Users/nishantgupta/Documents/GitaGyan/OldWisdom/test/screens/more_screen_test.dart: MoreScreen Widget Tests should render more screen with app bar                                    00:10 +198 -11: /Users/nishantgupta/Documents/GitaGyan/OldWisdom/test/services/intelligent_scenario_search_test.dart: IntelligentScenarioSearch Edge Cases should handle very short query              
📇 Scenario index already up-to-date (3 scenarios)
🧠 Enhanced semantic search already initialized (3 scenarios)
⚠️ Intelligent search not initialized yet
🔍 Starting intelligent search initialization in background...
🧠 Using AI semantic search...
00:10 +198 -11: /Users/nishantgupta/Documents/GitaGyan/OldWisdom/test/services/enhanced_semantic_search_service_test.dart: EnhancedSemanticSearchService Initialization should build vocabulary during initialization
🧠 Initializing enhanced semantic search with AI-powered algorithms...
00:10 +198 -11: /Users/nishantgupta/Documents/GitaGyan/OldWisdom/test/services/intelligent_scenario_search_test.dart: IntelligentScenarioSearch Edge Cases should handle very short query              
❌ Error fetching paginated scenarios for en: PostgrestException(message: , code: 400, details: , hint: null)
🔧 Using fallback method for scenarios (limit: 50, offset: 0)
00:10 +198 -11: /Users/nishantgupta/Documents/GitaGyan/OldWisdom/test/services/enhanced_semantic_search_service_test.dart: EnhancedSemanticSearchService Initialization should build vocabulary during initialization
📚 Built vocabulary: 108 unique terms
00:10 +198 -11: /Users/nishantgupta/Documents/GitaGyan/OldWisdom/test/services/intelligent_scenario_search_test.dart: IntelligentScenarioSearch Edge Cases should handle very short query              
❌ Fallback scenarios fetch failed: PostgrestException(message: , code: 400, details: , hint: null)
⚠️ No scenarios available for indexing
🔍 Enhanced semantic search: "ab" → 0/0 results in 3ms
⚠️ AI search returned no results, using keyword fallback
✅ Keyword fallback: 0 results in 4ms
00:10 +199 -11: /Users/nishantgupta/Documents/GitaGyan/OldWisdom/test/screens/more_screen_test.dart: MoreScreen Widget Tests should render more screen with app bar                                    00:10 +199 -11: /Users/nishantgupta/Documents/GitaGyan/OldWisdom/test/services/enhanced_semantic_search_service_test.dart: EnhancedSemanticSearchService Initialization should build vocabulary during initialization
✅ Enhanced semantic search initialized in 5ms
📊 Indexed 5 scenarios with 108 unique terms
00:10 +199 -11: /Users/nishantgupta/Documents/GitaGyan/OldWisdom/test/services/intelligent_scenario_search_test.dart: IntelligentScenarioSearch Edge Cases should handle single character query        
📇 Scenario index already up-to-date (3 scenarios)
00:10 +200 -11: /Users/nishantgupta/Documents/GitaGyan/OldWisdom/test/screens/more_screen_test.dart: MoreScreen Widget Tests should render more screen with app bar                                    00:10 +200 -11: /Users/nishantgupta/Documents/GitaGyan/OldWisdom/test/services/intelligent_scenario_search_test.dart: IntelligentScenarioSearch Edge Cases should handle single character query        
🧠 Enhanced semantic search already initialized (3 scenarios)
⚠️ Intelligent search not initialized yet
🔍 Starting intelligent search initialization in background...
🧠 Using AI semantic search...
❌ Error fetching paginated scenarios for en: PostgrestException(message: , code: 400, details: , hint: null)
🔧 Using fallback method for scenarios (limit: 50, offset: 0)
00:10 +200 -11: /Users/nishantgupta/Documents/GitaGyan/OldWisdom/test/services/enhanced_semantic_search_service_test.dart: EnhancedSemanticSearchService Concept Mappings should recognize stress-related concepts
🧠 Enhanced semantic search already initialized (5 scenarios)
00:10 +200 -11: /Users/nishantgupta/Documents/GitaGyan/OldWisdom/test/services/intelligent_scenario_search_test.dart: IntelligentScenarioSearch Edge Cases should handle single character query        
❌ Fallback scenarios fetch failed: PostgrestException(message: , code: 400, details: , hint: null)
⚠️ No scenarios available for indexing
🔍 Enhanced semantic search: "a" → 0/0 results in 2ms
⚠️ AI search returned no results, using keyword fallback
✅ Keyword fallback: 0 results in 3ms
00:10 +201 -11: /Users/nishantgupta/Documents/GitaGyan/OldWisdom/test/screens/more_screen_test.dart: MoreScreen Widget Tests should render more screen with app bar                                    00:10 +201 -11: /Users/nishantgupta/Documents/GitaGyan/OldWisdom/test/services/intelligent_scenario_search_test.dart: IntelligentScenarioSearch Edge Cases should handle numeric query                 
📇 Scenario index already up-to-date (3 scenarios)
🧠 Enhanced semantic search already initialized (3 scenarios)
⚠️ Intelligent search not initialized yet
🔍 Starting intelligent search initialization in background...
🧠 Using AI semantic search...
🔍 Keyword search: "123" → 0/0 results in 0ms
❌ Error fetching paginated scenarios for en: PostgrestException(message: , code: 400, details: , hint: null)
🔧 Using fallback method for scenarios (limit: 50, offset: 0)
❌ Fallback scenarios fetch failed: PostgrestException(message: , code: 400, details: , hint: null)
⚠️ No scenarios available for indexing
🔍 Enhanced semantic search: "123" → 0/0 results in 3ms
⚠️ AI search returned no results, using keyword fallback
✅ Keyword fallback: 0 results in 5ms
00:10 +202 -11: /Users/nishantgupta/Documents/GitaGyan/OldWisdom/test/screens/more_screen_test.dart: MoreScreen Widget Tests should render more screen with app bar                                    00:10 +202 -11: /Users/nishantgupta/Documents/GitaGyan/OldWisdom/test/services/intelligent_scenario_search_test.dart: IntelligentScenarioSearch Edge Cases should handle special characters            
📇 Scenario index already up-to-date (3 scenarios)
🧠 Enhanced semantic search already initialized (3 scenarios)
00:10 +202 -11: /Users/nishantgupta/Documents/GitaGyan/OldWisdom/test/services/enhanced_semantic_search_service_test.dart: EnhancedSemanticSearchService Concept Mappings should recognize stress-related concepts
🔍 Enhanced semantic search: "anxiety" → 3/3 results in 15ms
00:10 +202 -11: /Users/nishantgupta/Documents/GitaGyan/OldWisdom/test/services/intelligent_scenario_search_test.dart: IntelligentScenarioSearch Edge Cases should handle special characters            
⚠️ Intelligent search not initialized yet
🔍 Starting intelligent search initialization in background...
🧠 Using AI semantic search...
00:10 +203 -11: /Users/nishantgupta/Documents/GitaGyan/OldWisdom/test/screens/more_screen_test.dart: MoreScreen Widget Tests should render more screen with app bar                                    00:10 +203 -11: /Users/nishantgupta/Documents/GitaGyan/OldWisdom/test/services/intelligent_scenario_search_test.dart: IntelligentScenarioSearch Edge Cases should handle special characters            
🔍 Keyword search: "work! stress?" → 1/1 results in 0ms
❌ Error fetching paginated scenarios for en: PostgrestException(message: , code: 400, details: , hint: null)
🔧 Using fallback method for scenarios (limit: 50, offset: 0)
❌ Fallback scenarios fetch failed: PostgrestException(message: , code: 400, details: , hint: null)
00:10 +203 -11: /Users/nishantgupta/Documents/GitaGyan/OldWisdom/test/services/enhanced_semantic_search_service_test.dart: EnhancedSemanticSearchService Concept Mappings should map work to career concepts
🧠 Enhanced semantic search already initialized (5 scenarios)
00:10 +203 -11: /Users/nishantgupta/Documents/GitaGyan/OldWisdom/test/services/intelligent_scenario_search_test.dart: IntelligentScenarioSearch Edge Cases should handle special characters            
⚠️ No scenarios available for indexing
🔍 Enhanced semantic search: "work! stress?" → 2/2 results in 4ms
✅ AI-powered hybrid search: 2 results in 5ms
00:10 +204 -11: /Users/nishantgupta/Documents/GitaGyan/OldWisdom/test/screens/more_screen_test.dart: MoreScreen Widget Tests should render more screen with app bar                                    00:10 +204 -11: /Users/nishantgupta/Documents/GitaGyan/OldWisdom/test/services/enhanced_semantic_search_service_test.dart: EnhancedSemanticSearchService Concept Mappings should map work to career concepts
🔍 Enhanced semantic search: "work" → 3/3 results in 3ms
00:10 +204 -11: /Users/nishantgupta/Documents/GitaGyan/OldWisdom/test/services/intelligent_scenario_search_test.dart: IntelligentScenarioSearch Edge Cases should handle unicode characters            
📇 Scenario index already up-to-date (3 scenarios)
🧠 Enhanced semantic search already initialized (3 scenarios)
⚠️ Intelligent search not initialized yet
🔍 Starting intelligent search initialization in background...
🧠 Using AI semantic search...
00:10 +204 -11: /Users/nishantgupta/Documents/GitaGyan/OldWisdom/test/services/enhanced_semantic_search_service_test.dart: EnhancedSemanticSearchService Concept Mappings should map work to career concepts
🔍 Enhanced semantic search: "career" → 3/3 results in 5ms
00:10 +204 -11: /Users/nishantgupta/Documents/GitaGyan/OldWisdom/test/services/intelligent_scenario_search_test.dart: IntelligentScenarioSearch Edge Cases should handle unicode characters            
❌ Error fetching paginated scenarios for en: PostgrestException(message: , code: 400, details: , hint: null)
🔧 Using fallback method for scenarios (limit: 50, offset: 0)
00:10 +205 -11: /Users/nishantgupta/Documents/GitaGyan/OldWisdom/test/screens/more_screen_test.dart: MoreScreen Widget Tests should render more screen with app bar                                    00:10 +205 -11: /Users/nishantgupta/Documents/GitaGyan/OldWisdom/test/services/intelligent_scenario_search_test.dart: IntelligentScenarioSearch Edge Cases should handle unicode characters            
❌ Fallback scenarios fetch failed: PostgrestException(message: , code: 400, details: , hint: null)
⚠️ No scenarios available for indexing
🔍 Enhanced semantic search: "कर्म" → 0/0 results in 4ms
⚠️ AI search returned no results, using keyword fallback
✅ Keyword fallback: 0 results in 6ms
00:10 +206 -11: /Users/nishantgupta/Documents/GitaGyan/OldWisdom/test/screens/more_screen_test.dart: MoreScreen Widget Tests should render more screen with app bar                                    00:10 +206 -11: /Users/nishantgupta/Documents/GitaGyan/OldWisdom/test/services/enhanced_semantic_search_service_test.dart: EnhancedSemanticSearchService Concept Mappings should map anger to emotional concepts
🧠 Enhanced semantic search already initialized (5 scenarios)
00:10 +206 -11: /Users/nishantgupta/Documents/GitaGyan/OldWisdom/test/services/intelligent_scenario_search_test.dart: IntelligentScenarioSearch Edge Cases should handle very long query               
📇 Scenario index already up-to-date (3 scenarios)
🧠 Enhanced semantic search already initialized (3 scenarios)
00:10 +206 -11: /Users/nishantgupta/Documents/GitaGyan/OldWisdom/test/services/enhanced_semantic_search_service_test.dart: EnhancedSemanticSearchService Concept Mappings should map anger to emotional concepts
🔍 Enhanced semantic search: "anger" → 1/1 results in 1ms
00:10 +206 -11: /Users/nishantgupta/Documents/GitaGyan/OldWisdom/test/services/intelligent_scenario_search_test.dart: IntelligentScenarioSearch Edge Cases should handle very long query               
⚠️ Intelligent search not initialized yet
🔍 Starting intelligent search initialization in background...
🧠 Using AI semantic search...
00:10 +206 -11: /Users/nishantgupta/Documents/GitaGyan/OldWisdom/test/services/enhanced_semantic_search_service_test.dart: EnhancedSemanticSearchService Concept Mappings should map anger to emotional concepts
🔍 Enhanced semantic search: "rage" → 1/1 results in 2ms
00:10 +207 -11: /Users/nishantgupta/Documents/GitaGyan/OldWisdom/test/screens/more_screen_test.dart: MoreScreen Widget Tests should render more screen with app bar                                    00:10 +207 -11: /Users/nishantgupta/Documents/GitaGyan/OldWisdom/test/services/intelligent_scenario_search_test.dart: IntelligentScenarioSearch Edge Cases should handle very long query               
🔍 Keyword search: "work stress anxiety pressure deadlines work stress anxiety pressure deadlines work stress anxiety pressure deadlines work stress anxiety pressure deadlines work stress anxiety pressure deadlines work stress anxiety pressure deadlines work stress anxiety pressure deadlines work stress anxiety pressure deadlines work stress anxiety pressure deadlines work stress anxiety pressure deadlines work stress anxiety pressure deadlines work stress anxiety pressure deadlines work stress anxiety pressure deadlines work stress anxiety pressure deadlines work stress anxiety pressure deadlines work stress anxiety pressure deadlines work stress anxiety pressure deadlines work stress anxiety pressure deadlines work stress anxiety pressure deadlines work stress anxiety pressure deadlines " → 1/1 results in 1ms
❌ Error fetching paginated scenarios for en: PostgrestException(message: , code: 400, details: , hint: null)
🔧 Using fallback method for scenarios (limit: 50, offset: 0)
00:10 +207 -11: /Users/nishantgupta/Documents/GitaGyan/OldWisdom/test/services/enhanced_semantic_search_service_test.dart: EnhancedSemanticSearchService Concept Mappings should map money to financial concepts
🧠 Enhanced semantic search already initialized (5 scenarios)
00:10 +207 -11: /Users/nishantgupta/Documents/GitaGyan/OldWisdom/test/services/share_card_service_test.dart: ShareCardService - Sharing Functions shareScenarioCard should return boolean              
❌ Error sharing scenario card: MissingPluginException(No implementation found for method getTemporaryDirectory on channel plugins.flutter.io/path_provider)
00:10 +207 -11: /Users/nishantgupta/Documents/GitaGyan/OldWisdom/test/services/intelligent_scenario_search_test.dart: IntelligentScenarioSearch Edge Cases should handle very long query               
❌ Fallback scenarios fetch failed: PostgrestException(message: , code: 400, details: , hint: null)
00:10 +208 -11: /Users/nishantgupta/Documents/GitaGyan/OldWisdom/test/screens/more_screen_test.dart: MoreScreen Widget Tests should render more screen with app bar                                    00:10 +208 -11: /Users/nishantgupta/Documents/GitaGyan/OldWisdom/test/services/intelligent_scenario_search_test.dart: IntelligentScenarioSearch Edge Cases should handle very long query               
⚠️ No scenarios available for indexing
00:10 +208 -11: /Users/nishantgupta/Documents/GitaGyan/OldWisdom/test/services/enhanced_semantic_search_service_test.dart: EnhancedSemanticSearchService Concept Mappings should map money to financial concepts
🔍 Enhanced semantic search: "money" → 1/1 results in 2ms
🔍 Enhanced semantic search: "wealth" → 1/1 results in 1ms
00:10 +209 -11: /Users/nishantgupta/Documents/GitaGyan/OldWisdom/test/screens/more_screen_test.dart: MoreScreen Widget Tests should render more screen with app bar                                    00:10 +209 -11: /Users/nishantgupta/Documents/GitaGyan/OldWisdom/test/services/enhanced_semantic_search_service_test.dart: EnhancedSemanticSearchService Concept Mappings should map death to mortality concepts
🧠 Enhanced semantic search already initialized (5 scenarios)
🔍 Enhanced semantic search: "death" → 3/3 results in 2ms
00:10 +210 -11: /Users/nishantgupta/Documents/GitaGyan/OldWisdom/test/screens/more_screen_test.dart: MoreScreen Widget Tests should render more screen with app bar                                    00:10 +210 -11: /Users/nishantgupta/Documents/GitaGyan/OldWisdom/test/services/enhanced_semantic_search_service_test.dart: EnhancedSemanticSearchService Concept Mappings should recognize purpose-dharma relationship
🧠 Enhanced semantic search already initialized (5 scenarios)
🔍 Enhanced semantic search: "purpose" → 1/1 results in 1ms
00:10 +210 -11: /Users/nishantgupta/Documents/GitaGyan/OldWisdom/test/services/intelligent_scenario_search_test.dart: IntelligentScenarioSearch Edge Cases should handle very long query               
🔍 Enhanced semantic search: "work stress anxiety pressure deadlines work stress anxiety pressure deadlines work stress anxiety pressure deadlines work stress anxiety pressure deadlines work stress anxiety pressure deadlines work stress anxiety pressure deadlines work stress anxiety pressure deadlines work stress anxiety pressure deadlines work stress anxiety pressure deadlines work stress anxiety pressure deadlines work stress anxiety pressure deadlines work stress anxiety pressure deadlines work stress anxiety pressure deadlines work stress anxiety pressure deadlines work stress anxiety pressure deadlines work stress anxiety pressure deadlines work stress anxiety pressure deadlines work stress anxiety pressure deadlines work stress anxiety pressure deadlines work stress anxiety pressure deadlines " → 2/2 results in 22ms
✅ AI-powered hybrid search: 2 results in 24ms
00:10 +211 -11: /Users/nishantgupta/Documents/GitaGyan/OldWisdom/test/screens/more_screen_test.dart: MoreScreen Widget Tests should render more screen with app bar                                    00:10 +211 -11: /Users/nishantgupta/Documents/GitaGyan/OldWisdom/test/services/enhanced_semantic_search_service_test.dart: EnhancedSemanticSearchService Concept Mappings should recognize purpose-dharma relationship
🔍 Enhanced semantic search: "dharma" → 3/3 results in 2ms
00:10 +212 -11: /Users/nishantgupta/Documents/GitaGyan/OldWisdom/test/screens/more_screen_test.dart: MoreScreen Widget Tests should render more screen with app bar                                    00:10 +212 -11: /Users/nishantgupta/Documents/GitaGyan/OldWisdom/test/services/intelligent_scenario_search_test.dart: IntelligentScenarioSearch Edge Cases should handle query with only stop words    
📇 Scenario index already up-to-date (3 scenarios)
🧠 Enhanced semantic search already initialized (3 scenarios)
⚠️ Intelligent search not initialized yet
🔍 Starting intelligent search initialization in background...
00:10 +212 -11: /Users/nishantgupta/Documents/GitaGyan/OldWisdom/test/screens/more_screen_test.dart: MoreScreen Widget Tests should render more screen with app bar                                    00:10 +212 -11: /Users/nishantgupta/Documents/GitaGyan/OldWisdom/test/services/enhanced_semantic_search_service_test.dart: EnhancedSemanticSearchService Concept Mappings should recognize family-relationships
🧠 Enhanced semantic search already initialized (5 scenarios)
00:10 +212 -11: /Users/nishantgupta/Documents/GitaGyan/OldWisdom/test/services/intelligent_scenario_search_test.dart: IntelligentScenarioSearch Edge Cases should handle query with only stop words    
🧠 Using AI semantic search...
🔍 Keyword search: "the and or but" → 0/0 results in 0ms
❌ Error fetching paginated scenarios for en: PostgrestException(message: , code: 400, details: , hint: null)
🔧 Using fallback method for scenarios (limit: 50, offset: 0)
00:10 +212 -11: /Users/nishantgupta/Documents/GitaGyan/OldWisdom/test/services/enhanced_semantic_search_service_test.dart: EnhancedSemanticSearchService Concept Mappings should recognize family-relationships
🔍 Enhanced semantic search: "family" → 1/1 results in 1ms
00:10 +212 -11: /Users/nishantgupta/Documents/GitaGyan/OldWisdom/test/services/intelligent_scenario_search_test.dart: IntelligentScenarioSearch Edge Cases should handle query with only stop words    
❌ Fallback scenarios fetch failed: PostgrestException(message: , code: 400, details: , hint: null)
⚠️ No scenarios available for indexing
00:10 +212 -11: /Users/nishantgupta/Documents/GitaGyan/OldWisdom/test/services/enhanced_semantic_search_service_test.dart: EnhancedSemanticSearchService Concept Mappings should recognize family-relationships
🔍 Enhanced semantic search: "relationships" → 1/1 results in 1ms
00:10 +212 -11: /Users/nishantgupta/Documents/GitaGyan/OldWisdom/test/services/intelligent_scenario_search_test.dart: IntelligentScenarioSearch Edge Cases should handle query with only stop words    
🔍 Enhanced semantic search: "the and or but" → 0/0 results in 3ms
⚠️ AI search returned no results, using keyword fallback
✅ Keyword fallback: 0 results in 5ms
00:10 +213 -11: /Users/nishantgupta/Documents/GitaGyan/OldWisdom/test/screens/more_screen_test.dart: MoreScreen Widget Tests should render more screen with app bar                                    00:10 +214 -11: /Users/nishantgupta/Documents/GitaGyan/OldWisdom/test/screens/more_screen_test.dart: MoreScreen Widget Tests should render more screen with app bar                                    00:10 +214 -11: /Users/nishantgupta/Documents/GitaGyan/OldWisdom/test/services/intelligent_scenario_search_test.dart: IntelligentScenarioSearch Edge Cases should handle mixed case query              
📇 Scenario index already up-to-date (3 scenarios)
00:10 +214 -11: /Users/nishantgupta/Documents/GitaGyan/OldWisdom/test/services/enhanced_semantic_search_service_test.dart: EnhancedSemanticSearchService Search Functionality should return empty list when not initialized
🧠 Enhanced semantic search already initialized (5 scenarios)
00:10 +214 -11: /Users/nishantgupta/Documents/GitaGyan/OldWisdom/test/services/intelligent_scenario_search_test.dart: IntelligentScenarioSearch Edge Cases should handle mixed case query              
🧠 Enhanced semantic search already initialized (3 scenarios)
⚠️ Intelligent search not initialized yet
🔍 Starting intelligent search initialization in background...
00:10 +214 -11: /Users/nishantgupta/Documents/GitaGyan/OldWisdom/test/services/enhanced_semantic_search_service_test.dart: EnhancedSemanticSearchService Search Functionality should return empty list when not initialized
⚠️ Enhanced semantic search not ready
00:10 +215 -11: /Users/nishantgupta/Documents/GitaGyan/OldWisdom/test/screens/more_screen_test.dart: MoreScreen Widget Tests should render more screen with app bar                                    00:10 +215 -11: /Users/nishantgupta/Documents/GitaGyan/OldWisdom/test/services/intelligent_scenario_search_test.dart: IntelligentScenarioSearch Edge Cases should handle mixed case query              
🧠 Using AI semantic search...
🔍 Keyword search: "WoRk StReSs" → 1/1 results in 0ms
❌ Error fetching paginated scenarios for en: PostgrestException(message: , code: 400, details: , hint: null)
🔧 Using fallback method for scenarios (limit: 50, offset: 0)
❌ Fallback scenarios fetch failed: PostgrestException(message: , code: 400, details: , hint: null)
00:10 +215 -11: /Users/nishantgupta/Documents/GitaGyan/OldWisdom/test/services/enhanced_semantic_search_service_test.dart: EnhancedSemanticSearchService Search Functionality should handle empty query
🧠 Initializing enhanced semantic search with AI-powered algorithms...
00:10 +215 -11: /Users/nishantgupta/Documents/GitaGyan/OldWisdom/test/services/intelligent_scenario_search_test.dart: IntelligentScenarioSearch Edge Cases should handle mixed case query              
⚠️ No scenarios available for indexing
🔍 Enhanced semantic search: "WoRk StReSs" → 2/2 results in 3ms
00:10 +215 -11: /Users/nishantgupta/Documents/GitaGyan/OldWisdom/test/services/enhanced_semantic_search_service_test.dart: EnhancedSemanticSearchService Search Functionality should handle empty query
📚 Built vocabulary: 108 unique terms
00:10 +215 -11: /Users/nishantgupta/Documents/GitaGyan/OldWisdom/test/services/intelligent_scenario_search_test.dart: IntelligentScenarioSearch Edge Cases should handle mixed case query              
✅ AI-powered hybrid search: 2 results in 4ms
00:10 +216 -11: /Users/nishantgupta/Documents/GitaGyan/OldWisdom/test/screens/more_screen_test.dart: MoreScreen Widget Tests should render more screen with app bar                                    00:10 +216 -11: /Users/nishantgupta/Documents/GitaGyan/OldWisdom/test/services/enhanced_semantic_search_service_test.dart: EnhancedSemanticSearchService Search Functionality should handle empty query
✅ Enhanced semantic search initialized in 3ms
📊 Indexed 5 scenarios with 108 unique terms
00:10 +216 -11: /Users/nishantgupta/Documents/GitaGyan/OldWisdom/test/services/intelligent_scenario_search_test.dart: IntelligentScenarioSearch Performance should search efficiently                  
📇 Scenario index already up-to-date (3 scenarios)
🧠 Enhanced semantic search already initialized (3 scenarios)
00:10 +216 -11: /Users/nishantgupta/Documents/GitaGyan/OldWisdom/test/services/enhanced_semantic_search_service_test.dart: EnhancedSemanticSearchService Search Functionality should handle empty query
🔍 Enhanced semantic search: "" → 0/0 results in 1ms
00:10 +216 -11: /Users/nishantgupta/Documents/GitaGyan/OldWisdom/test/services/intelligent_scenario_search_test.dart: IntelligentScenarioSearch Performance should search efficiently                  
🔍 Starting intelligent search initialization in background...
00:10 +217 -11: /Users/nishantgupta/Documents/GitaGyan/OldWisdom/test/screens/more_screen_test.dart: MoreScreen Widget Tests should render more screen with app bar                                    00:10 +217 -11: /Users/nishantgupta/Documents/GitaGyan/OldWisdom/test/services/intelligent_scenario_search_test.dart: IntelligentScenarioSearch Performance should search efficiently                  
⚠️ Intelligent search not initialized yet
🔍 Starting intelligent search initialization in background...
🧠 Using AI semantic search...
🔍 Keyword search: "work stress anxiety" → 1/1 results in 0ms
00:10 +217 -11: /Users/nishantgupta/Documents/GitaGyan/OldWisdom/test/services/enhanced_semantic_search_service_test.dart: EnhancedSemanticSearchService Search Functionality should handle whitespace query
🧠 Enhanced semantic search already initialized (5 scenarios)
00:10 +217 -11: /Users/nishantgupta/Documents/GitaGyan/OldWisdom/test/services/intelligent_scenario_search_test.dart: IntelligentScenarioSearch Performance should search efficiently                  
❌ Error fetching paginated scenarios for en: PostgrestException(message: , code: 400, details: , hint: null)
🔧 Using fallback method for scenarios (limit: 50, offset: 0)
00:10 +217 -11: /Users/nishantgupta/Documents/GitaGyan/OldWisdom/test/services/enhanced_semantic_search_service_test.dart: EnhancedSemanticSearchService Search Functionality should handle whitespace query
🔍 Enhanced semantic search: "   " → 0/0 results in 0ms
00:10 +218 -11: /Users/nishantgupta/Documents/GitaGyan/OldWisdom/test/screens/more_screen_test.dart: MoreScreen Widget Tests should render more screen with app bar                                    00:10 +218 -11: /Users/nishantgupta/Documents/GitaGyan/OldWisdom/test/services/intelligent_scenario_search_test.dart: IntelligentScenarioSearch Performance should search efficiently                  
❌ Fallback scenarios fetch failed: PostgrestException(message: , code: 400, details: , hint: null)
⚠️ No scenarios available for indexing
⚠️ No scenarios available for indexing
🔍 Enhanced semantic search: "work stress anxiety" → 2/2 results in 4ms
✅ AI-powered hybrid search: 2 results in 6ms
00:10 +218 -11: /Users/nishantgupta/Documents/GitaGyan/OldWisdom/test/services/enhanced_semantic_search_service_test.dart: EnhancedSemanticSearchService Search Functionality should return SemanticSearchResult objects
🧠 Enhanced semantic search already initialized (5 scenarios)
00:10 +219 -11: /Users/nishantgupta/Documents/GitaGyan/OldWisdom/test/screens/more_screen_test.dart: MoreScreen Widget Tests should render more screen with app bar                                    00:10 +219 -11: /Users/nishantgupta/Documents/GitaGyan/OldWisdom/test/services/intelligent_scenario_search_test.dart: IntelligentScenarioSearch Performance should handle concurrent searches          
📇 Scenario index already up-to-date (3 scenarios)
🧠 Enhanced semantic search already initialized (3 scenarios)
00:10 +219 -11: /Users/nishantgupta/Documents/GitaGyan/OldWisdom/test/services/enhanced_semantic_search_service_test.dart: EnhancedSemanticSearchService Search Functionality should return SemanticSearchResult objects
🔍 Enhanced semantic search: "work stress" → 3/3 results in 2ms
00:10 +219 -11: /Users/nishantgupta/Documents/GitaGyan/OldWisdom/test/services/intelligent_scenario_search_test.dart: IntelligentScenarioSearch Performance should handle concurrent searches          
🔍 Starting intelligent search initialization in background...
00:10 +220 -11: /Users/nishantgupta/Documents/GitaGyan/OldWisdom/test/screens/more_screen_test.dart: MoreScreen Widget Tests should render more screen with app bar                                    00:10 +220 -11: /Users/nishantgupta/Documents/GitaGyan/OldWisdom/test/services/intelligent_scenario_search_test.dart: IntelligentScenarioSearch Performance should handle concurrent searches          
⚠️ Intelligent search not initialized yet
🔍 Starting intelligent search initialization in background...
⚠️ Intelligent search not initialized yet
🔍 Starting intelligent search initialization in background...
⚠️ Intelligent search not initialized yet
🔍 Starting intelligent search initialization in background...
🧠 Using AI semantic search...
00:10 +220 -11: /Users/nishantgupta/Documents/GitaGyan/OldWisdom/test/services/enhanced_semantic_search_service_test.dart: EnhancedSemanticSearchService Search Functionality should sort results by similarity score
🧠 Enhanced semantic search already initialized (5 scenarios)
00:10 +220 -11: /Users/nishantgupta/Documents/GitaGyan/OldWisdom/test/services/intelligent_scenario_search_test.dart: IntelligentScenarioSearch Performance should handle concurrent searches          
🔍 Keyword search: "work" → 1/1 results in 0ms
🧠 Using AI semantic search...
🔍 Keyword search: "family" → 1/1 results in 0ms
🧠 Using AI semantic search...
🔍 Keyword search: "career" → 1/1 results in 0ms
❌ Error fetching paginated scenarios for en: PostgrestException(message: , code: 400, details: , hint: null)
🔧 Using fallback method for scenarios (limit: 50, offset: 0)
00:10 +220 -11: /Users/nishantgupta/Documents/GitaGyan/OldWisdom/test/services/enhanced_semantic_search_service_test.dart: EnhancedSemanticSearchService Search Functionality should sort results by similarity score
🔍 Enhanced semantic search: "work stress anxiety" → 4/4 results in 2ms
00:10 +220 -11: /Users/nishantgupta/Documents/GitaGyan/OldWisdom/test/services/intelligent_scenario_search_test.dart: IntelligentScenarioSearch Performance should handle concurrent searches          
❌ Fallback scenarios fetch failed: PostgrestException(message: , code: 400, details: , hint: null)
00:10 +221 -11: /Users/nishantgupta/Documents/GitaGyan/OldWisdom/test/screens/more_screen_test.dart: MoreScreen Widget Tests should render more screen with app bar                                    00:10 +221 -11: /Users/nishantgupta/Documents/GitaGyan/OldWisdom/test/services/intelligent_scenario_search_test.dart: IntelligentScenarioSearch Performance should handle concurrent searches          
⚠️ No scenarios available for indexing
⚠️ No scenarios available for indexing
⚠️ No scenarios available for indexing
⚠️ No scenarios available for indexing
🔍 Enhanced semantic search: "work" → 2/2 results in 7ms
✅ AI-powered hybrid search: 2 results in 9ms
🔍 Enhanced semantic search: "family" → 1/1 results in 9ms
✅ AI-powered hybrid search: 1 results in 10ms
00:10 +221 -11: /Users/nishantgupta/Documents/GitaGyan/OldWisdom/test/services/enhanced_semantic_search_service_test.dart: EnhancedSemanticSearchService Search Functionality should respect maxResults parameter
🧠 Enhanced semantic search already initialized (5 scenarios)
00:10 +221 -11: /Users/nishantgupta/Documents/GitaGyan/OldWisdom/test/services/intelligent_scenario_search_test.dart: IntelligentScenarioSearch Performance should handle concurrent searches          
🔍 Enhanced semantic search: "career" → 2/2 results in 9ms
✅ AI-powered hybrid search: 2 results in 10ms
00:10 +222 -11: /Users/nishantgupta/Documents/GitaGyan/OldWisdom/test/screens/more_screen_test.dart: MoreScreen Widget Tests should render more screen with app bar                                    00:10 +222 -11: /Users/nishantgupta/Documents/GitaGyan/OldWisdom/test/services/enhanced_semantic_search_service_test.dart: EnhancedSemanticSearchService Search Functionality should respect maxResults parameter
🔍 Enhanced semantic search: "stress" → 2/2 results in 1ms
00:10 +223 -11: /Users/nishantgupta/Documents/GitaGyan/OldWisdom/test/screens/more_screen_test.dart: MoreScreen Widget Tests should render more screen with app bar                                    00:10 +223 -11: /Users/nishantgupta/Documents/GitaGyan/OldWisdom/test/services/intelligent_scenario_search_test.dart: IntelligentScenarioSearch Performance should handle repeated searches efficiently
📇 Scenario index already up-to-date (3 scenarios)
🧠 Enhanced semantic search already initialized (3 scenarios)
🔍 Starting intelligent search initialization in background...
⚠️ Intelligent search not initialized yet
🔍 Starting intelligent search initialization in background...
00:10 +223 -11: /Users/nishantgupta/Documents/GitaGyan/OldWisdom/test/services/enhanced_semantic_search_service_test.dart: EnhancedSemanticSearchService Search Functionality should support custom maxResults values
🧠 Enhanced semantic search already initialized (5 scenarios)
00:10 +223 -11: /Users/nishantgupta/Documents/GitaGyan/OldWisdom/test/services/intelligent_scenario_search_test.dart: IntelligentScenarioSearch Performance should handle repeated searches efficiently
🧠 Using AI semantic search...
🔍 Keyword search: "work stress" → 1/1 results in 0ms
00:10 +223 -11: /Users/nishantgupta/Documents/GitaGyan/OldWisdom/test/services/enhanced_semantic_search_service_test.dart: EnhancedSemanticSearchService Search Functionality should support custom maxResults values
🔍 Enhanced semantic search: "work" → 3/3 results in 1ms
00:10 +223 -11: /Users/nishantgupta/Documents/GitaGyan/OldWisdom/test/services/intelligent_scenario_search_test.dart: IntelligentScenarioSearch Performance should handle repeated searches efficiently
❌ Error fetching paginated scenarios for en: PostgrestException(message: , code: 400, details: , hint: null)
🔧 Using fallback method for scenarios (limit: 50, offset: 0)
❌ Fallback scenarios fetch failed: PostgrestException(message: , code: 400, details: , hint: null)
00:10 +223 -11: /Users/nishantgupta/Documents/GitaGyan/OldWisdom/test/services/enhanced_semantic_search_service_test.dart: EnhancedSemanticSearchService Search Functionality should support custom maxResults values
🔍 Enhanced semantic search: "work" → 2/3 results in 1ms
00:10 +223 -11: /Users/nishantgupta/Documents/GitaGyan/OldWisdom/test/services/intelligent_scenario_search_test.dart: IntelligentScenarioSearch Performance should handle repeated searches efficiently
⚠️ No scenarios available for indexing
⚠️ No scenarios available for indexing
00:10 +224 -11: /Users/nishantgupta/Documents/GitaGyan/OldWisdom/test/screens/more_screen_test.dart: MoreScreen Widget Tests should render more screen with app bar                                    00:10 +224 -11: /Users/nishantgupta/Documents/GitaGyan/OldWisdom/test/services/intelligent_scenario_search_test.dart: IntelligentScenarioSearch Performance should handle repeated searches efficiently
🔍 Enhanced semantic search: "work stress" → 2/2 results in 4ms
✅ AI-powered hybrid search: 2 results in 5ms
⚠️ Intelligent search not initialized yet
🔍 Starting intelligent search initialization in background...
🧠 Using AI semantic search...
🔍 Keyword search: "work stress" → 1/1 results in 0ms
❌ Error fetching paginated scenarios for en: PostgrestException(message: , code: 400, details: , hint: null)
00:10 +224 -11: /Users/nishantgupta/Documents/GitaGyan/OldWisdom/test/services/enhanced_semantic_search_service_test.dart: EnhancedSemanticSearchService Search Functionality should handle no matching results gracefully
🧠 Enhanced semantic search already initialized (5 scenarios)
00:10 +224 -11: /Users/nishantgupta/Documents/GitaGyan/OldWisdom/test/services/intelligent_scenario_search_test.dart: IntelligentScenarioSearch Performance should handle repeated searches efficiently
🔧 Using fallback method for scenarios (limit: 50, offset: 0)
❌ Fallback scenarios fetch failed: PostgrestException(message: , code: 400, details: , hint: null)
⚠️ No scenarios available for indexing
🔍 Enhanced semantic search: "work stress" → 2/2 results in 3ms
✅ AI-powered hybrid search: 2 results in 4ms
⚠️ Intelligent search not initialized yet
00:10 +224 -11: /Users/nishantgupta/Documents/GitaGyan/OldWisdom/test/services/enhanced_semantic_search_service_test.dart: EnhancedSemanticSearchService Search Functionality should handle no matching results gracefully
🔍 Enhanced semantic search: "nonexistentconcept12345xyz" → 0/0 results in 2ms
00:10 +224 -11: /Users/nishantgupta/Documents/GitaGyan/OldWisdom/test/services/intelligent_scenario_search_test.dart: IntelligentScenarioSearch Performance should handle repeated searches efficiently
🔍 Starting intelligent search initialization in background...
00:10 +225 -11: /Users/nishantgupta/Documents/GitaGyan/OldWisdom/test/screens/more_screen_test.dart: MoreScreen Widget Tests should render more screen with app bar                                    00:10 +225 -11: /Users/nishantgupta/Documents/GitaGyan/OldWisdom/test/services/intelligent_scenario_search_test.dart: IntelligentScenarioSearch Performance should handle repeated searches efficiently
🧠 Using AI semantic search...
🔍 Keyword search: "work stress" → 1/1 results in 0ms
❌ Error fetching paginated scenarios for en: PostgrestException(message: , code: 400, details: , hint: null)
🔧 Using fallback method for scenarios (limit: 50, offset: 0)
❌ Fallback scenarios fetch failed: PostgrestException(message: , code: 400, details: , hint: null)
⚠️ No scenarios available for indexing
00:10 +225 -11: /Users/nishantgupta/Documents/GitaGyan/OldWisdom/test/services/enhanced_semantic_search_service_test.dart: EnhancedSemanticSearchService Search Functionality should search across all scenario fields
🧠 Enhanced semantic search already initialized (5 scenarios)
00:10 +225 -11: /Users/nishantgupta/Documents/GitaGyan/OldWisdom/test/services/intelligent_scenario_search_test.dart: IntelligentScenarioSearch Performance should handle repeated searches efficiently
🔍 Enhanced semantic search: "work stress" → 2/2 results in 4ms
✅ AI-powered hybrid search: 2 results in 5ms
⚠️ Intelligent search not initialized yet
🔍 Starting intelligent search initialization in background...
🧠 Using AI semantic search...
🔍 Keyword search: "work stress" → 1/1 results in 0ms
00:10 +225 -11: /Users/nishantgupta/Documents/GitaGyan/OldWisdom/test/services/enhanced_semantic_search_service_test.dart: EnhancedSemanticSearchService Search Functionality should search across all scenario fields
🔍 Enhanced semantic search: "Career Purpose" → 3/3 results in 3ms
00:10 +225 -11: /Users/nishantgupta/Documents/GitaGyan/OldWisdom/test/services/intelligent_scenario_search_test.dart: IntelligentScenarioSearch Performance should handle repeated searches efficiently
❌ Error fetching paginated scenarios for en: PostgrestException(message: , code: 400, details: , hint: null)
🔧 Using fallback method for scenarios (limit: 50, offset: 0)
00:10 +225 -11: /Users/nishantgupta/Documents/GitaGyan/OldWisdom/test/services/enhanced_semantic_search_service_test.dart: EnhancedSemanticSearchService Search Functionality should search across all scenario fields
🔍 Enhanced semantic search: "Finance" → 1/1 results in 1ms
00:10 +225 -11: /Users/nishantgupta/Documents/GitaGyan/OldWisdom/test/services/intelligent_scenario_search_test.dart: IntelligentScenarioSearch Performance should handle repeated searches efficiently
❌ Fallback scenarios fetch failed: PostgrestException(message: , code: 400, details: , hint: null)
⚠️ No scenarios available for indexing
00:10 +225 -11: /Users/nishantgupta/Documents/GitaGyan/OldWisdom/test/services/enhanced_semantic_search_service_test.dart: EnhancedSemanticSearchService Search Functionality should search across all scenario fields
🔍 Enhanced semantic search: "calling" → 1/1 results in 1ms
00:10 +225 -11: /Users/nishantgupta/Documents/GitaGyan/OldWisdom/test/services/intelligent_scenario_search_test.dart: IntelligentScenarioSearch Performance should handle repeated searches efficiently
🔍 Enhanced semantic search: "work stress" → 2/2 results in 4ms
✅ AI-powered hybrid search: 2 results in 5ms
00:10 +226 -11: /Users/nishantgupta/Documents/GitaGyan/OldWisdom/test/screens/more_screen_test.dart: MoreScreen Widget Tests should render more screen with app bar                                    00:10 +226 -11: /Users/nishantgupta/Documents/GitaGyan/OldWisdom/test/services/intelligent_scenario_search_test.dart: IntelligentScenarioSearch Performance should handle repeated searches efficiently
⚠️ Intelligent search not initialized yet
🔍 Starting intelligent search initialization in background...
🧠 Using AI semantic search...
🔍 Keyword search: "work stress" → 1/1 results in 0ms
❌ Error fetching paginated scenarios for en: PostgrestException(message: , code: 400, details: , hint: null)
🔧 Using fallback method for scenarios (limit: 50, offset: 0)
❌ Fallback scenarios fetch failed: PostgrestException(message: , code: 400, details: , hint: null)
⚠️ No scenarios available for indexing
00:10 +226 -11: /Users/nishantgupta/Documents/GitaGyan/OldWisdom/test/services/enhanced_semantic_search_service_test.dart: EnhancedSemanticSearchService TF-IDF Scoring should calculate term frequency correctly
🧠 Enhanced semantic search already initialized (5 scenarios)
00:10 +226 -11: /Users/nishantgupta/Documents/GitaGyan/OldWisdom/test/services/intelligent_scenario_search_test.dart: IntelligentScenarioSearch Performance should handle repeated searches efficiently
🔍 Enhanced semantic search: "work stress" → 2/2 results in 4ms
✅ AI-powered hybrid search: 2 results in 5ms
⚠️ Intelligent search not initialized yet
🔍 Starting intelligent search initialization in background...
🧠 Using AI semantic search...
🔍 Keyword search: "work stress" → 1/1 results in 0ms
00:10 +226 -11: /Users/nishantgupta/Documents/GitaGyan/OldWisdom/test/services/enhanced_semantic_search_service_test.dart: EnhancedSemanticSearchService TF-IDF Scoring should calculate term frequency correctly
🔍 Enhanced semantic search: "stress" → 2/2 results in 2ms
00:10 +227 -11: /Users/nishantgupta/Documents/GitaGyan/OldWisdom/test/screens/more_screen_test.dart: MoreScreen Widget Tests should render more screen with app bar                                    00:10 +227 -11: /Users/nishantgupta/Documents/GitaGyan/OldWisdom/test/services/intelligent_scenario_search_test.dart: IntelligentScenarioSearch Performance should handle repeated searches efficiently
❌ Error fetching paginated scenarios for en: PostgrestException(message: , code: 400, details: , hint: null)
🔧 Using fallback method for scenarios (limit: 50, offset: 0)
❌ Fallback scenarios fetch failed: PostgrestException(message: , code: 400, details: , hint: null)
⚠️ No scenarios available for indexing
🔍 Enhanced semantic search: "work stress" → 2/2 results in 4ms
✅ AI-powered hybrid search: 2 results in 5ms
⚠️ Intelligent search not initialized yet
🔍 Starting intelligent search initialization in background...
00:10 +227 -11: /Users/nishantgupta/Documents/GitaGyan/OldWisdom/test/services/enhanced_semantic_search_service_test.dart: EnhancedSemanticSearchService TF-IDF Scoring should calculate IDF scores    
🧠 Enhanced semantic search already initialized (5 scenarios)
00:10 +227 -11: /Users/nishantgupta/Documents/GitaGyan/OldWisdom/test/services/intelligent_scenario_search_test.dart: IntelligentScenarioSearch Performance should handle repeated searches efficiently
🧠 Using AI semantic search...
🔍 Keyword search: "work stress" → 1/1 results in 0ms
00:10 +227 -11: /Users/nishantgupta/Documents/GitaGyan/OldWisdom/test/services/enhanced_semantic_search_service_test.dart: EnhancedSemanticSearchService TF-IDF Scoring should calculate IDF scores    
🔍 Enhanced semantic search: "work" → 3/3 results in 1ms
00:10 +227 -11: /Users/nishantgupta/Documents/GitaGyan/OldWisdom/test/services/intelligent_scenario_search_test.dart: IntelligentScenarioSearch Performance should handle repeated searches efficiently
❌ Error fetching paginated scenarios for en: PostgrestException(message: , code: 400, details: , hint: null)
🔧 Using fallback method for scenarios (limit: 50, offset: 0)
00:10 +227 -11: /Users/nishantgupta/Documents/GitaGyan/OldWisdom/test/services/enhanced_semantic_search_service_test.dart: EnhancedSemanticSearchService TF-IDF Scoring should calculate IDF scores    
🔍 Enhanced semantic search: "bereavement" → 3/3 results in 1ms
00:10 +227 -11: /Users/nishantgupta/Documents/GitaGyan/OldWisdom/test/services/intelligent_scenario_search_test.dart: IntelligentScenarioSearch Performance should handle repeated searches efficiently
❌ Fallback scenarios fetch failed: PostgrestException(message: , code: 400, details: , hint: null)
⚠️ No scenarios available for indexing
00:10 +228 -11: /Users/nishantgupta/Documents/GitaGyan/OldWisdom/test/screens/more_screen_test.dart: MoreScreen Widget Tests should render more screen with app bar                                    00:10 +228 -11: /Users/nishantgupta/Documents/GitaGyan/OldWisdom/test/services/intelligent_scenario_search_test.dart: IntelligentScenarioSearch Performance should handle repeated searches efficiently
🔍 Enhanced semantic search: "work stress" → 2/2 results in 3ms
✅ AI-powered hybrid search: 2 results in 4ms
⚠️ Intelligent search not initialized yet
🔍 Starting intelligent search initialization in background...
🧠 Using AI semantic search...
🔍 Keyword search: "work stress" → 1/1 results in 0ms
00:10 +228 -11: /Users/nishantgupta/Documents/GitaGyan/OldWisdom/test/services/enhanced_semantic_search_service_test.dart: EnhancedSemanticSearchService TF-IDF Scoring should apply semantic expansion
🧠 Enhanced semantic search already initialized (5 scenarios)
00:10 +228 -11: /Users/nishantgupta/Documents/GitaGyan/OldWisdom/test/services/intelligent_scenario_search_test.dart: IntelligentScenarioSearch Performance should handle repeated searches efficiently
❌ Error fetching paginated scenarios for en: PostgrestException(message: , code: 400, details: , hint: null)
🔧 Using fallback method for scenarios (limit: 50, offset: 0)
00:10 +228 -11: /Users/nishantgupta/Documents/GitaGyan/OldWisdom/test/services/enhanced_semantic_search_service_test.dart: EnhancedSemanticSearchService TF-IDF Scoring should apply semantic expansion
🔍 Enhanced semantic search: "anxiety" → 3/3 results in 1ms
00:10 +228 -11: /Users/nishantgupta/Documents/GitaGyan/OldWisdom/test/services/intelligent_scenario_search_test.dart: IntelligentScenarioSearch Performance should handle repeated searches efficiently
❌ Fallback scenarios fetch failed: PostgrestException(message: , code: 400, details: , hint: null)
00:10 +229 -11: /Users/nishantgupta/Documents/GitaGyan/OldWisdom/test/screens/more_screen_test.dart: MoreScreen Widget Tests should render more screen with app bar                                    00:10 +229 -11: /Users/nishantgupta/Documents/GitaGyan/OldWisdom/test/services/intelligent_scenario_search_test.dart: IntelligentScenarioSearch Performance should handle repeated searches efficiently
⚠️ No scenarios available for indexing
🔍 Enhanced semantic search: "work stress" → 2/2 results in 3ms
✅ AI-powered hybrid search: 2 results in 4ms
⚠️ Intelligent search not initialized yet
🔍 Starting intelligent search initialization in background...
00:10 +229 -11: /Users/nishantgupta/Documents/GitaGyan/OldWisdom/test/services/enhanced_semantic_search_service_test.dart: EnhancedSemanticSearchService TF-IDF Scoring should combine multiple scoring methods
🧠 Enhanced semantic search already initialized (5 scenarios)
00:10 +229 -11: /Users/nishantgupta/Documents/GitaGyan/OldWisdom/test/services/intelligent_scenario_search_test.dart: IntelligentScenarioSearch Performance should handle repeated searches efficiently
🧠 Using AI semantic search...
🔍 Keyword search: "work stress" → 1/1 results in 0ms
❌ Error fetching paginated scenarios for en: PostgrestException(message: , code: 400, details: , hint: null)
🔧 Using fallback method for scenarios (limit: 50, offset: 0)
00:11 +229 -11: /Users/nishantgupta/Documents/GitaGyan/OldWisdom/test/services/enhanced_semantic_search_service_test.dart: EnhancedSemanticSearchService TF-IDF Scoring should combine multiple scoring methods
🔍 Enhanced semantic search: "work stress career" → 3/3 results in 2ms
00:11 +229 -11: /Users/nishantgupta/Documents/GitaGyan/OldWisdom/test/services/intelligent_scenario_search_test.dart: IntelligentScenarioSearch Performance should handle repeated searches efficiently
❌ Fallback scenarios fetch failed: PostgrestException(message: , code: 400, details: , hint: null)
⚠️ No scenarios available for indexing
00:11 +230 -11: /Users/nishantgupta/Documents/GitaGyan/OldWisdom/test/screens/more_screen_test.dart: MoreScreen Widget Tests should render more screen with app bar                                    00:11 +230 -11: /Users/nishantgupta/Documents/GitaGyan/OldWisdom/test/services/intelligent_scenario_search_test.dart: IntelligentScenarioSearch Performance should handle repeated searches efficiently
🔍 Enhanced semantic search: "work stress" → 2/2 results in 3ms
✅ AI-powered hybrid search: 2 results in 4ms
⚠️ Intelligent search not initialized yet
🔍 Starting intelligent search initialization in background...
🧠 Using AI semantic search...
🔍 Keyword search: "work stress" → 1/1 results in 0ms
00:11 +230 -11: /Users/nishantgupta/Documents/GitaGyan/OldWisdom/test/services/enhanced_semantic_search_service_test.dart: EnhancedSemanticSearchService Cosine Similarity should calculate similarity between 0 and 1
🧠 Enhanced semantic search already initialized (5 scenarios)
00:11 +230 -11: /Users/nishantgupta/Documents/GitaGyan/OldWisdom/test/services/intelligent_scenario_search_test.dart: IntelligentScenarioSearch Performance should handle repeated searches efficiently
❌ Error fetching paginated scenarios for en: PostgrestException(message: , code: 400, details: , hint: null)
🔧 Using fallback method for scenarios (limit: 50, offset: 0)
❌ Fallback scenarios fetch failed: PostgrestException(message: , code: 400, details: , hint: null)
00:11 +230 -11: /Users/nishantgupta/Documents/GitaGyan/OldWisdom/test/services/enhanced_semantic_search_service_test.dart: EnhancedSemanticSearchService Cosine Similarity should calculate similarity between 0 and 1
🔍 Enhanced semantic search: "work stress" → 3/3 results in 1ms
00:11 +230 -11: /Users/nishantgupta/Documents/GitaGyan/OldWisdom/test/services/intelligent_scenario_search_test.dart: IntelligentScenarioSearch Performance should handle repeated searches efficiently
⚠️ No scenarios available for indexing
00:11 +231 -11: /Users/nishantgupta/Documents/GitaGyan/OldWisdom/test/screens/more_screen_test.dart: MoreScreen Widget Tests should render more screen with app bar                                    00:11 +231 -11: /Users/nishantgupta/Documents/GitaGyan/OldWisdom/test/services/intelligent_scenario_search_test.dart: IntelligentScenarioSearch Performance should handle repeated searches efficiently
🔍 Enhanced semantic search: "work stress" → 2/2 results in 3ms
✅ AI-powered hybrid search: 2 results in 4ms
00:11 +232 -11: /Users/nishantgupta/Documents/GitaGyan/OldWisdom/test/screens/more_screen_test.dart: MoreScreen Widget Tests should render more screen with app bar                                    00:11 +232 -11: /Users/nishantgupta/Documents/GitaGyan/OldWisdom/test/services/enhanced_semantic_search_service_test.dart: EnhancedSemanticSearchService Cosine Similarity should find semantically similar content
🧠 Enhanced semantic search already initialized (5 scenarios)
00:11 +232 -11: /Users/nishantgupta/Documents/GitaGyan/OldWisdom/test/services/intelligent_scenario_search_test.dart: IntelligentScenarioSearch Monthly Refresh should have refresh functionality      
📇 Scenario index already up-to-date (3 scenarios)
🧠 Enhanced semantic search already initialized (3 scenarios)
🔄 Performing monthly scenario refresh...
00:11 +232 -11: /Users/nishantgupta/Documents/GitaGyan/OldWisdom/test/services/enhanced_semantic_search_service_test.dart: EnhancedSemanticSearchService Cosine Similarity should find semantically similar content
🔍 Enhanced semantic search: "job pressure" → 3/3 results in 2ms
00:11 +233 -11: /Users/nishantgupta/Documents/GitaGyan/OldWisdom/test/screens/more_screen_test.dart: MoreScreen Widget Tests should render more screen with app bar                                    00:11 +234 -11: /Users/nishantgupta/Documents/GitaGyan/OldWisdom/test/screens/more_screen_test.dart: MoreScreen Widget Tests should render more screen with app bar                                    00:11 +234 -11: /Users/nishantgupta/Documents/GitaGyan/OldWisdom/test/services/intelligent_scenario_search_test.dart: IntelligentScenarioSearch Monthly Refresh should have refresh functionality      
❌ Error fetching paginated scenarios for en: PostgrestException(message: , code: 400, details: , hint: null)
🔧 Using fallback method for scenarios (limit: 50, offset: 0)
00:11 +234 -11: /Users/nishantgupta/Documents/GitaGyan/OldWisdom/test/services/enhanced_semantic_search_service_test.dart: EnhancedSemanticSearchService Cosine Similarity should rank exact matches higher
🧠 Enhanced semantic search already initialized (5 scenarios)
00:11 +234 -11: /Users/nishantgupta/Documents/GitaGyan/OldWisdom/test/services/intelligent_scenario_search_test.dart: IntelligentScenarioSearch Monthly Refresh should have refresh functionality      
❌ Fallback scenarios fetch failed: PostgrestException(message: , code: 400, details: , hint: null)
📇 Building keyword index for 0 scenarios...
✅ Keyword index built in 0ms
🧠 Initializing enhanced semantic search with AI-powered algorithms...
📚 Built vocabulary: 0 unique terms
00:11 +234 -11: /Users/nishantgupta/Documents/GitaGyan/OldWisdom/test/services/enhanced_semantic_search_service_test.dart: EnhancedSemanticSearchService Cosine Similarity should rank exact matches higher
🔍 Enhanced semantic search: "Work Stress Management" → 3/3 results in 3ms
00:11 +234 -11: /Users/nishantgupta/Documents/GitaGyan/OldWisdom/test/services/intelligent_scenario_search_test.dart: IntelligentScenarioSearch Monthly Refresh should have refresh functionality      
✅ Enhanced semantic search initialized in 1ms
📊 Indexed 0 scenarios with 0 unique terms
✅ Monthly refresh completed - 0 scenarios indexed
00:11 +234 -11: /Users/nishantgupta/Documents/GitaGyan/OldWisdom/test/services/enhanced_semantic_search_service_test.dart: EnhancedSemanticSearchService Cosine Similarity should rank exact matches higher
🔍 Enhanced semantic search: "job pressure" → 3/3 results in 2ms
00:11 +235 -11: /Users/nishantgupta/Documents/GitaGyan/OldWisdom/test/screens/more_screen_test.dart: MoreScreen Widget Tests should render more screen with app bar                                    00:11 +236 -11: /Users/nishantgupta/Documents/GitaGyan/OldWisdom/test/screens/more_screen_test.dart: MoreScreen Widget Tests should render more screen with app bar                                    00:11 +236 -11: /Users/nishantgupta/Documents/GitaGyan/OldWisdom/test/services/intelligent_scenario_search_test.dart: IntelligentScenarioSearch Monthly Refresh should skip refresh if recently refreshed
📇 Building keyword index for 3 scenarios...
✅ Keyword index built in 1ms
🧠 Initializing enhanced semantic search with AI-powered algorithms...
📚 Built vocabulary: 42 unique terms
✅ Enhanced semantic search initialized in 2ms
📊 Indexed 3 scenarios with 42 unique terms
00:11 +236 -11: /Users/nishantgupta/Documents/GitaGyan/OldWisdom/test/services/enhanced_semantic_search_service_test.dart: EnhancedSemanticSearchService SemanticSearchResult Model should include scenario
🧠 Enhanced semantic search already initialized (5 scenarios)
00:11 +236 -11: /Users/nishantgupta/Documents/GitaGyan/OldWisdom/test/services/intelligent_scenario_search_test.dart: IntelligentScenarioSearch Monthly Refresh should skip refresh if recently refreshed
📅 Last refresh was 0 days ago - skipping monthly refresh
📅 Last refresh was 0 days ago - skipping monthly refresh
00:11 +237 -11: /Users/nishantgupta/Documents/GitaGyan/OldWisdom/test/screens/more_screen_test.dart: MoreScreen Widget Tests should render more screen with app bar                                    00:11 +237 -11: /Users/nishantgupta/Documents/GitaGyan/OldWisdom/test/services/enhanced_semantic_search_service_test.dart: EnhancedSemanticSearchService SemanticSearchResult Model should include scenario
🔍 Enhanced semantic search: "work" → 3/3 results in 2ms
00:11 +238 -11: /Users/nishantgupta/Documents/GitaGyan/OldWisdom/test/screens/more_screen_test.dart: MoreScreen Widget Tests should render more screen with app bar                                    00:11 +238 -11: /Users/nishantgupta/Documents/GitaGyan/OldWisdom/test/services/intelligent_scenario_search_test.dart: IntelligentScenarioSearch Monthly Refresh should track last refresh time         
📇 Scenario index already up-to-date (3 scenarios)
🧠 Enhanced semantic search already initialized (3 scenarios)
00:11 +239 -11: /Users/nishantgupta/Documents/GitaGyan/OldWisdom/test/screens/more_screen_test.dart: MoreScreen Widget Tests should render more screen with app bar                                    00:11 +240 -11: /Users/nishantgupta/Documents/GitaGyan/OldWisdom/test/screens/more_screen_test.dart: MoreScreen Widget Tests should render more screen with app bar                                    00:11 +240 -11: /Users/nishantgupta/Documents/GitaGyan/OldWisdom/test/services/enhanced_semantic_search_service_test.dart: EnhancedSemanticSearchService SemanticSearchResult Model should include similarity score
🧠 Enhanced semantic search already initialized (5 scenarios)
00:11 +240 -11: /Users/nishantgupta/Documents/GitaGyan/OldWisdom/test/services/intelligent_scenario_search_test.dart: IntelligentScenarioSearch State Management should maintain state across searches 
📇 Scenario index already up-to-date (3 scenarios)
🧠 Enhanced semantic search already initialized (3 scenarios)
00:11 +240 -11: /Users/nishantgupta/Documents/GitaGyan/OldWisdom/test/services/enhanced_semantic_search_service_test.dart: EnhancedSemanticSearchService SemanticSearchResult Model should include similarity score
🔍 Enhanced semantic search: "work" → 3/3 results in 1ms
00:11 +240 -11: /Users/nishantgupta/Documents/GitaGyan/OldWisdom/test/services/intelligent_scenario_search_test.dart: IntelligentScenarioSearch State Management should maintain state across searches 
🔍 Starting intelligent search initialization in background...
⚠️ Intelligent search not initialized yet
00:11 +241 -11: /Users/nishantgupta/Documents/GitaGyan/OldWisdom/test/screens/more_screen_test.dart: MoreScreen Widget Tests should render more screen with app bar                                    00:11 +242 -11: /Users/nishantgupta/Documents/GitaGyan/OldWisdom/test/screens/more_screen_test.dart: MoreScreen Widget Tests should render more screen with app bar                                    00:11 +242 -11: /Users/nishantgupta/Documents/GitaGyan/OldWisdom/test/services/intelligent_scenario_search_test.dart: IntelligentScenarioSearch State Management should maintain state across searches 
🔍 Starting intelligent search initialization in background...
🧠 Using AI semantic search...
🔍 Keyword search: "work" → 1/1 results in 0ms
❌ Error fetching paginated scenarios for en: PostgrestException(message: , code: 400, details: , hint: null)
🔧 Using fallback method for scenarios (limit: 50, offset: 0)
❌ Fallback scenarios fetch failed: PostgrestException(message: , code: 400, details: , hint: null)
⚠️ No scenarios available for indexing
00:11 +242 -11: /Users/nishantgupta/Documents/GitaGyan/OldWisdom/test/services/enhanced_semantic_search_service_test.dart: EnhancedSemanticSearchService SemanticSearchResult Model should include match reason
🧠 Enhanced semantic search already initialized (5 scenarios)
00:11 +242 -11: /Users/nishantgupta/Documents/GitaGyan/OldWisdom/test/services/intelligent_scenario_search_test.dart: IntelligentScenarioSearch State Management should maintain state across searches 
⚠️ No scenarios available for indexing
🔍 Enhanced semantic search: "work" → 2/2 results in 4ms
✅ AI-powered hybrid search: 2 results in 5ms
⚠️ Intelligent search not initialized yet
🔍 Starting intelligent search initialization in background...
🧠 Using AI semantic search...
🔍 Keyword search: "family" → 1/1 results in 0ms
00:11 +243 -11: /Users/nishantgupta/Documents/GitaGyan/OldWisdom/test/screens/more_screen_test.dart: MoreScreen Widget Tests should render more screen with app bar                                    00:11 +243 -11: /Users/nishantgupta/Documents/GitaGyan/OldWisdom/test/services/enhanced_semantic_search_service_test.dart: EnhancedSemanticSearchService SemanticSearchResult Model should include match reason
🔍 Enhanced semantic search: "work stress" → 3/3 results in 3ms
00:11 +243 -11: /Users/nishantgupta/Documents/GitaGyan/OldWisdom/test/services/intelligent_scenario_search_test.dart: IntelligentScenarioSearch State Management should maintain state across searches 
❌ Error fetching paginated scenarios for en: PostgrestException(message: , code: 400, details: , hint: null)
🔧 Using fallback method for scenarios (limit: 50, offset: 0)
00:11 +244 -11: /Users/nishantgupta/Documents/GitaGyan/OldWisdom/test/screens/more_screen_test.dart: MoreScreen Widget Tests should render more screen with app bar                                    00:11 +244 -11: /Users/nishantgupta/Documents/GitaGyan/OldWisdom/test/services/intelligent_scenario_search_test.dart: IntelligentScenarioSearch State Management should maintain state across searches 
❌ Fallback scenarios fetch failed: PostgrestException(message: , code: 400, details: , hint: null)
⚠️ No scenarios available for indexing
🔍 Enhanced semantic search: "family" → 1/1 results in 5ms
✅ AI-powered hybrid search: 1 results in 6ms
⚠️ Intelligent search not initialized yet
00:11 +245 -11: /Users/nishantgupta/Documents/GitaGyan/OldWisdom/test/screens/more_screen_test.dart: MoreScreen Widget Tests should render more screen with app bar                                    00:11 +245 -11: /Users/nishantgupta/Documents/GitaGyan/OldWisdom/test/services/intelligent_scenario_search_test.dart: IntelligentScenarioSearch State Management should maintain state across searches 
🔍 Starting intelligent search initialization in background...
00:11 +245 -11: /Users/nishantgupta/Documents/GitaGyan/OldWisdom/test/services/enhanced_semantic_search_service_test.dart: EnhancedSemanticSearchService SemanticSearchResult Model should include matched terms
🧠 Enhanced semantic search already initialized (5 scenarios)
00:11 +246 -11: /Users/nishantgupta/Documents/GitaGyan/OldWisdom/test/screens/more_screen_test.dart: MoreScreen Widget Tests should render more screen with app bar                                    00:11 +246 -11: /Users/nishantgupta/Documents/GitaGyan/OldWisdom/test/services/intelligent_scenario_search_test.dart: IntelligentScenarioSearch State Management should maintain state across searches 
🧠 Using AI semantic search...
🔍 Keyword search: "career" → 1/1 results in 0ms
❌ Error fetching paginated scenarios for en: PostgrestException(message: , code: 400, details: , hint: null)
🔧 Using fallback method for scenarios (limit: 50, offset: 0)
00:11 +246 -11: /Users/nishantgupta/Documents/GitaGyan/OldWisdom/test/services/enhanced_semantic_search_service_test.dart: EnhancedSemanticSearchService SemanticSearchResult Model should include matched terms
🔍 Enhanced semantic search: "work stress anxiety" → 4/4 results in 3ms
00:11 +247 -11: /Users/nishantgupta/Documents/GitaGyan/OldWisdom/test/screens/more_screen_test.dart: MoreScreen Widget Tests should render more screen with app bar                                    00:11 +248 -11: /Users/nishantgupta/Documents/GitaGyan/OldWisdom/test/screens/more_screen_test.dart: MoreScreen Widget Tests should render more screen with app bar                                    00:11 +248 -11: /Users/nishantgupta/Documents/GitaGyan/OldWisdom/test/services/intelligent_scenario_search_test.dart: IntelligentScenarioSearch State Management should maintain state across searches 
❌ Fallback scenarios fetch failed: PostgrestException(message: , code: 400, details: , hint: null)
⚠️ No scenarios available for indexing
🔍 Enhanced semantic search: "career" → 2/2 results in 4ms
✅ AI-powered hybrid search: 2 results in 6ms
00:11 +249 -11: /Users/nishantgupta/Documents/GitaGyan/OldWisdom/test/screens/more_screen_test.dart: MoreScreen Widget Tests should render more screen with app bar                                    00:11 +250 -11: /Users/nishantgupta/Documents/GitaGyan/OldWisdom/test/screens/more_screen_test.dart: MoreScreen Widget Tests should render more screen with app bar                                    00:11 +250 -11: /Users/nishantgupta/Documents/GitaGyan/OldWisdom/test/services/enhanced_semantic_search_service_test.dart: EnhancedSemanticSearchService SemanticSearchResult Model matched terms should contain query-related terms
🧠 Enhanced semantic search already initialized (5 scenarios)
00:11 +250 -11: /Users/nishantgupta/Documents/GitaGyan/OldWisdom/test/services/intelligent_scenario_search_test.dart: IntelligentScenarioSearch State Management should handle initialization state    
📇 Scenario index already up-to-date (3 scenarios)
🧠 Enhanced semantic search already initialized (3 scenarios)
00:11 +250 -11: /Users/nishantgupta/Documents/GitaGyan/OldWisdom/test/services/enhanced_semantic_search_service_test.dart: EnhancedSemanticSearchService SemanticSearchResult Model matched terms should contain query-related terms
🔍 Enhanced semantic search: "work stress" → 3/3 results in 2ms
00:11 +251 -11: /Users/nishantgupta/Documents/GitaGyan/OldWisdom/test/screens/more_screen_test.dart: MoreScreen Widget Tests should render more screen with app bar                                    00:11 +252 -11: /Users/nishantgupta/Documents/GitaGyan/OldWisdom/test/screens/more_screen_test.dart: MoreScreen Widget Tests should render more screen with app bar                                    00:11 +253 -11: /Users/nishantgupta/Documents/GitaGyan/OldWisdom/test/screens/more_screen_test.dart: MoreScreen Widget Tests should render more screen with app bar                                    00:11 +253 -11: /Users/nishantgupta/Documents/GitaGyan/OldWisdom/test/services/enhanced_semantic_search_service_test.dart: EnhancedSemanticSearchService Semantic Overlap should calculate overlap for direct matches
🧠 Enhanced semantic search already initialized (5 scenarios)
00:11 +253 -11: /Users/nishantgupta/Documents/GitaGyan/OldWisdom/test/services/intelligent_scenario_search_test.dart: IntelligentScenarioSearch Error Handling should handle empty scenario list gracefully
📇 Scenario index already up-to-date (3 scenarios)
00:11 +254 -11: /Users/nishantgupta/Documents/GitaGyan/OldWisdom/test/screens/more_screen_test.dart: MoreScreen Widget Tests should render more screen with app bar                                    00:11 +254 -11: /Users/nishantgupta/Documents/GitaGyan/OldWisdom/test/services/intelligent_scenario_search_test.dart: IntelligentScenarioSearch Error Handling should handle empty scenario list gracefully
🧠 Enhanced semantic search already initialized (3 scenarios)
📇 Building keyword index for 0 scenarios...
✅ Keyword index built in 0ms
00:11 +254 -11: /Users/nishantgupta/Documents/GitaGyan/OldWisdom/test/services/enhanced_semantic_search_service_test.dart: EnhancedSemanticSearchService Semantic Overlap should calculate overlap for direct matches
🔍 Enhanced semantic search: "stress" → 2/2 results in 1ms
00:11 +254 -11: /Users/nishantgupta/Documents/GitaGyan/OldWisdom/test/services/intelligent_scenario_search_test.dart: IntelligentScenarioSearch Error Handling should handle empty scenario list gracefully
🧠 Initializing enhanced semantic search with AI-powered algorithms...
📚 Built vocabulary: 0 unique terms
00:11 +255 -11: /Users/nishantgupta/Documents/GitaGyan/OldWisdom/test/screens/more_screen_test.dart: MoreScreen Widget Tests should render more screen with app bar                                    00:11 +255 -11: /Users/nishantgupta/Documents/GitaGyan/OldWisdom/test/services/intelligent_scenario_search_test.dart: IntelligentScenarioSearch Error Handling should handle empty scenario list gracefully
✅ Enhanced semantic search initialized in 0ms
📊 Indexed 0 scenarios with 0 unique terms
⚠️ Intelligent search not initialized yet
🔍 Starting intelligent search initialization in background...
00:11 +256 -11: /Users/nishantgupta/Documents/GitaGyan/OldWisdom/test/screens/more_screen_test.dart: MoreScreen Widget Tests should render more screen with app bar                                    00:11 +256 -11: /Users/nishantgupta/Documents/GitaGyan/OldWisdom/test/services/intelligent_scenario_search_test.dart: IntelligentScenarioSearch Error Handling should handle empty scenario list gracefully
🧠 Using AI semantic search...
⚠️ Keyword index not ready
⚠️ Enhanced semantic search not ready
00:11 +256 -11: /Users/nishantgupta/Documents/GitaGyan/OldWisdom/test/services/enhanced_semantic_search_service_test.dart: EnhancedSemanticSearchService Semantic Overlap should calculate overlap for related terms
🧠 Enhanced semantic search already initialized (5 scenarios)
00:11 +256 -11: /Users/nishantgupta/Documents/GitaGyan/OldWisdom/test/services/intelligent_scenario_search_test.dart: IntelligentScenarioSearch Error Handling should handle empty scenario list gracefully
⚠️ AI search returned no results, using keyword fallback
✅ Keyword fallback: 0 results in 1ms
00:11 +257 -11: /Users/nishantgupta/Documents/GitaGyan/OldWisdom/test/screens/more_screen_test.dart: MoreScreen Widget Tests should render more screen with app bar                                    00:11 +258 -11: /Users/nishantgupta/Documents/GitaGyan/OldWisdom/test/screens/more_screen_test.dart: MoreScreen Widget Tests should render more screen with app bar                                    00:11 +258 -11: /Users/nishantgupta/Documents/GitaGyan/OldWisdom/test/services/intelligent_scenario_search_test.dart: IntelligentScenarioSearch Error Handling should handle empty scenario list gracefully
❌ Error fetching paginated scenarios for en: PostgrestException(message: , code: 400, details: , hint: null)
🔧 Using fallback method for scenarios (limit: 50, offset: 0)
00:11 +258 -11: /Users/nishantgupta/Documents/GitaGyan/OldWisdom/test/services/enhanced_semantic_search_service_test.dart: EnhancedSemanticSearchService Semantic Overlap should calculate overlap for related terms
🔍 Enhanced semantic search: "anxiety worry pressure" → 3/3 results in 2ms
00:11 +259 -11: /Users/nishantgupta/Documents/GitaGyan/OldWisdom/test/screens/more_screen_test.dart: MoreScreen Widget Tests should render more screen with app bar                                    00:11 +259 -11: /Users/nishantgupta/Documents/GitaGyan/OldWisdom/test/services/intelligent_scenario_search_test.dart: IntelligentScenarioSearch Error Handling should handle empty scenario list gracefully
❌ Fallback scenarios fetch failed: PostgrestException(message: , code: 400, details: , hint: null)
⚠️ No scenarios available for indexing
00:11 +260 -11: /Users/nishantgupta/Documents/GitaGyan/OldWisdom/test/screens/more_screen_test.dart: MoreScreen Widget Tests should render more screen with app bar                                    00:11 +260 -11: /Users/nishantgupta/Documents/GitaGyan/OldWisdom/test/services/intelligent_scenario_search_test.dart: IntelligentScenarioSearch Error Handling should handle search errors gracefully  
📇 Building keyword index for 3 scenarios...
✅ Keyword index built in 0ms
00:11 +260 -11: /Users/nishantgupta/Documents/GitaGyan/OldWisdom/test/services/enhanced_semantic_search_service_test.dart: EnhancedSemanticSearchService Semantic Overlap should boost multi-term matches
🧠 Enhanced semantic search already initialized (5 scenarios)
00:11 +260 -11: /Users/nishantgupta/Documents/GitaGyan/OldWisdom/test/services/intelligent_scenario_search_test.dart: IntelligentScenarioSearch Error Handling should handle search errors gracefully  
🧠 Initializing enhanced semantic search with AI-powered algorithms...
📚 Built vocabulary: 42 unique terms
✅ Enhanced semantic search initialized in 1ms
📊 Indexed 3 scenarios with 42 unique terms
00:11 +260 -11: /Users/nishantgupta/Documents/GitaGyan/OldWisdom/test/services/enhanced_semantic_search_service_test.dart: EnhancedSemanticSearchService Semantic Overlap should boost multi-term matches
🔍 Enhanced semantic search: "work" → 3/3 results in 1ms
00:11 +260 -11: /Users/nishantgupta/Documents/GitaGyan/OldWisdom/test/services/intelligent_scenario_search_test.dart: IntelligentScenarioSearch Error Handling should handle search errors gracefully  
⚠️ Intelligent search not initialized yet
00:11 +261 -11: /Users/nishantgupta/Documents/GitaGyan/OldWisdom/test/screens/more_screen_test.dart: MoreScreen Widget Tests should render more screen with app bar                                    00:11 +261 -11: /Users/nishantgupta/Documents/GitaGyan/OldWisdom/test/services/intelligent_scenario_search_test.dart: IntelligentScenarioSearch Error Handling should handle search errors gracefully  
🔍 Starting intelligent search initialization in background...
00:11 +262 -11: /Users/nishantgupta/Documents/GitaGyan/OldWisdom/test/screens/more_screen_test.dart: MoreScreen Widget Tests should render more screen with app bar                                    00:11 +262 -11: /Users/nishantgupta/Documents/GitaGyan/OldWisdom/test/services/enhanced_semantic_search_service_test.dart: EnhancedSemanticSearchService Semantic Overlap should boost multi-term matches
🔍 Enhanced semantic search: "work stress anxiety" → 4/4 results in 3ms
00:11 +262 -11: /Users/nishantgupta/Documents/GitaGyan/OldWisdom/test/services/intelligent_scenario_search_test.dart: IntelligentScenarioSearch Error Handling should handle search errors gracefully  
❌ Error fetching paginated scenarios for en: PostgrestException(message: , code: 400, details: , hint: null)
🔧 Using fallback method for scenarios (limit: 50, offset: 0)
00:11 +263 -11: /Users/nishantgupta/Documents/GitaGyan/OldWisdom/test/screens/more_screen_test.dart: MoreScreen Widget Tests should render more screen with app bar                                    00:11 +264 -11: /Users/nishantgupta/Documents/GitaGyan/OldWisdom/test/screens/more_screen_test.dart: MoreScreen Widget Tests should render more screen with app bar                                    00:11 +264 -11: /Users/nishantgupta/Documents/GitaGyan/OldWisdom/test/services/intelligent_scenario_search_test.dart: IntelligentScenarioSearch Error Handling should handle search errors gracefully  
❌ Fallback scenarios fetch failed: PostgrestException(message: , code: 400, details: , hint: null)
⚠️ No scenarios available for indexing
00:11 +264 -11: /Users/nishantgupta/Documents/GitaGyan/OldWisdom/test/services/enhanced_semantic_search_service_test.dart: EnhancedSemanticSearchService Edge Cases should handle very short query     
🧠 Enhanced semantic search already initialized (5 scenarios)
00:11 +264 -11: /Users/nishantgupta/Documents/GitaGyan/OldWisdom/test/services/intelligent_scenario_search_test.dart: IntelligentScenarioSearch Error Handling should continue if semantic search fails
📇 Scenario index already up-to-date (3 scenarios)
🧠 Enhanced semantic search already initialized (3 scenarios)
00:11 +264 -11: /Users/nishantgupta/Documents/GitaGyan/OldWisdom/test/services/enhanced_semantic_search_service_test.dart: EnhancedSemanticSearchService Edge Cases should handle very short query     
🔍 Enhanced semantic search: "ab" → 0/0 results in 0ms
00:11 +265 -11: /Users/nishantgupta/Documents/GitaGyan/OldWisdom/test/screens/more_screen_test.dart: MoreScreen Widget Tests should render more screen with app bar                                    00:11 +266 -11: /Users/nishantgupta/Documents/GitaGyan/OldWisdom/test/screens/more_screen_test.dart: MoreScreen Widget Tests should render more screen with app bar                                    00:11 +266 -11: /Users/nishantgupta/Documents/GitaGyan/OldWisdom/test/services/intelligent_scenario_search_test.dart: IntelligentScenarioSearch Error Handling should continue if semantic search fails
⚠️ Intelligent search not initialized yet
🔍 Starting intelligent search initialization in background...
00:11 +266 -11: /Users/nishantgupta/Documents/GitaGyan/OldWisdom/test/services/enhanced_semantic_search_service_test.dart: EnhancedSemanticSearchService Edge Cases should handle single character query
🧠 Enhanced semantic search already initialized (5 scenarios)
00:11 +267 -11: /Users/nishantgupta/Documents/GitaGyan/OldWisdom/test/screens/more_screen_test.dart: MoreScreen Widget Tests should render more screen with app bar                                    00:11 +267 -11: /Users/nishantgupta/Documents/GitaGyan/OldWisdom/test/services/enhanced_semantic_search_service_test.dart: EnhancedSemanticSearchService Edge Cases should handle single character query
🔍 Enhanced semantic search: "a" → 0/0 results in 1ms
00:11 +267 -11: /Users/nishantgupta/Documents/GitaGyan/OldWisdom/test/services/intelligent_scenario_search_test.dart: IntelligentScenarioSearch Error Handling should continue if semantic search fails
🧠 Using AI semantic search...
00:11 +268 -11: /Users/nishantgupta/Documents/GitaGyan/OldWisdom/test/screens/more_screen_test.dart: MoreScreen Widget Tests should render more screen with app bar                                    00:11 +268 -11: /Users/nishantgupta/Documents/GitaGyan/OldWisdom/test/services/intelligent_scenario_search_test.dart: IntelligentScenarioSearch Error Handling should continue if semantic search fails
🔍 Keyword search: "work" → 1/1 results in 0ms
❌ Error fetching paginated scenarios for en: PostgrestException(message: , code: 400, details: , hint: null)
00:11 +269 -11: /Users/nishantgupta/Documents/GitaGyan/OldWisdom/test/screens/more_screen_test.dart: MoreScreen Widget Tests should render more screen with app bar                                    00:11 +269 -11: /Users/nishantgupta/Documents/GitaGyan/OldWisdom/test/services/intelligent_scenario_search_test.dart: IntelligentScenarioSearch Error Handling should continue if semantic search fails
🔧 Using fallback method for scenarios (limit: 50, offset: 0)
00:11 +269 -11: /Users/nishantgupta/Documents/GitaGyan/OldWisdom/test/services/enhanced_semantic_search_service_test.dart: EnhancedSemanticSearchService Edge Cases should handle numeric query        
🧠 Enhanced semantic search already initialized (5 scenarios)
00:11 +269 -11: /Users/nishantgupta/Documents/GitaGyan/OldWisdom/test/services/intelligent_scenario_search_test.dart: IntelligentScenarioSearch Error Handling should continue if semantic search fails
❌ Fallback scenarios fetch failed: PostgrestException(message: , code: 400, details: , hint: null)
⚠️ No scenarios available for indexing
🔍 Enhanced semantic search: "work" → 2/2 results in 5ms
✅ AI-powered hybrid search: 2 results in 7ms
00:11 +270 -11: /Users/nishantgupta/Documents/GitaGyan/OldWisdom/test/screens/more_screen_test.dart: MoreScreen Widget Tests should render more screen with app bar                                    00:11 +271 -11: /Users/nishantgupta/Documents/GitaGyan/OldWisdom/test/screens/more_screen_test.dart: MoreScreen Widget Tests should render more screen with app bar                                    00:11 +271 -11: /Users/nishantgupta/Documents/GitaGyan/OldWisdom/test/services/enhanced_semantic_search_service_test.dart: EnhancedSemanticSearchService Edge Cases should handle numeric query        
🔍 Enhanced semantic search: "123" → 0/0 results in 3ms
00:11 +272 -11: /Users/nishantgupta/Documents/GitaGyan/OldWisdom/test/screens/more_screen_test.dart: MoreScreen Widget Tests should render more screen with app bar                                    00:11 +272 -11: /Users/nishantgupta/Documents/GitaGyan/OldWisdom/test/services/intelligent_scenario_search_test.dart: IntelligentScenarioSearch Error Handling should maintain app functionality on search failure
📇 Scenario index already up-to-date (3 scenarios)
🧠 Enhanced semantic search already initialized (3 scenarios)
00:11 +273 -11: /Users/nishantgupta/Documents/GitaGyan/OldWisdom/test/screens/more_screen_test.dart: MoreScreen Widget Tests should render more screen with app bar                                    00:11 +273 -11: /Users/nishantgupta/Documents/GitaGyan/OldWisdom/test/services/intelligent_scenario_search_test.dart: IntelligentScenarioSearch Error Handling should maintain app functionality on search failure
⚠️ Intelligent search not initialized yet
🔍 Starting intelligent search initialization in background...
🧠 Using AI semantic search...
🔍 Keyword search: "test query" → 0/0 results in 0ms
00:11 +273 -11: /Users/nishantgupta/Documents/GitaGyan/OldWisdom/test/services/enhanced_semantic_search_service_test.dart: EnhancedSemanticSearchService Edge Cases should handle special characters   
🧠 Enhanced semantic search already initialized (5 scenarios)
00:11 +274 -11: /Users/nishantgupta/Documents/GitaGyan/OldWisdom/test/screens/more_screen_test.dart: MoreScreen Widget Tests should render more screen with app bar                                    00:11 +275 -11: /Users/nishantgupta/Documents/GitaGyan/OldWisdom/test/screens/more_screen_test.dart: MoreScreen Widget Tests should render more screen with app bar                                    00:11 +275 -11: /Users/nishantgupta/Documents/GitaGyan/OldWisdom/test/services/intelligent_scenario_search_test.dart: IntelligentScenarioSearch Error Handling should maintain app functionality on search failure
❌ Error fetching paginated scenarios for en: PostgrestException(message: , code: 400, details: , hint: null)
🔧 Using fallback method for scenarios (limit: 50, offset: 0)
00:11 +275 -11: /Users/nishantgupta/Documents/GitaGyan/OldWisdom/test/services/enhanced_semantic_search_service_test.dart: EnhancedSemanticSearchService Edge Cases should handle special characters   
🔍 Enhanced semantic search: "work! stress? anxiety..." → 4/4 results in 2ms
00:11 +275 -11: /Users/nishantgupta/Documents/GitaGyan/OldWisdom/test/services/intelligent_scenario_search_test.dart: IntelligentScenarioSearch Error Handling should maintain app functionality on search failure
❌ Fallback scenarios fetch failed: PostgrestException(message: , code: 400, details: , hint: null)
00:11 +276 -11: /Users/nishantgupta/Documents/GitaGyan/OldWisdom/test/screens/more_screen_test.dart: MoreScreen Widget Tests should render more screen with app bar                                    00:11 +276 -11: /Users/nishantgupta/Documents/GitaGyan/OldWisdom/test/services/intelligent_scenario_search_test.dart: IntelligentScenarioSearch Error Handling should maintain app functionality on search failure
⚠️ No scenarios available for indexing
🔍 Enhanced semantic search: "test query" → 0/0 results in 4ms
⚠️ AI search returned no results, using keyword fallback
00:11 +277 -11: /Users/nishantgupta/Documents/GitaGyan/OldWisdom/test/screens/more_screen_test.dart: MoreScreen Widget Tests should render more screen with app bar                                    00:11 +277 -11: /Users/nishantgupta/Documents/GitaGyan/OldWisdom/test/services/intelligent_scenario_search_test.dart: IntelligentScenarioSearch Error Handling should maintain app functionality on search failure
✅ Keyword fallback: 0 results in 6ms
00:11 +277 -11: /Users/nishantgupta/Documents/GitaGyan/OldWisdom/test/services/enhanced_semantic_search_service_test.dart: EnhancedSemanticSearchService Edge Cases should handle unicode characters   
🧠 Enhanced semantic search already initialized (5 scenarios)
00:11 +277 -11: /Users/nishantgupta/Documents/GitaGyan/OldWisdom/test/services/intelligent_scenario_search_test.dart: IntelligentScenarioSearch Search Type Indicators should mark keyword-only results
📇 Scenario index already up-to-date (3 scenarios)
🧠 Enhanced semantic search already initialized (3 scenarios)
🔍 Starting intelligent search initialization in background...
00:11 +277 -11: /Users/nishantgupta/Documents/GitaGyan/OldWisdom/test/services/enhanced_semantic_search_service_test.dart: EnhancedSemanticSearchService Edge Cases should handle unicode characters   
🔍 Enhanced semantic search: "कर्म योग" → 0/0 results in 1ms
00:11 +278 -11: /Users/nishantgupta/Documents/GitaGyan/OldWisdom/test/screens/more_screen_test.dart: MoreScreen Widget Tests should render more screen with app bar                                    00:11 +279 -11: /Users/nishantgupta/Documents/GitaGyan/OldWisdom/test/screens/more_screen_test.dart: MoreScreen Widget Tests should render more screen with app bar                                    00:11 +279 -11: /Users/nishantgupta/Documents/GitaGyan/OldWisdom/test/services/intelligent_scenario_search_test.dart: IntelligentScenarioSearch Search Type Indicators should mark keyword-only results
⚠️ Intelligent search not initialized yet
🔍 Starting intelligent search initialization in background...
🧠 Using AI semantic search...
🔍 Keyword search: "work" → 1/1 results in 0ms
00:11 +279 -11: /Users/nishantgupta/Documents/GitaGyan/OldWisdom/test/services/enhanced_semantic_search_service_test.dart: EnhancedSemanticSearchService Edge Cases should handle very long query      
🧠 Enhanced semantic search already initialized (5 scenarios)
00:11 +280 -11: /Users/nishantgupta/Documents/GitaGyan/OldWisdom/test/screens/more_screen_test.dart: MoreScreen Widget Tests should render more screen with app bar                                    00:11 +280 -11: /Users/nishantgupta/Documents/GitaGyan/OldWisdom/test/services/intelligent_scenario_search_test.dart: IntelligentScenarioSearch Search Type Indicators should mark keyword-only results
❌ Error fetching paginated scenarios for en: PostgrestException(message: , code: 400, details: , hint: null)
🔧 Using fallback method for scenarios (limit: 50, offset: 0)
❌ Fallback scenarios fetch failed: PostgrestException(message: , code: 400, details: , hint: null)
⚠️ No scenarios available for indexing
⚠️ No scenarios available for indexing
00:11 +281 -11: /Users/nishantgupta/Documents/GitaGyan/OldWisdom/test/screens/more_screen_test.dart: MoreScreen Widget Tests should render more screen with app bar                                    00:11 +281 -11: /Users/nishantgupta/Documents/GitaGyan/OldWisdom/test/services/intelligent_scenario_search_test.dart: IntelligentScenarioSearch Search Type Indicators should mark keyword-only results
🔍 Enhanced semantic search: "work" → 2/2 results in 6ms
✅ AI-powered hybrid search: 2 results in 7ms
00:11 +282 -11: /Users/nishantgupta/Documents/GitaGyan/OldWisdom/test/screens/more_screen_test.dart: MoreScreen Widget Tests should render more screen with app bar                                    00:11 +283 -11: /Users/nishantgupta/Documents/GitaGyan/OldWisdom/test/screens/more_screen_test.dart: MoreScreen Widget Tests should render more screen with app bar                                    00:11 +283 -11: /Users/nishantgupta/Documents/GitaGyan/OldWisdom/test/services/intelligent_scenario_search_test.dart: IntelligentScenarioSearch Search Type Indicators should mark semantic results    
📇 Scenario index already up-to-date (3 scenarios)
🧠 Enhanced semantic search already initialized (3 scenarios)
🔍 Starting intelligent search initialization in background...
⚠️ Intelligent search not initialized yet
🔍 Starting intelligent search initialization in background...
00:11 +284 -11: /Users/nishantgupta/Documents/GitaGyan/OldWisdom/test/screens/more_screen_test.dart: MoreScreen Widget Tests should render more screen with app bar                                    00:11 +284 -11: /Users/nishantgupta/Documents/GitaGyan/OldWisdom/test/services/intelligent_scenario_search_test.dart: IntelligentScenarioSearch Search Type Indicators should mark semantic results    
🧠 Using AI semantic search...
🔍 Keyword search: "work stress anxiety" → 1/1 results in 0ms
❌ Error fetching paginated scenarios for en: PostgrestException(message: , code: 400, details: , hint: null)
🔧 Using fallback method for scenarios (limit: 50, offset: 0)
00:11 +285 -11: /Users/nishantgupta/Documents/GitaGyan/OldWisdom/test/screens/more_screen_test.dart: MoreScreen Widget Tests should render more screen with app bar                                    00:11 +285 -11: /Users/nishantgupta/Documents/GitaGyan/OldWisdom/test/services/intelligent_scenario_search_test.dart: IntelligentScenarioSearch Search Type Indicators should mark semantic results    
❌ Fallback scenarios fetch failed: PostgrestException(message: , code: 400, details: , hint: null)
⚠️ No scenarios available for indexing
⚠️ No scenarios available for indexing
🔍 Enhanced semantic search: "work stress anxiety" → 2/2 results in 4ms
✅ AI-powered hybrid search: 2 results in 6ms
00:11 +286 -11: /Users/nishantgupta/Documents/GitaGyan/OldWisdom/test/screens/more_screen_test.dart: MoreScreen Widget Tests should render more screen with app bar                                    00:11 +287 -11: /Users/nishantgupta/Documents/GitaGyan/OldWisdom/test/screens/more_screen_test.dart: MoreScreen Widget Tests should render more screen with app bar                                    00:11 +287 -11: /Users/nishantgupta/Documents/GitaGyan/OldWisdom/test/services/intelligent_scenario_search_test.dart: IntelligentScenarioSearch Search Type Indicators should mark hybrid results      
📇 Scenario index already up-to-date (3 scenarios)
🧠 Enhanced semantic search already initialized (3 scenarios)
🔍 Starting intelligent search initialization in background...
⚠️ Intelligent search not initialized yet
00:11 +288 -11: /Users/nishantgupta/Documents/GitaGyan/OldWisdom/test/screens/more_screen_test.dart: MoreScreen Widget Tests should render more screen with app bar                                    00:11 +288 -11: /Users/nishantgupta/Documents/GitaGyan/OldWisdom/test/services/intelligent_scenario_search_test.dart: IntelligentScenarioSearch Search Type Indicators should mark hybrid results      
🔍 Starting intelligent search initialization in background...
🧠 Using AI semantic search...
🔍 Keyword search: "work stress" → 1/1 results in 0ms
❌ Error fetching paginated scenarios for en: PostgrestException(message: , code: 400, details: , hint: null)
🔧 Using fallback method for scenarios (limit: 50, offset: 0)
00:11 +289 -11: /Users/nishantgupta/Documents/GitaGyan/OldWisdom/test/screens/more_screen_test.dart: MoreScreen Widget Tests should render more screen with app bar                                    00:11 +289 -11: /Users/nishantgupta/Documents/GitaGyan/OldWisdom/test/services/intelligent_scenario_search_test.dart: IntelligentScenarioSearch Search Type Indicators should mark hybrid results      
❌ Fallback scenarios fetch failed: PostgrestException(message: , code: 400, details: , hint: null)
⚠️ No scenarios available for indexing
⚠️ No scenarios available for indexing
00:11 +289 -11: /Users/nishantgupta/Documents/GitaGyan/OldWisdom/test/services/enhanced_semantic_search_service_test.dart: EnhancedSemanticSearchService Edge Cases should handle very long query      
🔍 Enhanced semantic search: "work stress anxiety pressure deadlines overwhelm work stress anxiety pressure deadlines overwhelm work stress anxiety pressure deadlines overwhelm work stress anxiety pressure deadlines overwhelm work stress anxiety pressure deadlines overwhelm work stress anxiety pressure deadlines overwhelm work stress anxiety pressure deadlines overwhelm work stress anxiety pressure deadlines overwhelm work stress anxiety pressure deadlines overwhelm work stress anxiety pressure deadlines overwhelm " → 3/3 results in 30ms
00:11 +289 -11: /Users/nishantgupta/Documents/GitaGyan/OldWisdom/test/services/intelligent_scenario_search_test.dart: IntelligentScenarioSearch Search Type Indicators should mark hybrid results      
🔍 Enhanced semantic search: "work stress" → 2/2 results in 3ms
00:11 +290 -11: /Users/nishantgupta/Documents/GitaGyan/OldWisdom/test/screens/more_screen_test.dart: MoreScreen Widget Tests should render more screen with app bar                                    00:11 +290 -11: /Users/nishantgupta/Documents/GitaGyan/OldWisdom/test/services/intelligent_scenario_search_test.dart: IntelligentScenarioSearch Search Type Indicators should mark hybrid results      
✅ AI-powered hybrid search: 2 results in 4ms
00:11 +291 -11: /Users/nishantgupta/Documents/GitaGyan/OldWisdom/test/screens/more_screen_test.dart: MoreScreen Widget Tests should render more screen with app bar                                    00:11 +291 -11: /Users/nishantgupta/Documents/GitaGyan/OldWisdom/test/services/enhanced_semantic_search_service_test.dart: EnhancedSemanticSearchService Edge Cases should handle query with only stop words
🧠 Enhanced semantic search already initialized (5 scenarios)
00:11 +292 -11: /Users/nishantgupta/Documents/GitaGyan/OldWisdom/test/screens/more_screen_test.dart: MoreScreen Widget Tests should render more screen with app bar                                    00:11 +292 -11: /Users/nishantgupta/Documents/GitaGyan/OldWisdom/test/services/intelligent_scenario_search_test.dart: IntelligentScenarioSearch Search Type Indicators should mark fuzzy search results
📇 Scenario index already up-to-date (3 scenarios)
🧠 Enhanced semantic search already initialized (3 scenarios)
🔍 Starting intelligent search initialization in background...
00:11 +292 -11: /Users/nishantgupta/Documents/GitaGyan/OldWisdom/test/services/enhanced_semantic_search_service_test.dart: EnhancedSemanticSearchService Edge Cases should handle query with only stop words
🔍 Enhanced semantic search: "the and or but of" → 0/0 results in 0ms
00:11 +293 -11: /Users/nishantgupta/Documents/GitaGyan/OldWisdom/test/screens/more_screen_test.dart: MoreScreen Widget Tests should render more screen with app bar                                    00:11 +293 -11: /Users/nishantgupta/Documents/GitaGyan/OldWisdom/test/services/intelligent_scenario_search_test.dart: IntelligentScenarioSearch Search Type Indicators should mark fuzzy search results
⚠️ Intelligent search not initialized yet
🔍 Starting intelligent search initialization in background...
🧠 Using AI semantic search...
00:11 +294 -11: /Users/nishantgupta/Documents/GitaGyan/OldWisdom/test/screens/more_screen_test.dart: MoreScreen Widget Tests should render more screen with app bar                                    00:11 +294 -11: /Users/nishantgupta/Documents/GitaGyan/OldWisdom/test/services/intelligent_scenario_search_test.dart: IntelligentScenarioSearch Search Type Indicators should mark fuzzy search results
🔍 Keyword search: "Family" → 1/1 results in 0ms
00:11 +294 -11: /Users/nishantgupta/Documents/GitaGyan/OldWisdom/test/services/enhanced_semantic_search_service_test.dart: EnhancedSemanticSearchService Edge Cases should handle mixed alphanumeric query
🧠 Enhanced semantic search already initialized (5 scenarios)
00:11 +294 -11: /Users/nishantgupta/Documents/GitaGyan/OldWisdom/test/services/intelligent_scenario_search_test.dart: IntelligentScenarioSearch Search Type Indicators should mark fuzzy search results
❌ Error fetching paginated scenarios for en: PostgrestException(message: , code: 400, details: , hint: null)
🔧 Using fallback method for scenarios (limit: 50, offset: 0)
❌ Fallback scenarios fetch failed: PostgrestException(message: , code: 400, details: , hint: null)
⚠️ No scenarios available for indexing
⚠️ No scenarios available for indexing
00:11 +294 -11: /Users/nishantgupta/Documents/GitaGyan/OldWisdom/test/services/enhanced_semantic_search_service_test.dart: EnhancedSemanticSearchService Edge Cases should handle mixed alphanumeric query
🔍 Enhanced semantic search: "work2024 stress123" → 1/1 results in 1ms
00:11 +295 -11: /Users/nishantgupta/Documents/GitaGyan/OldWisdom/test/screens/more_screen_test.dart: MoreScreen Widget Tests should render more screen with app bar                                    00:11 +295 -11: /Users/nishantgupta/Documents/GitaGyan/OldWisdom/test/services/intelligent_scenario_search_test.dart: IntelligentScenarioSearch Search Type Indicators should mark fuzzy search results
🔍 Enhanced semantic search: "Family" → 1/1 results in 3ms
00:11 +296 -11: /Users/nishantgupta/Documents/GitaGyan/OldWisdom/test/screens/more_screen_test.dart: MoreScreen Widget Tests should render more screen with app bar                                    00:11 +296 -11: /Users/nishantgupta/Documents/GitaGyan/OldWisdom/test/services/intelligent_scenario_search_test.dart: IntelligentScenarioSearch Search Type Indicators should mark fuzzy search results
✅ AI-powered hybrid search: 1 results in 4ms
00:11 +297 -11: /Users/nishantgupta/Documents/GitaGyan/OldWisdom/test/screens/more_screen_test.dart: MoreScreen Widget Tests should render more screen with app bar                                    00:11 +297 -11: /Users/nishantgupta/Documents/GitaGyan/OldWisdom/test/services/intelligent_scenario_search_test.dart: IntelligentScenarioSearch Integration with Search Services should use KeywordSearchService
📇 Scenario index already up-to-date (3 scenarios)
00:11 +298 -11: /Users/nishantgupta/Documents/GitaGyan/OldWisdom/test/screens/more_screen_test.dart: MoreScreen Widget Tests should render more screen with app bar                                    00:11 +298 -11: /Users/nishantgupta/Documents/GitaGyan/OldWisdom/test/services/intelligent_scenario_search_test.dart: IntelligentScenarioSearch Integration with Search Services should use KeywordSearchService
🧠 Enhanced semantic search already initialized (3 scenarios)
🔍 Starting intelligent search initialization in background...
⚠️ Intelligent search not initialized yet
🔍 Starting intelligent search initialization in background...
🧠 Using AI semantic search...
🔍 Keyword search: "work" → 1/1 results in 0ms
❌ Error fetching paginated scenarios for en: PostgrestException(message: , code: 400, details: , hint: null)
🔧 Using fallback method for scenarios (limit: 50, offset: 0)
00:11 +298 -11: /Users/nishantgupta/Documents/GitaGyan/OldWisdom/test/services/enhanced_semantic_search_service_test.dart: EnhancedSemanticSearchService Performance should initialize efficiently     
🧠 Initializing enhanced semantic search with AI-powered algorithms...
00:11 +298 -11: /Users/nishantgupta/Documents/GitaGyan/OldWisdom/test/services/intelligent_scenario_search_test.dart: IntelligentScenarioSearch Integration with Search Services should use KeywordSearchService
❌ Fallback scenarios fetch failed: PostgrestException(message: , code: 400, details: , hint: null)
⚠️ No scenarios available for indexing
⚠️ No scenarios available for indexing
🔍 Enhanced semantic search: "work" → 2/2 results in 4ms
✅ AI-powered hybrid search: 2 results in 5ms
00:11 +299 -11: /Users/nishantgupta/Documents/GitaGyan/OldWisdom/test/screens/more_screen_test.dart: MoreScreen Widget Tests should render more screen with app bar                                    00:11 +299 -11: /Users/nishantgupta/Documents/GitaGyan/OldWisdom/test/services/intelligent_scenario_search_test.dart: IntelligentScenarioSearch Integration with Search Services should use EnhancedSemanticSearchService
📇 Scenario index already up-to-date (3 scenarios)
🧠 Enhanced semantic search already initialized (3 scenarios)
🔍 Starting intelligent search initialization in background...
⚠️ Intelligent search not initialized yet
🔍 Starting intelligent search initialization in background...
00:11 +299 -11: /Users/nishantgupta/Documents/GitaGyan/OldWisdom/test/screens/more_screen_test.dart: MoreScreen Widget Tests should render more screen with app bar                                    00:11 +299 -11: /Users/nishantgupta/Documents/GitaGyan/OldWisdom/test/services/intelligent_scenario_search_test.dart: IntelligentScenarioSearch Integration with Search Services should use EnhancedSemanticSearchService
🧠 Using AI semantic search...
🔍 Keyword search: "work stress" → 1/1 results in 0ms
❌ Error fetching paginated scenarios for en: PostgrestException(message: , code: 400, details: , hint: null)
🔧 Using fallback method for scenarios (limit: 50, offset: 0)
00:11 +299 -11: /Users/nishantgupta/Documents/GitaGyan/OldWisdom/test/services/enhanced_semantic_search_service_test.dart: EnhancedSemanticSearchService Performance should initialize efficiently     
📚 Built vocabulary: 16 unique terms
00:11 +299 -11: /Users/nishantgupta/Documents/GitaGyan/OldWisdom/test/services/intelligent_scenario_search_test.dart: IntelligentScenarioSearch Integration with Search Services should use EnhancedSemanticSearchService
❌ Fallback scenarios fetch failed: PostgrestException(message: , code: 400, details: , hint: null)
⚠️ No scenarios available for indexing
⚠️ No scenarios available for indexing
🔍 Enhanced semantic search: "work stress" → 2/2 results in 6ms
✅ AI-powered hybrid search: 2 results in 7ms
00:11 +300 -11: /Users/nishantgupta/Documents/GitaGyan/OldWisdom/test/screens/more_screen_test.dart: MoreScreen Widget Tests should render more screen with app bar                                    00:11 +300 -11: /Users/nishantgupta/Documents/GitaGyan/OldWisdom/test/services/intelligent_scenario_search_test.dart: IntelligentScenarioSearch Integration with Search Services should combine results from multiple engines
📇 Scenario index already up-to-date (3 scenarios)
🧠 Enhanced semantic search already initialized (3 scenarios)
🔍 Starting intelligent search initialization in background...
⚠️ Intelligent search not initialized yet
🔍 Starting intelligent search initialization in background...
🧠 Using AI semantic search...
🔍 Keyword search: "work stress anxiety" → 1/1 results in 0ms
❌ Error fetching paginated scenarios for en: PostgrestException(message: , code: 400, details: , hint: null)
🔧 Using fallback method for scenarios (limit: 50, offset: 0)
❌ Fallback scenarios fetch failed: PostgrestException(message: , code: 400, details: , hint: null)
⚠️ No scenarios available for indexing
⚠️ No scenarios available for indexing
🔍 Enhanced semantic search: "work stress anxiety" → 2/2 results in 3ms
✅ AI-powered hybrid search: 2 results in 5ms
00:11 +300 -11: /Users/nishantgupta/Documents/GitaGyan/OldWisdom/test/services/enhanced_semantic_search_service_test.dart: EnhancedSemanticSearchService Performance should initialize efficiently     
✅ Enhanced semantic search initialized in 28ms
📊 Indexed 100 scenarios with 16 unique terms
00:11 +301 -11: /Users/nishantgupta/Documents/GitaGyan/OldWisdom/test/screens/more_screen_test.dart: MoreScreen Widget Tests should render more screen with app bar                                    00:11 +302 -11: /Users/nishantgupta/Documents/GitaGyan/OldWisdom/test/screens/more_screen_test.dart: MoreScreen Widget Tests should render more screen with app bar                                    00:11 +302 -11: /Users/nishantgupta/Documents/GitaGyan/OldWisdom/test/services/enhanced_semantic_search_service_test.dart: EnhancedSemanticSearchService Performance should search efficiently         
🧠 Initializing enhanced semantic search with AI-powered algorithms...
📚 Built vocabulary: 108 unique terms
✅ Enhanced semantic search initialized in 2ms
📊 Indexed 5 scenarios with 108 unique terms
00:11 +302 -11: /Users/nishantgupta/Documents/GitaGyan/OldWisdom/test/screens/more_screen_test.dart: MoreScreen Widget Tests should render more screen with app bar                                    00:11 +302 -11: /Users/nishantgupta/Documents/GitaGyan/OldWisdom/test/services/enhanced_semantic_search_service_test.dart: EnhancedSemanticSearchService Performance should search efficiently         
🔍 Enhanced semantic search: "work stress anxiety pressure" → 4/4 results in 4ms
00:11 +303 -11: /Users/nishantgupta/Documents/GitaGyan/OldWisdom/test/screens/more_screen_test.dart: MoreScreen Widget Tests should render more screen with app bar                                    00:11 +303 -11: /Users/nishantgupta/Documents/GitaGyan/OldWisdom/test/services/enhanced_semantic_search_service_test.dart: EnhancedSemanticSearchService Performance should handle concurrent searches 
🧠 Enhanced semantic search already initialized (5 scenarios)
🔍 Enhanced semantic search: "work stress" → 3/3 results in 2ms
🔍 Enhanced semantic search: "family anger" → 1/1 results in 3ms
🔍 Enhanced semantic search: "career purpose" → 3/3 results in 3ms
🔍 Enhanced semantic search: "money anxiety" → 3/3 results in 3ms
00:11 +304 -11: /Users/nishantgupta/Documents/GitaGyan/OldWisdom/test/screens/more_screen_test.dart: MoreScreen Widget Tests should render more screen with app bar                                    00:11 +305 -11: /Users/nishantgupta/Documents/GitaGyan/OldWisdom/test/screens/more_screen_test.dart: MoreScreen Widget Tests should render more screen with app bar                                    00:11 +306 -11: /Users/nishantgupta/Documents/GitaGyan/OldWisdom/test/screens/more_screen_test.dart: MoreScreen Widget Tests should render more screen with app bar                                    00:11 +307 -11: /Users/nishantgupta/Documents/GitaGyan/OldWisdom/test/screens/more_screen_test.dart: MoreScreen Widget Tests should render more screen with app bar                                    00:11 +308 -11: /Users/nishantgupta/Documents/GitaGyan/OldWisdom/test/screens/more_screen_test.dart: MoreScreen Widget Tests should render more screen with app bar                                    00:11 +308 -11: /Users/nishantgupta/Documents/GitaGyan/OldWisdom/test/services/enhanced_semantic_search_service_test.dart: EnhancedSemanticSearchService Dispose should allow re-initialization after dispose
🧠 Initializing enhanced semantic search with AI-powered algorithms...
📚 Built vocabulary: 108 unique terms
✅ Enhanced semantic search initialized in 1ms
📊 Indexed 5 scenarios with 108 unique terms
00:11 +309 -11: /Users/nishantgupta/Documents/GitaGyan/OldWisdom/test/screens/more_screen_test.dart: MoreScreen Widget Tests should render more screen with app bar                                    00:11 +309 -11: /Users/nishantgupta/Documents/GitaGyan/OldWisdom/test/services/enhanced_semantic_search_service_test.dart: EnhancedSemanticSearchService State Management should maintain state across searches
🧠 Enhanced semantic search already initialized (5 scenarios)
🔍 Enhanced semantic search: "work" → 3/3 results in 1ms
🔍 Enhanced semantic search: "family" → 1/1 results in 1ms
🔍 Enhanced semantic search: "career" → 3/3 results in 1ms
00:11 +310 -11: /Users/nishantgupta/Documents/GitaGyan/OldWisdom/test/screens/more_screen_test.dart: MoreScreen Widget Tests should render more screen with app bar                                    00:11 +310 -11: /Users/nishantgupta/Documents/GitaGyan/OldWisdom/test/services/enhanced_semantic_search_service_test.dart: EnhancedSemanticSearchService State Management should handle vocabulary building
🧠 Enhanced semantic search already initialized (5 scenarios)
00:11 +311 -11: /Users/nishantgupta/Documents/GitaGyan/OldWisdom/test/screens/more_screen_test.dart: MoreScreen Widget Tests should render more screen with app bar                                    00:11 +311 -11: /Users/nishantgupta/Documents/GitaGyan/OldWisdom/test/services/enhanced_semantic_search_service_test.dart: EnhancedSemanticSearchService State Management should maintain semantic vectors
🧠 Enhanced semantic search already initialized (5 scenarios)
🔍 Enhanced semantic search: "work" → 3/3 results in 1ms
🔍 Enhanced semantic search: "work" → 3/3 results in 1ms
00:11 +312 -11: /Users/nishantgupta/Documents/GitaGyan/OldWisdom/test/screens/more_screen_test.dart: MoreScreen Widget Tests should render more screen with app bar                                    00:11 +312 -11: /Users/nishantgupta/Documents/GitaGyan/OldWisdom/test/services/enhanced_semantic_search_service_test.dart: EnhancedSemanticSearchService Match Reason Generation should provide meaningful match reasons
🧠 Enhanced semantic search already initialized (5 scenarios)
🔍 Enhanced semantic search: "work stress" → 3/3 results in 1ms
00:11 +313 -11: /Users/nishantgupta/Documents/GitaGyan/OldWisdom/test/screens/more_screen_test.dart: MoreScreen Widget Tests should render more screen with app bar                                    00:11 +313 -11: /Users/nishantgupta/Documents/GitaGyan/OldWisdom/test/services/enhanced_semantic_search_service_test.dart: EnhancedSemanticSearchService Match Reason Generation should vary match reasons based on scoring
🧠 Enhanced semantic search already initialized (5 scenarios)
🔍 Enhanced semantic search: "anxiety worry fear stress pressure" → 3/3 results in 2ms
00:11 +314 -11: /Users/nishantgupta/Documents/GitaGyan/OldWisdom/test/screens/more_screen_test.dart: MoreScreen Widget Tests should render more screen with app bar                                    00:11 +315 -11: /Users/nishantgupta/Documents/GitaGyan/OldWisdom/test/screens/more_screen_test.dart: MoreScreen Widget Tests should render more screen with app bar                                    00:11 +316 -11: /Users/nishantgupta/Documents/GitaGyan/OldWisdom/test/screens/more_screen_test.dart: MoreScreen Widget Tests should render more screen with app bar                                    00:11 +317 -11: /Users/nishantgupta/Documents/GitaGyan/OldWisdom/test/screens/more_screen_test.dart: MoreScreen Widget Tests should render more screen with app bar                                    00:11 +318 -11: /Users/nishantgupta/Documents/GitaGyan/OldWisdom/test/screens/more_screen_test.dart: MoreScreen Widget Tests should render more screen with app bar                                    00:11 +319 -11: /Users/nishantgupta/Documents/GitaGyan/OldWisdom/test/screens/more_screen_test.dart: MoreScreen Widget Tests should render more screen with app bar                                    00:11 +320 -11: /Users/nishantgupta/Documents/GitaGyan/OldWisdom/test/screens/more_screen_test.dart: MoreScreen Widget Tests should render more screen with app bar                                    00:11 +321 -11: /Users/nishantgupta/Documents/GitaGyan/OldWisdom/test/screens/more_screen_test.dart: MoreScreen Widget Tests should render more screen with app bar                                    00:11 +322 -11: /Users/nishantgupta/Documents/GitaGyan/OldWisdom/test/screens/more_screen_test.dart: MoreScreen Widget Tests should render more screen with app bar                                    00:11 +323 -11: /Users/nishantgupta/Documents/GitaGyan/OldWisdom/test/screens/more_screen_test.dart: MoreScreen Widget Tests should render more screen with app bar                                    00:11 +324 -11: /Users/nishantgupta/Documents/GitaGyan/OldWisdom/test/screens/more_screen_test.dart: MoreScreen Widget Tests should render more screen with app bar                                    00:11 +325 -11: /Users/nishantgupta/Documents/GitaGyan/OldWisdom/test/screens/more_screen_test.dart: MoreScreen Widget Tests should render more screen with app bar                                    00:11 +326 -11: /Users/nishantgupta/Documents/GitaGyan/OldWisdom/test/screens/more_screen_test.dart: MoreScreen Widget Tests should render more screen with app bar                                    00:11 +327 -11: /Users/nishantgupta/Documents/GitaGyan/OldWisdom/test/screens/more_screen_test.dart: MoreScreen Widget Tests should render more screen with app bar                                    00:11 +328 -11: /Users/nishantgupta/Documents/GitaGyan/OldWisdom/test/screens/more_screen_test.dart: MoreScreen Widget Tests should render more screen with app bar                                    00:11 +329 -11: /Users/nishantgupta/Documents/GitaGyan/OldWisdom/test/screens/more_screen_test.dart: MoreScreen Widget Tests should render more screen with app bar                                    00:11 +330 -11: /Users/nishantgupta/Documents/GitaGyan/OldWisdom/test/screens/more_screen_test.dart: MoreScreen Widget Tests should render more screen with app bar                                    00:11 +331 -11: /Users/nishantgupta/Documents/GitaGyan/OldWisdom/test/screens/more_screen_test.dart: MoreScreen Widget Tests should render more screen with app bar                                    00:11 +332 -11: /Users/nishantgupta/Documents/GitaGyan/OldWisdom/test/screens/more_screen_test.dart: MoreScreen Widget Tests should render more screen with app bar                                    00:11 +333 -11: /Users/nishantgupta/Documents/GitaGyan/OldWisdom/test/screens/more_screen_test.dart: MoreScreen Widget Tests should render more screen with app bar                                    00:11 +334 -11: /Users/nishantgupta/Documents/GitaGyan/OldWisdom/test/screens/more_screen_test.dart: MoreScreen Widget Tests should render more screen with app bar                                    00:11 +335 -11: /Users/nishantgupta/Documents/GitaGyan/OldWisdom/test/screens/more_screen_test.dart: MoreScreen Widget Tests should render more screen with app bar                                    00:11 +336 -11: /Users/nishantgupta/Documents/GitaGyan/OldWisdom/test/screens/more_screen_test.dart: MoreScreen Widget Tests should render more screen with app bar                                    00:11 +337 -11: /Users/nishantgupta/Documents/GitaGyan/OldWisdom/test/screens/more_screen_test.dart: MoreScreen Widget Tests should render more screen with app bar                                    00:11 +338 -11: /Users/nishantgupta/Documents/GitaGyan/OldWisdom/test/screens/more_screen_test.dart: MoreScreen Widget Tests should render more screen with app bar                                    00:11 +339 -11: /Users/nishantgupta/Documents/GitaGyan/OldWisdom/test/screens/more_screen_test.dart: MoreScreen Widget Tests should render more screen with app bar                                    00:11 +340 -11: /Users/nishantgupta/Documents/GitaGyan/OldWisdom/test/screens/more_screen_test.dart: MoreScreen Widget Tests should render more screen with app bar                                    00:11 +341 -11: /Users/nishantgupta/Documents/GitaGyan/OldWisdom/test/screens/more_screen_test.dart: MoreScreen Widget Tests should render more screen with app bar                                    00:11 +342 -11: /Users/nishantgupta/Documents/GitaGyan/OldWisdom/test/screens/more_screen_test.dart: MoreScreen Widget Tests should render more screen with app bar                                    00:11 +343 -11: /Users/nishantgupta/Documents/GitaGyan/OldWisdom/test/screens/more_screen_test.dart: MoreScreen Widget Tests should render more screen with app bar                                    00:11 +344 -11: /Users/nishantgupta/Documents/GitaGyan/OldWisdom/test/screens/more_screen_test.dart: MoreScreen Widget Tests should render more screen with app bar                                    00:11 +345 -11: /Users/nishantgupta/Documents/GitaGyan/OldWisdom/test/screens/more_screen_test.dart: MoreScreen Widget Tests should render more screen with app bar                                    00:11 +346 -11: /Users/nishantgupta/Documents/GitaGyan/OldWisdom/test/screens/more_screen_test.dart: MoreScreen Widget Tests should render more screen with app bar                                    00:11 +347 -11: /Users/nishantgupta/Documents/GitaGyan/OldWisdom/test/screens/more_screen_test.dart: MoreScreen Widget Tests should render more screen with app bar                                    00:11 +348 -11: /Users/nishantgupta/Documents/GitaGyan/OldWisdom/test/screens/more_screen_test.dart: MoreScreen Widget Tests should render more screen with app bar                                    00:11 +349 -11: /Users/nishantgupta/Documents/GitaGyan/OldWisdom/test/screens/more_screen_test.dart: MoreScreen Widget Tests should render more screen with app bar                                    00:12 +349 -11: /Users/nishantgupta/Documents/GitaGyan/OldWisdom/test/screens/more_screen_test.dart: MoreScreen Widget Tests should render more screen with app bar                                    00:13 +349 -11: /Users/nishantgupta/Documents/GitaGyan/OldWisdom/test/screens/more_screen_test.dart: MoreScreen Widget Tests should render more screen with app bar                                    00:13 +349 -11: /Users/nishantgupta/Documents/GitaGyan/OldWisdom/test/screens/more_screen_test.dart: MoreScreen Widget Tests should render more screen with app bar                                    
══╡ EXCEPTION CAUGHT BY FLUTTER TEST FRAMEWORK ╞════════════════════════════════════════════════════
The following assertion was thrown running a test:
pumpAndSettle timed out

When the exception was thrown, this was the stack:
#0      WidgetTester.pumpAndSettle.<anonymous closure> (package:flutter_test/src/widget_tester.dart:717:11)
<asynchronous suspension>
#1      TestAsyncUtils.guard.<anonymous closure> (package:flutter_test/src/test_async_utils.dart:130:27)
<asynchronous suspension>
#2      main.<anonymous closure>.<anonymous closure> (file:///Users/nishantgupta/Documents/GitaGyan/OldWisdom/test/screens/more_screen_test.dart:67:7)
<asynchronous suspension>
#3      testWidgets.<anonymous closure>.<anonymous closure> (package:flutter_test/src/widget_tester.dart:192:15)
<asynchronous suspension>
#4      TestWidgetsFlutterBinding._runTestBody (package:flutter_test/src/binding.dart:1059:5)
<asynchronous suspension>
<asynchronous suspension>
(elided one frame from package:stack_trace)

The test description was:
  should render more screen with app bar
════════════════════════════════════════════════════════════════════════════════════════════════════
00:13 +349 -12: /Users/nishantgupta/Documents/GitaGyan/OldWisdom/test/screens/more_screen_test.dart: MoreScreen Widget Tests should render more screen with app bar [E]                                
  Test failed. See exception logs above.
  The test description was: should render more screen with app bar
  

To run this test again: /Users/nishantgupta/Documents/Development/flutter/bin/cache/dart-sdk/bin/dart test /Users/nishantgupta/Documents/GitaGyan/OldWisdom/test/screens/more_screen_test.dart -p vm --plain-name 'MoreScreen Widget Tests should render more screen with app bar'
00:13 +349 -12: /Users/nishantgupta/Documents/GitaGyan/OldWisdom/test/screens/more_screen_test.dart: MoreScreen Widget Tests should display sections in correct order                                  00:14 +349 -12: /Users/nishantgupta/Documents/GitaGyan/OldWisdom/test/screens/more_screen_test.dart: MoreScreen Widget Tests should display sections in correct order                                  test/services/daily_verse_service_test.dart:118:29: Error: The getter 'verseNumber' isn't defined for the type 'Verse'.
 - 'Verse' is from 'package:GitaWisdom/models/verse.dart' ('lib/models/verse.dart').
Try correcting the name to the name of an existing getter, or defining a getter or field named 'verseNumber'.
        expect(verses.first.verseNumber, equals('2.47'));
                            ^^^^^^^^^^^
00:14 +349 -13: loading /Users/nishantgupta/Documents/GitaGyan/OldWisdom/test/services/daily_verse_service_test.dart [E]                                                                               
  Failed to load "/Users/nishantgupta/Documents/GitaGyan/OldWisdom/test/services/daily_verse_service_test.dart":
  Compilation failed for testPath=/Users/nishantgupta/Documents/GitaGyan/OldWisdom/test/services/daily_verse_service_test.dart: test/services/daily_verse_service_test.dart:118:29: Error: The getter 'verseNumber' isn't defined for the type 'Verse'.
   - 'Verse' is from 'package:GitaWisdom/models/verse.dart' ('lib/models/verse.dart').
  Try correcting the name to the name of an existing getter, or defining a getter or field named 'verseNumber'.
          expect(verses.first.verseNumber, equals('2.47'));
                              ^^^^^^^^^^^
  .

To run this test again: /Users/nishantgupta/Documents/Development/flutter/bin/cache/dart-sdk/bin/dart test /Users/nishantgupta/Documents/GitaGyan/OldWisdom/test/services/daily_verse_service_test.dart -p vm --plain-name 'loading /Users/nishantgupta/Documents/GitaGyan/OldWisdom/test/services/daily_verse_service_test.dart'
00:14 +349 -13: /Users/nishantgupta/Documents/GitaGyan/OldWisdom/test/screens/more_screen_test.dart: MoreScreen Widget Tests should display sections in correct order                                  00:14 +349 -13: /Users/nishantgupta/Documents/GitaGyan/OldWisdom/test/services/app_lifecycle_manager_test.dart: AppLifecycleManager Initialization should create manager instance                      
🎵 Manually clearing resume state
00:14 +350 -13: /Users/nishantgupta/Documents/GitaGyan/OldWisdom/test/screens/more_screen_test.dart: MoreScreen Widget Tests should display sections in correct order                                  00:14 +350 -13: /Users/nishantgupta/Documents/GitaGyan/OldWisdom/test/services/app_lifecycle_manager_test.dart: AppLifecycleManager Initialization should be a singleton                               
🎵 Manually clearing resume state
00:14 +351 -13: /Users/nishantgupta/Documents/GitaGyan/OldWisdom/test/screens/more_screen_test.dart: MoreScreen Widget Tests should display sections in correct order                                  00:14 +351 -13: /Users/nishantgupta/Documents/GitaGyan/OldWisdom/test/services/app_lifecycle_manager_test.dart: AppLifecycleManager Initialization should implement WidgetsBindingObserver             
🎵 Manually clearing resume state
00:14 +352 -13: /Users/nishantgupta/Documents/GitaGyan/OldWisdom/test/screens/more_screen_test.dart: MoreScreen Widget Tests should display sections in correct order                                  00:14 +352 -13: /Users/nishantgupta/Documents/GitaGyan/OldWisdom/test/services/app_lifecycle_manager_test.dart: AppLifecycleManager Initialization should initialize without errors                    
🎵 Manually clearing resume state
🎵 AppLifecycleManager initialized
🎵 AppLifecycleManager disposed
00:14 +353 -13: /Users/nishantgupta/Documents/GitaGyan/OldWisdom/test/screens/more_screen_test.dart: MoreScreen Widget Tests should display sections in correct order                                  00:14 +353 -13: /Users/nishantgupta/Documents/GitaGyan/OldWisdom/test/services/app_lifecycle_manager_test.dart: AppLifecycleManager Initialization should not initialize twice                         
🎵 Manually clearing resume state
🎵 AppLifecycleManager initialized
🎵 AppLifecycleManager disposed
00:14 +354 -13: /Users/nishantgupta/Documents/GitaGyan/OldWisdom/test/screens/more_screen_test.dart: MoreScreen Widget Tests should display sections in correct order                                  00:14 +354 -13: /Users/nishantgupta/Documents/GitaGyan/OldWisdom/test/services/app_lifecycle_manager_test.dart: AppLifecycleManager Initialization should initialize music service                     
🎵 Manually clearing resume state
🎵 AppLifecycleManager initialized
🎵 AppLifecycleManager disposed
00:14 +355 -13: /Users/nishantgupta/Documents/GitaGyan/OldWisdom/test/screens/more_screen_test.dart: MoreScreen Widget Tests should display sections in correct order                                  00:14 +355 -13: /Users/nishantgupta/Documents/GitaGyan/OldWisdom/test/services/app_lifecycle_manager_test.dart: AppLifecycleManager State Properties should expose shouldResumeMusic property          
🎵 Manually clearing resume state
00:14 +356 -13: /Users/nishantgupta/Documents/GitaGyan/OldWisdom/test/screens/more_screen_test.dart: MoreScreen Widget Tests should display sections in correct order                                  00:14 +356 -13: /Users/nishantgupta/Documents/GitaGyan/OldWisdom/test/services/app_lifecycle_manager_test.dart: AppLifecycleManager State Properties should expose wasMusicPlayingBeforeBackground property
🎵 Manually clearing resume state
00:14 +357 -13: /Users/nishantgupta/Documents/GitaGyan/OldWisdom/test/screens/more_screen_test.dart: MoreScreen Widget Tests should display sections in correct order                                  00:14 +357 -13: /Users/nishantgupta/Documents/GitaGyan/OldWisdom/test/services/app_lifecycle_manager_test.dart: AppLifecycleManager State Properties should have false initial state                   
🎵 Manually clearing resume state
00:14 +358 -13: /Users/nishantgupta/Documents/GitaGyan/OldWisdom/test/screens/more_screen_test.dart: MoreScreen Widget Tests should display sections in correct order                                  00:14 +358 -13: /Users/nishantgupta/Documents/GitaGyan/OldWisdom/test/services/app_lifecycle_manager_test.dart: AppLifecycleManager App Lifecycle - Resumed should handle app resumed state            
🎵 Manually clearing resume state
🎵 AppLifecycleManager initialized
🎵 AppLifecycleManager disposed
00:14 +359 -13: /Users/nishantgupta/Documents/GitaGyan/OldWisdom/test/screens/more_screen_test.dart: MoreScreen Widget Tests should display sections in correct order                                  00:14 +359 -13: /Users/nishantgupta/Documents/GitaGyan/OldWisdom/test/services/app_lifecycle_manager_test.dart: AppLifecycleManager App Lifecycle - Resumed should not throw on resumed without initialization
🎵 Manually clearing resume state
00:14 +360 -13: /Users/nishantgupta/Documents/GitaGyan/OldWisdom/test/screens/more_screen_test.dart: MoreScreen Widget Tests should display sections in correct order                                  00:14 +360 -13: /Users/nishantgupta/Documents/GitaGyan/OldWisdom/test/services/app_lifecycle_manager_test.dart: AppLifecycleManager App Lifecycle - Resumed should handle rapid resume calls           
🎵 Manually clearing resume state
🎵 AppLifecycleManager initialized
🎵 AppLifecycleManager disposed
00:14 +361 -13: /Users/nishantgupta/Documents/GitaGyan/OldWisdom/test/screens/more_screen_test.dart: MoreScreen Widget Tests should display sections in correct order                                  00:14 +361 -13: /Users/nishantgupta/Documents/GitaGyan/OldWisdom/test/services/app_lifecycle_manager_test.dart: AppLifecycleManager App Lifecycle - Paused should handle app paused state              
🎵 Manually clearing resume state
🎵 AppLifecycleManager initialized
🎵 AppLifecycleManager disposed
00:14 +362 -13: /Users/nishantgupta/Documents/GitaGyan/OldWisdom/test/screens/more_screen_test.dart: MoreScreen Widget Tests should display sections in correct order                                  00:14 +362 -13: /Users/nishantgupta/Documents/GitaGyan/OldWisdom/test/services/app_lifecycle_manager_test.dart: AppLifecycleManager App Lifecycle - Paused should update music state on pause          
🎵 Manually clearing resume state
🎵 AppLifecycleManager initialized
🎵 AppLifecycleManager disposed
00:14 +363 -13: /Users/nishantgupta/Documents/GitaGyan/OldWisdom/test/screens/more_screen_test.dart: MoreScreen Widget Tests should display sections in correct order                                  00:14 +363 -13: /Users/nishantgupta/Documents/GitaGyan/OldWisdom/test/services/app_lifecycle_manager_test.dart: AppLifecycleManager App Lifecycle - Paused should handle pause without initialization  
🎵 Manually clearing resume state
00:14 +364 -13: /Users/nishantgupta/Documents/GitaGyan/OldWisdom/test/screens/more_screen_test.dart: MoreScreen Widget Tests should display sections in correct order                                  00:14 +364 -13: /Users/nishantgupta/Documents/GitaGyan/OldWisdom/test/services/app_lifecycle_manager_test.dart: AppLifecycleManager App Lifecycle - Paused should handle rapid pause calls             
🎵 Manually clearing resume state
🎵 AppLifecycleManager initialized
🎵 AppLifecycleManager disposed
00:14 +365 -13: /Users/nishantgupta/Documents/GitaGyan/OldWisdom/test/screens/more_screen_test.dart: MoreScreen Widget Tests should display sections in correct order                                  00:14 +365 -13: /Users/nishantgupta/Documents/GitaGyan/OldWisdom/test/services/app_lifecycle_manager_test.dart: AppLifecycleManager App Lifecycle - Detached should handle app detached state          
🎵 Manually clearing resume state
🎵 AppLifecycleManager initialized
🎵 AppLifecycleManager disposed
00:14 +366 -13: /Users/nishantgupta/Documents/GitaGyan/OldWisdom/test/screens/more_screen_test.dart: MoreScreen Widget Tests should display sections in correct order                                  00:14 +366 -13: /Users/nishantgupta/Documents/GitaGyan/OldWisdom/test/services/app_lifecycle_manager_test.dart: AppLifecycleManager App Lifecycle - Detached should clear resume state on detached     
🎵 Manually clearing resume state
🎵 AppLifecycleManager initialized
🎵 AppLifecycleManager disposed
00:14 +367 -13: /Users/nishantgupta/Documents/GitaGyan/OldWisdom/test/screens/more_screen_test.dart: MoreScreen Widget Tests should display sections in correct order                                  00:14 +367 -13: /Users/nishantgupta/Documents/GitaGyan/OldWisdom/test/services/app_lifecycle_manager_test.dart: AppLifecycleManager App Lifecycle - Detached should handle detached without initialization
🎵 Manually clearing resume state
00:14 +368 -13: /Users/nishantgupta/Documents/GitaGyan/OldWisdom/test/screens/more_screen_test.dart: MoreScreen Widget Tests should display sections in correct order                                  00:14 +368 -13: /Users/nishantgupta/Documents/GitaGyan/OldWisdom/test/services/app_lifecycle_manager_test.dart: AppLifecycleManager App Lifecycle - Inactive should handle app inactive state          
🎵 Manually clearing resume state
🎵 AppLifecycleManager initialized
🎵 AppLifecycleManager disposed
00:14 +369 -13: /Users/nishantgupta/Documents/GitaGyan/OldWisdom/test/screens/more_screen_test.dart: MoreScreen Widget Tests should display sections in correct order                                  00:14 +369 -13: /Users/nishantgupta/Documents/GitaGyan/OldWisdom/test/services/app_lifecycle_manager_test.dart: AppLifecycleManager App Lifecycle - Inactive should not change state on inactive       
🎵 Manually clearing resume state
🎵 AppLifecycleManager initialized
🎵 AppLifecycleManager disposed
00:14 +370 -13: /Users/nishantgupta/Documents/GitaGyan/OldWisdom/test/screens/more_screen_test.dart: MoreScreen Widget Tests should display sections in correct order                                  00:14 +370 -13: /Users/nishantgupta/Documents/GitaGyan/OldWisdom/test/services/app_lifecycle_manager_test.dart: AppLifecycleManager App Lifecycle - Hidden should handle app hidden state              
🎵 Manually clearing resume state
🎵 AppLifecycleManager initialized
🎵 AppLifecycleManager disposed
00:14 +371 -13: /Users/nishantgupta/Documents/GitaGyan/OldWisdom/test/screens/more_screen_test.dart: MoreScreen Widget Tests should display sections in correct order                                  00:14 +371 -13: /Users/nishantgupta/Documents/GitaGyan/OldWisdom/test/services/app_lifecycle_manager_test.dart: AppLifecycleManager App Lifecycle - Hidden should treat hidden like paused             
🎵 Manually clearing resume state
🎵 AppLifecycleManager initialized
🎵 AppLifecycleManager disposed
00:14 +372 -13: /Users/nishantgupta/Documents/GitaGyan/OldWisdom/test/screens/more_screen_test.dart: MoreScreen Widget Tests should display sections in correct order                                  00:14 +372 -13: /Users/nishantgupta/Documents/GitaGyan/OldWisdom/test/services/app_lifecycle_manager_test.dart: AppLifecycleManager Lifecycle Transitions should handle resume -> pause transition     
🎵 Manually clearing resume state
🎵 AppLifecycleManager initialized
🎵 AppLifecycleManager disposed
00:14 +373 -13: /Users/nishantgupta/Documents/GitaGyan/OldWisdom/test/screens/more_screen_test.dart: MoreScreen Widget Tests should display sections in correct order                                  00:14 +373 -13: /Users/nishantgupta/Documents/GitaGyan/OldWisdom/test/services/app_lifecycle_manager_test.dart: AppLifecycleManager Lifecycle Transitions should handle pause -> resume transition     
🎵 Manually clearing resume state
🎵 AppLifecycleManager initialized
🎵 AppLifecycleManager disposed
00:14 +374 -13: /Users/nishantgupta/Documents/GitaGyan/OldWisdom/test/screens/more_screen_test.dart: MoreScreen Widget Tests should display sections in correct order                                  00:14 +374 -13: /Users/nishantgupta/Documents/GitaGyan/OldWisdom/test/services/app_lifecycle_manager_test.dart: AppLifecycleManager Lifecycle Transitions should handle resumed -> detached transition 
🎵 Manually clearing resume state
🎵 AppLifecycleManager initialized
🎵 AppLifecycleManager disposed
00:14 +375 -13: /Users/nishantgupta/Documents/GitaGyan/OldWisdom/test/screens/more_screen_test.dart: MoreScreen Widget Tests should display sections in correct order                                  00:14 +375 -13: /Users/nishantgupta/Documents/GitaGyan/OldWisdom/test/services/app_lifecycle_manager_test.dart: AppLifecycleManager Lifecycle Transitions should handle paused -> detached transition  
🎵 Manually clearing resume state
🎵 AppLifecycleManager initialized
🎵 AppLifecycleManager disposed
00:14 +376 -13: /Users/nishantgupta/Documents/GitaGyan/OldWisdom/test/screens/more_screen_test.dart: MoreScreen Widget Tests should display sections in correct order                                  00:14 +376 -13: /Users/nishantgupta/Documents/GitaGyan/OldWisdom/test/services/app_lifecycle_manager_test.dart: AppLifecycleManager Lifecycle Transitions should handle inactive -> resumed transition 
🎵 Manually clearing resume state
🎵 AppLifecycleManager initialized
🎵 AppLifecycleManager disposed
00:14 +377 -13: /Users/nishantgupta/Documents/GitaGyan/OldWisdom/test/screens/more_screen_test.dart: MoreScreen Widget Tests should display sections in correct order                                  00:14 +377 -13: /Users/nishantgupta/Documents/GitaGyan/OldWisdom/test/services/app_lifecycle_manager_test.dart: AppLifecycleManager Lifecycle Transitions should handle multiple rapid transitions     
🎵 Manually clearing resume state
🎵 AppLifecycleManager initialized
🎵 AppLifecycleManager disposed
00:14 +378 -13: /Users/nishantgupta/Documents/GitaGyan/OldWisdom/test/screens/more_screen_test.dart: MoreScreen Widget Tests should display sections in correct order                                  00:14 +378 -13: /Users/nishantgupta/Documents/GitaGyan/OldWisdom/test/services/app_lifecycle_manager_test.dart: AppLifecycleManager Debouncing should handle duplicate lifecycle events                
🎵 Manually clearing resume state
🎵 AppLifecycleManager initialized
🎵 AppLifecycleManager disposed
00:14 +379 -13: /Users/nishantgupta/Documents/GitaGyan/OldWisdom/test/screens/more_screen_test.dart: MoreScreen Widget Tests should display sections in correct order                                  00:14 +379 -13: /Users/nishantgupta/Documents/GitaGyan/OldWisdom/test/services/app_lifecycle_manager_test.dart: AppLifecycleManager Debouncing should debounce rapid state changes                     
🎵 Manually clearing resume state
🎵 AppLifecycleManager initialized
00:14 +379 -13: /Users/nishantgupta/Documents/GitaGyan/OldWisdom/test/screens/more_screen_test.dart: MoreScreen Widget Tests should display sections in correct order                                  00:14 +380 -13: /Users/nishantgupta/Documents/GitaGyan/OldWisdom/test/screens/more_screen_test.dart: MoreScreen Widget Tests should display sections in correct order                                  00:14 +381 -13: /Users/nishantgupta/Documents/GitaGyan/OldWisdom/test/screens/more_screen_test.dart: MoreScreen Widget Tests should display sections in correct order                                  00:14 +382 -13: /Users/nishantgupta/Documents/GitaGyan/OldWisdom/test/screens/more_screen_test.dart: MoreScreen Widget Tests should display sections in correct order                                  00:14 +382 -13: /Users/nishantgupta/Documents/GitaGyan/OldWisdom/test/services/app_sharing_service_test.dart: AppSharingService - Share App shareApp should complete without throwing                  
❌ Error sharing app: MissingPluginException(No implementation found for method share on channel dev.fluttercommunity.plus/share)
00:14 +383 -13: /Users/nishantgupta/Documents/GitaGyan/OldWisdom/test/screens/more_screen_test.dart: MoreScreen Widget Tests should display sections in correct order                                  00:14 +383 -13: /Users/nishantgupta/Documents/GitaGyan/OldWisdom/test/services/app_sharing_service_test.dart: AppSharingService - Share App shareApp should complete without throwing                  
❌ Error opening store: MissingPluginException(No implementation found for method canLaunch on channel plugins.flutter.io/url_launcher)
00:14 +383 -13: /Users/nishantgupta/Documents/GitaGyan/OldWisdom/test/services/app_sharing_service_test.dart: AppSharingService - Share App shareApp with custom message should complete without throwing
❌ Error sharing app: MissingPluginException(No implementation found for method share on channel dev.fluttercommunity.plus/share)
00:14 +384 -13: /Users/nishantgupta/Documents/GitaGyan/OldWisdom/test/screens/more_screen_test.dart: MoreScreen Widget Tests should display sections in correct order                                  00:14 +384 -13: /Users/nishantgupta/Documents/GitaGyan/OldWisdom/test/services/app_sharing_service_test.dart: AppSharingService - Share App shareApp with custom message should complete without throwing
❌ Error opening store: MissingPluginException(No implementation found for method canLaunch on channel plugins.flutter.io/url_launcher)
00:14 +384 -13: /Users/nishantgupta/Documents/GitaGyan/OldWisdom/test/services/app_sharing_service_test.dart: AppSharingService - Share Feature shareFeature should complete without throwing          
❌ Error sharing feature: MissingPluginException(No implementation found for method share on channel dev.fluttercommunity.plus/share)
00:14 +385 -13: /Users/nishantgupta/Documents/GitaGyan/OldWisdom/test/screens/more_screen_test.dart: MoreScreen Widget Tests should display sections in correct order                                  00:14 +385 -13: /Users/nishantgupta/Documents/GitaGyan/OldWisdom/test/services/app_sharing_service_test.dart: AppSharingService - Share Feature shareFeature with empty feature name should complete   
❌ Error sharing feature: MissingPluginException(No implementation found for method share on channel dev.fluttercommunity.plus/share)
00:14 +386 -13: /Users/nishantgupta/Documents/GitaGyan/OldWisdom/test/screens/more_screen_test.dart: MoreScreen Widget Tests should display sections in correct order                                  00:14 +386 -13: /Users/nishantgupta/Documents/GitaGyan/OldWisdom/test/services/app_sharing_service_test.dart: AppSharingService - Share Feature shareFeature with empty content should complete        
❌ Error sharing feature: MissingPluginException(No implementation found for method share on channel dev.fluttercommunity.plus/share)
00:14 +387 -13: /Users/nishantgupta/Documents/GitaGyan/OldWisdom/test/screens/more_screen_test.dart: MoreScreen Widget Tests should display sections in correct order                                  00:14 +387 -13: /Users/nishantgupta/Documents/GitaGyan/OldWisdom/test/services/app_sharing_service_test.dart: AppSharingService - Share Scenario shareScenario should complete without throwing        
❌ Error sharing feature: MissingPluginException(No implementation found for method share on channel dev.fluttercommunity.plus/share)
00:14 +388 -13: /Users/nishantgupta/Documents/GitaGyan/OldWisdom/test/screens/more_screen_test.dart: MoreScreen Widget Tests should display sections in correct order                                  00:14 +388 -13: /Users/nishantgupta/Documents/GitaGyan/OldWisdom/test/services/app_sharing_service_test.dart: AppSharingService - Share Scenario shareScenario with action steps should complete       
❌ Error sharing feature: MissingPluginException(No implementation found for method share on channel dev.fluttercommunity.plus/share)
00:14 +389 -13: /Users/nishantgupta/Documents/GitaGyan/OldWisdom/test/screens/more_screen_test.dart: MoreScreen Widget Tests should display sections in correct order                                  00:14 +389 -13: /Users/nishantgupta/Documents/GitaGyan/OldWisdom/test/services/app_sharing_service_test.dart: AppSharingService - Share Scenario shareScenario with empty action steps should complete 
❌ Error sharing feature: MissingPluginException(No implementation found for method share on channel dev.fluttercommunity.plus/share)
00:14 +390 -13: /Users/nishantgupta/Documents/GitaGyan/OldWisdom/test/screens/more_screen_test.dart: MoreScreen Widget Tests should display sections in correct order                                  00:14 +390 -13: /Users/nishantgupta/Documents/GitaGyan/OldWisdom/test/services/app_sharing_service_test.dart: AppSharingService - Share Verse shareVerse should complete without throwing              
❌ Error sharing feature: MissingPluginException(No implementation found for method share on channel dev.fluttercommunity.plus/share)
00:14 +391 -13: /Users/nishantgupta/Documents/GitaGyan/OldWisdom/test/screens/more_screen_test.dart: MoreScreen Widget Tests should display sections in correct order                                  00:14 +391 -13: /Users/nishantgupta/Documents/GitaGyan/OldWisdom/test/services/app_sharing_service_test.dart: AppSharingService - Share Verse shareVerse with different chapter/verse should complete  
❌ Error sharing feature: MissingPluginException(No implementation found for method share on channel dev.fluttercommunity.plus/share)
00:14 +391 -13: /Users/nishantgupta/Documents/GitaGyan/OldWisdom/test/services/app_sharing_service_test.dart: AppSharingService - WhatsApp Sharing shareToWhatsApp should return boolean               
❌ Error sharing to WhatsApp: MissingPluginException(No implementation found for method canLaunch on channel plugins.flutter.io/url_launcher)
❌ Fallback sharing also failed: MissingPluginException(No implementation found for method share on channel dev.fluttercommunity.plus/share)
00:14 +392 -13: /Users/nishantgupta/Documents/GitaGyan/OldWisdom/test/screens/more_screen_test.dart: MoreScreen Widget Tests should display sections in correct order                                  00:14 +392 -13: /Users/nishantgupta/Documents/GitaGyan/OldWisdom/test/services/app_sharing_service_test.dart: AppSharingService - WhatsApp Sharing shareToWhatsApp with phone number should return boolean
❌ Error sharing to WhatsApp: MissingPluginException(No implementation found for method canLaunch on channel plugins.flutter.io/url_launcher)
❌ Fallback sharing also failed: MissingPluginException(No implementation found for method share on channel dev.fluttercommunity.plus/share)
00:14 +392 -13: /Users/nishantgupta/Documents/GitaGyan/OldWisdom/test/screens/more_screen_test.dart: MoreScreen Widget Tests should display sections in correct order                                  00:14 +393 -13: /Users/nishantgupta/Documents/GitaGyan/OldWisdom/test/screens/more_screen_test.dart: MoreScreen Widget Tests should display sections in correct order                                  00:15 +393 -13: /Users/nishantgupta/Documents/GitaGyan/OldWisdom/test/services/app_sharing_service_test.dart: AppSharingService - WhatsApp Sharing shareScenarioToWhatsApp should return boolean       
❌ Error sharing to WhatsApp: MissingPluginException(No implementation found for method canLaunch on channel plugins.flutter.io/url_launcher)
❌ Fallback sharing also failed: MissingPluginException(No implementation found for method share on channel dev.fluttercommunity.plus/share)
00:15 +394 -13: /Users/nishantgupta/Documents/GitaGyan/OldWisdom/test/screens/more_screen_test.dart: MoreScreen Widget Tests should display sections in correct order                                  00:15 +394 -13: /Users/nishantgupta/Documents/GitaGyan/OldWisdom/test/services/app_sharing_service_test.dart: AppSharingService - WhatsApp Sharing shareScenarioToWhatsApp with action steps should return boolean
❌ Error sharing to WhatsApp: MissingPluginException(No implementation found for method canLaunch on channel plugins.flutter.io/url_launcher)
❌ Fallback sharing also failed: MissingPluginException(No implementation found for method share on channel dev.fluttercommunity.plus/share)
00:15 +395 -13: /Users/nishantgupta/Documents/GitaGyan/OldWisdom/test/screens/more_screen_test.dart: MoreScreen Widget Tests should display sections in correct order                                  00:15 +396 -13: /Users/nishantgupta/Documents/GitaGyan/OldWisdom/test/screens/more_screen_test.dart: MoreScreen Widget Tests should display sections in correct order                                  00:15 +396 -13: /Users/nishantgupta/Documents/GitaGyan/OldWisdom/test/services/app_sharing_service_test.dart: AppSharingService - WhatsApp Sharing shareVerseToWhatsApp should return boolean          
❌ Error sharing to WhatsApp: MissingPluginException(No implementation found for method canLaunch on channel plugins.flutter.io/url_launcher)
❌ Fallback sharing also failed: MissingPluginException(No implementation found for method share on channel dev.fluttercommunity.plus/share)
00:15 +397 -13: /Users/nishantgupta/Documents/GitaGyan/OldWisdom/test/screens/more_screen_test.dart: MoreScreen Widget Tests should display sections in correct order                                  00:15 +398 -13: /Users/nishantgupta/Documents/GitaGyan/OldWisdom/test/screens/more_screen_test.dart: MoreScreen Widget Tests should display sections in correct order                                  00:15 +398 -13: /Users/nishantgupta/Documents/GitaGyan/OldWisdom/test/services/app_sharing_service_test.dart: AppSharingService - WhatsApp Sharing shareVerseToWhatsApp with translation should return boolean
❌ Error sharing to WhatsApp: MissingPluginException(No implementation found for method canLaunch on channel plugins.flutter.io/url_launcher)
❌ Fallback sharing also failed: MissingPluginException(No implementation found for method share on channel dev.fluttercommunity.plus/share)
00:15 +399 -13: /Users/nishantgupta/Documents/GitaGyan/OldWisdom/test/screens/more_screen_test.dart: MoreScreen Widget Tests should display sections in correct order                                  00:15 +400 -13: /Users/nishantgupta/Documents/GitaGyan/OldWisdom/test/screens/more_screen_test.dart: MoreScreen Widget Tests should display sections in correct order                                  00:15 +401 -13: /Users/nishantgupta/Documents/GitaGyan/OldWisdom/test/screens/more_screen_test.dart: MoreScreen Widget Tests should display sections in correct order                                  00:15 +401 -13: /Users/nishantgupta/Documents/GitaGyan/OldWisdom/test/services/app_sharing_service_test.dart: AppSharingService - WhatsApp Sharing shareChapterToWhatsApp should return boolean        
❌ Error sharing to WhatsApp: MissingPluginException(No implementation found for method canLaunch on channel plugins.flutter.io/url_launcher)
❌ Fallback sharing also failed: MissingPluginException(No implementation found for method share on channel dev.fluttercommunity.plus/share)
00:15 +402 -13: /Users/nishantgupta/Documents/GitaGyan/OldWisdom/test/screens/more_screen_test.dart: MoreScreen Widget Tests should display sections in correct order                                  00:15 +403 -13: /Users/nishantgupta/Documents/GitaGyan/OldWisdom/test/screens/more_screen_test.dart: MoreScreen Widget Tests should display sections in correct order                                  00:15 +403 -13: /Users/nishantgupta/Documents/GitaGyan/OldWisdom/test/services/app_sharing_service_test.dart: AppSharingService - WhatsApp Sharing isWhatsAppAvailable should return boolean           
❌ Error checking WhatsApp availability: MissingPluginException(No implementation found for method canLaunch on channel plugins.flutter.io/url_launcher)
00:15 +404 -13: /Users/nishantgupta/Documents/GitaGyan/OldWisdom/test/screens/more_screen_test.dart: MoreScreen Widget Tests should display sections in correct order                                  00:15 +405 -13: /Users/nishantgupta/Documents/GitaGyan/OldWisdom/test/screens/more_screen_test.dart: MoreScreen Widget Tests should display sections in correct order                                  00:15 +406 -13: /Users/nishantgupta/Documents/GitaGyan/OldWisdom/test/screens/more_screen_test.dart: MoreScreen Widget Tests should display sections in correct order                                  00:15 +407 -13: /Users/nishantgupta/Documents/GitaGyan/OldWisdom/test/screens/more_screen_test.dart: MoreScreen Widget Tests should display sections in correct order                                  00:15 +407 -13: /Users/nishantgupta/Documents/GitaGyan/OldWisdom/test/services/app_sharing_service_test.dart: AppSharingService - WhatsApp Sharing showWhatsAppShareDialog should complete without throwing
❌ Error sharing to WhatsApp: MissingPluginException(No implementation found for method canLaunch on channel plugins.flutter.io/url_launcher)
00:15 +407 -13: /Users/nishantgupta/Documents/GitaGyan/OldWisdom/test/services/app_sharing_service_test.dart: AppSharingService - URL Validation validateStoreUrls should return boolean               
🔍 Store URL validation:
00:15 +408 -13: /Users/nishantgupta/Documents/GitaGyan/OldWisdom/test/screens/more_screen_test.dart: MoreScreen Widget Tests should display sections in correct order                                  00:15 +408 -13: /Users/nishantgupta/Documents/GitaGyan/OldWisdom/test/services/app_sharing_service_test.dart: AppSharingService - URL Validation validateStoreUrls should return boolean               
   Play Store: ✅ https://play.google.com/store/apps/details?id=com.hub4apps.gitawisdom
   App Store: ✅ https://apps.apple.com
00:15 +409 -13: /Users/nishantgupta/Documents/GitaGyan/OldWisdom/test/screens/more_screen_test.dart: MoreScreen Widget Tests should display sections in correct order                                  00:15 +409 -13: /Users/nishantgupta/Documents/GitaGyan/OldWisdom/test/services/app_sharing_service_test.dart: AppSharingService - WhatsApp Sharing showWhatsAppShareDialog should complete without throwing
❌ Fallback sharing also failed: MissingPluginException(No implementation found for method share on channel dev.fluttercommunity.plus/share)
00:15 +409 -13: /Users/nishantgupta/Documents/GitaGyan/OldWisdom/test/services/app_sharing_service_test.dart: AppSharingService - URL Validation validateStoreUrls should validate URLs                
🔍 Store URL validation:
   Play Store: ✅ https://play.google.com/store/apps/details?id=com.hub4apps.gitawisdom
   App Store: ✅ https://apps.apple.com
00:15 +410 -13: /Users/nishantgupta/Documents/GitaGyan/OldWisdom/test/screens/more_screen_test.dart: MoreScreen Widget Tests should display sections in correct order                                  00:15 +411 -13: /Users/nishantgupta/Documents/GitaGyan/OldWisdom/test/screens/more_screen_test.dart: MoreScreen Widget Tests should display sections in correct order                                  00:15 +412 -13: /Users/nishantgupta/Documents/GitaGyan/OldWisdom/test/screens/more_screen_test.dart: MoreScreen Widget Tests should display sections in correct order                                  00:15 +413 -13: /Users/nishantgupta/Documents/GitaGyan/OldWisdom/test/screens/more_screen_test.dart: MoreScreen Widget Tests should display sections in correct order                                  00:15 +414 -13: /Users/nishantgupta/Documents/GitaGyan/OldWisdom/test/screens/more_screen_test.dart: MoreScreen Widget Tests should display sections in correct order                                  00:15 +414 -13: /Users/nishantgupta/Documents/GitaGyan/OldWisdom/test/services/app_sharing_service_test.dart: AppSharingService - Error Handling all methods should be non-throwing                    
🔍 Store URL validation:
   Play Store: ✅ https://play.google.com/store/apps/details?id=com.hub4apps.gitawisdom
   App Store: ✅ https://apps.apple.com
00:15 +415 -13: /Users/nishantgupta/Documents/GitaGyan/OldWisdom/test/screens/more_screen_test.dart: MoreScreen Widget Tests should display sections in correct order                                  00:15 +415 -13: /Users/nishantgupta/Documents/GitaGyan/OldWisdom/test/services/app_sharing_service_test.dart: AppSharingService - Error Handling all methods should be non-throwing                    
❌ Error sharing to WhatsApp: MissingPluginException(No implementation found for method canLaunch on channel plugins.flutter.io/url_launcher)
❌ Error checking WhatsApp availability: MissingPluginException(No implementation found for method canLaunch on channel plugins.flutter.io/url_launcher)
❌ Error sharing app: MissingPluginException(No implementation found for method share on channel dev.fluttercommunity.plus/share)
❌ Error sharing feature: MissingPluginException(No implementation found for method share on channel dev.fluttercommunity.plus/share)
❌ Error sharing feature: MissingPluginException(No implementation found for method share on channel dev.fluttercommunity.plus/share)
❌ Error sharing feature: MissingPluginException(No implementation found for method share on channel dev.fluttercommunity.plus/share)
❌ Fallback sharing also failed: MissingPluginException(No implementation found for method share on channel dev.fluttercommunity.plus/share)
❌ Error opening store: MissingPluginException(No implementation found for method canLaunch on channel plugins.flutter.io/url_launcher)
00:15 +415 -13: /Users/nishantgupta/Documents/GitaGyan/OldWisdom/test/services/app_sharing_service_test.dart: AppSharingService - Error Handling shareApp should handle errors gracefully              
❌ Error sharing app: MissingPluginException(No implementation found for method share on channel dev.fluttercommunity.plus/share)
❌ Error opening store: MissingPluginException(No implementation found for method canLaunch on channel plugins.flutter.io/url_launcher)
00:15 +416 -13: /Users/nishantgupta/Documents/GitaGyan/OldWisdom/test/screens/more_screen_test.dart: MoreScreen Widget Tests should display sections in correct order                                  00:15 +416 -13: /Users/nishantgupta/Documents/GitaGyan/OldWisdom/test/services/app_sharing_service_test.dart: AppSharingService - Error Handling WhatsApp methods should handle unavailable app        
❌ Error sharing to WhatsApp: MissingPluginException(No implementation found for method canLaunch on channel plugins.flutter.io/url_launcher)
❌ Fallback sharing also failed: MissingPluginException(No implementation found for method share on channel dev.fluttercommunity.plus/share)
00:15 +417 -13: /Users/nishantgupta/Documents/GitaGyan/OldWisdom/test/screens/more_screen_test.dart: MoreScreen Widget Tests should display sections in correct order                                  00:15 +418 -13: /Users/nishantgupta/Documents/GitaGyan/OldWisdom/test/screens/more_screen_test.dart: MoreScreen Widget Tests should display sections in correct order                                  00:15 +418 -13: /Users/nishantgupta/Documents/GitaGyan/OldWisdom/test/services/post_login_data_loader_test.dart: PostLoginDataLoader Edge Cases should handle multiple startBackgroundLoading calls    
🚀 Starting post-login background data loading...
📚 Background loading already in progress or completed
📊 Getting total scenario count from server...
📊 Getting scenario count from server...
❌ Error getting scenario count: PostgrestException(message: , code: 400, details: , hint: null)
📊 Server has 0 total scenarios
⚠️ No scenarios found on server
✅ Post-login background loading completed successfully
00:15 +418 -13: /Users/nishantgupta/Documents/GitaGyan/OldWisdom/test/screens/more_screen_test.dart: MoreScreen Widget Tests should display sections in correct order                                  00:15 +418 -13: /Users/nishantgupta/Documents/GitaGyan/OldWisdom/test/services/simple_auth_service_test.dart: SimpleAuthService Initialization should initialize without errors                        
✅ SimpleAuthService initialized
00:15 +419 -13: /Users/nishantgupta/Documents/GitaGyan/OldWisdom/test/screens/more_screen_test.dart: MoreScreen Widget Tests should display sections in correct order                                  00:15 +419 -13: /Users/nishantgupta/Documents/GitaGyan/OldWisdom/test/services/simple_auth_service_test.dart: SimpleAuthService Initialization should initialize without errors                        
👋 Signed out
00:15 +420 -13: /Users/nishantgupta/Documents/GitaGyan/OldWisdom/test/screens/more_screen_test.dart: MoreScreen Widget Tests should display sections in correct order                                  00:15 +421 -13: /Users/nishantgupta/Documents/GitaGyan/OldWisdom/test/screens/more_screen_test.dart: MoreScreen Widget Tests should display sections in correct order                                  00:15 +421 -13: /Users/nishantgupta/Documents/GitaGyan/OldWisdom/test/services/simple_auth_service_test.dart: SimpleAuthService Initialization should be singleton instance                            
✅ SimpleAuthService initialized
00:15 +422 -13: /Users/nishantgupta/Documents/GitaGyan/OldWisdom/test/screens/more_screen_test.dart: MoreScreen Widget Tests should display sections in correct order                                  00:15 +422 -13: /Users/nishantgupta/Documents/GitaGyan/OldWisdom/test/services/simple_auth_service_test.dart: SimpleAuthService Initialization should be singleton instance                            
👋 Signed out
00:15 +423 -13: /Users/nishantgupta/Documents/GitaGyan/OldWisdom/test/screens/more_screen_test.dart: MoreScreen Widget Tests should display sections in correct order                                  00:15 +424 -13: /Users/nishantgupta/Documents/GitaGyan/OldWisdom/test/screens/more_screen_test.dart: MoreScreen Widget Tests should display sections in correct order                                  00:15 +424 -13: /Users/nishantgupta/Documents/GitaGyan/OldWisdom/test/services/simple_auth_service_test.dart: SimpleAuthService Anonymous Sign In should sign in as guest successfully                 
✅ SimpleAuthService initialized
00:15 +425 -13: /Users/nishantgupta/Documents/GitaGyan/OldWisdom/test/screens/more_screen_test.dart: MoreScreen Widget Tests should display sections in correct order                                  00:15 +426 -13: /Users/nishantgupta/Documents/GitaGyan/OldWisdom/test/screens/more_screen_test.dart: MoreScreen Widget Tests should display sections in correct order                                  00:15 +427 -13: /Users/nishantgupta/Documents/GitaGyan/OldWisdom/test/screens/more_screen_test.dart: MoreScreen Widget Tests should display sections in correct order                                  00:15 +428 -13: /Users/nishantgupta/Documents/GitaGyan/OldWisdom/test/screens/more_screen_test.dart: MoreScreen Widget Tests should display sections in correct order                                  00:15 +429 -13: /Users/nishantgupta/Documents/GitaGyan/OldWisdom/test/screens/more_screen_test.dart: MoreScreen Widget Tests should display sections in correct order                                  00:15 +430 -13: /Users/nishantgupta/Documents/GitaGyan/OldWisdom/test/screens/more_screen_test.dart: MoreScreen Widget Tests should display sections in correct order                                  00:15 +431 -13: /Users/nishantgupta/Documents/GitaGyan/OldWisdom/test/screens/more_screen_test.dart: MoreScreen Widget Tests should display sections in correct order                                  00:15 +432 -13: /Users/nishantgupta/Documents/GitaGyan/OldWisdom/test/screens/more_screen_test.dart: MoreScreen Widget Tests should display sections in correct order                                  00:15 +433 -13: /Users/nishantgupta/Documents/GitaGyan/OldWisdom/test/screens/more_screen_test.dart: MoreScreen Widget Tests should display sections in correct order                                  00:15 +434 -13: /Users/nishantgupta/Documents/GitaGyan/OldWisdom/test/screens/more_screen_test.dart: MoreScreen Widget Tests should display sections in correct order                                  00:15 +435 -13: /Users/nishantgupta/Documents/GitaGyan/OldWisdom/test/screens/more_screen_test.dart: MoreScreen Widget Tests should display sections in correct order                                  00:15 +436 -13: /Users/nishantgupta/Documents/GitaGyan/OldWisdom/test/screens/more_screen_test.dart: MoreScreen Widget Tests should display sections in correct order                                  00:15 +437 -13: /Users/nishantgupta/Documents/GitaGyan/OldWisdom/test/screens/more_screen_test.dart: MoreScreen Widget Tests should display sections in correct order                                  00:15 +438 -13: /Users/nishantgupta/Documents/GitaGyan/OldWisdom/test/screens/more_screen_test.dart: MoreScreen Widget Tests should display sections in correct order                                  00:15 +439 -13: /Users/nishantgupta/Documents/GitaGyan/OldWisdom/test/screens/more_screen_test.dart: MoreScreen Widget Tests should display sections in correct order                                  00:15 +440 -13: /Users/nishantgupta/Documents/GitaGyan/OldWisdom/test/screens/more_screen_test.dart: MoreScreen Widget Tests should display sections in correct order                                  00:15 +441 -13: /Users/nishantgupta/Documents/GitaGyan/OldWisdom/test/screens/more_screen_test.dart: MoreScreen Widget Tests should display sections in correct order                                  00:15 +442 -13: /Users/nishantgupta/Documents/GitaGyan/OldWisdom/test/screens/more_screen_test.dart: MoreScreen Widget Tests should display sections in correct order                                  00:15 +443 -13: /Users/nishantgupta/Documents/GitaGyan/OldWisdom/test/screens/more_screen_test.dart: MoreScreen Widget Tests should display sections in correct order                                  00:15 +444 -13: /Users/nishantgupta/Documents/GitaGyan/OldWisdom/test/screens/more_screen_test.dart: MoreScreen Widget Tests should display sections in correct order                                  00:15 +445 -13: /Users/nishantgupta/Documents/GitaGyan/OldWisdom/test/screens/more_screen_test.dart: MoreScreen Widget Tests should display sections in correct order                                  00:15 +446 -13: /Users/nishantgupta/Documents/GitaGyan/OldWisdom/test/screens/more_screen_test.dart: MoreScreen Widget Tests should display sections in correct order                                  00:15 +447 -13: /Users/nishantgupta/Documents/GitaGyan/OldWisdom/test/screens/more_screen_test.dart: MoreScreen Widget Tests should display sections in correct order                                  00:15 +447 -13: /Users/nishantgupta/Documents/GitaGyan/OldWisdom/test/services/app_lifecycle_manager_test.dart: AppLifecycleManager Debouncing should debounce rapid state changes                     
🎵 App lifecycle changed to: AppLifecycleState.resumed
🎵 App resumed - checking resume state
🎵 Should resume: false
🎵 Not resuming music
🎵 AppLifecycleManager disposed
00:15 +448 -13: /Users/nishantgupta/Documents/GitaGyan/OldWisdom/test/screens/more_screen_test.dart: MoreScreen Widget Tests should display sections in correct order                                  00:15 +448 -13: /Users/nishantgupta/Documents/GitaGyan/OldWisdom/test/services/app_lifecycle_manager_test.dart: AppLifecycleManager Debouncing should handle state changes within debounce window      
🎵 Manually clearing resume state
🎵 AppLifecycleManager initialized
00:15 +448 -13: /Users/nishantgupta/Documents/GitaGyan/OldWisdom/test/services/simple_auth_service_test.dart: SimpleAuthService Anonymous Sign In should sign in as guest successfully                 
✅ Signed in as guest
👋 Signed out
00:15 +449 -13: /Users/nishantgupta/Documents/GitaGyan/OldWisdom/test/screens/more_screen_test.dart: MoreScreen Widget Tests should display sections in correct order                                  00:15 +449 -13: /Users/nishantgupta/Documents/GitaGyan/OldWisdom/test/services/simple_auth_service_test.dart: SimpleAuthService Anonymous Sign In should continue as anonymous successfully            
✅ SimpleAuthService initialized
00:16 +449 -13: /Users/nishantgupta/Documents/GitaGyan/OldWisdom/test/services/app_lifecycle_manager_test.dart: AppLifecycleManager Debouncing should handle state changes within debounce window      
🎵 AppLifecycleManager disposed
00:16 +450 -13: /Users/nishantgupta/Documents/GitaGyan/OldWisdom/test/screens/more_screen_test.dart: MoreScreen Widget Tests should display sections in correct order                                  00:16 +450 -13: /Users/nishantgupta/Documents/GitaGyan/OldWisdom/test/services/app_lifecycle_manager_test.dart: AppLifecycleManager Resume State Management should clear resume state manually         
🎵 Manually clearing resume state
🎵 AppLifecycleManager initialized
🎵 Manually clearing resume state
🎵 AppLifecycleManager disposed
00:16 +451 -13: /Users/nishantgupta/Documents/GitaGyan/OldWisdom/test/screens/more_screen_test.dart: MoreScreen Widget Tests should display sections in correct order                                  00:16 +451 -13: /Users/nishantgupta/Documents/GitaGyan/OldWisdom/test/services/app_lifecycle_manager_test.dart: AppLifecycleManager Resume State Management should clear state after manual clear      
🎵 Manually clearing resume state
🎵 AppLifecycleManager initialized
🎵 Manually clearing resume state
🎵 AppLifecycleManager disposed
00:16 +452 -13: /Users/nishantgupta/Documents/GitaGyan/OldWisdom/test/screens/more_screen_test.dart: MoreScreen Widget Tests should display sections in correct order                                  00:16 +452 -13: /Users/nishantgupta/Documents/GitaGyan/OldWisdom/test/services/app_lifecycle_manager_test.dart: AppLifecycleManager Resume State Management should handle multiple clear calls         
🎵 Manually clearing resume state
🎵 AppLifecycleManager initialized
🎵 Manually clearing resume state
🎵 Manually clearing resume state
🎵 Manually clearing resume state
🎵 AppLifecycleManager disposed
00:16 +453 -13: /Users/nishantgupta/Documents/GitaGyan/OldWisdom/test/screens/more_screen_test.dart: MoreScreen Widget Tests should display sections in correct order                                  00:16 +453 -13: /Users/nishantgupta/Documents/GitaGyan/OldWisdom/test/services/app_lifecycle_manager_test.dart: AppLifecycleManager Resume State Management should clear state before dispose          
🎵 Manually clearing resume state
🎵 AppLifecycleManager initialized
🎵 Manually clearing resume state
🎵 AppLifecycleManager disposed
00:16 +454 -13: /Users/nishantgupta/Documents/GitaGyan/OldWisdom/test/screens/more_screen_test.dart: MoreScreen Widget Tests should display sections in correct order                                  00:16 +454 -13: /Users/nishantgupta/Documents/GitaGyan/OldWisdom/test/services/app_lifecycle_manager_test.dart: AppLifecycleManager Timer Management should cancel timers on dispose                   
🎵 Manually clearing resume state
🎵 AppLifecycleManager initialized
🎵 AppLifecycleManager disposed
00:16 +455 -13: /Users/nishantgupta/Documents/GitaGyan/OldWisdom/test/screens/more_screen_test.dart: MoreScreen Widget Tests should display sections in correct order                                  00:16 +455 -13: /Users/nishantgupta/Documents/GitaGyan/OldWisdom/test/services/app_lifecycle_manager_test.dart: AppLifecycleManager Timer Management should handle dispose without initialization      
🎵 Manually clearing resume state
00:16 +456 -13: /Users/nishantgupta/Documents/GitaGyan/OldWisdom/test/screens/more_screen_test.dart: MoreScreen Widget Tests should display sections in correct order                                  00:16 +456 -13: /Users/nishantgupta/Documents/GitaGyan/OldWisdom/test/services/app_lifecycle_manager_test.dart: AppLifecycleManager Timer Management should handle multiple dispose calls              
🎵 Manually clearing resume state
🎵 AppLifecycleManager initialized
🎵 AppLifecycleManager disposed
00:16 +457 -13: /Users/nishantgupta/Documents/GitaGyan/OldWisdom/test/screens/more_screen_test.dart: MoreScreen Widget Tests should display sections in correct order                                  00:16 +457 -13: /Users/nishantgupta/Documents/GitaGyan/OldWisdom/test/services/app_lifecycle_manager_test.dart: AppLifecycleManager Timer Management should handle dispose after lifecycle changes     
🎵 Manually clearing resume state
🎵 AppLifecycleManager initialized
00:16 +457 -13: /Users/nishantgupta/Documents/GitaGyan/OldWisdom/test/services/simple_auth_service_test.dart: SimpleAuthService Anonymous Sign In should continue as anonymous successfully            
✅ Signed in as guest
👋 Signed out
00:16 +458 -13: /Users/nishantgupta/Documents/GitaGyan/OldWisdom/test/screens/more_screen_test.dart: MoreScreen Widget Tests should display sections in correct order                                  00:16 +458 -13: /Users/nishantgupta/Documents/GitaGyan/OldWisdom/test/services/simple_auth_service_test.dart: SimpleAuthService Anonymous Sign In should set loading state during sign in              
✅ SimpleAuthService initialized
00:16 +458 -13: /Users/nishantgupta/Documents/GitaGyan/OldWisdom/test/services/app_lifecycle_manager_test.dart: AppLifecycleManager Timer Management should handle dispose after lifecycle changes     
🎵 AppLifecycleManager disposed
00:16 +459 -13: /Users/nishantgupta/Documents/GitaGyan/OldWisdom/test/screens/more_screen_test.dart: MoreScreen Widget Tests should display sections in correct order                                  00:16 +459 -13: /Users/nishantgupta/Documents/GitaGyan/OldWisdom/test/services/app_lifecycle_manager_test.dart: AppLifecycleManager Music Service Integration should interact with BackgroundMusicService
🎵 Manually clearing resume state
🎵 AppLifecycleManager initialized
🎵 AppLifecycleManager disposed
00:16 +460 -13: /Users/nishantgupta/Documents/GitaGyan/OldWisdom/test/screens/more_screen_test.dart: MoreScreen Widget Tests should display sections in correct order                                  00:16 +460 -13: /Users/nishantgupta/Documents/GitaGyan/OldWisdom/test/services/app_lifecycle_manager_test.dart: AppLifecycleManager Music Service Integration should check music playing state         
🎵 Manually clearing resume state
🎵 AppLifecycleManager initialized
🎵 AppLifecycleManager disposed
00:16 +461 -13: /Users/nishantgupta/Documents/GitaGyan/OldWisdom/test/screens/more_screen_test.dart: MoreScreen Widget Tests should display sections in correct order                                  00:16 +461 -13: /Users/nishantgupta/Documents/GitaGyan/OldWisdom/test/services/app_lifecycle_manager_test.dart: AppLifecycleManager Music Service Integration should check music enabled state         
🎵 Manually clearing resume state
🎵 AppLifecycleManager initialized
🎵 AppLifecycleManager disposed
00:16 +462 -13: /Users/nishantgupta/Documents/GitaGyan/OldWisdom/test/screens/more_screen_test.dart: MoreScreen Widget Tests should display sections in correct order                                  00:16 +462 -13: /Users/nishantgupta/Documents/GitaGyan/OldWisdom/test/services/app_lifecycle_manager_test.dart: AppLifecycleManager Music Service Integration should handle music service not initialized
🎵 Manually clearing resume state
00:16 +463 -13: /Users/nishantgupta/Documents/GitaGyan/OldWisdom/test/screens/more_screen_test.dart: MoreScreen Widget Tests should display sections in correct order                                  00:16 +463 -13: /Users/nishantgupta/Documents/GitaGyan/OldWisdom/test/services/app_lifecycle_manager_test.dart: AppLifecycleManager Error Handling should handle errors gracefully                     
🎵 Manually clearing resume state
🎵 AppLifecycleManager initialized
🎵 AppLifecycleManager disposed
00:16 +464 -13: /Users/nishantgupta/Documents/GitaGyan/OldWisdom/test/screens/more_screen_test.dart: MoreScreen Widget Tests should display sections in correct order                                  00:16 +464 -13: /Users/nishantgupta/Documents/GitaGyan/OldWisdom/test/services/app_lifecycle_manager_test.dart: AppLifecycleManager Error Handling should recover from errors                          
🎵 Manually clearing resume state
🎵 AppLifecycleManager initialized
🎵 AppLifecycleManager disposed
00:16 +465 -13: /Users/nishantgupta/Documents/GitaGyan/OldWisdom/test/screens/more_screen_test.dart: MoreScreen Widget Tests should display sections in correct order                                  00:16 +465 -13: /Users/nishantgupta/Documents/GitaGyan/OldWisdom/test/services/app_lifecycle_manager_test.dart: AppLifecycleManager Error Handling should handle invalid state transitions             
🎵 Manually clearing resume state
🎵 AppLifecycleManager initialized
🎵 AppLifecycleManager disposed
00:16 +466 -13: /Users/nishantgupta/Documents/GitaGyan/OldWisdom/test/screens/more_screen_test.dart: MoreScreen Widget Tests should display sections in correct order                                  00:16 +466 -13: /Users/nishantgupta/Documents/GitaGyan/OldWisdom/test/services/app_lifecycle_manager_test.dart: AppLifecycleManager Dispose should dispose without errors                              
🎵 Manually clearing resume state
🎵 AppLifecycleManager initialized
🎵 AppLifecycleManager disposed
00:16 +467 -13: /Users/nishantgupta/Documents/GitaGyan/OldWisdom/test/screens/more_screen_test.dart: MoreScreen Widget Tests should display sections in correct order                                  00:16 +467 -13: /Users/nishantgupta/Documents/GitaGyan/OldWisdom/test/services/app_lifecycle_manager_test.dart: AppLifecycleManager Dispose should dispose with active timers                          
🎵 Manually clearing resume state
🎵 AppLifecycleManager initialized
🎵 AppLifecycleManager disposed
00:16 +468 -13: /Users/nishantgupta/Documents/GitaGyan/OldWisdom/test/screens/more_screen_test.dart: MoreScreen Widget Tests should display sections in correct order                                  00:16 +468 -13: /Users/nishantgupta/Documents/GitaGyan/OldWisdom/test/services/app_lifecycle_manager_test.dart: AppLifecycleManager Dispose should clear all timers on dispose                         
🎵 Manually clearing resume state
🎵 AppLifecycleManager initialized
🎵 AppLifecycleManager disposed
00:16 +469 -13: /Users/nishantgupta/Documents/GitaGyan/OldWisdom/test/screens/more_screen_test.dart: MoreScreen Widget Tests should display sections in correct order                                  00:16 +469 -13: /Users/nishantgupta/Documents/GitaGyan/OldWisdom/test/services/app_lifecycle_manager_test.dart: AppLifecycleManager Dispose should remove observer on dispose                          
🎵 Manually clearing resume state
🎵 AppLifecycleManager initialized
🎵 AppLifecycleManager disposed
00:16 +470 -13: /Users/nishantgupta/Documents/GitaGyan/OldWisdom/test/screens/more_screen_test.dart: MoreScreen Widget Tests should display sections in correct order                                  00:16 +470 -13: /Users/nishantgupta/Documents/GitaGyan/OldWisdom/test/services/app_lifecycle_manager_test.dart: AppLifecycleManager State Persistence should maintain state across multiple calls      
🎵 Manually clearing resume state
🎵 AppLifecycleManager initialized
🎵 AppLifecycleManager disposed
00:16 +471 -13: /Users/nishantgupta/Documents/GitaGyan/OldWisdom/test/screens/more_screen_test.dart: MoreScreen Widget Tests should display sections in correct order                                  00:16 +471 -13: /Users/nishantgupta/Documents/GitaGyan/OldWisdom/test/services/app_lifecycle_manager_test.dart: AppLifecycleManager State Persistence should update state on lifecycle changes         
🎵 Manually clearing resume state
🎵 AppLifecycleManager initialized
🎵 AppLifecycleManager disposed
00:16 +472 -13: /Users/nishantgupta/Documents/GitaGyan/OldWisdom/test/screens/more_screen_test.dart: MoreScreen Widget Tests should display sections in correct order                                  00:16 +472 -13: /Users/nishantgupta/Documents/GitaGyan/OldWisdom/test/services/app_lifecycle_manager_test.dart: AppLifecycleManager State Persistence should reset state on clear                      
🎵 Manually clearing resume state
🎵 AppLifecycleManager initialized
🎵 Manually clearing resume state
🎵 AppLifecycleManager disposed
00:16 +473 -13: /Users/nishantgupta/Documents/GitaGyan/OldWisdom/test/screens/more_screen_test.dart: MoreScreen Widget Tests should display sections in correct order                                  00:16 +473 -13: /Users/nishantgupta/Documents/GitaGyan/OldWisdom/test/services/app_lifecycle_manager_test.dart: AppLifecycleManager Concurrent Operations should handle concurrent lifecycle changes   
🎵 Manually clearing resume state
🎵 AppLifecycleManager initialized
🎵 AppLifecycleManager disposed
00:16 +474 -13: /Users/nishantgupta/Documents/GitaGyan/OldWisdom/test/screens/more_screen_test.dart: MoreScreen Widget Tests should display sections in correct order                                  00:16 +474 -13: /Users/nishantgupta/Documents/GitaGyan/OldWisdom/test/services/app_lifecycle_manager_test.dart: AppLifecycleManager Concurrent Operations should handle concurrent clear and lifecycle change
🎵 Manually clearing resume state
🎵 AppLifecycleManager initialized
🎵 Manually clearing resume state
🎵 AppLifecycleManager disposed
00:16 +475 -13: /Users/nishantgupta/Documents/GitaGyan/OldWisdom/test/screens/more_screen_test.dart: MoreScreen Widget Tests should display sections in correct order                                  00:16 +475 -13: /Users/nishantgupta/Documents/GitaGyan/OldWisdom/test/services/app_lifecycle_manager_test.dart: AppLifecycleManager Concurrent Operations should handle concurrent dispose and lifecycle change
🎵 Manually clearing resume state
🎵 AppLifecycleManager initialized
🎵 AppLifecycleManager disposed
00:16 +476 -13: /Users/nishantgupta/Documents/GitaGyan/OldWisdom/test/screens/more_screen_test.dart: MoreScreen Widget Tests should display sections in correct order                                  00:16 +476 -13: /Users/nishantgupta/Documents/GitaGyan/OldWisdom/test/services/app_lifecycle_manager_test.dart: AppLifecycleManager Edge Cases should handle detached without previous state           
🎵 Manually clearing resume state
🎵 AppLifecycleManager initialized
🎵 AppLifecycleManager disposed
00:16 +477 -13: /Users/nishantgupta/Documents/GitaGyan/OldWisdom/test/screens/more_screen_test.dart: MoreScreen Widget Tests should display sections in correct order                                  00:16 +477 -13: /Users/nishantgupta/Documents/GitaGyan/OldWisdom/test/services/app_lifecycle_manager_test.dart: AppLifecycleManager Edge Cases should handle resumed without previous pause            
🎵 Manually clearing resume state
🎵 AppLifecycleManager initialized
🎵 AppLifecycleManager disposed
00:16 +478 -13: /Users/nishantgupta/Documents/GitaGyan/OldWisdom/test/screens/more_screen_test.dart: MoreScreen Widget Tests should display sections in correct order                                  00:16 +478 -13: /Users/nishantgupta/Documents/GitaGyan/OldWisdom/test/services/app_lifecycle_manager_test.dart: AppLifecycleManager Edge Cases should handle hidden without initialization             
🎵 Manually clearing resume state
00:16 +479 -13: /Users/nishantgupta/Documents/GitaGyan/OldWisdom/test/screens/more_screen_test.dart: MoreScreen Widget Tests should display sections in correct order                                  00:16 +479 -13: /Users/nishantgupta/Documents/GitaGyan/OldWisdom/test/services/app_lifecycle_manager_test.dart: AppLifecycleManager Edge Cases should handle multiple detached calls                   
🎵 Manually clearing resume state
🎵 AppLifecycleManager initialized
🎵 AppLifecycleManager disposed
00:16 +480 -13: /Users/nishantgupta/Documents/GitaGyan/OldWisdom/test/screens/more_screen_test.dart: MoreScreen Widget Tests should display sections in correct order                                  00:16 +480 -13: /Users/nishantgupta/Documents/GitaGyan/OldWisdom/test/services/app_lifecycle_manager_test.dart: AppLifecycleManager Edge Cases should handle alternating inactive and resumed          
🎵 Manually clearing resume state
🎵 AppLifecycleManager initialized
🎵 AppLifecycleManager disposed
00:16 +481 -13: /Users/nishantgupta/Documents/GitaGyan/OldWisdom/test/screens/more_screen_test.dart: MoreScreen Widget Tests should display sections in correct order                                  00:16 +481 -13: /Users/nishantgupta/Documents/GitaGyan/OldWisdom/test/screens/more_screen_test.dart: MoreScreen Widget Tests should display sections in correct order                                  
══╡ EXCEPTION CAUGHT BY FLUTTER TEST FRAMEWORK ╞════════════════════════════════════════════════════
The following assertion was thrown running a test:
pumpAndSettle timed out

When the exception was thrown, this was the stack:
#0      WidgetTester.pumpAndSettle.<anonymous closure> (package:flutter_test/src/widget_tester.dart:717:11)
<asynchronous suspension>
#1      TestAsyncUtils.guard.<anonymous closure> (package:flutter_test/src/test_async_utils.dart:130:27)
<asynchronous suspension>
#2      main.<anonymous closure>.<anonymous closure> (file:///Users/nishantgupta/Documents/GitaGyan/OldWisdom/test/screens/more_screen_test.dart:75:7)
<asynchronous suspension>
#3      testWidgets.<anonymous closure>.<anonymous closure> (package:flutter_test/src/widget_tester.dart:192:15)
<asynchronous suspension>
#4      TestWidgetsFlutterBinding._runTestBody (package:flutter_test/src/binding.dart:1059:5)
<asynchronous suspension>
<asynchronous suspension>
(elided one frame from package:stack_trace)

The test description was:
  should display sections in correct order
════════════════════════════════════════════════════════════════════════════════════════════════════
00:16 +481 -14: /Users/nishantgupta/Documents/GitaGyan/OldWisdom/test/screens/more_screen_test.dart: MoreScreen Widget Tests should display sections in correct order [E]                              
  Test failed. See exception logs above.
  The test description was: should display sections in correct order
  

To run this test again: /Users/nishantgupta/Documents/Development/flutter/bin/cache/dart-sdk/bin/dart test /Users/nishantgupta/Documents/GitaGyan/OldWisdom/test/screens/more_screen_test.dart -p vm --plain-name 'MoreScreen Widget Tests should display sections in correct order'
00:16 +481 -14: /Users/nishantgupta/Documents/GitaGyan/OldWisdom/test/services/simple_auth_service_test.dart: SimpleAuthService Anonymous Sign In should set loading state during sign in              
✅ Signed in as guest
👋 Signed out
00:16 +482 -14: /Users/nishantgupta/Documents/GitaGyan/OldWisdom/test/screens/more_screen_test.dart: MoreScreen Widget Tests should display ACCOUNT section only when authenticated                    00:16 +482 -14: /Users/nishantgupta/Documents/GitaGyan/OldWisdom/test/services/simple_auth_service_test.dart: SimpleAuthService Anonymous Sign In should notify listeners on anonymous sign in         
✅ SimpleAuthService initialized
✅ Signed in as guest
👋 Signed out
00:17 +483 -14: /Users/nishantgupta/Documents/GitaGyan/OldWisdom/test/screens/more_screen_test.dart: MoreScreen Widget Tests should display ACCOUNT section only when authenticated                    00:17 +483 -14: /Users/nishantgupta/Documents/GitaGyan/OldWisdom/test/services/simple_auth_service_test.dart: SimpleAuthService Email Sign In should sign in with email successfully                   
✅ SimpleAuthService initialized
00:17 +483 -14: /Users/nishantgupta/Documents/GitaGyan/OldWisdom/test/screens/home_screen_test.dart: HomeScreen Widget Tests should render home screen with app bar                                    
══╡ EXCEPTION CAUGHT BY FLUTTER TEST FRAMEWORK ╞════════════════════════════════════════════════════
The following assertion was thrown running a test (but after the test had completed):
pumpAndSettle timed out

When the exception was thrown, this was the stack:
#0      WidgetTester.pumpAndSettle.<anonymous closure> (package:flutter_test/src/widget_tester.dart:717:11)
<asynchronous suspension>
#1      TestAsyncUtils.guard.<anonymous closure> (package:flutter_test/src/test_async_utils.dart:130:27)
<asynchronous suspension>
#2      main.<anonymous closure>.<anonymous closure> (file:///Users/nishantgupta/Documents/GitaGyan/OldWisdom/test/screens/home_screen_test.dart:67:7)
<asynchronous suspension>
#3      testWidgets.<anonymous closure>.<anonymous closure> (package:flutter_test/src/widget_tester.dart:192:15)
<asynchronous suspension>
#4      TestWidgetsFlutterBinding._runTestBody (package:flutter_test/src/binding.dart:1059:5)
<asynchronous suspension>
<asynchronous suspension>
(elided one frame from package:stack_trace)
════════════════════════════════════════════════════════════════════════════════════════════════════
00:17 +483 -14: /Users/nishantgupta/Documents/GitaGyan/OldWisdom/test/screens/home_screen_test.dart: HomeScreen Widget Tests should render home screen with app bar [E]                                
  Test failed. See exception logs above.
  The test description was: should render home screen with app bar
  
00:17 +483 -14: /Users/nishantgupta/Documents/GitaGyan/OldWisdom/test/screens/more_screen_test.dart: MoreScreen Widget Tests should display ACCOUNT section only when authenticated                    
To run this test again: /Users/nishantgupta/Documents/Development/flutter/bin/cache/dart-sdk/bin/dart test /Users/nishantgupta/Documents/GitaGyan/OldWisdom/test/screens/home_screen_test.dart -p vm --plain-name 'HomeScreen Widget Tests should render home screen with app bar'
00:17 +483 -14: /Users/nishantgupta/Documents/GitaGyan/OldWisdom/test/screens/home_screen_test.dart: HomeScreen Widget Tests should display daily verse carousel                                       
══╡ EXCEPTION CAUGHT BY FLUTTER TEST FRAMEWORK ╞════════════════════════════════════════════════════
The following assertion was thrown running a test:
You must initialize the supabase instance before calling Supabase.instance
'package:supabase_flutter/src/supabase.dart':
Failed assertion: line 45 pos 7: '_instance._isInitialized'

When the exception was thrown, this was the stack:
#2      Supabase.instance (package:supabase_flutter/src/supabase.dart:45:7)
#3      new EnhancedSupabaseService (package:GitaWisdom/services/enhanced_supabase_service.dart:28:42)
#4      ServiceLocator.enhancedSupabaseService (package:GitaWisdom/services/service_locator.dart:15:34)
#5      _HomeScreenState._service (package:GitaWisdom/screens/home_screen.dart:78:49)
#6      _HomeScreenState._service (package:GitaWisdom/screens/home_screen.dart)
#7      _HomeScreenState._initializeDataAfterFirstFrame.<anonymous closure> (package:GitaWisdom/screens/home_screen.dart:160:22)
#8      State.setState (package:flutter/src/widgets/framework.dart:1199:30)
#9      _HomeScreenState._initializeDataAfterFirstFrame (package:GitaWisdom/screens/home_screen.dart:158:5)
#10     _HomeScreenState.initState.<anonymous closure> (package:GitaWisdom/screens/home_screen.dart:141:7)
#11     SchedulerBinding._invokeFrameCallback (package:flutter/src/scheduler/binding.dart:1434:15)
#12     SchedulerBinding.handleDrawFrame (package:flutter/src/scheduler/binding.dart:1361:11)
#13     AutomatedTestWidgetsFlutterBinding.pump.<anonymous closure> (package:flutter_test/src/binding.dart:1335:9)
#16     TestAsyncUtils.guard (package:flutter_test/src/test_async_utils.dart:74:41)
#17     AutomatedTestWidgetsFlutterBinding.pump (package:flutter_test/src/binding.dart:1324:27)
#18     WidgetTester.pumpWidget.<anonymous closure> (package:flutter_test/src/widget_tester.dart:598:22)
#21     TestAsyncUtils.guard (package:flutter_test/src/test_async_utils.dart:74:41)
#22     WidgetTester.pumpWidget (package:flutter_test/src/widget_tester.dart:595:27)
#23     main.<anonymous closure>.<anonymous closure> (file:///Users/nishantgupta/Documents/GitaGyan/OldWisdom/test/screens/home_screen_test.dart:75:20)
#24     testWidgets.<anonymous closure>.<anonymous closure> (package:flutter_test/src/widget_tester.dart:192:29)
<asynchronous suspension>
#25     TestWidgetsFlutterBinding._runTestBody (package:flutter_test/src/binding.dart:1059:5)
<asynchronous suspension>
<asynchronous suspension>
(elided 7 frames from class _AssertionError, dart:async, and package:stack_trace)

The test description was:
  should display daily verse carousel
════════════════════════════════════════════════════════════════════════════════════════════════════
00:17 +483 -15: /Users/nishantgupta/Documents/GitaGyan/OldWisdom/test/screens/home_screen_test.dart: HomeScreen Widget Tests should display daily verse carousel [E]                                   
  Test failed. See exception logs above.
  The test description was: should display daily verse carousel
  
00:17 +483 -15: /Users/nishantgupta/Documents/GitaGyan/OldWisdom/test/screens/more_screen_test.dart: MoreScreen Widget Tests should display ACCOUNT section only when authenticated                    00:17 +483 -15: /Users/nishantgupta/Documents/GitaGyan/OldWisdom/test/services/scenario_service_test.dart: ScenarioService Initialization service should initialize without errors                     
📚 ScenarioService initialized with 4 scenarios (lazy loading)
✅ ScenarioService initialized with lazy loading (4 scenarios available)
🔄 Loading scenarios from Hive storage (lazy loading)
✅ Loaded 4 scenarios from storage
⚡ Instant cache return: 4 scenarios
📅 No sync record found, refreshing scenarios
🚀 Starting optimized scenario refresh from server...
00:18 +484 -15: /Users/nishantgupta/Documents/GitaGyan/OldWisdom/test/screens/more_screen_test.dart: MoreScreen Widget Tests should display ACCOUNT section only when authenticated                    00:18 +484 -15: /Users/nishantgupta/Documents/GitaGyan/OldWisdom/test/services/scenario_service_test.dart: ScenarioService Initialization service should initialize without errors                     
❌ Error fetching paginated scenarios for en: PostgrestException(message: , code: 400, details: , hint: null)
🔧 Using fallback method for scenarios (limit: 2000, offset: 0)
❌ Fallback scenarios fetch failed: PostgrestException(message: , code: 400, details: , hint: null)
⚠️ No scenarios received from server
00:18 +484 -15: /Users/nishantgupta/Documents/GitaGyan/OldWisdom/test/services/scenario_service_test.dart: ScenarioService Initialization service should be singleton                                  
📚 ScenarioService already initialized (4 scenarios)
⚡ Instant cache return: 4 scenarios
📅 No sync record found, refreshing scenarios
🚀 Starting optimized scenario refresh from server...
00:18 +485 -15: /Users/nishantgupta/Documents/GitaGyan/OldWisdom/test/screens/more_screen_test.dart: MoreScreen Widget Tests should display ACCOUNT section only when authenticated                    00:18 +485 -15: /Users/nishantgupta/Documents/GitaGyan/OldWisdom/test/services/scenario_service_test.dart: ScenarioService Initialization service should be singleton                                  
❌ Error fetching paginated scenarios for en: PostgrestException(message: , code: 400, details: , hint: null)
🔧 Using fallback method for scenarios (limit: 2000, offset: 0)
❌ Fallback scenarios fetch failed: PostgrestException(message: , code: 400, details: , hint: null)
⚠️ No scenarios received from server
00:18 +485 -15: /Users/nishantgupta/Documents/GitaGyan/OldWisdom/test/services/scenario_service_test.dart: ScenarioService Initialization service should load scenarios from Hive on initialization    
📚 ScenarioService already initialized (4 scenarios)
⚡ Instant cache return: 4 scenarios
📅 No sync record found, refreshing scenarios
🚀 Starting optimized scenario refresh from server...
00:18 +486 -15: /Users/nishantgupta/Documents/GitaGyan/OldWisdom/test/screens/more_screen_test.dart: MoreScreen Widget Tests should display ACCOUNT section only when authenticated                    00:18 +486 -15: /Users/nishantgupta/Documents/GitaGyan/OldWisdom/test/services/scenario_service_test.dart: ScenarioService Initialization service should load scenarios from Hive on initialization    
❌ Error fetching paginated scenarios for en: PostgrestException(message: , code: 400, details: , hint: null)
🔧 Using fallback method for scenarios (limit: 2000, offset: 0)
❌ Fallback scenarios fetch failed: PostgrestException(message: , code: 400, details: , hint: null)
⚠️ No scenarios received from server
00:18 +486 -15: /Users/nishantgupta/Documents/GitaGyan/OldWisdom/test/services/scenario_service_test.dart: ScenarioService getAllScenarios should return all cached scenarios                          
📚 ScenarioService already initialized (4 scenarios)
⚡ Instant cache return: 4 scenarios
📅 No sync record found, refreshing scenarios
🚀 Starting optimized scenario refresh from server...
⚡ Instant cache return: 4 scenarios
📅 No sync record found, refreshing scenarios
🔄 Background refresh already in progress, skipping...
00:18 +487 -15: /Users/nishantgupta/Documents/GitaGyan/OldWisdom/test/screens/more_screen_test.dart: MoreScreen Widget Tests should display ACCOUNT section only when authenticated                    00:18 +487 -15: /Users/nishantgupta/Documents/GitaGyan/OldWisdom/test/services/scenario_service_test.dart: ScenarioService getAllScenarios should return all cached scenarios                          
❌ Error fetching paginated scenarios for en: PostgrestException(message: , code: 400, details: , hint: null)
🔧 Using fallback method for scenarios (limit: 2000, offset: 0)
❌ Fallback scenarios fetch failed: PostgrestException(message: , code: 400, details: , hint: null)
⚠️ No scenarios received from server
00:18 +487 -15: /Users/nishantgupta/Documents/GitaGyan/OldWisdom/test/services/scenario_service_test.dart: ScenarioService getAllScenarios should return scenarios immediately from cache              
📚 ScenarioService already initialized (4 scenarios)
⚡ Instant cache return: 4 scenarios
📅 No sync record found, refreshing scenarios
🚀 Starting optimized scenario refresh from server...
⚡ Instant cache return: 4 scenarios
📅 No sync record found, refreshing scenarios
🔄 Background refresh already in progress, skipping...
⚡ Instant cache return: 4 scenarios
📅 No sync record found, refreshing scenarios
🔄 Background refresh already in progress, skipping...
00:18 +488 -15: /Users/nishantgupta/Documents/GitaGyan/OldWisdom/test/screens/more_screen_test.dart: MoreScreen Widget Tests should display ACCOUNT section only when authenticated                    00:18 +488 -15: /Users/nishantgupta/Documents/GitaGyan/OldWisdom/test/services/scenario_service_test.dart: ScenarioService getAllScenarios should return scenarios immediately from cache              
❌ Error fetching paginated scenarios for en: PostgrestException(message: , code: 400, details: , hint: null)
🔧 Using fallback method for scenarios (limit: 2000, offset: 0)
❌ Fallback scenarios fetch failed: PostgrestException(message: , code: 400, details: , hint: null)
⚠️ No scenarios received from server
00:18 +488 -15: /Users/nishantgupta/Documents/GitaGyan/OldWisdom/test/services/scenario_service_test.dart: ScenarioService searchScenarios should return all scenarios for empty query                 
📚 ScenarioService already initialized (4 scenarios)
⚡ Instant cache return: 4 scenarios
📅 No sync record found, refreshing scenarios
🚀 Starting optimized scenario refresh from server...
00:18 +489 -15: /Users/nishantgupta/Documents/GitaGyan/OldWisdom/test/screens/more_screen_test.dart: MoreScreen Widget Tests should display ACCOUNT section only when authenticated                    00:18 +489 -15: /Users/nishantgupta/Documents/GitaGyan/OldWisdom/test/services/scenario_service_test.dart: ScenarioService searchScenarios should return all scenarios for empty query                 
❌ Error fetching paginated scenarios for en: PostgrestException(message: , code: 400, details: , hint: null)
🔧 Using fallback method for scenarios (limit: 2000, offset: 0)
❌ Fallback scenarios fetch failed: PostgrestException(message: , code: 400, details: , hint: null)
⚠️ No scenarios received from server
00:18 +489 -15: /Users/nishantgupta/Documents/GitaGyan/OldWisdom/test/services/scenario_service_test.dart: ScenarioService searchScenarios should search by title                                      
📚 ScenarioService already initialized (4 scenarios)
⚡ Instant cache return: 4 scenarios
📅 No sync record found, refreshing scenarios
🚀 Starting optimized scenario refresh from server...
🔍 Local search for "Work Stress": 1 results (searching all 4 scenarios)
00:18 +490 -15: /Users/nishantgupta/Documents/GitaGyan/OldWisdom/test/screens/more_screen_test.dart: MoreScreen Widget Tests should display ACCOUNT section only when authenticated                    00:18 +490 -15: /Users/nishantgupta/Documents/GitaGyan/OldWisdom/test/services/scenario_service_test.dart: ScenarioService searchScenarios should search by title                                      
❌ Error fetching paginated scenarios for en: PostgrestException(message: , code: 400, details: , hint: null)
🔧 Using fallback method for scenarios (limit: 2000, offset: 0)
❌ Fallback scenarios fetch failed: PostgrestException(message: , code: 400, details: , hint: null)
⚠️ No scenarios received from server
00:18 +490 -15: /Users/nishantgupta/Documents/GitaGyan/OldWisdom/test/services/scenario_service_test.dart: ScenarioService searchScenarios should search by description                                
📚 ScenarioService already initialized (4 scenarios)
⚡ Instant cache return: 4 scenarios
📅 No sync record found, refreshing scenarios
🚀 Starting optimized scenario refresh from server...
🔍 Local search for "workplace": 1 results (searching all 4 scenarios)
00:18 +491 -15: /Users/nishantgupta/Documents/GitaGyan/OldWisdom/test/screens/more_screen_test.dart: MoreScreen Widget Tests should display ACCOUNT section only when authenticated                    00:18 +491 -15: /Users/nishantgupta/Documents/GitaGyan/OldWisdom/test/services/scenario_service_test.dart: ScenarioService searchScenarios should search by description                                
❌ Error fetching paginated scenarios for en: PostgrestException(message: , code: 400, details: , hint: null)
🔧 Using fallback method for scenarios (limit: 2000, offset: 0)
❌ Fallback scenarios fetch failed: PostgrestException(message: , code: 400, details: , hint: null)
⚠️ No scenarios received from server
00:18 +491 -15: /Users/nishantgupta/Documents/GitaGyan/OldWisdom/test/services/scenario_service_test.dart: ScenarioService searchScenarios should search by category                                   
📚 ScenarioService already initialized (4 scenarios)
⚡ Instant cache return: 4 scenarios
📅 No sync record found, refreshing scenarios
🚀 Starting optimized scenario refresh from server...
🔍 Local search for "career": 1 results (searching all 4 scenarios)
00:18 +492 -15: /Users/nishantgupta/Documents/GitaGyan/OldWisdom/test/screens/more_screen_test.dart: MoreScreen Widget Tests should display ACCOUNT section only when authenticated                    00:18 +492 -15: /Users/nishantgupta/Documents/GitaGyan/OldWisdom/test/services/scenario_service_test.dart: ScenarioService searchScenarios should search by category                                   
❌ Error fetching paginated scenarios for en: PostgrestException(message: , code: 400, details: , hint: null)
🔧 Using fallback method for scenarios (limit: 2000, offset: 0)
00:18 +492 -15: /Users/nishantgupta/Documents/GitaGyan/OldWisdom/test/screens/more_screen_test.dart: MoreScreen Widget Tests should display ACCOUNT section only when authenticated                    00:18 +492 -15: /Users/nishantgupta/Documents/GitaGyan/OldWisdom/test/services/scenario_service_test.dart: ScenarioService searchScenarios should search by category                                   
❌ Fallback scenarios fetch failed: PostgrestException(message: , code: 400, details: , hint: null)
⚠️ No scenarios received from server
00:18 +492 -15: /Users/nishantgupta/Documents/GitaGyan/OldWisdom/test/services/scenario_service_test.dart: ScenarioService searchScenarios should search by tags                                       
📚 ScenarioService already initialized (4 scenarios)
⚡ Instant cache return: 4 scenarios
📅 No sync record found, refreshing scenarios
🚀 Starting optimized scenario refresh from server...
🔍 Local search for "stress": 1 results (searching all 4 scenarios)
00:18 +493 -15: /Users/nishantgupta/Documents/GitaGyan/OldWisdom/test/screens/more_screen_test.dart: MoreScreen Widget Tests should display ACCOUNT section only when authenticated                    00:18 +493 -15: /Users/nishantgupta/Documents/GitaGyan/OldWisdom/test/services/scenario_service_test.dart: ScenarioService searchScenarios should search by tags                                       
❌ Error fetching paginated scenarios for en: PostgrestException(message: , code: 400, details: , hint: null)
🔧 Using fallback method for scenarios (limit: 2000, offset: 0)
00:18 +493 -15: /Users/nishantgupta/Documents/GitaGyan/OldWisdom/test/screens/more_screen_test.dart: MoreScreen Widget Tests should display ACCOUNT section only when authenticated                    00:18 +493 -15: /Users/nishantgupta/Documents/GitaGyan/OldWisdom/test/services/scenario_service_test.dart: ScenarioService searchScenarios should search by tags                                       
❌ Fallback scenarios fetch failed: PostgrestException(message: , code: 400, details: , hint: null)
⚠️ No scenarios received from server
00:18 +493 -15: /Users/nishantgupta/Documents/GitaGyan/OldWisdom/test/services/scenario_service_test.dart: ScenarioService searchScenarios should handle compound search queries                       
📚 ScenarioService already initialized (4 scenarios)
⚡ Instant cache return: 4 scenarios
📅 No sync record found, refreshing scenarios
🚀 Starting optimized scenario refresh from server...
🚀 Cache hit for "work stress": 1 results
00:18 +494 -15: /Users/nishantgupta/Documents/GitaGyan/OldWisdom/test/screens/more_screen_test.dart: MoreScreen Widget Tests should display ACCOUNT section only when authenticated                    00:18 +494 -15: /Users/nishantgupta/Documents/GitaGyan/OldWisdom/test/services/scenario_service_test.dart: ScenarioService searchScenarios should handle compound search queries                       
❌ Error fetching paginated scenarios for en: PostgrestException(message: , code: 400, details: , hint: null)
🔧 Using fallback method for scenarios (limit: 2000, offset: 0)
❌ Fallback scenarios fetch failed: PostgrestException(message: , code: 400, details: , hint: null)
⚠️ No scenarios received from server
00:18 +495 -15: /Users/nishantgupta/Documents/GitaGyan/OldWisdom/test/screens/more_screen_test.dart: MoreScreen Widget Tests should display ACCOUNT section only when authenticated                    00:18 +496 -15: /Users/nishantgupta/Documents/GitaGyan/OldWisdom/test/screens/more_screen_test.dart: MoreScreen Widget Tests should display ACCOUNT section only when authenticated                    00:18 +496 -15: /Users/nishantgupta/Documents/GitaGyan/OldWisdom/test/services/scenario_service_test.dart: ScenarioService searchScenarios should be case-insensitive                                  
📚 ScenarioService already initialized (4 scenarios)
⚡ Instant cache return: 4 scenarios
📅 No sync record found, refreshing scenarios
🚀 Starting optimized scenario refresh from server...
00:18 +497 -15: /Users/nishantgupta/Documents/GitaGyan/OldWisdom/test/screens/more_screen_test.dart: MoreScreen Widget Tests should display ACCOUNT section only when authenticated                    00:18 +497 -15: /Users/nishantgupta/Documents/GitaGyan/OldWisdom/test/services/scenario_service_test.dart: ScenarioService searchScenarios should be case-insensitive                                  
🔍 Local search for "WORK": 2 results (searching all 4 scenarios)
🚀 Cache hit for "work": 2 results
00:18 +498 -15: /Users/nishantgupta/Documents/GitaGyan/OldWisdom/test/screens/more_screen_test.dart: MoreScreen Widget Tests should display ACCOUNT section only when authenticated                    00:18 +499 -15: /Users/nishantgupta/Documents/GitaGyan/OldWisdom/test/screens/more_screen_test.dart: MoreScreen Widget Tests should display ACCOUNT section only when authenticated                    00:18 +499 -15: /Users/nishantgupta/Documents/GitaGyan/OldWisdom/test/services/scenario_service_test.dart: ScenarioService searchScenarios should be case-insensitive                                  
❌ Error fetching paginated scenarios for en: PostgrestException(message: , code: 400, details: , hint: null)
🔧 Using fallback method for scenarios (limit: 2000, offset: 0)
00:18 +500 -15: /Users/nishantgupta/Documents/GitaGyan/OldWisdom/test/screens/more_screen_test.dart: MoreScreen Widget Tests should display ACCOUNT section only when authenticated                    00:18 +500 -15: /Users/nishantgupta/Documents/GitaGyan/OldWisdom/test/services/scenario_service_test.dart: ScenarioService searchScenarios should be case-insensitive                                  
❌ Fallback scenarios fetch failed: PostgrestException(message: , code: 400, details: , hint: null)
⚠️ No scenarios received from server
00:18 +501 -15: /Users/nishantgupta/Documents/GitaGyan/OldWisdom/test/screens/more_screen_test.dart: MoreScreen Widget Tests should display ACCOUNT section only when authenticated                    00:18 +502 -15: /Users/nishantgupta/Documents/GitaGyan/OldWisdom/test/screens/more_screen_test.dart: MoreScreen Widget Tests should display ACCOUNT section only when authenticated                    00:18 +502 -15: /Users/nishantgupta/Documents/GitaGyan/OldWisdom/test/services/scenario_service_test.dart: ScenarioService searchScenarios should respect maxResults parameter                         
📚 ScenarioService already initialized (4 scenarios)
⚡ Instant cache return: 4 scenarios
📅 No sync record found, refreshing scenarios
🚀 Starting optimized scenario refresh from server...
00:18 +503 -15: /Users/nishantgupta/Documents/GitaGyan/OldWisdom/test/screens/more_screen_test.dart: MoreScreen Widget Tests should display ACCOUNT section only when authenticated                    00:18 +503 -15: /Users/nishantgupta/Documents/GitaGyan/OldWisdom/test/services/scenario_service_test.dart: ScenarioService searchScenarios should respect maxResults parameter                         
🔍 Local search for "parent": 1 results (searching all 4 scenarios)
00:18 +504 -15: /Users/nishantgupta/Documents/GitaGyan/OldWisdom/test/screens/more_screen_test.dart: MoreScreen Widget Tests should display ACCOUNT section only when authenticated                    00:18 +504 -15: /Users/nishantgupta/Documents/GitaGyan/OldWisdom/test/services/scenario_service_test.dart: ScenarioService searchScenarios should respect maxResults parameter                         
❌ Error fetching paginated scenarios for en: PostgrestException(message: , code: 400, details: , hint: null)
🔧 Using fallback method for scenarios (limit: 2000, offset: 0)
❌ Fallback scenarios fetch failed: PostgrestException(message: , code: 400, details: , hint: null)
00:18 +505 -15: /Users/nishantgupta/Documents/GitaGyan/OldWisdom/test/screens/more_screen_test.dart: MoreScreen Widget Tests should display ACCOUNT section only when authenticated                    00:18 +505 -15: /Users/nishantgupta/Documents/GitaGyan/OldWisdom/test/services/scenario_service_test.dart: ScenarioService searchScenarios should respect maxResults parameter                         
⚠️ No scenarios received from server
00:18 +506 -15: /Users/nishantgupta/Documents/GitaGyan/OldWisdom/test/screens/more_screen_test.dart: MoreScreen Widget Tests should display ACCOUNT section only when authenticated                    00:18 +507 -15: /Users/nishantgupta/Documents/GitaGyan/OldWisdom/test/screens/more_screen_test.dart: MoreScreen Widget Tests should display ACCOUNT section only when authenticated                    00:18 +507 -15: /Users/nishantgupta/Documents/GitaGyan/OldWisdom/test/services/scenario_service_test.dart: ScenarioService searchScenarios should search in Gita wisdom content                        
📚 ScenarioService already initialized (4 scenarios)
⚡ Instant cache return: 4 scenarios
📅 No sync record found, refreshing scenarios
🚀 Starting optimized scenario refresh from server...
00:18 +508 -15: /Users/nishantgupta/Documents/GitaGyan/OldWisdom/test/screens/more_screen_test.dart: MoreScreen Widget Tests should display ACCOUNT section only when authenticated                    00:18 +508 -15: /Users/nishantgupta/Documents/GitaGyan/OldWisdom/test/services/scenario_service_test.dart: ScenarioService searchScenarios should search in Gita wisdom content                        
🔍 Local search for "duty": 2 results (searching all 4 scenarios)
00:18 +509 -15: /Users/nishantgupta/Documents/GitaGyan/OldWisdom/test/screens/more_screen_test.dart: MoreScreen Widget Tests should display ACCOUNT section only when authenticated                    00:18 +510 -15: /Users/nishantgupta/Documents/GitaGyan/OldWisdom/test/screens/more_screen_test.dart: MoreScreen Widget Tests should display ACCOUNT section only when authenticated                    00:18 +510 -15: /Users/nishantgupta/Documents/GitaGyan/OldWisdom/test/services/scenario_service_test.dart: ScenarioService searchScenarios should search in Gita wisdom content                        
❌ Error fetching paginated scenarios for en: PostgrestException(message: , code: 400, details: , hint: null)
🔧 Using fallback method for scenarios (limit: 2000, offset: 0)
❌ Fallback scenarios fetch failed: PostgrestException(message: , code: 400, details: , hint: null)
00:18 +511 -15: /Users/nishantgupta/Documents/GitaGyan/OldWisdom/test/screens/more_screen_test.dart: MoreScreen Widget Tests should display ACCOUNT section only when authenticated                    00:18 +511 -15: /Users/nishantgupta/Documents/GitaGyan/OldWisdom/test/services/scenario_service_test.dart: ScenarioService searchScenarios should search in Gita wisdom content                        
⚠️ No scenarios received from server
00:18 +511 -15: /Users/nishantgupta/Documents/GitaGyan/OldWisdom/test/services/scenario_service_test.dart: ScenarioService searchScenarios should search in heart/duty responses                       
📚 ScenarioService already initialized (4 scenarios)
⚡ Instant cache return: 4 scenarios
📅 No sync record found, refreshing scenarios
🚀 Starting optimized scenario refresh from server...
🔍 Local search for "relax": 1 results (searching all 4 scenarios)
00:18 +512 -15: /Users/nishantgupta/Documents/GitaGyan/OldWisdom/test/screens/more_screen_test.dart: MoreScreen Widget Tests should display ACCOUNT section only when authenticated                    00:18 +512 -15: /Users/nishantgupta/Documents/GitaGyan/OldWisdom/test/services/scenario_service_test.dart: ScenarioService searchScenarios should search in heart/duty responses                       
❌ Error fetching paginated scenarios for en: PostgrestException(message: , code: 400, details: , hint: null)
🔧 Using fallback method for scenarios (limit: 2000, offset: 0)
❌ Fallback scenarios fetch failed: PostgrestException(message: , code: 400, details: , hint: null)
⚠️ No scenarios received from server
00:18 +512 -15: /Users/nishantgupta/Documents/GitaGyan/OldWisdom/test/services/scenario_service_test.dart: ScenarioService searchScenarios should search in action steps                               
📚 ScenarioService already initialized (4 scenarios)
⚡ Instant cache return: 4 scenarios
📅 No sync record found, refreshing scenarios
🚀 Starting optimized scenario refresh from server...
🔍 Local search for "budget": 1 results (searching all 4 scenarios)
00:18 +513 -15: /Users/nishantgupta/Documents/GitaGyan/OldWisdom/test/screens/more_screen_test.dart: MoreScreen Widget Tests should display ACCOUNT section only when authenticated                    00:18 +513 -15: /Users/nishantgupta/Documents/GitaGyan/OldWisdom/test/services/scenario_service_test.dart: ScenarioService searchScenarios should search in action steps                               
❌ Error fetching paginated scenarios for en: PostgrestException(message: , code: 400, details: , hint: null)
🔧 Using fallback method for scenarios (limit: 2000, offset: 0)
❌ Fallback scenarios fetch failed: PostgrestException(message: , code: 400, details: , hint: null)
⚠️ No scenarios received from server
00:18 +513 -15: /Users/nishantgupta/Documents/GitaGyan/OldWisdom/test/services/scenario_service_test.dart: ScenarioService filterByTag should return scenarios matching specific tag                   
📚 ScenarioService already initialized (4 scenarios)
⚡ Instant cache return: 4 scenarios
📅 No sync record found, refreshing scenarios
🚀 Starting optimized scenario refresh from server...
🏷️ Filter by tag "stress": 1 results
00:18 +514 -15: /Users/nishantgupta/Documents/GitaGyan/OldWisdom/test/screens/more_screen_test.dart: MoreScreen Widget Tests should display ACCOUNT section only when authenticated                    00:18 +514 -15: /Users/nishantgupta/Documents/GitaGyan/OldWisdom/test/services/scenario_service_test.dart: ScenarioService filterByTag should return scenarios matching specific tag                   
❌ Error fetching paginated scenarios for en: PostgrestException(message: , code: 400, details: , hint: null)
🔧 Using fallback method for scenarios (limit: 2000, offset: 0)
❌ Fallback scenarios fetch failed: PostgrestException(message: , code: 400, details: , hint: null)
⚠️ No scenarios received from server
00:18 +514 -15: /Users/nishantgupta/Documents/GitaGyan/OldWisdom/test/services/scenario_service_test.dart: ScenarioService filterByTag should return empty list for non-existent tag                   
📚 ScenarioService already initialized (4 scenarios)
⚡ Instant cache return: 4 scenarios
📅 No sync record found, refreshing scenarios
🚀 Starting optimized scenario refresh from server...
🏷️ Filter by tag "nonexistent": 0 results
00:18 +515 -15: /Users/nishantgupta/Documents/GitaGyan/OldWisdom/test/screens/more_screen_test.dart: MoreScreen Widget Tests should display ACCOUNT section only when authenticated                    00:18 +515 -15: /Users/nishantgupta/Documents/GitaGyan/OldWisdom/test/services/scenario_service_test.dart: ScenarioService filterByTag should return empty list for non-existent tag                   
❌ Error fetching paginated scenarios for en: PostgrestException(message: , code: 400, details: , hint: null)
🔧 Using fallback method for scenarios (limit: 2000, offset: 0)
❌ Fallback scenarios fetch failed: PostgrestException(message: , code: 400, details: , hint: null)
⚠️ No scenarios received from server
00:18 +515 -15: /Users/nishantgupta/Documents/GitaGyan/OldWisdom/test/services/service_locator_test.dart: ServiceLocator Initialize should initialize all services                                     
✅ SupabaseAuthService initialized
━━━━━━━━━━━━━━━━━━━━━━━━━━━━━━━━━━━━━━━━━━━
00:18 +515 -15: /Users/nishantgupta/Documents/GitaGyan/OldWisdom/test/services/scenario_service_test.dart: ScenarioService filterByTag should handle tags case-sensitively                             
📚 ScenarioService already initialized (4 scenarios)
⚡ Instant cache return: 4 scenarios
📅 No sync record found, refreshing scenarios
00:18 +515 -15: /Users/nishantgupta/Documents/GitaGyan/OldWisdom/test/services/service_locator_test.dart: ServiceLocator Initialize should initialize all services                                     
🔐 AUTH STATE CHANGE DETECTED
00:18 +515 -15: /Users/nishantgupta/Documents/GitaGyan/OldWisdom/test/services/scenario_service_test.dart: ScenarioService filterByTag should handle tags case-sensitively                             
🚀 Starting optimized scenario refresh from server...
00:18 +515 -15: /Users/nishantgupta/Documents/GitaGyan/OldWisdom/test/services/service_locator_test.dart: ServiceLocator Initialize should initialize all services                                     
   Event: AuthChangeEvent.initialSession
   Has session: false
   Previous user: none
00:18 +515 -15: /Users/nishantgupta/Documents/GitaGyan/OldWisdom/test/services/scenario_service_test.dart: ScenarioService filterByTag should handle tags case-sensitively                             
🏷️ Filter by tag "stress": 1 results
00:18 +515 -15: /Users/nishantgupta/Documents/GitaGyan/OldWisdom/test/services/service_locator_test.dart: ServiceLocator Initialize should initialize all services                                     
   ❌ User signed out
   🔔 Notifying listeners...
━━━━━━━━━━━━━━━━━━━━━━━━━━━━━━━━━━━━━━━━━━━
00:18 +516 -15: /Users/nishantgupta/Documents/GitaGyan/OldWisdom/test/screens/more_screen_test.dart: MoreScreen Widget Tests should display ACCOUNT section only when authenticated                    00:18 +516 -15: /Users/nishantgupta/Documents/GitaGyan/OldWisdom/test/services/scenario_service_test.dart: ScenarioService filterByTag should handle tags case-sensitively                             
❌ Error fetching paginated scenarios for en: PostgrestException(message: , code: 400, details: , hint: null)
🔧 Using fallback method for scenarios (limit: 2000, offset: 0)
❌ Fallback scenarios fetch failed: PostgrestException(message: , code: 400, details: , hint: null)
⚠️ No scenarios received from server
00:18 +516 -15: /Users/nishantgupta/Documents/GitaGyan/OldWisdom/test/services/simple_auth_service_test.dart: SimpleAuthService Email Sign In should sign in with email successfully                   
✅ Signed in with email: test@example.com
👋 Signed out
00:18 +517 -15: /Users/nishantgupta/Documents/GitaGyan/OldWisdom/test/screens/more_screen_test.dart: MoreScreen Widget Tests should display ACCOUNT section only when authenticated                    00:18 +517 -15: /Users/nishantgupta/Documents/GitaGyan/OldWisdom/test/services/scenario_service_test.dart: ScenarioService filterByChapter should return scenarios from specific chapter               
📚 ScenarioService already initialized (4 scenarios)
⚡ Instant cache return: 4 scenarios
📅 No sync record found, refreshing scenarios
🚀 Starting optimized scenario refresh from server...
00:18 +517 -15: /Users/nishantgupta/Documents/GitaGyan/OldWisdom/test/services/simple_auth_service_test.dart: SimpleAuthService Email Sign In should extract display name from email                   
✅ SimpleAuthService initialized
00:18 +517 -15: /Users/nishantgupta/Documents/GitaGyan/OldWisdom/test/services/scenario_service_test.dart: ScenarioService filterByChapter should return scenarios from specific chapter               
📖 Filter by chapter 2: 2 results
00:18 +518 -15: /Users/nishantgupta/Documents/GitaGyan/OldWisdom/test/screens/more_screen_test.dart: MoreScreen Widget Tests should display ACCOUNT section only when authenticated                    00:18 +518 -15: /Users/nishantgupta/Documents/GitaGyan/OldWisdom/test/services/scenario_service_test.dart: ScenarioService filterByChapter should return scenarios from specific chapter               
❌ Error fetching paginated scenarios for en: PostgrestException(message: , code: 400, details: , hint: null)
🔧 Using fallback method for scenarios (limit: 2000, offset: 0)
00:18 +519 -15: /Users/nishantgupta/Documents/GitaGyan/OldWisdom/test/screens/more_screen_test.dart: MoreScreen Widget Tests should display ACCOUNT section only when authenticated                    00:18 +519 -15: /Users/nishantgupta/Documents/GitaGyan/OldWisdom/test/services/scenario_service_test.dart: ScenarioService filterByChapter should return scenarios from specific chapter               
❌ Fallback scenarios fetch failed: PostgrestException(message: , code: 400, details: , hint: null)
⚠️ No scenarios received from server
00:18 +519 -15: /Users/nishantgupta/Documents/GitaGyan/OldWisdom/test/services/service_locator_test.dart: ServiceLocator Initialize should initialize enhanced supabase service                        
✅ SupabaseAuthService initialized
━━━━━━━━━━━━━━━━━━━━━━━━━━━━━━━━━━━━━━━━━━━
🔐 AUTH STATE CHANGE DETECTED
   Event: AuthChangeEvent.initialSession
   Has session: false
   Previous user: none
00:18 +519 -15: /Users/nishantgupta/Documents/GitaGyan/OldWisdom/test/services/scenario_service_test.dart: ScenarioService filterByChapter should return empty list for chapter with no scenarios      
📚 ScenarioService already initialized (4 scenarios)
00:18 +519 -15: /Users/nishantgupta/Documents/GitaGyan/OldWisdom/test/services/service_locator_test.dart: ServiceLocator Initialize should initialize enhanced supabase service                        
   ❌ User signed out
   🔔 Notifying listeners...
00:18 +519 -15: /Users/nishantgupta/Documents/GitaGyan/OldWisdom/test/services/scenario_service_test.dart: ScenarioService filterByChapter should return empty list for chapter with no scenarios      
⚡ Instant cache return: 4 scenarios
00:18 +519 -15: /Users/nishantgupta/Documents/GitaGyan/OldWisdom/test/services/service_locator_test.dart: ServiceLocator Initialize should initialize enhanced supabase service                        
━━━━━━━━━━━━━━━━━━━━━━━━━━━━━━━━━━━━━━━━━━━
00:18 +519 -15: /Users/nishantgupta/Documents/GitaGyan/OldWisdom/test/services/scenario_service_test.dart: ScenarioService filterByChapter should return empty list for chapter with no scenarios      
📅 No sync record found, refreshing scenarios
🚀 Starting optimized scenario refresh from server...
00:18 +520 -15: /Users/nishantgupta/Documents/GitaGyan/OldWisdom/test/screens/more_screen_test.dart: MoreScreen Widget Tests should display ACCOUNT section only when authenticated                    00:18 +520 -15: /Users/nishantgupta/Documents/GitaGyan/OldWisdom/test/services/scenario_service_test.dart: ScenarioService filterByChapter should return empty list for chapter with no scenarios      
📖 Filter by chapter 18: 0 results
00:18 +521 -15: /Users/nishantgupta/Documents/GitaGyan/OldWisdom/test/screens/more_screen_test.dart: MoreScreen Widget Tests should display ACCOUNT section only when authenticated                    00:18 +521 -15: /Users/nishantgupta/Documents/GitaGyan/OldWisdom/test/services/scenario_service_test.dart: ScenarioService filterByChapter should return empty list for chapter with no scenarios      
❌ Error fetching paginated scenarios for en: PostgrestException(message: , code: 400, details: , hint: null)
🔧 Using fallback method for scenarios (limit: 2000, offset: 0)
❌ Fallback scenarios fetch failed: PostgrestException(message: , code: 400, details: , hint: null)
00:18 +521 -15: /Users/nishantgupta/Documents/GitaGyan/OldWisdom/test/services/service_locator_test.dart: ServiceLocator Initialize should initialize auth service                                     
✅ SupabaseAuthService initialized
00:18 +521 -15: /Users/nishantgupta/Documents/GitaGyan/OldWisdom/test/services/scenario_service_test.dart: ScenarioService filterByChapter should return empty list for chapter with no scenarios      
⚠️ No scenarios received from server
00:18 +521 -15: /Users/nishantgupta/Documents/GitaGyan/OldWisdom/test/services/service_locator_test.dart: ServiceLocator Initialize should initialize auth service                                     
━━━━━━━━━━━━━━━━━━━━━━━━━━━━━━━━━━━━━━━━━━━
🔐 AUTH STATE CHANGE DETECTED
   Event: AuthChangeEvent.initialSession
   Has session: false
   Previous user: none
   ❌ User signed out
   🔔 Notifying listeners...
━━━━━━━━━━━━━━━━━━━━━━━━━━━━━━━━━━━━━━━━━━━
00:18 +522 -15: /Users/nishantgupta/Documents/GitaGyan/OldWisdom/test/screens/more_screen_test.dart: MoreScreen Widget Tests should display ACCOUNT section only when authenticated                    00:18 +522 -15: /Users/nishantgupta/Documents/GitaGyan/OldWisdom/test/services/scenario_service_test.dart: ScenarioService filterByChapter should handle chapter 1                                     
📚 ScenarioService already initialized (4 scenarios)
⚡ Instant cache return: 4 scenarios
📅 No sync record found, refreshing scenarios
🚀 Starting optimized scenario refresh from server...
📖 Filter by chapter 1: 1 results
00:18 +523 -15: /Users/nishantgupta/Documents/GitaGyan/OldWisdom/test/screens/more_screen_test.dart: MoreScreen Widget Tests should display ACCOUNT section only when authenticated                    00:18 +523 -15: /Users/nishantgupta/Documents/GitaGyan/OldWisdom/test/services/service_locator_test.dart: ServiceLocator Initialize should initialize services in parallel                             
✅ SupabaseAuthService initialized
00:18 +523 -15: /Users/nishantgupta/Documents/GitaGyan/OldWisdom/test/services/scenario_service_test.dart: ScenarioService filterByChapter should handle chapter 1                                     
❌ Error fetching paginated scenarios for en: PostgrestException(message: , code: 400, details: , hint: null)
00:18 +523 -15: /Users/nishantgupta/Documents/GitaGyan/OldWisdom/test/services/service_locator_test.dart: ServiceLocator Initialize should initialize services in parallel                             
━━━━━━━━━━━━━━━━━━━━━━━━━━━━━━━━━━━━━━━━━━━
🔐 AUTH STATE CHANGE DETECTED
00:18 +523 -15: /Users/nishantgupta/Documents/GitaGyan/OldWisdom/test/services/scenario_service_test.dart: ScenarioService filterByChapter should handle chapter 1                                     
🔧 Using fallback method for scenarios (limit: 2000, offset: 0)
00:18 +523 -15: /Users/nishantgupta/Documents/GitaGyan/OldWisdom/test/services/service_locator_test.dart: ServiceLocator Initialize should initialize services in parallel                             
   Event: AuthChangeEvent.initialSession
   Has session: false
   Previous user: none
   ❌ User signed out
00:18 +523 -15: /Users/nishantgupta/Documents/GitaGyan/OldWisdom/test/services/scenario_service_test.dart: ScenarioService filterByChapter should handle chapter 1                                     
❌ Fallback scenarios fetch failed: PostgrestException(message: , code: 400, details: , hint: null)
⚠️ No scenarios received from server
00:18 +523 -15: /Users/nishantgupta/Documents/GitaGyan/OldWisdom/test/services/service_locator_test.dart: ServiceLocator Initialize should initialize services in parallel                             
   🔔 Notifying listeners...
━━━━━━━━━━━━━━━━━━━━━━━━━━━━━━━━━━━━━━━━━━━
00:18 +524 -15: /Users/nishantgupta/Documents/GitaGyan/OldWisdom/test/screens/more_screen_test.dart: MoreScreen Widget Tests should display ACCOUNT section only when authenticated                    00:18 +524 -15: /Users/nishantgupta/Documents/GitaGyan/OldWisdom/test/services/scenario_service_test.dart: ScenarioService getRandomScenario should return a scenario from cache                       
📚 ScenarioService already initialized (4 scenarios)
⚡ Instant cache return: 4 scenarios
📅 No sync record found, refreshing scenarios
🚀 Starting optimized scenario refresh from server...
00:18 +525 -15: /Users/nishantgupta/Documents/GitaGyan/OldWisdom/test/screens/more_screen_test.dart: MoreScreen Widget Tests should display ACCOUNT section only when authenticated                    00:18 +525 -15: /Users/nishantgupta/Documents/GitaGyan/OldWisdom/test/services/service_locator_test.dart: ServiceLocator Initialize should handle initialization errors gracefully                     
✅ SupabaseAuthService initialized
00:18 +525 -15: /Users/nishantgupta/Documents/GitaGyan/OldWisdom/test/services/scenario_service_test.dart: ScenarioService getRandomScenario should return a scenario from cache                       
❌ Error fetching paginated scenarios for en: PostgrestException(message: , code: 400, details: , hint: null)
🔧 Using fallback method for scenarios (limit: 2000, offset: 0)
00:18 +525 -15: /Users/nishantgupta/Documents/GitaGyan/OldWisdom/test/services/service_locator_test.dart: ServiceLocator Initialize should handle initialization errors gracefully                     
━━━━━━━━━━━━━━━━━━━━━━━━━━━━━━━━━━━━━━━━━━━
🔐 AUTH STATE CHANGE DETECTED
   Event: AuthChangeEvent.initialSession
   Has session: false
00:18 +525 -15: /Users/nishantgupta/Documents/GitaGyan/OldWisdom/test/services/scenario_service_test.dart: ScenarioService getRandomScenario should return a scenario from cache                       
❌ Fallback scenarios fetch failed: PostgrestException(message: , code: 400, details: , hint: null)
00:18 +525 -15: /Users/nishantgupta/Documents/GitaGyan/OldWisdom/test/services/service_locator_test.dart: ServiceLocator Initialize should handle initialization errors gracefully                     
   Previous user: none
00:18 +525 -15: /Users/nishantgupta/Documents/GitaGyan/OldWisdom/test/services/scenario_service_test.dart: ScenarioService getRandomScenario should return a scenario from cache                       
⚠️ No scenarios received from server
00:18 +525 -15: /Users/nishantgupta/Documents/GitaGyan/OldWisdom/test/services/service_locator_test.dart: ServiceLocator Initialize should handle initialization errors gracefully                     
   ❌ User signed out
   🔔 Notifying listeners...
━━━━━━━━━━━━━━━━━━━━━━━━━━━━━━━━━━━━━━━━━━━
00:18 +526 -15: /Users/nishantgupta/Documents/GitaGyan/OldWisdom/test/screens/more_screen_test.dart: MoreScreen Widget Tests should display ACCOUNT section only when authenticated                    00:18 +526 -15: /Users/nishantgupta/Documents/GitaGyan/OldWisdom/test/services/scenario_service_test.dart: ScenarioService getRandomScenario should return valid scenario on multiple calls            
📚 ScenarioService already initialized (4 scenarios)
⚡ Instant cache return: 4 scenarios
📅 No sync record found, refreshing scenarios
🚀 Starting optimized scenario refresh from server...
00:18 +526 -15: /Users/nishantgupta/Documents/GitaGyan/OldWisdom/test/services/service_locator_test.dart: ServiceLocator Initialize should allow multiple initialization calls                         
✅ SupabaseAuthService initialized
00:18 +527 -15: /Users/nishantgupta/Documents/GitaGyan/OldWisdom/test/screens/more_screen_test.dart: MoreScreen Widget Tests should display ACCOUNT section only when authenticated                    00:18 +527 -15: /Users/nishantgupta/Documents/GitaGyan/OldWisdom/test/services/service_locator_test.dart: ServiceLocator Initialize should allow multiple initialization calls                         
━━━━━━━━━━━━━━━━━━━━━━━━━━━━━━━━━━━━━━━━━━━
🔐 AUTH STATE CHANGE DETECTED
   Event: AuthChangeEvent.initialSession
00:18 +527 -15: /Users/nishantgupta/Documents/GitaGyan/OldWisdom/test/services/scenario_service_test.dart: ScenarioService getRandomScenario should return valid scenario on multiple calls            
❌ Error fetching paginated scenarios for en: PostgrestException(message: , code: 400, details: , hint: null)
00:18 +527 -15: /Users/nishantgupta/Documents/GitaGyan/OldWisdom/test/services/service_locator_test.dart: ServiceLocator Initialize should allow multiple initialization calls                         
   Has session: false
   Previous user: none
00:18 +527 -15: /Users/nishantgupta/Documents/GitaGyan/OldWisdom/test/services/scenario_service_test.dart: ScenarioService getRandomScenario should return valid scenario on multiple calls            
🔧 Using fallback method for scenarios (limit: 2000, offset: 0)
00:18 +527 -15: /Users/nishantgupta/Documents/GitaGyan/OldWisdom/test/services/service_locator_test.dart: ServiceLocator Initialize should allow multiple initialization calls                         
   ❌ User signed out
   🔔 Notifying listeners...
━━━━━━━━━━━━━━━━━━━━━━━━━━━━━━━━━━━━━━━━━━━
00:18 +527 -15: /Users/nishantgupta/Documents/GitaGyan/OldWisdom/test/services/scenario_service_test.dart: ScenarioService getRandomScenario should return valid scenario on multiple calls            
❌ Fallback scenarios fetch failed: PostgrestException(message: , code: 400, details: , hint: null)
⚠️ No scenarios received from server
00:18 +528 -15: /Users/nishantgupta/Documents/GitaGyan/OldWisdom/test/screens/more_screen_test.dart: MoreScreen Widget Tests should display ACCOUNT section only when authenticated                    00:18 +528 -15: /Users/nishantgupta/Documents/GitaGyan/OldWisdom/test/services/service_locator_test.dart: ServiceLocator Initialize should maintain service instances after initialization             
✅ SupabaseAuthService initialized
━━━━━━━━━━━━━━━━━━━━━━━━━━━━━━━━━━━━━━━━━━━
🔐 AUTH STATE CHANGE DETECTED
00:18 +528 -15: /Users/nishantgupta/Documents/GitaGyan/OldWisdom/test/services/scenario_service_test.dart: ScenarioService getAllTags should return all unique tags sorted                             
📚 ScenarioService already initialized (4 scenarios)
00:18 +528 -15: /Users/nishantgupta/Documents/GitaGyan/OldWisdom/test/services/service_locator_test.dart: ServiceLocator Initialize should maintain service instances after initialization             
   Event: AuthChangeEvent.initialSession
00:18 +528 -15: /Users/nishantgupta/Documents/GitaGyan/OldWisdom/test/services/scenario_service_test.dart: ScenarioService getAllTags should return all unique tags sorted                             
⚡ Instant cache return: 4 scenarios
📅 No sync record found, refreshing scenarios
00:18 +528 -15: /Users/nishantgupta/Documents/GitaGyan/OldWisdom/test/services/service_locator_test.dart: ServiceLocator Initialize should maintain service instances after initialization             
   Has session: false
   Previous user: none
00:18 +528 -15: /Users/nishantgupta/Documents/GitaGyan/OldWisdom/test/services/scenario_service_test.dart: ScenarioService getAllTags should return all unique tags sorted                             
🚀 Starting optimized scenario refresh from server...
00:18 +528 -15: /Users/nishantgupta/Documents/GitaGyan/OldWisdom/test/services/service_locator_test.dart: ServiceLocator Initialize should maintain service instances after initialization             
   ❌ User signed out
   🔔 Notifying listeners...
━━━━━━━━━━━━━━━━━━━━━━━━━━━━━━━━━━━━━━━━━━━
00:18 +529 -15: /Users/nishantgupta/Documents/GitaGyan/OldWisdom/test/screens/more_screen_test.dart: MoreScreen Widget Tests should display ACCOUNT section only when authenticated                    00:18 +530 -15: /Users/nishantgupta/Documents/GitaGyan/OldWisdom/test/screens/more_screen_test.dart: MoreScreen Widget Tests should display ACCOUNT section only when authenticated                    00:18 +530 -15: /Users/nishantgupta/Documents/GitaGyan/OldWisdom/test/services/scenario_service_test.dart: ScenarioService getAllTags should return all unique tags sorted                             
❌ Error fetching paginated scenarios for en: PostgrestException(message: , code: 400, details: , hint: null)
🔧 Using fallback method for scenarios (limit: 2000, offset: 0)
❌ Fallback scenarios fetch failed: PostgrestException(message: , code: 400, details: , hint: null)
⚠️ No scenarios received from server
00:18 +531 -15: /Users/nishantgupta/Documents/GitaGyan/OldWisdom/test/screens/more_screen_test.dart: MoreScreen Widget Tests should display ACCOUNT section only when authenticated                    00:18 +532 -15: /Users/nishantgupta/Documents/GitaGyan/OldWisdom/test/screens/more_screen_test.dart: MoreScreen Widget Tests should display ACCOUNT section only when authenticated                    00:18 +532 -15: /Users/nishantgupta/Documents/GitaGyan/OldWisdom/test/services/scenario_service_test.dart: ScenarioService getAllTags should return sorted tags                                        
📚 ScenarioService already initialized (4 scenarios)
⚡ Instant cache return: 4 scenarios
📅 No sync record found, refreshing scenarios
🚀 Starting optimized scenario refresh from server...
00:18 +533 -15: /Users/nishantgupta/Documents/GitaGyan/OldWisdom/test/screens/more_screen_test.dart: MoreScreen Widget Tests should display ACCOUNT section only when authenticated                    00:18 +534 -15: /Users/nishantgupta/Documents/GitaGyan/OldWisdom/test/screens/more_screen_test.dart: MoreScreen Widget Tests should display ACCOUNT section only when authenticated                    00:18 +534 -15: /Users/nishantgupta/Documents/GitaGyan/OldWisdom/test/services/scenario_service_test.dart: ScenarioService getAllTags should return sorted tags                                        
❌ Error fetching paginated scenarios for en: PostgrestException(message: , code: 400, details: , hint: null)
🔧 Using fallback method for scenarios (limit: 2000, offset: 0)
❌ Fallback scenarios fetch failed: PostgrestException(message: , code: 400, details: , hint: null)
00:18 +535 -15: /Users/nishantgupta/Documents/GitaGyan/OldWisdom/test/screens/more_screen_test.dart: MoreScreen Widget Tests should display ACCOUNT section only when authenticated                    00:18 +535 -15: /Users/nishantgupta/Documents/GitaGyan/OldWisdom/test/services/scenario_service_test.dart: ScenarioService getAllTags should return sorted tags                                        
⚠️ No scenarios received from server
00:18 +535 -15: /Users/nishantgupta/Documents/GitaGyan/OldWisdom/test/services/service_locator_test.dart: ServiceLocator Dispose should allow reinitialization after dispose                           
✅ SupabaseAuthService initialized
00:18 +535 -15: /Users/nishantgupta/Documents/GitaGyan/OldWisdom/test/services/scenario_service_test.dart: ScenarioService getAllTags should not have duplicates                                       
📚 ScenarioService already initialized (4 scenarios)
00:18 +535 -15: /Users/nishantgupta/Documents/GitaGyan/OldWisdom/test/services/service_locator_test.dart: ServiceLocator Dispose should allow reinitialization after dispose                           
━━━━━━━━━━━━━━━━━━━━━━━━━━━━━━━━━━━━━━━━━━━
00:18 +535 -15: /Users/nishantgupta/Documents/GitaGyan/OldWisdom/test/services/scenario_service_test.dart: ScenarioService getAllTags should not have duplicates                                       
⚡ Instant cache return: 4 scenarios
00:18 +535 -15: /Users/nishantgupta/Documents/GitaGyan/OldWisdom/test/services/service_locator_test.dart: ServiceLocator Dispose should allow reinitialization after dispose                           
🔐 AUTH STATE CHANGE DETECTED
00:18 +535 -15: /Users/nishantgupta/Documents/GitaGyan/OldWisdom/test/services/scenario_service_test.dart: ScenarioService getAllTags should not have duplicates                                       
📅 No sync record found, refreshing scenarios
00:18 +535 -15: /Users/nishantgupta/Documents/GitaGyan/OldWisdom/test/services/service_locator_test.dart: ServiceLocator Dispose should allow reinitialization after dispose                           
   Event: AuthChangeEvent.initialSession
00:18 +535 -15: /Users/nishantgupta/Documents/GitaGyan/OldWisdom/test/services/scenario_service_test.dart: ScenarioService getAllTags should not have duplicates                                       
🚀 Starting optimized scenario refresh from server...
00:18 +535 -15: /Users/nishantgupta/Documents/GitaGyan/OldWisdom/test/services/service_locator_test.dart: ServiceLocator Dispose should allow reinitialization after dispose                           
   Has session: false
   Previous user: none
   ❌ User signed out
   🔔 Notifying listeners...
━━━━━━━━━━━━━━━━━━━━━━━━━━━━━━━━━━━━━━━━━━━
00:18 +536 -15: /Users/nishantgupta/Documents/GitaGyan/OldWisdom/test/screens/more_screen_test.dart: MoreScreen Widget Tests should display ACCOUNT section only when authenticated                    00:18 +536 -15: /Users/nishantgupta/Documents/GitaGyan/OldWisdom/test/services/scenario_service_test.dart: ScenarioService getAllTags should not have duplicates                                       
❌ Error fetching paginated scenarios for en: PostgrestException(message: , code: 400, details: , hint: null)
🔧 Using fallback method for scenarios (limit: 2000, offset: 0)
00:18 +536 -15: /Users/nishantgupta/Documents/GitaGyan/OldWisdom/test/services/service_locator_test.dart: ServiceLocator Dispose should allow reinitialization after dispose                           
✅ SupabaseAuthService initialized
━━━━━━━━━━━━━━━━━━━━━━━━━━━━━━━━━━━━━━━━━━━
🔐 AUTH STATE CHANGE DETECTED
   Event: AuthChangeEvent.initialSession
00:18 +536 -15: /Users/nishantgupta/Documents/GitaGyan/OldWisdom/test/services/scenario_service_test.dart: ScenarioService getAllTags should not have duplicates                                       
❌ Fallback scenarios fetch failed: PostgrestException(message: , code: 400, details: , hint: null)
⚠️ No scenarios received from server
00:18 +536 -15: /Users/nishantgupta/Documents/GitaGyan/OldWisdom/test/services/service_locator_test.dart: ServiceLocator Dispose should allow reinitialization after dispose                           
   Has session: false
   Previous user: none
   ❌ User signed out
   🔔 Notifying listeners...
━━━━━━━━━━━━━━━━━━━━━━━━━━━━━━━━━━━━━━━━━━━
00:18 +537 -15: /Users/nishantgupta/Documents/GitaGyan/OldWisdom/test/screens/more_screen_test.dart: MoreScreen Widget Tests should display ACCOUNT section only when authenticated                    00:18 +537 -15: /Users/nishantgupta/Documents/GitaGyan/OldWisdom/test/services/scenario_service_test.dart: ScenarioService getAllCategories should return all unique categories sorted                 
📚 ScenarioService already initialized (4 scenarios)
⚡ Instant cache return: 4 scenarios
📅 No sync record found, refreshing scenarios
🚀 Starting optimized scenario refresh from server...
00:18 +538 -15: /Users/nishantgupta/Documents/GitaGyan/OldWisdom/test/screens/more_screen_test.dart: MoreScreen Widget Tests should display ACCOUNT section only when authenticated                    00:18 +539 -15: /Users/nishantgupta/Documents/GitaGyan/OldWisdom/test/screens/more_screen_test.dart: MoreScreen Widget Tests should display ACCOUNT section only when authenticated                    00:18 +539 -15: /Users/nishantgupta/Documents/GitaGyan/OldWisdom/test/services/scenario_service_test.dart: ScenarioService getAllCategories should return all unique categories sorted                 
❌ Error fetching paginated scenarios for en: PostgrestException(message: , code: 400, details: , hint: null)
🔧 Using fallback method for scenarios (limit: 2000, offset: 0)
❌ Fallback scenarios fetch failed: PostgrestException(message: , code: 400, details: , hint: null)
00:18 +540 -15: /Users/nishantgupta/Documents/GitaGyan/OldWisdom/test/screens/more_screen_test.dart: MoreScreen Widget Tests should display ACCOUNT section only when authenticated                    00:18 +540 -15: /Users/nishantgupta/Documents/GitaGyan/OldWisdom/test/services/scenario_service_test.dart: ScenarioService getAllCategories should return all unique categories sorted                 
⚠️ No scenarios received from server
00:18 +541 -15: /Users/nishantgupta/Documents/GitaGyan/OldWisdom/test/screens/more_screen_test.dart: MoreScreen Widget Tests should display ACCOUNT section only when authenticated                    00:18 +541 -15: /Users/nishantgupta/Documents/GitaGyan/OldWisdom/test/services/scenario_service_test.dart: ScenarioService getAllCategories should return sorted categories                            
📚 ScenarioService already initialized (4 scenarios)
⚡ Instant cache return: 4 scenarios
📅 No sync record found, refreshing scenarios
🚀 Starting optimized scenario refresh from server...
00:18 +542 -15: /Users/nishantgupta/Documents/GitaGyan/OldWisdom/test/screens/more_screen_test.dart: MoreScreen Widget Tests should display ACCOUNT section only when authenticated                    00:18 +543 -15: /Users/nishantgupta/Documents/GitaGyan/OldWisdom/test/screens/more_screen_test.dart: MoreScreen Widget Tests should display ACCOUNT section only when authenticated                    00:18 +543 -15: /Users/nishantgupta/Documents/GitaGyan/OldWisdom/test/services/scenario_service_test.dart: ScenarioService getAllCategories should return sorted categories                            
❌ Error fetching paginated scenarios for en: PostgrestException(message: , code: 400, details: , hint: null)
🔧 Using fallback method for scenarios (limit: 2000, offset: 0)
❌ Fallback scenarios fetch failed: PostgrestException(message: , code: 400, details: , hint: null)
⚠️ No scenarios received from server
00:18 +544 -15: /Users/nishantgupta/Documents/GitaGyan/OldWisdom/test/screens/more_screen_test.dart: MoreScreen Widget Tests should display ACCOUNT section only when authenticated                    00:18 +544 -15: /Users/nishantgupta/Documents/GitaGyan/OldWisdom/test/services/scenario_service_test.dart: ScenarioService getAllCategories should not have duplicates                                 
📚 ScenarioService already initialized (4 scenarios)
⚡ Instant cache return: 4 scenarios
📅 No sync record found, refreshing scenarios
🚀 Starting optimized scenario refresh from server...
00:18 +545 -15: /Users/nishantgupta/Documents/GitaGyan/OldWisdom/test/screens/more_screen_test.dart: MoreScreen Widget Tests should display ACCOUNT section only when authenticated                    00:18 +546 -15: /Users/nishantgupta/Documents/GitaGyan/OldWisdom/test/screens/more_screen_test.dart: MoreScreen Widget Tests should display ACCOUNT section only when authenticated                    00:18 +546 -15: /Users/nishantgupta/Documents/GitaGyan/OldWisdom/test/services/scenario_service_test.dart: ScenarioService getAllCategories should not have duplicates                                 
❌ Error fetching paginated scenarios for en: PostgrestException(message: , code: 400, details: , hint: null)
🔧 Using fallback method for scenarios (limit: 2000, offset: 0)
❌ Fallback scenarios fetch failed: PostgrestException(message: , code: 400, details: , hint: null)
⚠️ No scenarios received from server
00:18 +546 -15: /Users/nishantgupta/Documents/GitaGyan/OldWisdom/test/services/scenario_service_test.dart: ScenarioService fetchScenariosByCategories should return scenarios matching given categories
📚 ScenarioService already initialized (4 scenarios)
⚡ Instant cache return: 4 scenarios
📅 No sync record found, refreshing scenarios
00:18 +546 -15: /Users/nishantgupta/Documents/GitaGyan/OldWisdom/test/services/service_locator_test.dart: ServiceLocator Concurrent Access should handle concurrent initialization calls               
✅ SupabaseAuthService initialized
00:18 +546 -15: /Users/nishantgupta/Documents/GitaGyan/OldWisdom/test/services/scenario_service_test.dart: ScenarioService fetchScenariosByCategories should return scenarios matching given categories
🚀 Starting optimized scenario refresh from server...
00:18 +546 -15: /Users/nishantgupta/Documents/GitaGyan/OldWisdom/test/services/service_locator_test.dart: ServiceLocator Concurrent Access should handle concurrent initialization calls               
✅ SupabaseAuthService initialized
✅ SupabaseAuthService initialized
00:18 +546 -15: /Users/nishantgupta/Documents/GitaGyan/OldWisdom/test/services/scenario_service_test.dart: ScenarioService fetchScenariosByCategories should return scenarios matching given categories
🎲 Random scenarios from categories career, relationships: 3 results
00:18 +546 -15: /Users/nishantgupta/Documents/GitaGyan/OldWisdom/test/services/service_locator_test.dart: ServiceLocator Concurrent Access should handle concurrent initialization calls               
✅ SupabaseAuthService initialized
00:18 +547 -15: /Users/nishantgupta/Documents/GitaGyan/OldWisdom/test/screens/more_screen_test.dart: MoreScreen Widget Tests should display ACCOUNT section only when authenticated                    00:18 +547 -15: /Users/nishantgupta/Documents/GitaGyan/OldWisdom/test/services/service_locator_test.dart: ServiceLocator Concurrent Access should handle concurrent initialization calls               
✅ SupabaseAuthService initialized
00:18 +547 -15: /Users/nishantgupta/Documents/GitaGyan/OldWisdom/test/services/scenario_service_test.dart: ScenarioService fetchScenariosByCategories should return scenarios matching given categories
❌ Error fetching paginated scenarios for en: PostgrestException(message: , code: 400, details: , hint: null)
00:18 +547 -15: /Users/nishantgupta/Documents/GitaGyan/OldWisdom/test/services/service_locator_test.dart: ServiceLocator Concurrent Access should handle concurrent initialization calls               
━━━━━━━━━━━━━━━━━━━━━━━━━━━━━━━━━━━━━━━━━━━
00:18 +547 -15: /Users/nishantgupta/Documents/GitaGyan/OldWisdom/test/services/scenario_service_test.dart: ScenarioService fetchScenariosByCategories should return scenarios matching given categories
🔧 Using fallback method for scenarios (limit: 2000, offset: 0)
00:18 +547 -15: /Users/nishantgupta/Documents/GitaGyan/OldWisdom/test/services/service_locator_test.dart: ServiceLocator Concurrent Access should handle concurrent initialization calls               
🔐 AUTH STATE CHANGE DETECTED
   Event: AuthChangeEvent.initialSession
   Has session: false
   Previous user: none
   ❌ User signed out
   🔔 Notifying listeners...
00:18 +547 -15: /Users/nishantgupta/Documents/GitaGyan/OldWisdom/test/services/scenario_service_test.dart: ScenarioService fetchScenariosByCategories should return scenarios matching given categories
❌ Fallback scenarios fetch failed: PostgrestException(message: , code: 400, details: , hint: null)
00:18 +547 -15: /Users/nishantgupta/Documents/GitaGyan/OldWisdom/test/services/service_locator_test.dart: ServiceLocator Concurrent Access should handle concurrent initialization calls               
━━━━━━━━━━━━━━━━━━━━━━━━━━━━━━━━━━━━━━━━━━━
00:18 +547 -15: /Users/nishantgupta/Documents/GitaGyan/OldWisdom/test/services/scenario_service_test.dart: ScenarioService fetchScenariosByCategories should return scenarios matching given categories
⚠️ No scenarios received from server
00:18 +547 -15: /Users/nishantgupta/Documents/GitaGyan/OldWisdom/test/services/service_locator_test.dart: ServiceLocator Concurrent Access should handle concurrent initialization calls               
━━━━━━━━━━━━━━━━━━━━━━━━━━━━━━━━━━━━━━━━━━━
🔐 AUTH STATE CHANGE DETECTED
   Event: AuthChangeEvent.initialSession
   Has session: false
   Previous user: none
   ❌ User signed out
   🔔 Notifying listeners...
━━━━━━━━━━━━━━━━━━━━━━━━━━━━━━━━━━━━━━━━━━━
━━━━━━━━━━━━━━━━━━━━━━━━━━━━━━━━━━━━━━━━━━━
🔐 AUTH STATE CHANGE DETECTED
   Event: AuthChangeEvent.initialSession
   Has session: false
   Previous user: none
00:18 +547 -15: /Users/nishantgupta/Documents/GitaGyan/OldWisdom/test/services/scenario_service_test.dart: ScenarioService fetchScenariosByCategories should return empty list for non-matching categories
📚 ScenarioService already initialized (4 scenarios)
00:18 +547 -15: /Users/nishantgupta/Documents/GitaGyan/OldWisdom/test/services/service_locator_test.dart: ServiceLocator Concurrent Access should handle concurrent initialization calls               
   ❌ User signed out
00:18 +547 -15: /Users/nishantgupta/Documents/GitaGyan/OldWisdom/test/services/scenario_service_test.dart: ScenarioService fetchScenariosByCategories should return empty list for non-matching categories
⚡ Instant cache return: 4 scenarios
00:18 +547 -15: /Users/nishantgupta/Documents/GitaGyan/OldWisdom/test/services/service_locator_test.dart: ServiceLocator Concurrent Access should handle concurrent initialization calls               
   🔔 Notifying listeners...
00:18 +547 -15: /Users/nishantgupta/Documents/GitaGyan/OldWisdom/test/services/scenario_service_test.dart: ScenarioService fetchScenariosByCategories should return empty list for non-matching categories
📅 No sync record found, refreshing scenarios
00:18 +547 -15: /Users/nishantgupta/Documents/GitaGyan/OldWisdom/test/services/service_locator_test.dart: ServiceLocator Concurrent Access should handle concurrent initialization calls               
━━━━━━━━━━━━━━━━━━━━━━━━━━━━━━━━━━━━━━━━━━━
00:18 +547 -15: /Users/nishantgupta/Documents/GitaGyan/OldWisdom/test/services/scenario_service_test.dart: ScenarioService fetchScenariosByCategories should return empty list for non-matching categories
🚀 Starting optimized scenario refresh from server...
00:18 +547 -15: /Users/nishantgupta/Documents/GitaGyan/OldWisdom/test/services/service_locator_test.dart: ServiceLocator Concurrent Access should handle concurrent initialization calls               
━━━━━━━━━━━━━━━━━━━━━━━━━━━━━━━━━━━━━━━━━━━
🔐 AUTH STATE CHANGE DETECTED
   Event: AuthChangeEvent.initialSession
   Has session: false
   Previous user: none
00:18 +547 -15: /Users/nishantgupta/Documents/GitaGyan/OldWisdom/test/services/scenario_service_test.dart: ScenarioService fetchScenariosByCategories should return empty list for non-matching categories
🎲 Random scenarios from categories nonexistent: 0 results
00:18 +547 -15: /Users/nishantgupta/Documents/GitaGyan/OldWisdom/test/services/service_locator_test.dart: ServiceLocator Concurrent Access should handle concurrent initialization calls               
   ❌ User signed out
   🔔 Notifying listeners...
00:18 +548 -15: /Users/nishantgupta/Documents/GitaGyan/OldWisdom/test/screens/more_screen_test.dart: MoreScreen Widget Tests should display ACCOUNT section only when authenticated                    00:18 +548 -15: /Users/nishantgupta/Documents/GitaGyan/OldWisdom/test/services/service_locator_test.dart: ServiceLocator Concurrent Access should handle concurrent initialization calls               
━━━━━━━━━━━━━━━━━━━━━━━━━━━━━━━━━━━━━━━━━━━
━━━━━━━━━━━━━━━━━━━━━━━━━━━━━━━━━━━━━━━━━━━
🔐 AUTH STATE CHANGE DETECTED
00:18 +548 -15: /Users/nishantgupta/Documents/GitaGyan/OldWisdom/test/services/scenario_service_test.dart: ScenarioService fetchScenariosByCategories should return empty list for non-matching categories
❌ Error fetching paginated scenarios for en: PostgrestException(message: , code: 400, details: , hint: null)
00:18 +548 -15: /Users/nishantgupta/Documents/GitaGyan/OldWisdom/test/services/service_locator_test.dart: ServiceLocator Concurrent Access should handle concurrent initialization calls               
   Event: AuthChangeEvent.initialSession
00:18 +548 -15: /Users/nishantgupta/Documents/GitaGyan/OldWisdom/test/services/scenario_service_test.dart: ScenarioService fetchScenariosByCategories should return empty list for non-matching categories
🔧 Using fallback method for scenarios (limit: 2000, offset: 0)
00:18 +548 -15: /Users/nishantgupta/Documents/GitaGyan/OldWisdom/test/services/service_locator_test.dart: ServiceLocator Concurrent Access should handle concurrent initialization calls               
   Has session: false
   Previous user: none
   ❌ User signed out
   🔔 Notifying listeners...
━━━━━━━━━━━━━━━━━━━━━━━━━━━━━━━━━━━━━━━━━━━
00:18 +548 -15: /Users/nishantgupta/Documents/GitaGyan/OldWisdom/test/services/scenario_service_test.dart: ScenarioService fetchScenariosByCategories should return empty list for non-matching categories
❌ Fallback scenarios fetch failed: PostgrestException(message: , code: 400, details: , hint: null)
⚠️ No scenarios received from server
00:18 +548 -15: /Users/nishantgupta/Documents/GitaGyan/OldWisdom/test/services/scenario_service_test.dart: ScenarioService fetchScenariosByCategories should respect limit parameter                   
📚 ScenarioService already initialized (4 scenarios)
⚡ Instant cache return: 4 scenarios
00:18 +549 -15: /Users/nishantgupta/Documents/GitaGyan/OldWisdom/test/screens/more_screen_test.dart: MoreScreen Widget Tests should display ACCOUNT section only when authenticated                    00:18 +549 -15: /Users/nishantgupta/Documents/GitaGyan/OldWisdom/test/services/scenario_service_test.dart: ScenarioService fetchScenariosByCategories should respect limit parameter                   
📅 No sync record found, refreshing scenarios
🚀 Starting optimized scenario refresh from server...
00:18 +550 -15: /Users/nishantgupta/Documents/GitaGyan/OldWisdom/test/screens/more_screen_test.dart: MoreScreen Widget Tests should display ACCOUNT section only when authenticated                    00:18 +550 -15: /Users/nishantgupta/Documents/GitaGyan/OldWisdom/test/services/scenario_service_test.dart: ScenarioService fetchScenariosByCategories should respect limit parameter                   
❌ Error fetching paginated scenarios for en: PostgrestException(message: , code: 400, details: , hint: null)
🔧 Using fallback method for scenarios (limit: 2000, offset: 0)
❌ Fallback scenarios fetch failed: PostgrestException(message: , code: 400, details: , hint: null)
⚠️ No scenarios received from server
00:18 +550 -15: /Users/nishantgupta/Documents/GitaGyan/OldWisdom/test/services/service_locator_test.dart: ServiceLocator Concurrent Access should handle mixed concurrent operations                   
✅ SupabaseAuthService initialized
━━━━━━━━━━━━━━━━━━━━━━━━━━━━━━━━━━━━━━━━━━━
🔐 AUTH STATE CHANGE DETECTED
   Event: AuthChangeEvent.initialSession
   Has session: false
   Previous user: none
   ❌ User signed out
   🔔 Notifying listeners...
━━━━━━━━━━━━━━━━━━━━━━━━━━━━━━━━━━━━━━━━━━━
00:18 +550 -15: /Users/nishantgupta/Documents/GitaGyan/OldWisdom/test/services/scenario_service_test.dart: ScenarioService fetchScenariosByCategories should shuffle results                           
📚 ScenarioService already initialized (4 scenarios)
⚡ Instant cache return: 4 scenarios
📅 No sync record found, refreshing scenarios
00:18 +551 -15: /Users/nishantgupta/Documents/GitaGyan/OldWisdom/test/screens/more_screen_test.dart: MoreScreen Widget Tests should display ACCOUNT section only when authenticated                    00:18 +551 -15: /Users/nishantgupta/Documents/GitaGyan/OldWisdom/test/services/scenario_service_test.dart: ScenarioService fetchScenariosByCategories should shuffle results                           
🚀 Starting optimized scenario refresh from server...
🎲 Random scenarios from categories relationships: 2 results
00:18 +552 -15: /Users/nishantgupta/Documents/GitaGyan/OldWisdom/test/screens/more_screen_test.dart: MoreScreen Widget Tests should display ACCOUNT section only when authenticated                    00:18 +552 -15: /Users/nishantgupta/Documents/GitaGyan/OldWisdom/test/services/scenario_service_test.dart: ScenarioService fetchScenariosByCategories should shuffle results                           
🎲 Random scenarios from categories relationships: 2 results
00:18 +553 -15: /Users/nishantgupta/Documents/GitaGyan/OldWisdom/test/screens/more_screen_test.dart: MoreScreen Widget Tests should display ACCOUNT section only when authenticated                    00:18 +553 -15: /Users/nishantgupta/Documents/GitaGyan/OldWisdom/test/services/scenario_service_test.dart: ScenarioService fetchScenariosByCategories should shuffle results                           
❌ Error fetching paginated scenarios for en: PostgrestException(message: , code: 400, details: , hint: null)
🔧 Using fallback method for scenarios (limit: 2000, offset: 0)
00:18 +553 -15: /Users/nishantgupta/Documents/GitaGyan/OldWisdom/test/services/service_locator_test.dart: ServiceLocator Error Handling should handle initialization failures                          
✅ SupabaseAuthService initialized
━━━━━━━━━━━━━━━━━━━━━━━━━━━━━━━━━━━━━━━━━━━
00:18 +553 -15: /Users/nishantgupta/Documents/GitaGyan/OldWisdom/test/services/scenario_service_test.dart: ScenarioService fetchScenariosByCategories should shuffle results                           
❌ Fallback scenarios fetch failed: PostgrestException(message: , code: 400, details: , hint: null)
00:18 +553 -15: /Users/nishantgupta/Documents/GitaGyan/OldWisdom/test/services/service_locator_test.dart: ServiceLocator Error Handling should handle initialization failures                          
🔐 AUTH STATE CHANGE DETECTED
00:18 +553 -15: /Users/nishantgupta/Documents/GitaGyan/OldWisdom/test/services/scenario_service_test.dart: ScenarioService fetchScenariosByCategories should shuffle results                           
⚠️ No scenarios received from server
00:18 +553 -15: /Users/nishantgupta/Documents/GitaGyan/OldWisdom/test/services/service_locator_test.dart: ServiceLocator Error Handling should handle initialization failures                          
   Event: AuthChangeEvent.initialSession
   Has session: false
   Previous user: none
   ❌ User signed out
   🔔 Notifying listeners...
━━━━━━━━━━━━━━━━━━━━━━━━━━━━━━━━━━━━━━━━━━━
00:18 +554 -15: /Users/nishantgupta/Documents/GitaGyan/OldWisdom/test/screens/more_screen_test.dart: MoreScreen Widget Tests should display ACCOUNT section only when authenticated                    00:18 +554 -15: /Users/nishantgupta/Documents/GitaGyan/OldWisdom/test/services/scenario_service_test.dart: ScenarioService getPaginatedScenarios should return first page of scenarios                 
📚 ScenarioService already initialized (4 scenarios)
⚡ Instant cache return: 4 scenarios
📅 No sync record found, refreshing scenarios
🚀 Starting optimized scenario refresh from server...
00:18 +555 -15: /Users/nishantgupta/Documents/GitaGyan/OldWisdom/test/screens/more_screen_test.dart: MoreScreen Widget Tests should display ACCOUNT section only when authenticated                    00:18 +555 -15: /Users/nishantgupta/Documents/GitaGyan/OldWisdom/test/services/scenario_service_test.dart: ScenarioService getPaginatedScenarios should return first page of scenarios                 
📄 Page 0: 2 scenarios (0-1)
00:18 +556 -15: /Users/nishantgupta/Documents/GitaGyan/OldWisdom/test/screens/more_screen_test.dart: MoreScreen Widget Tests should display ACCOUNT section only when authenticated                    00:18 +557 -15: /Users/nishantgupta/Documents/GitaGyan/OldWisdom/test/screens/more_screen_test.dart: MoreScreen Widget Tests should display ACCOUNT section only when authenticated                    00:18 +557 -15: /Users/nishantgupta/Documents/GitaGyan/OldWisdom/test/services/scenario_service_test.dart: ScenarioService getPaginatedScenarios should return first page of scenarios                 
❌ Error fetching paginated scenarios for en: PostgrestException(message: , code: 400, details: , hint: null)
🔧 Using fallback method for scenarios (limit: 2000, offset: 0)
❌ Fallback scenarios fetch failed: PostgrestException(message: , code: 400, details: , hint: null)
⚠️ No scenarios received from server
00:18 +558 -15: /Users/nishantgupta/Documents/GitaGyan/OldWisdom/test/screens/more_screen_test.dart: MoreScreen Widget Tests should display ACCOUNT section only when authenticated                    00:18 +558 -15: /Users/nishantgupta/Documents/GitaGyan/OldWisdom/test/services/scenario_service_test.dart: ScenarioService getPaginatedScenarios should return second page of scenarios                
📚 ScenarioService already initialized (4 scenarios)
00:18 +559 -15: /Users/nishantgupta/Documents/GitaGyan/OldWisdom/test/screens/more_screen_test.dart: MoreScreen Widget Tests should display ACCOUNT section only when authenticated                    00:18 +559 -15: /Users/nishantgupta/Documents/GitaGyan/OldWisdom/test/services/scenario_service_test.dart: ScenarioService getPaginatedScenarios should return second page of scenarios                
⚡ Instant cache return: 4 scenarios
📅 No sync record found, refreshing scenarios
🚀 Starting optimized scenario refresh from server...
📄 Page 1: 2 scenarios (2-3)
00:18 +560 -15: /Users/nishantgupta/Documents/GitaGyan/OldWisdom/test/screens/more_screen_test.dart: MoreScreen Widget Tests should display ACCOUNT section only when authenticated                    00:18 +561 -15: /Users/nishantgupta/Documents/GitaGyan/OldWisdom/test/screens/more_screen_test.dart: MoreScreen Widget Tests should display ACCOUNT section only when authenticated                    00:18 +561 -15: /Users/nishantgupta/Documents/GitaGyan/OldWisdom/test/services/scenario_service_test.dart: ScenarioService getPaginatedScenarios should return second page of scenarios                
❌ Error fetching paginated scenarios for en: PostgrestException(message: , code: 400, details: , hint: null)
🔧 Using fallback method for scenarios (limit: 2000, offset: 0)
❌ Fallback scenarios fetch failed: PostgrestException(message: , code: 400, details: , hint: null)
⚠️ No scenarios received from server
00:18 +561 -15: /Users/nishantgupta/Documents/GitaGyan/OldWisdom/test/services/service_locator_test.dart: ServiceLocator Singleton Pattern should maintain singleton after operations                  
✅ SupabaseAuthService initialized
━━━━━━━━━━━━━━━━━━━━━━━━━━━━━━━━━━━━━━━━━━━
🔐 AUTH STATE CHANGE DETECTED
   Event: AuthChangeEvent.initialSession
   Has session: false
   Previous user: none
   ❌ User signed out
   🔔 Notifying listeners...
━━━━━━━━━━━━━━━━━━━━━━━━━━━━━━━━━━━━━━━━━━━
00:18 +562 -15: /Users/nishantgupta/Documents/GitaGyan/OldWisdom/test/screens/more_screen_test.dart: MoreScreen Widget Tests should display ACCOUNT section only when authenticated                    00:18 +562 -15: /Users/nishantgupta/Documents/GitaGyan/OldWisdom/test/services/scenario_service_test.dart: ScenarioService getPaginatedScenarios should return partial last page                       
📚 ScenarioService already initialized (4 scenarios)
⚡ Instant cache return: 4 scenarios
📅 No sync record found, refreshing scenarios
🚀 Starting optimized scenario refresh from server...
00:18 +563 -15: /Users/nishantgupta/Documents/GitaGyan/OldWisdom/test/screens/more_screen_test.dart: MoreScreen Widget Tests should display ACCOUNT section only when authenticated                    00:18 +564 -15: /Users/nishantgupta/Documents/GitaGyan/OldWisdom/test/screens/more_screen_test.dart: MoreScreen Widget Tests should display ACCOUNT section only when authenticated                    00:18 +564 -15: /Users/nishantgupta/Documents/GitaGyan/OldWisdom/test/services/scenario_service_test.dart: ScenarioService getPaginatedScenarios should return partial last page                       
❌ Error fetching paginated scenarios for en: PostgrestException(message: , code: 400, details: , hint: null)
🔧 Using fallback method for scenarios (limit: 2000, offset: 0)
❌ Fallback scenarios fetch failed: PostgrestException(message: , code: 400, details: , hint: null)
⚠️ No scenarios received from server
00:18 +565 -15: /Users/nishantgupta/Documents/GitaGyan/OldWisdom/test/screens/more_screen_test.dart: MoreScreen Widget Tests should display ACCOUNT section only when authenticated                    00:18 +565 -15: /Users/nishantgupta/Documents/GitaGyan/OldWisdom/test/services/scenario_service_test.dart: ScenarioService getPaginatedScenarios should return empty for out-of-bounds page            
📚 ScenarioService already initialized (4 scenarios)
⚡ Instant cache return: 4 scenarios
📅 No sync record found, refreshing scenarios
00:18 +566 -15: /Users/nishantgupta/Documents/GitaGyan/OldWisdom/test/screens/more_screen_test.dart: MoreScreen Widget Tests should display ACCOUNT section only when authenticated                    00:18 +566 -15: /Users/nishantgupta/Documents/GitaGyan/OldWisdom/test/services/scenario_service_test.dart: ScenarioService getPaginatedScenarios should return empty for out-of-bounds page            
🚀 Starting optimized scenario refresh from server...
00:18 +567 -15: /Users/nishantgupta/Documents/GitaGyan/OldWisdom/test/screens/more_screen_test.dart: MoreScreen Widget Tests should display ACCOUNT section only when authenticated                    00:18 +567 -15: /Users/nishantgupta/Documents/GitaGyan/OldWisdom/test/services/scenario_service_test.dart: ScenarioService getPaginatedScenarios should return empty for out-of-bounds page            
❌ Error fetching paginated scenarios for en: PostgrestException(message: , code: 400, details: , hint: null)
🔧 Using fallback method for scenarios (limit: 2000, offset: 0)
00:18 +568 -15: /Users/nishantgupta/Documents/GitaGyan/OldWisdom/test/screens/more_screen_test.dart: MoreScreen Widget Tests should display ACCOUNT section only when authenticated                    00:18 +568 -15: /Users/nishantgupta/Documents/GitaGyan/OldWisdom/test/services/scenario_service_test.dart: ScenarioService getPaginatedScenarios should return empty for out-of-bounds page            
❌ Fallback scenarios fetch failed: PostgrestException(message: , code: 400, details: , hint: null)
⚠️ No scenarios received from server
00:18 +568 -15: /Users/nishantgupta/Documents/GitaGyan/OldWisdom/test/services/service_locator_test.dart: ServiceLocator Edge Cases should handle initialization between service access                
✅ SupabaseAuthService initialized
━━━━━━━━━━━━━━━━━━━━━━━━━━━━━━━━━━━━━━━━━━━
🔐 AUTH STATE CHANGE DETECTED
   Event: AuthChangeEvent.initialSession
   Has session: false
   Previous user: none
00:18 +568 -15: /Users/nishantgupta/Documents/GitaGyan/OldWisdom/test/services/scenario_service_test.dart: ScenarioService getPaginatedScenarios should handle custom page size                        
📚 ScenarioService already initialized (4 scenarios)
00:18 +568 -15: /Users/nishantgupta/Documents/GitaGyan/OldWisdom/test/services/service_locator_test.dart: ServiceLocator Edge Cases should handle initialization between service access                
   ❌ User signed out
00:18 +568 -15: /Users/nishantgupta/Documents/GitaGyan/OldWisdom/test/services/scenario_service_test.dart: ScenarioService getPaginatedScenarios should handle custom page size                        
⚡ Instant cache return: 4 scenarios
📅 No sync record found, refreshing scenarios
00:18 +568 -15: /Users/nishantgupta/Documents/GitaGyan/OldWisdom/test/services/service_locator_test.dart: ServiceLocator Edge Cases should handle initialization between service access                
   🔔 Notifying listeners...
00:18 +568 -15: /Users/nishantgupta/Documents/GitaGyan/OldWisdom/test/services/scenario_service_test.dart: ScenarioService getPaginatedScenarios should handle custom page size                        
🚀 Starting optimized scenario refresh from server...
00:18 +568 -15: /Users/nishantgupta/Documents/GitaGyan/OldWisdom/test/services/service_locator_test.dart: ServiceLocator Edge Cases should handle initialization between service access                
━━━━━━━━━━━━━━━━━━━━━━━━━━━━━━━━━━━━━━━━━━━
00:18 +568 -15: /Users/nishantgupta/Documents/GitaGyan/OldWisdom/test/services/scenario_service_test.dart: ScenarioService getPaginatedScenarios should handle custom page size                        
📄 Page 0: 3 scenarios (0-2)
00:18 +568 -15: /Users/nishantgupta/Documents/GitaGyan/OldWisdom/test/services/service_locator_test.dart: ServiceLocator Edge Cases should handle initialization between service access                
✅ SupabaseAuthService initialized
00:18 +569 -15: /Users/nishantgupta/Documents/GitaGyan/OldWisdom/test/screens/more_screen_test.dart: MoreScreen Widget Tests should display ACCOUNT section only when authenticated                    00:18 +569 -15: /Users/nishantgupta/Documents/GitaGyan/OldWisdom/test/services/service_locator_test.dart: ServiceLocator Edge Cases should handle initialization between service access                
━━━━━━━━━━━━━━━━━━━━━━━━━━━━━━━━━━━━━━━━━━━
🔐 AUTH STATE CHANGE DETECTED
00:18 +569 -15: /Users/nishantgupta/Documents/GitaGyan/OldWisdom/test/services/scenario_service_test.dart: ScenarioService getPaginatedScenarios should handle custom page size                        
❌ Error fetching paginated scenarios for en: PostgrestException(message: , code: 400, details: , hint: null)
🔧 Using fallback method for scenarios (limit: 2000, offset: 0)
00:18 +569 -15: /Users/nishantgupta/Documents/GitaGyan/OldWisdom/test/services/service_locator_test.dart: ServiceLocator Edge Cases should handle initialization between service access                
   Event: AuthChangeEvent.initialSession
   Has session: false
   Previous user: none
   ❌ User signed out
   🔔 Notifying listeners...
━━━━━━━━━━━━━━━━━━━━━━━━━━━━━━━━━━━━━━━━━━━
00:18 +569 -15: /Users/nishantgupta/Documents/GitaGyan/OldWisdom/test/services/scenario_service_test.dart: ScenarioService getPaginatedScenarios should handle custom page size                        
❌ Fallback scenarios fetch failed: PostgrestException(message: , code: 400, details: , hint: null)
⚠️ No scenarios received from server
00:18 +570 -15: /Users/nishantgupta/Documents/GitaGyan/OldWisdom/test/screens/more_screen_test.dart: MoreScreen Widget Tests should display ACCOUNT section only when authenticated                    00:18 +570 -15: /Users/nishantgupta/Documents/GitaGyan/OldWisdom/test/services/scenario_service_test.dart: ScenarioService getTotalPages should calculate total pages correctly                        
📚 ScenarioService already initialized (4 scenarios)
⚡ Instant cache return: 4 scenarios
📅 No sync record found, refreshing scenarios
🚀 Starting optimized scenario refresh from server...
00:18 +571 -15: /Users/nishantgupta/Documents/GitaGyan/OldWisdom/test/screens/more_screen_test.dart: MoreScreen Widget Tests should display ACCOUNT section only when authenticated                    00:18 +571 -15: /Users/nishantgupta/Documents/GitaGyan/OldWisdom/test/services/scenario_service_test.dart: ScenarioService getTotalPages should calculate total pages correctly                        
❌ Error fetching paginated scenarios for en: PostgrestException(message: , code: 400, details: , hint: null)
🔧 Using fallback method for scenarios (limit: 2000, offset: 0)
❌ Fallback scenarios fetch failed: PostgrestException(message: , code: 400, details: , hint: null)
⚠️ No scenarios received from server
00:18 +571 -15: /Users/nishantgupta/Documents/GitaGyan/OldWisdom/test/screens/more_screen_test.dart: MoreScreen Widget Tests should display ACCOUNT section only when authenticated                    00:18 +571 -15: /Users/nishantgupta/Documents/GitaGyan/OldWisdom/test/services/scenario_service_test.dart: ScenarioService getTotalPages should handle custom page size                                
📚 ScenarioService already initialized (4 scenarios)
⚡ Instant cache return: 4 scenarios
📅 No sync record found, refreshing scenarios
🚀 Starting optimized scenario refresh from server...
00:18 +572 -15: /Users/nishantgupta/Documents/GitaGyan/OldWisdom/test/screens/more_screen_test.dart: MoreScreen Widget Tests should display ACCOUNT section only when authenticated                    00:18 +572 -15: /Users/nishantgupta/Documents/GitaGyan/OldWisdom/test/services/scenario_service_test.dart: ScenarioService getTotalPages should handle custom page size                                
❌ Error fetching paginated scenarios for en: PostgrestException(message: , code: 400, details: , hint: null)
🔧 Using fallback method for scenarios (limit: 2000, offset: 0)
❌ Fallback scenarios fetch failed: PostgrestException(message: , code: 400, details: , hint: null)
⚠️ No scenarios received from server
00:18 +572 -15: /Users/nishantgupta/Documents/GitaGyan/OldWisdom/test/services/scenario_service_test.dart: ScenarioService getTotalPages should return 1 for single page                               
📚 ScenarioService already initialized (4 scenarios)
⚡ Instant cache return: 4 scenarios
📅 No sync record found, refreshing scenarios
🚀 Starting optimized scenario refresh from server...
00:18 +573 -15: /Users/nishantgupta/Documents/GitaGyan/OldWisdom/test/screens/more_screen_test.dart: MoreScreen Widget Tests should display ACCOUNT section only when authenticated                    00:18 +574 -15: /Users/nishantgupta/Documents/GitaGyan/OldWisdom/test/screens/more_screen_test.dart: MoreScreen Widget Tests should display ACCOUNT section only when authenticated                    00:18 +574 -15: /Users/nishantgupta/Documents/GitaGyan/OldWisdom/test/services/scenario_service_test.dart: ScenarioService getTotalPages should return 1 for single page                               
❌ Error fetching paginated scenarios for en: PostgrestException(message: , code: 400, details: , hint: null)
🔧 Using fallback method for scenarios (limit: 2000, offset: 0)
❌ Fallback scenarios fetch failed: PostgrestException(message: , code: 400, details: , hint: null)
⚠️ No scenarios received from server
00:18 +575 -15: /Users/nishantgupta/Documents/GitaGyan/OldWisdom/test/screens/more_screen_test.dart: MoreScreen Widget Tests should display ACCOUNT section only when authenticated                    00:18 +575 -15: /Users/nishantgupta/Documents/GitaGyan/OldWisdom/test/services/scenario_service_test.dart: ScenarioService getCacheStats should return cache statistics                                
📚 ScenarioService already initialized (4 scenarios)
⚡ Instant cache return: 4 scenarios
📅 No sync record found, refreshing scenarios
🚀 Starting optimized scenario refresh from server...
00:18 +576 -15: /Users/nishantgupta/Documents/GitaGyan/OldWisdom/test/screens/more_screen_test.dart: MoreScreen Widget Tests should display ACCOUNT section only when authenticated                    00:18 +577 -15: /Users/nishantgupta/Documents/GitaGyan/OldWisdom/test/screens/more_screen_test.dart: MoreScreen Widget Tests should display ACCOUNT section only when authenticated                    00:18 +577 -15: /Users/nishantgupta/Documents/GitaGyan/OldWisdom/test/services/scenario_service_test.dart: ScenarioService getCacheStats should return cache statistics                                
❌ Error fetching paginated scenarios for en: PostgrestException(message: , code: 400, details: , hint: null)
🔧 Using fallback method for scenarios (limit: 2000, offset: 0)
❌ Fallback scenarios fetch failed: PostgrestException(message: , code: 400, details: , hint: null)
⚠️ No scenarios received from server
00:18 +578 -15: /Users/nishantgupta/Documents/GitaGyan/OldWisdom/test/screens/more_screen_test.dart: MoreScreen Widget Tests should display ACCOUNT section only when authenticated                    00:18 +578 -15: /Users/nishantgupta/Documents/GitaGyan/OldWisdom/test/services/scenario_service_test.dart: ScenarioService getCacheStats should have correct total scenarios count                     
📚 ScenarioService already initialized (4 scenarios)
⚡ Instant cache return: 4 scenarios
📅 No sync record found, refreshing scenarios
🚀 Starting optimized scenario refresh from server...
00:18 +579 -15: /Users/nishantgupta/Documents/GitaGyan/OldWisdom/test/screens/more_screen_test.dart: MoreScreen Widget Tests should display ACCOUNT section only when authenticated                    00:18 +580 -15: /Users/nishantgupta/Documents/GitaGyan/OldWisdom/test/screens/more_screen_test.dart: MoreScreen Widget Tests should display ACCOUNT section only when authenticated                    00:18 +580 -15: /Users/nishantgupta/Documents/GitaGyan/OldWisdom/test/services/scenario_service_test.dart: ScenarioService getCacheStats should have correct total scenarios count                     
❌ Error fetching paginated scenarios for en: PostgrestException(message: , code: 400, details: , hint: null)
🔧 Using fallback method for scenarios (limit: 2000, offset: 0)
❌ Fallback scenarios fetch failed: PostgrestException(message: , code: 400, details: , hint: null)
⚠️ No scenarios received from server
00:18 +581 -15: /Users/nishantgupta/Documents/GitaGyan/OldWisdom/test/screens/more_screen_test.dart: MoreScreen Widget Tests should display ACCOUNT section only when authenticated                    00:18 +582 -15: /Users/nishantgupta/Documents/GitaGyan/OldWisdom/test/screens/more_screen_test.dart: MoreScreen Widget Tests should display ACCOUNT section only when authenticated                    00:18 +582 -15: /Users/nishantgupta/Documents/GitaGyan/OldWisdom/test/services/scenario_service_test.dart: ScenarioService getCacheStats should calculate unique tags correctly                        
📚 ScenarioService already initialized (4 scenarios)
⚡ Instant cache return: 4 scenarios
📅 No sync record found, refreshing scenarios
🚀 Starting optimized scenario refresh from server...
00:18 +583 -15: /Users/nishantgupta/Documents/GitaGyan/OldWisdom/test/screens/more_screen_test.dart: MoreScreen Widget Tests should display ACCOUNT section only when authenticated                    00:18 +584 -15: /Users/nishantgupta/Documents/GitaGyan/OldWisdom/test/screens/more_screen_test.dart: MoreScreen Widget Tests should display ACCOUNT section only when authenticated                    00:18 +584 -15: /Users/nishantgupta/Documents/GitaGyan/OldWisdom/test/services/scenario_service_test.dart: ScenarioService getCacheStats should calculate unique tags correctly                        
❌ Error fetching paginated scenarios for en: PostgrestException(message: , code: 400, details: , hint: null)
🔧 Using fallback method for scenarios (limit: 2000, offset: 0)
❌ Fallback scenarios fetch failed: PostgrestException(message: , code: 400, details: , hint: null)
⚠️ No scenarios received from server
00:18 +585 -15: /Users/nishantgupta/Documents/GitaGyan/OldWisdom/test/screens/more_screen_test.dart: MoreScreen Widget Tests should display ACCOUNT section only when authenticated                    00:18 +585 -15: /Users/nishantgupta/Documents/GitaGyan/OldWisdom/test/services/scenario_service_test.dart: ScenarioService getCacheStats should calculate chapters covered correctly                   
📚 ScenarioService already initialized (4 scenarios)
⚡ Instant cache return: 4 scenarios
📅 No sync record found, refreshing scenarios
🚀 Starting optimized scenario refresh from server...
00:18 +586 -15: /Users/nishantgupta/Documents/GitaGyan/OldWisdom/test/screens/more_screen_test.dart: MoreScreen Widget Tests should display ACCOUNT section only when authenticated                    00:18 +586 -15: /Users/nishantgupta/Documents/GitaGyan/OldWisdom/test/services/scenario_service_test.dart: ScenarioService getCacheStats should calculate chapters covered correctly                   
❌ Error fetching paginated scenarios for en: PostgrestException(message: , code: 400, details: , hint: null)
🔧 Using fallback method for scenarios (limit: 2000, offset: 0)
❌ Fallback scenarios fetch failed: PostgrestException(message: , code: 400, details: , hint: null)
⚠️ No scenarios received from server
00:18 +586 -15: /Users/nishantgupta/Documents/GitaGyan/OldWisdom/test/services/scenario_service_test.dart: ScenarioService clearCache should clear all cached scenarios                                
📚 ScenarioService already initialized (4 scenarios)
⚡ Instant cache return: 4 scenarios
📅 No sync record found, refreshing scenarios
🚀 Starting optimized scenario refresh from server...
❌ Error fetching paginated scenarios for en: PostgrestException(message: , code: 400, details: , hint: null)
🔧 Using fallback method for scenarios (limit: 2000, offset: 0)
❌ Fallback scenarios fetch failed: PostgrestException(message: , code: 400, details: , hint: null)
⚠️ No scenarios received from server
🗑️ Cleared all cached scenarios
🔄 Loading scenarios from Hive storage (lazy loading)
✅ Loaded 4 scenarios from storage
⚡ Instant cache return: 4 scenarios
📅 No sync record found, refreshing scenarios
🚀 Starting optimized scenario refresh from server...
00:18 +587 -15: /Users/nishantgupta/Documents/GitaGyan/OldWisdom/test/screens/more_screen_test.dart: MoreScreen Widget Tests should display ACCOUNT section only when authenticated                    00:18 +587 -15: /Users/nishantgupta/Documents/GitaGyan/OldWisdom/test/services/scenario_service_test.dart: ScenarioService clearCache should clear all cached scenarios                                
❌ Error fetching paginated scenarios for en: PostgrestException(message: , code: 400, details: , hint: null)
🔧 Using fallback method for scenarios (limit: 2000, offset: 0)
❌ Fallback scenarios fetch failed: PostgrestException(message: , code: 400, details: , hint: null)
⚠️ No scenarios received from server
00:18 +587 -15: /Users/nishantgupta/Documents/GitaGyan/OldWisdom/test/services/scenario_service_test.dart: ScenarioService clearCache should clear Hive box                                            
📚 ScenarioService already initialized (4 scenarios)
⚡ Instant cache return: 4 scenarios
📅 No sync record found, refreshing scenarios
🚀 Starting optimized scenario refresh from server...
❌ Error fetching paginated scenarios for en: PostgrestException(message: , code: 400, details: , hint: null)
🔧 Using fallback method for scenarios (limit: 2000, offset: 0)
❌ Fallback scenarios fetch failed: PostgrestException(message: , code: 400, details: , hint: null)
⚠️ No scenarios received from server
🗑️ Cleared all cached scenarios
🔄 Loading scenarios from Hive storage (lazy loading)
✅ Loaded 4 scenarios from storage
⚡ Instant cache return: 4 scenarios
📅 No sync record found, refreshing scenarios
🚀 Starting optimized scenario refresh from server...
00:18 +588 -15: /Users/nishantgupta/Documents/GitaGyan/OldWisdom/test/screens/more_screen_test.dart: MoreScreen Widget Tests should display ACCOUNT section only when authenticated                    00:18 +588 -15: /Users/nishantgupta/Documents/GitaGyan/OldWisdom/test/services/scenario_service_test.dart: ScenarioService clearCache should clear Hive box                                            
❌ Error fetching paginated scenarios for en: PostgrestException(message: , code: 400, details: , hint: null)
🔧 Using fallback method for scenarios (limit: 2000, offset: 0)
❌ Fallback scenarios fetch failed: PostgrestException(message: , code: 400, details: , hint: null)
⚠️ No scenarios received from server
00:18 +588 -15: /Users/nishantgupta/Documents/GitaGyan/OldWisdom/test/services/scenario_service_test.dart: ScenarioService hasScenarios should return true when scenarios are cached                   
📚 ScenarioService already initialized (4 scenarios)
⚡ Instant cache return: 4 scenarios
📅 No sync record found, refreshing scenarios
🚀 Starting optimized scenario refresh from server...
00:18 +589 -15: /Users/nishantgupta/Documents/GitaGyan/OldWisdom/test/screens/more_screen_test.dart: MoreScreen Widget Tests should display ACCOUNT section only when authenticated                    00:18 +589 -15: /Users/nishantgupta/Documents/GitaGyan/OldWisdom/test/services/scenario_service_test.dart: ScenarioService hasScenarios should return true when scenarios are cached                   
❌ Error fetching paginated scenarios for en: PostgrestException(message: , code: 400, details: , hint: null)
🔧 Using fallback method for scenarios (limit: 2000, offset: 0)
00:18 +589 -15: /Users/nishantgupta/Documents/GitaGyan/OldWisdom/test/services/journal_service_test.dart: JournalService Error Handling should handle invalid journal entries gracefully               
📔 Deleting journal entry for anonymous user: device_1763134817437
00:18 +589 -15: /Users/nishantgupta/Documents/GitaGyan/OldWisdom/test/services/scenario_service_test.dart: ScenarioService hasScenarios should return true when scenarios are cached                   
❌ Fallback scenarios fetch failed: PostgrestException(message: , code: 400, details: , hint: null)
⚠️ No scenarios received from server
00:18 +589 -15: /Users/nishantgupta/Documents/GitaGyan/OldWisdom/test/services/scenario_service_test.dart: ScenarioService hasScenarios should return false when cache is empty                        
📚 ScenarioService already initialized (4 scenarios)
⚡ Instant cache return: 4 scenarios
📅 No sync record found, refreshing scenarios
🚀 Starting optimized scenario refresh from server...
❌ Error fetching paginated scenarios for en: PostgrestException(message: , code: 400, details: , hint: null)
🔧 Using fallback method for scenarios (limit: 2000, offset: 0)
❌ Fallback scenarios fetch failed: PostgrestException(message: , code: 400, details: , hint: null)
⚠️ No scenarios received from server
🗑️ Cleared all cached scenarios
🔄 Loading scenarios from Hive storage (lazy loading)
✅ Loaded 4 scenarios from storage
⚡ Instant cache return: 4 scenarios
📅 No sync record found, refreshing scenarios
🚀 Starting optimized scenario refresh from server...
00:18 +590 -15: /Users/nishantgupta/Documents/GitaGyan/OldWisdom/test/screens/more_screen_test.dart: MoreScreen Widget Tests should display ACCOUNT section only when authenticated                    00:18 +590 -15: /Users/nishantgupta/Documents/GitaGyan/OldWisdom/test/services/scenario_service_test.dart: ScenarioService hasScenarios should return false when cache is empty                        
❌ Error fetching paginated scenarios for en: PostgrestException(message: , code: 400, details: , hint: null)
🔧 Using fallback method for scenarios (limit: 2000, offset: 0)
00:18 +591 -15: /Users/nishantgupta/Documents/GitaGyan/OldWisdom/test/screens/more_screen_test.dart: MoreScreen Widget Tests should display ACCOUNT section only when authenticated                    00:18 +591 -15: /Users/nishantgupta/Documents/GitaGyan/OldWisdom/test/services/scenario_service_test.dart: ScenarioService hasScenarios should return false when cache is empty                        
❌ Fallback scenarios fetch failed: PostgrestException(message: , code: 400, details: , hint: null)
⚠️ No scenarios received from server
00:18 +591 -15: /Users/nishantgupta/Documents/GitaGyan/OldWisdom/test/services/scenario_service_test.dart: ScenarioService scenarioCount should return correct count of cached scenarios               
📚 ScenarioService already initialized (4 scenarios)
⚡ Instant cache return: 4 scenarios
📅 No sync record found, refreshing scenarios
🚀 Starting optimized scenario refresh from server...
00:18 +592 -15: /Users/nishantgupta/Documents/GitaGyan/OldWisdom/test/screens/more_screen_test.dart: MoreScreen Widget Tests should display ACCOUNT section only when authenticated                    00:18 +592 -15: /Users/nishantgupta/Documents/GitaGyan/OldWisdom/test/services/scenario_service_test.dart: ScenarioService scenarioCount should return correct count of cached scenarios               
❌ Error fetching paginated scenarios for en: PostgrestException(message: , code: 400, details: , hint: null)
🔧 Using fallback method for scenarios (limit: 2000, offset: 0)
❌ Fallback scenarios fetch failed: PostgrestException(message: , code: 400, details: , hint: null)
⚠️ No scenarios received from server
00:18 +592 -15: /Users/nishantgupta/Documents/GitaGyan/OldWisdom/test/services/journal_service_test.dart: JournalService Error Handling should handle invalid journal entries gracefully               
❌ Error deleting journal entry from Supabase: PostgrestException(message: , code: 400, details: , hint: null)
⚠️ Failed to sync journal entry deletion to server: PostgrestException(message: , code: 400, details: , hint: null)
00:18 +592 -15: /Users/nishantgupta/Documents/GitaGyan/OldWisdom/test/services/scenario_service_test.dart: ScenarioService scenarioCount should return 0 when cache is empty                           
📚 ScenarioService already initialized (4 scenarios)
⚡ Instant cache return: 4 scenarios
📅 No sync record found, refreshing scenarios
🚀 Starting optimized scenario refresh from server...
00:18 +593 -15: /Users/nishantgupta/Documents/GitaGyan/OldWisdom/test/screens/more_screen_test.dart: MoreScreen Widget Tests should display ACCOUNT section only when authenticated                    00:18 +593 -15: /Users/nishantgupta/Documents/GitaGyan/OldWisdom/test/services/scenario_service_test.dart: ScenarioService scenarioCount should return 0 when cache is empty                           
❌ Error fetching paginated scenarios for en: PostgrestException(message: , code: 400, details: , hint: null)
🔧 Using fallback method for scenarios (limit: 2000, offset: 0)
❌ Fallback scenarios fetch failed: PostgrestException(message: , code: 400, details: , hint: null)
⚠️ No scenarios received from server
00:18 +594 -15: /Users/nishantgupta/Documents/GitaGyan/OldWisdom/test/screens/more_screen_test.dart: MoreScreen Widget Tests should display ACCOUNT section only when authenticated                    00:18 +594 -15: /Users/nishantgupta/Documents/GitaGyan/OldWisdom/test/services/scenario_service_test.dart: ScenarioService scenarioCount should return 0 when cache is empty                           
🗑️ Cleared all cached scenarios
🔄 Loading scenarios from Hive storage (lazy loading)
✅ Loaded 4 scenarios from storage
⚡ Instant cache return: 4 scenarios
📅 No sync record found, refreshing scenarios
🚀 Starting optimized scenario refresh from server...
00:18 +595 -15: /Users/nishantgupta/Documents/GitaGyan/OldWisdom/test/screens/more_screen_test.dart: MoreScreen Widget Tests should display ACCOUNT section only when authenticated                    00:18 +595 -15: /Users/nishantgupta/Documents/GitaGyan/OldWisdom/test/services/scenario_service_test.dart: ScenarioService scenarioCount should return 0 when cache is empty                           
❌ Error fetching paginated scenarios for en: PostgrestException(message: , code: 400, details: , hint: null)
🔧 Using fallback method for scenarios (limit: 2000, offset: 0)
❌ Fallback scenarios fetch failed: PostgrestException(message: , code: 400, details: , hint: null)
⚠️ No scenarios received from server
00:18 +595 -15: /Users/nishantgupta/Documents/GitaGyan/OldWisdom/test/services/scenario_service_test.dart: ScenarioService searchScenariosWithRelevance should return scenarios sorted by relevance    
📚 ScenarioService already initialized (4 scenarios)
⚡ Instant cache return: 4 scenarios
00:18 +595 -15: /Users/nishantgupta/Documents/GitaGyan/OldWisdom/test/screens/more_screen_test.dart: MoreScreen Widget Tests should display ACCOUNT section only when authenticated                    00:18 +595 -15: /Users/nishantgupta/Documents/GitaGyan/OldWisdom/test/services/scenario_service_test.dart: ScenarioService searchScenariosWithRelevance should return scenarios sorted by relevance    
📅 No sync record found, refreshing scenarios
🚀 Starting optimized scenario refresh from server...
🎯 Relevance search for "parent": 2 results from 4 scenarios
00:18 +596 -15: /Users/nishantgupta/Documents/GitaGyan/OldWisdom/test/screens/more_screen_test.dart: MoreScreen Widget Tests should display ACCOUNT section only when authenticated                    00:18 +596 -15: /Users/nishantgupta/Documents/GitaGyan/OldWisdom/test/services/scenario_service_test.dart: ScenarioService searchScenariosWithRelevance should return scenarios sorted by relevance    
❌ Error fetching paginated scenarios for en: PostgrestException(message: , code: 400, details: , hint: null)
🔧 Using fallback method for scenarios (limit: 2000, offset: 0)
❌ Fallback scenarios fetch failed: PostgrestException(message: , code: 400, details: , hint: null)
⚠️ No scenarios received from server
00:18 +596 -15: /Users/nishantgupta/Documents/GitaGyan/OldWisdom/test/services/scenario_service_test.dart: ScenarioService searchScenariosWithRelevance should handle empty query                      
📚 ScenarioService already initialized (4 scenarios)
⚡ Instant cache return: 4 scenarios
📅 No sync record found, refreshing scenarios
🚀 Starting optimized scenario refresh from server...
📄 Page 0: 4 scenarios (0-3)
00:18 +597 -15: /Users/nishantgupta/Documents/GitaGyan/OldWisdom/test/screens/more_screen_test.dart: MoreScreen Widget Tests should display ACCOUNT section only when authenticated                    00:18 +597 -15: /Users/nishantgupta/Documents/GitaGyan/OldWisdom/test/services/scenario_service_test.dart: ScenarioService searchScenariosWithRelevance should handle empty query                      
❌ Error fetching paginated scenarios for en: PostgrestException(message: , code: 400, details: , hint: null)
🔧 Using fallback method for scenarios (limit: 2000, offset: 0)
❌ Fallback scenarios fetch failed: PostgrestException(message: , code: 400, details: , hint: null)
⚠️ No scenarios received from server
00:18 +597 -15: /Users/nishantgupta/Documents/GitaGyan/OldWisdom/test/services/scenario_service_test.dart: ScenarioService searchScenariosWithRelevance should respect maxResults parameter            
📚 ScenarioService already initialized (4 scenarios)
⚡ Instant cache return: 4 scenarios
📅 No sync record found, refreshing scenarios
🚀 Starting optimized scenario refresh from server...
🎯 Relevance search for "stress": 1 results from 4 scenarios
00:18 +598 -15: /Users/nishantgupta/Documents/GitaGyan/OldWisdom/test/screens/more_screen_test.dart: MoreScreen Widget Tests should display ACCOUNT section only when authenticated                    00:18 +598 -15: /Users/nishantgupta/Documents/GitaGyan/OldWisdom/test/services/scenario_service_test.dart: ScenarioService searchScenariosWithRelevance should respect maxResults parameter            
❌ Error fetching paginated scenarios for en: PostgrestException(message: , code: 400, details: , hint: null)
🔧 Using fallback method for scenarios (limit: 2000, offset: 0)
❌ Fallback scenarios fetch failed: PostgrestException(message: , code: 400, details: , hint: null)
⚠️ No scenarios received from server
00:18 +598 -15: /Users/nishantgupta/Documents/GitaGyan/OldWisdom/test/services/scenario_service_test.dart: ScenarioService searchScenariosWithRelevance should prioritize title matches over content matches
📚 ScenarioService already initialized (4 scenarios)
⚡ Instant cache return: 4 scenarios
📅 No sync record found, refreshing scenarios
🚀 Starting optimized scenario refresh from server...
🎯 Relevance search for "stress": 1 results from 4 scenarios
00:18 +599 -15: /Users/nishantgupta/Documents/GitaGyan/OldWisdom/test/screens/more_screen_test.dart: MoreScreen Widget Tests should display ACCOUNT section only when authenticated                    00:18 +599 -15: /Users/nishantgupta/Documents/GitaGyan/OldWisdom/test/services/scenario_service_test.dart: ScenarioService searchScenariosWithRelevance should prioritize title matches over content matches
❌ Error fetching paginated scenarios for en: PostgrestException(message: , code: 400, details: , hint: null)
🔧 Using fallback method for scenarios (limit: 2000, offset: 0)
❌ Fallback scenarios fetch failed: PostgrestException(message: , code: 400, details: , hint: null)
⚠️ No scenarios received from server
00:18 +599 -15: /Users/nishantgupta/Documents/GitaGyan/OldWisdom/test/screens/more_screen_test.dart: MoreScreen Widget Tests should display ACCOUNT section only when authenticated                    00:18 +600 -15: /Users/nishantgupta/Documents/GitaGyan/OldWisdom/test/screens/more_screen_test.dart: MoreScreen Widget Tests should display ACCOUNT section only when authenticated                    00:18 +601 -15: /Users/nishantgupta/Documents/GitaGyan/OldWisdom/test/screens/more_screen_test.dart: MoreScreen Widget Tests should display ACCOUNT section only when authenticated                    00:18 +602 -15: /Users/nishantgupta/Documents/GitaGyan/OldWisdom/test/screens/more_screen_test.dart: MoreScreen Widget Tests should display ACCOUNT section only when authenticated                    00:18 +603 -15: /Users/nishantgupta/Documents/GitaGyan/OldWisdom/test/screens/more_screen_test.dart: MoreScreen Widget Tests should display ACCOUNT section only when authenticated                    00:18 +604 -15: /Users/nishantgupta/Documents/GitaGyan/OldWisdom/test/screens/more_screen_test.dart: MoreScreen Widget Tests should display ACCOUNT section only when authenticated                    00:18 +605 -15: /Users/nishantgupta/Documents/GitaGyan/OldWisdom/test/screens/more_screen_test.dart: MoreScreen Widget Tests should display ACCOUNT section only when authenticated                    00:18 +606 -15: /Users/nishantgupta/Documents/GitaGyan/OldWisdom/test/screens/more_screen_test.dart: MoreScreen Widget Tests should display ACCOUNT section only when authenticated                    00:18 +607 -15: /Users/nishantgupta/Documents/GitaGyan/OldWisdom/test/screens/more_screen_test.dart: MoreScreen Widget Tests should display ACCOUNT section only when authenticated                    00:18 +608 -15: /Users/nishantgupta/Documents/GitaGyan/OldWisdom/test/screens/more_screen_test.dart: MoreScreen Widget Tests should display ACCOUNT section only when authenticated                    00:18 +609 -15: /Users/nishantgupta/Documents/GitaGyan/OldWisdom/test/screens/more_screen_test.dart: MoreScreen Widget Tests should display ACCOUNT section only when authenticated                    00:18 +610 -15: /Users/nishantgupta/Documents/GitaGyan/OldWisdom/test/screens/more_screen_test.dart: MoreScreen Widget Tests should display ACCOUNT section only when authenticated                    00:18 +611 -15: /Users/nishantgupta/Documents/GitaGyan/OldWisdom/test/screens/more_screen_test.dart: MoreScreen Widget Tests should display ACCOUNT section only when authenticated                    00:18 +612 -15: /Users/nishantgupta/Documents/GitaGyan/OldWisdom/test/screens/more_screen_test.dart: MoreScreen Widget Tests should display ACCOUNT section only when authenticated                    00:18 +613 -15: /Users/nishantgupta/Documents/GitaGyan/OldWisdom/test/screens/more_screen_test.dart: MoreScreen Widget Tests should display ACCOUNT section only when authenticated                    00:18 +614 -15: /Users/nishantgupta/Documents/GitaGyan/OldWisdom/test/screens/more_screen_test.dart: MoreScreen Widget Tests should display ACCOUNT section only when authenticated                    00:18 +614 -15: /Users/nishantgupta/Documents/GitaGyan/OldWisdom/test/services/search_service_test.dart: SearchService Search Functionality should set loading state during search                     
Verse search error: PostgrestException(message: , code: 400, details: , hint: null)
Chapter search error: PostgrestException(message: , code: 400, details: , hint: null)
Scenario search error: PostgrestException(message: , code: 400, details: , hint: null)
00:18 +615 -15: /Users/nishantgupta/Documents/GitaGyan/OldWisdom/test/screens/more_screen_test.dart: MoreScreen Widget Tests should display ACCOUNT section only when authenticated                    00:18 +615 -15: /Users/nishantgupta/Documents/GitaGyan/OldWisdom/test/services/search_service_test.dart: SearchService Search Functionality should store last query                                    
Verse search error: PostgrestException(message: , code: 400, details: , hint: null)
Chapter search error: PostgrestException(message: , code: 400, details: , hint: null)
Scenario search error: PostgrestException(message: , code: 400, details: , hint: null)
00:19 +616 -15: /Users/nishantgupta/Documents/GitaGyan/OldWisdom/test/screens/more_screen_test.dart: MoreScreen Widget Tests should display ACCOUNT section only when authenticated                    00:19 +616 -15: /Users/nishantgupta/Documents/GitaGyan/OldWisdom/test/services/search_service_test.dart: SearchService Search Functionality should handle network errors gracefully                    
Verse search error: PostgrestException(message: , code: 400, details: , hint: null)
Chapter search error: PostgrestException(message: , code: 400, details: , hint: null)
Scenario search error: PostgrestException(message: , code: 400, details: , hint: null)
00:19 +617 -15: /Users/nishantgupta/Documents/GitaGyan/OldWisdom/test/screens/more_screen_test.dart: MoreScreen Widget Tests should display ACCOUNT section only when authenticated                    00:19 +618 -15: /Users/nishantgupta/Documents/GitaGyan/OldWisdom/test/screens/more_screen_test.dart: MoreScreen Widget Tests should display ACCOUNT section only when authenticated                    00:19 +618 -15: /Users/nishantgupta/Documents/GitaGyan/OldWisdom/test/services/search_service_test.dart: SearchService Result Filtering should filter results by type                                  
Verse search error: PostgrestException(message: , code: 400, details: , hint: null)
Chapter search error: PostgrestException(message: , code: 400, details: , hint: null)
Scenario search error: PostgrestException(message: , code: 400, details: , hint: null)
00:19 +619 -15: /Users/nishantgupta/Documents/GitaGyan/OldWisdom/test/screens/more_screen_test.dart: MoreScreen Widget Tests should display ACCOUNT section only when authenticated                    00:19 +620 -15: /Users/nishantgupta/Documents/GitaGyan/OldWisdom/test/screens/more_screen_test.dart: MoreScreen Widget Tests should display ACCOUNT section only when authenticated                    00:19 +620 -15: /Users/nishantgupta/Documents/GitaGyan/OldWisdom/test/services/search_service_test.dart: SearchService Clear Functionality should clear current results                                
Verse search error: PostgrestException(message: , code: 400, details: , hint: null)
Chapter search error: PostgrestException(message: , code: 400, details: , hint: null)
Scenario search error: PostgrestException(message: , code: 400, details: , hint: null)
00:19 +621 -15: /Users/nishantgupta/Documents/GitaGyan/OldWisdom/test/screens/more_screen_test.dart: MoreScreen Widget Tests should display ACCOUNT section only when authenticated                    test/services/progressive_cache_service_test.dart:17:8: Error: 'ProgressiveCacheService' isn't a type.
  late ProgressiveCacheService cacheService;
       ^^^^^^^^^^^^^^^^^^^^^^^
test/services/progressive_cache_service_test.dart:21:20: Error: Method not found: 'ProgressiveCacheService'.
    cacheService = ProgressiveCacheService(
                   ^^^^^^^^^^^^^^^^^^^^^^^
test/services/progressive_cache_service_test.dart:35:11: Error: No named parameter with the name 'id'.
          id: 1,
          ^^
lib/models/scenario.dart:45:3: Context: Found this candidate, but the arguments don't match.
  Scenario({
  ^^^^^^^^
test/services/progressive_cache_service_test.dart:58:11: Error: No named parameter with the name 'id'.
          id: 1,
          ^^
lib/models/scenario.dart:45:3: Context: Found this candidate, but the arguments don't match.
  Scenario({
  ^^^^^^^^
test/services/progressive_cache_service_test.dart:80:11: Error: No named parameter with the name 'id'.
          id: 1,
          ^^
lib/models/scenario.dart:45:3: Context: Found this candidate, but the arguments don't match.
  Scenario({
  ^^^^^^^^
test/services/progressive_cache_service_test.dart:104:11: Error: No named parameter with the name 'id'.
          id: 1,
          ^^
lib/models/scenario.dart:45:3: Context: Found this candidate, but the arguments don't match.
  Scenario({
  ^^^^^^^^
test/services/progressive_cache_service_test.dart:146:11: Error: No named parameter with the name 'id'.
          id: 1,
          ^^
lib/models/scenario.dart:45:3: Context: Found this candidate, but the arguments don't match.
  Scenario({
  ^^^^^^^^
test/services/progressive_cache_service_test.dart:173:11: Error: No named parameter with the name 'id'.
          id: 1,
          ^^
lib/models/scenario.dart:45:3: Context: Found this candidate, but the arguments don't match.
  Scenario({
  ^^^^^^^^
test/services/progressive_cache_service_test.dart:197:11: Error: No named parameter with the name 'id'.
          id: index,
          ^^
lib/models/scenario.dart:45:3: Context: Found this candidate, but the arguments don't match.
  Scenario({
  ^^^^^^^^
test/services/progressive_cache_service_test.dart:221:11: Error: No named parameter with the name 'id'.
          id: index,
          ^^
lib/models/scenario.dart:45:3: Context: Found this candidate, but the arguments don't match.
  Scenario({
  ^^^^^^^^
test/services/progressive_cache_service_test.dart:44:32: Error: The method 'getScenariosByCategory' isn't defined for the type 'MockEnhancedSupabaseService'.
 - 'MockEnhancedSupabaseService' is from 'test/services/progressive_cache_service_test.mocks.dart'.
Try correcting the name to the name of an existing method, or defining a method named 'getScenariosByCategory'.
      when(mockSupabaseService.getScenariosByCategory('critical'))
                               ^^^^^^^^^^^^^^^^^^^^^^
00:19 +622 -15: /Users/nishantgupta/Documents/GitaGyan/OldWisdom/test/screens/more_screen_test.dart: MoreScreen Widget Tests should display ACCOUNT section only when authenticated                    test/services/progressive_cache_service_test.dart:52:34: Error: The method 'getScenariosByCategory' isn't defined for the type 'MockEnhancedSupabaseService'.
 - 'MockEnhancedSupabaseService' is from 'test/services/progressive_cache_service_test.mocks.dart'.
Try correcting the name to the name of an existing method, or defining a method named 'getScenariosByCategory'.
      verify(mockSupabaseService.getScenariosByCategory('critical')).called(1);
                                 ^^^^^^^^^^^^^^^^^^^^^^
test/services/progressive_cache_service_test.dart:67:32: Error: The method 'getAllScenarios' isn't defined for the type 'MockEnhancedSupabaseService'.
 - 'MockEnhancedSupabaseService' is from 'test/services/progressive_cache_service_test.mocks.dart'.
Try correcting the name to the name of an existing method, or defining a method named 'getAllScenarios'.
      when(mockSupabaseService.getAllScenarios())
                               ^^^^^^^^^^^^^^^
test/services/progressive_cache_service_test.dart:73:34: Error: The method 'getAllScenarios' isn't defined for the type 'MockEnhancedSupabaseService'.
 - 'MockEnhancedSupabaseService' is from 'test/services/progressive_cache_service_test.mocks.dart'.
Try correcting the name to the name of an existing method, or defining a method named 'getAllScenarios'.
      verify(mockSupabaseService.getAllScenarios()).called(1);
                                 ^^^^^^^^^^^^^^^
test/services/progressive_cache_service_test.dart:89:32: Error: The method 'getAllScenarios' isn't defined for the type 'MockEnhancedSupabaseService'.
 - 'MockEnhancedSupabaseService' is from 'test/services/progressive_cache_service_test.mocks.dart'.
Try correcting the name to the name of an existing method, or defining a method named 'getAllScenarios'.
      when(mockSupabaseService.getAllScenarios())
                               ^^^^^^^^^^^^^^^
test/services/progressive_cache_service_test.dart:113:32: Error: The method 'getAllScenarios' isn't defined for the type 'MockEnhancedSupabaseService'.
 - 'MockEnhancedSupabaseService' is from 'test/services/progressive_cache_service_test.mocks.dart'.
Try correcting the name to the name of an existing method, or defining a method named 'getAllScenarios'.
      when(mockSupabaseService.getAllScenarios())
                               ^^^^^^^^^^^^^^^
test/services/progressive_cache_service_test.dart:123:32: Error: The method 'getAllScenarios' isn't defined for the type 'MockEnhancedSupabaseService'.
 - 'MockEnhancedSupabaseService' is from 'test/services/progressive_cache_service_test.mocks.dart'.
Try correcting the name to the name of an existing method, or defining a method named 'getAllScenarios'.
      when(mockSupabaseService.getAllScenarios())
                               ^^^^^^^^^^^^^^^
test/services/progressive_cache_service_test.dart:129:34: Error: The method 'getAllScenarios' isn't defined for the type 'MockEnhancedSupabaseService'.
 - 'MockEnhancedSupabaseService' is from 'test/services/progressive_cache_service_test.mocks.dart'.
Try correcting the name to the name of an existing method, or defining a method named 'getAllScenarios'.
      verify(mockSupabaseService.getAllScenarios()).called(1);
                                 ^^^^^^^^^^^^^^^
test/services/progressive_cache_service_test.dart:133:32: Error: The method 'getAllScenarios' isn't defined for the type 'MockEnhancedSupabaseService'.
 - 'MockEnhancedSupabaseService' is from 'test/services/progressive_cache_service_test.mocks.dart'.
Try correcting the name to the name of an existing method, or defining a method named 'getAllScenarios'.
      when(mockSupabaseService.getAllScenarios())
                               ^^^^^^^^^^^^^^^
test/services/progressive_cache_service_test.dart:155:32: Error: The method 'getAllScenarios' isn't defined for the type 'MockEnhancedSupabaseService'.
 - 'MockEnhancedSupabaseService' is from 'test/services/progressive_cache_service_test.mocks.dart'.
Try correcting the name to the name of an existing method, or defining a method named 'getAllScenarios'.
      when(mockSupabaseService.getAllScenarios())
                               ^^^^^^^^^^^^^^^
test/services/progressive_cache_service_test.dart:166:34: Error: The method 'getAllScenarios' isn't defined for the type 'MockEnhancedSupabaseService'.
 - 'MockEnhancedSupabaseService' is from 'test/services/progressive_cache_service_test.mocks.dart'.
Try correcting the name to the name of an existing method, or defining a method named 'getAllScenarios'.
      verify(mockSupabaseService.getAllScenarios()).called(2);
                                 ^^^^^^^^^^^^^^^
test/services/progressive_cache_service_test.dart:182:32: Error: The method 'getScenariosByCategory' isn't defined for the type 'MockEnhancedSupabaseService'.
 - 'MockEnhancedSupabaseService' is from 'test/services/progressive_cache_service_test.mocks.dart'.
Try correcting the name to the name of an existing method, or defining a method named 'getScenariosByCategory'.
      when(mockSupabaseService.getScenariosByCategory('critical'))
                               ^^^^^^^^^^^^^^^^^^^^^^
test/services/progressive_cache_service_test.dart:206:32: Error: The method 'getAllScenarios' isn't defined for the type 'MockEnhancedSupabaseService'.
 - 'MockEnhancedSupabaseService' is from 'test/services/progressive_cache_service_test.mocks.dart'.
Try correcting the name to the name of an existing method, or defining a method named 'getAllScenarios'.
      when(mockSupabaseService.getAllScenarios())
                               ^^^^^^^^^^^^^^^
test/services/progressive_cache_service_test.dart:230:32: Error: The method 'getAllScenarios' isn't defined for the type 'MockEnhancedSupabaseService'.
 - 'MockEnhancedSupabaseService' is from 'test/services/progressive_cache_service_test.mocks.dart'.
Try correcting the name to the name of an existing method, or defining a method named 'getAllScenarios'.
      when(mockSupabaseService.getAllScenarios())
                               ^^^^^^^^^^^^^^^
00:19 +623 -15: /Users/nishantgupta/Documents/GitaGyan/OldWisdom/test/screens/more_screen_test.dart: MoreScreen Widget Tests should display ACCOUNT section only when authenticated                    00:19 +624 -15: /Users/nishantgupta/Documents/GitaGyan/OldWisdom/test/screens/more_screen_test.dart: MoreScreen Widget Tests should display ACCOUNT section only when authenticated                    00:19 +624 -15: /Users/nishantgupta/Documents/GitaGyan/OldWisdom/test/services/search_service_test.dart: SearchService ChangeNotifier Behavior should notify listeners when search completes           
Verse search error: PostgrestException(message: , code: 400, details: , hint: null)
Chapter search error: PostgrestException(message: , code: 400, details: , hint: null)
Scenario search error: PostgrestException(message: , code: 400, details: , hint: null)
00:19 +625 -15: /Users/nishantgupta/Documents/GitaGyan/OldWisdom/test/screens/more_screen_test.dart: MoreScreen Widget Tests should display ACCOUNT section only when authenticated                    00:19 +626 -15: /Users/nishantgupta/Documents/GitaGyan/OldWisdom/test/screens/more_screen_test.dart: MoreScreen Widget Tests should display ACCOUNT section only when authenticated                    00:19 +627 -15: /Users/nishantgupta/Documents/GitaGyan/OldWisdom/test/screens/more_screen_test.dart: MoreScreen Widget Tests should display ACCOUNT section only when authenticated                    00:19 +628 -15: /Users/nishantgupta/Documents/GitaGyan/OldWisdom/test/screens/more_screen_test.dart: MoreScreen Widget Tests should display ACCOUNT section only when authenticated                    00:19 +629 -15: /Users/nishantgupta/Documents/GitaGyan/OldWisdom/test/screens/more_screen_test.dart: MoreScreen Widget Tests should display ACCOUNT section only when authenticated                    00:19 +630 -15: /Users/nishantgupta/Documents/GitaGyan/OldWisdom/test/screens/more_screen_test.dart: MoreScreen Widget Tests should display ACCOUNT section only when authenticated                    00:19 +631 -15: /Users/nishantgupta/Documents/GitaGyan/OldWisdom/test/screens/more_screen_test.dart: MoreScreen Widget Tests should display ACCOUNT section only when authenticated                    00:19 +632 -15: /Users/nishantgupta/Documents/GitaGyan/OldWisdom/test/screens/more_screen_test.dart: MoreScreen Widget Tests should display ACCOUNT section only when authenticated                    00:19 +632 -15: /Users/nishantgupta/Documents/GitaGyan/OldWisdom/test/services/search_service_test.dart: SearchService Error Handling should handle empty search results gracefully                    
Verse search error: PostgrestException(message: , code: 400, details: , hint: null)
Chapter search error: PostgrestException(message: , code: 400, details: , hint: null)
Scenario search error: PostgrestException(message: , code: 400, details: , hint: null)
00:19 +633 -15: /Users/nishantgupta/Documents/GitaGyan/OldWisdom/test/screens/more_screen_test.dart: MoreScreen Widget Tests should display ACCOUNT section only when authenticated                    00:19 +633 -16: loading /Users/nishantgupta/Documents/GitaGyan/OldWisdom/test/services/progressive_cache_service_test.dart [E]                                                                         
  Failed to load "/Users/nishantgupta/Documents/GitaGyan/OldWisdom/test/services/progressive_cache_service_test.dart":
  Compilation failed for testPath=/Users/nishantgupta/Documents/GitaGyan/OldWisdom/test/services/progressive_cache_service_test.dart: test/services/progressive_cache_service_test.dart:17:8: Error: 'ProgressiveCacheService' isn't a type.
    late ProgressiveCacheService cacheService;
         ^^^^^^^^^^^^^^^^^^^^^^^
  test/services/progressive_cache_service_test.dart:21:20: Error: Method not found: 'ProgressiveCacheService'.
      cacheService = ProgressiveCacheService(
                     ^^^^^^^^^^^^^^^^^^^^^^^
  test/services/progressive_cache_service_test.dart:35:11: Error: No named parameter with the name 'id'.
            id: 1,
            ^^
  lib/models/scenario.dart:45:3: Context: Found this candidate, but the arguments don't match.
    Scenario({
    ^^^^^^^^
  test/services/progressive_cache_service_test.dart:58:11: Error: No named parameter with the name 'id'.
            id: 1,
            ^^
  lib/models/scenario.dart:45:3: Context: Found this candidate, but the arguments don't match.
    Scenario({
    ^^^^^^^^
  test/services/progressive_cache_service_test.dart:80:11: Error: No named parameter with the name 'id'.
            id: 1,
            ^^
  lib/models/scenario.dart:45:3: Context: Found this candidate, but the arguments don't match.
    Scenario({
    ^^^^^^^^
  test/services/progressive_cache_service_test.dart:104:11: Error: No named parameter with the name 'id'.
            id: 1,
            ^^
  lib/models/scenario.dart:45:3: Context: Found this candidate, but the arguments don't match.
    Scenario({
    ^^^^^^^^
  test/services/progressive_cache_service_test.dart:146:11: Error: No named parameter with the name 'id'.
            id: 1,
            ^^
  lib/models/scenario.dart:45:3: Context: Found this candidate, but the arguments don't match.
    Scenario({
    ^^^^^^^^
  test/services/progressive_cache_service_test.dart:173:11: Error: No named parameter with the name 'id'.
            id: 1,
            ^^
  lib/models/scenario.dart:45:3: Context: Found this candidate, but the arguments don't match.
    Scenario({
    ^^^^^^^^
  test/services/progressive_cache_service_test.dart:197:11: Error: No named parameter with the name 'id'.
            id: index,
            ^^
  lib/models/scenario.dart:45:3: Context: Found this candidate, but the arguments don't match.
    Scenario({
    ^^^^^^^^
  test/services/progressive_cache_service_test.dart:221:11: Error: No named parameter with the name 'id'.
            id: index,
            ^^
  lib/models/scenario.dart:45:3: Context: Found this candidate, but the arguments don't match.
    Scenario({
    ^^^^^^^^
  test/services/progressive_cache_service_test.dart:44:32: Error: The method 'getScenariosByCategory' isn't defined for the type 'MockEnhancedSupabaseService'.
   - 'MockEnhancedSupabaseService' is from 'test/services/progressive_cache_service_test.mocks.dart'.
  Try correcting the name to the name of an existing method, or defining a method named 'getScenariosByCategory'.
        when(mockSupabaseService.getScenariosByCategory('critical'))
                                 ^^^^^^^^^^^^^^^^^^^^^^
  test/services/progressive_cache_service_test.dart:52:34: Error: The method 'getScenariosByCategory' isn't defined for the type 'MockEnhancedSupabaseService'.
   - 'MockEnhancedSupabaseService' is from 'test/services/progressive_cache_service_test.mocks.dart'.
  Try correcting the name to the name of an existing method, or defining a method named 'getScenariosByCategory'.
        verify(mockSupabaseService.getScenariosByCategory('critical')).called(1);
                                   ^^^^^^^^^^^^^^^^^^^^^^
  test/services/progressive_cache_service_test.dart:67:32: Error: The method 'getAllScenarios' isn't defined for the type 'MockEnhancedSupabaseService'.
   - 'MockEnhancedSupabaseService' is from 'test/services/progressive_cache_service_test.mocks.dart'.
  Try correcting the name to the name of an existing method, or defining a method named 'getAllScenarios'.
        when(mockSupabaseService.getAllScenarios())
                                 ^^^^^^^^^^^^^^^
  test/services/progressive_cache_service_test.dart:73:34: Error: The method 'getAllScenarios' isn't defined for the type 'MockEnhancedSupabaseService'.
   - 'MockEnhancedSupabaseService' is from 'test/services/progressive_cache_service_test.mocks.dart'.
  Try correcting the name to the name of an existing method, or defining a method named 'getAllScenarios'.
        verify(mockSupabaseService.getAllScenarios()).called(1);
                                   ^^^^^^^^^^^^^^^
  test/services/progressive_cache_service_test.dart:89:32: Error: The method 'getAllScenarios' isn't defined for the type 'MockEnhancedSupabaseService'.
   - 'MockEnhancedSupabaseService' is from 'test/services/progressive_cache_service_test.mocks.dart'.
  Try correcting the name to the name of an existing method, or defining a method named 'getAllScenarios'.
        when(mockSupabaseService.getAllScenarios())
                                 ^^^^^^^^^^^^^^^
  test/services/progressive_cache_service_test.dart:113:32: Error: The method 'getAllScenarios' isn't defined for the type 'MockEnhancedSupabaseService'.
   - 'MockEnhancedSupabaseService' is from 'test/services/progressive_cache_service_test.mocks.dart'.
  Try correcting the name to the name of an existing method, or defining a method named 'getAllScenarios'.
        when(mockSupabaseService.getAllScenarios())
                                 ^^^^^^^^^^^^^^^
  test/services/progressive_cache_service_test.dart:123:32: Error: The method 'getAllScenarios' isn't defined for the type 'MockEnhancedSupabaseService'.
   - 'MockEnhancedSupabaseService' is from 'test/services/progressive_cache_service_test.mocks.dart'.
  Try correcting the name to the name of an existing method, or defining a method named 'getAllScenarios'.
        when(mockSupabaseService.getAllScenarios())
                                 ^^^^^^^^^^^^^^^
  test/services/progressive_cache_service_test.dart:129:34: Error: The method 'getAllScenarios' isn't defined for the type 'MockEnhancedSupabaseService'.
   - 'MockEnhancedSupabaseService' is from 'test/services/progressive_cache_service_test.mocks.dart'.
  Try correcting the name to the name of an existing method, or defining a method named 'getAllScenarios'.
        verify(mockSupabaseService.getAllScenarios()).called(1);
                                   ^^^^^^^^^^^^^^^
  test/services/progressive_cache_service_test.dart:133:32: Error: The method 'getAllScenarios' isn't defined for the type 'MockEnhancedSupabaseService'.
   - 'MockEnhancedSupabaseService' is from 'test/services/progressive_cache_service_test.mocks.dart'.
  Try correcting the name to the name of an existing method, or defining a method named 'getAllScenarios'.
        when(mockSupabaseService.getAllScenarios())
                                 ^^^^^^^^^^^^^^^
  test/services/progressive_cache_service_test.dart:155:32: Error: The method 'getAllScenarios' isn't defined for the type 'MockEnhancedSupabaseService'.
   - 'MockEnhancedSupabaseService' is from 'test/services/progressive_cache_service_test.mocks.dart'.
  Try correcting the name to the name of an existing method, or defining a method named 'getAllScenarios'.
        when(mockSupabaseService.getAllScenarios())
                                 ^^^^^^^^^^^^^^^
  test/services/progressive_cache_service_test.dart:166:34: Error: The method 'getAllScenarios' isn't defined for the type 'MockEnhancedSupabaseService'.
   - 'MockEnhancedSupabaseService' is from 'test/services/progressive_cache_service_test.mocks.dart'.
  Try correcting the name to the name of an existing method, or defining a method named 'getAllScenarios'.
        verify(mockSupabaseService.getAllScenarios()).called(2);
                                   ^^^^^^^^^^^^^^^
  test/services/progressive_cache_service_test.dart:182:32: Error: The method 'getScenariosByCategory' isn't defined for the type 'MockEnhancedSupabaseService'.
   - 'MockEnhancedSupabaseService' is from 'test/services/progressive_cache_service_test.mocks.dart'.
  Try correcting the name to the name of an existing method, or defining a method named 'getScenariosByCategory'.
        when(mockSupabaseService.getScenariosByCategory('critical'))
                                 ^^^^^^^^^^^^^^^^^^^^^^
  test/services/progressive_cache_service_test.dart:206:32: Error: The method 'getAllScenarios' isn't defined for the type 'MockEnhancedSupabaseService'.
   - 'MockEnhancedSupabaseService' is from 'test/services/progressive_cache_service_test.mocks.dart'.
  Try correcting the name to the name of an existing method, or defining a method named 'getAllScenarios'.
        when(mockSupabaseService.getAllScenarios())
                                 ^^^^^^^^^^^^^^^
  test/services/progressive_cache_service_test.dart:230:32: Error: The method 'getAllScenarios' isn't defined for the type 'MockEnhancedSupabaseService'.
   - 'MockEnhancedSupabaseService' is from 'test/services/progressive_cache_service_test.mocks.dart'.
  Try correcting the name to the name of an existing method, or defining a method named 'getAllScenarios'.
        when(mockSupabaseService.getAllScenarios())
                                 ^^^^^^^^^^^^^^^
  .

To run this test again: /Users/nishantgupta/Documents/Development/flutter/bin/cache/dart-sdk/bin/dart test /Users/nishantgupta/Documents/GitaGyan/OldWisdom/test/services/progressive_cache_service_test.dart -p vm --plain-name 'loading /Users/nishantgupta/Documents/GitaGyan/OldWisdom/test/services/progressive_cache_service_test.dart'
00:19 +633 -16: /Users/nishantgupta/Documents/GitaGyan/OldWisdom/test/services/search_service_test.dart: SearchService Error Handling should maintain state consistency on error                       
Verse search error: PostgrestException(message: , code: 400, details: , hint: null)
Chapter search error: PostgrestException(message: , code: 400, details: , hint: null)
Scenario search error: PostgrestException(message: , code: 400, details: , hint: null)
00:19 +634 -16: /Users/nishantgupta/Documents/GitaGyan/OldWisdom/test/screens/more_screen_test.dart: MoreScreen Widget Tests should display ACCOUNT section only when authenticated                    00:19 +635 -16: /Users/nishantgupta/Documents/GitaGyan/OldWisdom/test/screens/more_screen_test.dart: MoreScreen Widget Tests should display ACCOUNT section only when authenticated                    00:19 +636 -16: /Users/nishantgupta/Documents/GitaGyan/OldWisdom/test/screens/more_screen_test.dart: MoreScreen Widget Tests should display ACCOUNT section only when authenticated                    00:19 +637 -16: /Users/nishantgupta/Documents/GitaGyan/OldWisdom/test/screens/more_screen_test.dart: MoreScreen Widget Tests should display ACCOUNT section only when authenticated                    00:19 +637 -16: /Users/nishantgupta/Documents/GitaGyan/OldWisdom/test/services/semantic_search_service_test.dart: SemanticSearchService Initialization should handle initialization with scenarios     
🧠 Initializing semantic search with TFLite...
⚠️ Failed to load TFLite model: Invalid argument(s): Failed to load dynamic library '/Users/nishantgupta/Documents/Development/flutter/bin/cache/artifacts/engine/resources/libtensorflowlite_c-mac.dylib': dlopen(/Users/nishantgupta/Documents/Development/flutter/bin/cache/artifacts/engine/resources/libtensorflowlite_c-mac.dylib, 0x0001): tried: '/Users/nishantgupta/Documents/Development/flutter/bin/cache/artifacts/engine/resources/libtensorflowlite_c-mac.dylib' (no such file), '/System/Volumes/Preboot/Cryptexes/OS/Users/nishantgupta/Documents/Development/flutter/bin/cache/artifacts/engine/resources/libtensorflowlite_c-mac.dylib' (no such file), '/Users/nishantgupta/Documents/Development/flutter/bin/cache/artifacts/engine/resources/libtensorflowlite_c-mac.dylib' (no such file)
ℹ️ Falling back to keyword-only search
❌ Failed to initialize semantic search: Invalid argument(s): Failed to load dynamic library '/Users/nishantgupta/Documents/Development/flutter/bin/cache/artifacts/engine/resources/libtensorflowlite_c-mac.dylib': dlopen(/Users/nishantgupta/Documents/Development/flutter/bin/cache/artifacts/engine/resources/libtensorflowlite_c-mac.dylib, 0x0001): tried: '/Users/nishantgupta/Documents/Development/flutter/bin/cache/artifacts/engine/resources/libtensorflowlite_c-mac.dylib' (no such file), '/System/Volumes/Preboot/Cryptexes/OS/Users/nishantgupta/Documents/Development/flutter/bin/cache/artifacts/engine/resources/libtensorflowlite_c-mac.dylib' (no such file), '/Users/nishantgupta/Documents/Development/flutter/bin/cache/artifacts/engine/resources/libtensorflowlite_c-mac.dylib' (no such file)
ℹ️ App will continue with keyword-only search
00:19 +638 -16: /Users/nishantgupta/Documents/GitaGyan/OldWisdom/test/screens/more_screen_test.dart: MoreScreen Widget Tests should display ACCOUNT section only when authenticated                    00:19 +638 -16: /Users/nishantgupta/Documents/GitaGyan/OldWisdom/test/services/semantic_search_service_test.dart: SemanticSearchService Initialization should skip re-initialization with same count   
🧠 Initializing semantic search with TFLite...
⚠️ Failed to load TFLite model: Invalid argument(s): Failed to load dynamic library '/Users/nishantgupta/Documents/Development/flutter/bin/cache/artifacts/engine/resources/libtensorflowlite_c-mac.dylib': dlopen(/Users/nishantgupta/Documents/Development/flutter/bin/cache/artifacts/engine/resources/libtensorflowlite_c-mac.dylib, 0x0001): tried: '/Users/nishantgupta/Documents/Development/flutter/bin/cache/artifacts/engine/resources/libtensorflowlite_c-mac.dylib' (no such file), '/System/Volumes/Preboot/Cryptexes/OS/Users/nishantgupta/Documents/Development/flutter/bin/cache/artifacts/engine/resources/libtensorflowlite_c-mac.dylib' (no such file), '/Users/nishantgupta/Documents/Development/flutter/bin/cache/artifacts/engine/resources/libtensorflowlite_c-mac.dylib' (no such file)
ℹ️ Falling back to keyword-only search
❌ Failed to initialize semantic search: Invalid argument(s): Failed to load dynamic library '/Users/nishantgupta/Documents/Development/flutter/bin/cache/artifacts/engine/resources/libtensorflowlite_c-mac.dylib': dlopen(/Users/nishantgupta/Documents/Development/flutter/bin/cache/artifacts/engine/resources/libtensorflowlite_c-mac.dylib, 0x0001): tried: '/Users/nishantgupta/Documents/Development/flutter/bin/cache/artifacts/engine/resources/libtensorflowlite_c-mac.dylib' (no such file), '/System/Volumes/Preboot/Cryptexes/OS/Users/nishantgupta/Documents/Development/flutter/bin/cache/artifacts/engine/resources/libtensorflowlite_c-mac.dylib' (no such file), '/Users/nishantgupta/Documents/Development/flutter/bin/cache/artifacts/engine/resources/libtensorflowlite_c-mac.dylib' (no such file)
ℹ️ App will continue with keyword-only search
🧠 Initializing semantic search with TFLite...
00:19 +638 -16: /Users/nishantgupta/Documents/GitaGyan/OldWisdom/test/screens/more_screen_test.dart: MoreScreen Widget Tests should display ACCOUNT section only when authenticated                    
══╡ EXCEPTION CAUGHT BY FLUTTER TEST FRAMEWORK ╞════════════════════════════════════════════════════
The following assertion was thrown running a test:
pumpAndSettle timed out

When the exception was thrown, this was the stack:
#0      WidgetTester.pumpAndSettle.<anonymous closure> (package:flutter_test/src/widget_tester.dart:717:11)
<asynchronous suspension>
#1      TestAsyncUtils.guard.<anonymous closure> (package:flutter_test/src/test_async_utils.dart:130:27)
<asynchronous suspension>
#2      main.<anonymous closure>.<anonymous closure> (file:///Users/nishantgupta/Documents/GitaGyan/OldWisdom/test/screens/more_screen_test.dart:90:7)
<asynchronous suspension>
#3      testWidgets.<anonymous closure>.<anonymous closure> (package:flutter_test/src/widget_tester.dart:192:15)
<asynchronous suspension>
#4      TestWidgetsFlutterBinding._runTestBody (package:flutter_test/src/binding.dart:1059:5)
<asynchronous suspension>
<asynchronous suspension>
(elided one frame from package:stack_trace)

The test description was:
  should display ACCOUNT section only when authenticated
════════════════════════════════════════════════════════════════════════════════════════════════════
00:19 +638 -17: /Users/nishantgupta/Documents/GitaGyan/OldWisdom/test/services/semantic_search_service_test.dart: SemanticSearchService Initialization should skip re-initialization with same count   
⚠️ Failed to load TFLite model: Invalid argument(s): Failed to load dynamic library '/Users/nishantgupta/Documents/Development/flutter/bin/cache/artifacts/engine/resources/libtensorflowlite_c-mac.dylib': dlopen(/Users/nishantgupta/Documents/Development/flutter/bin/cache/artifacts/engine/resources/libtensorflowlite_c-mac.dylib, 0x0001): tried: '/Users/nishantgupta/Documents/Development/flutter/bin/cache/artifacts/engine/resources/libtensorflowlite_c-mac.dylib' (no such file), '/System/Volumes/Preboot/Cryptexes/OS/Users/nishantgupta/Documents/Development/flutter/bin/cache/artifacts/engine/resources/libtensorflowlite_c-mac.dylib' (no such file), '/Users/nishantgupta/Documents/Development/flutter/bin/cache/artifacts/engine/resources/libtensorflowlite_c-mac.dylib' (no such file)
00:19 +638 -17: /Users/nishantgupta/Documents/GitaGyan/OldWisdom/test/screens/more_screen_test.dart: MoreScreen Widget Tests should display ACCOUNT section only when authenticated [E]                
  Test failed. See exception logs above.
  The test description was: should display ACCOUNT section only when authenticated
  
00:19 +638 -17: /Users/nishantgupta/Documents/GitaGyan/OldWisdom/test/services/semantic_search_service_test.dart: SemanticSearchService Initialization should skip re-initialization with same count   
ℹ️ Falling back to keyword-only search

To run this test again: /Users/nishantgupta/Documents/Development/flutter/bin/cache/dart-sdk/bin/dart test /Users/nishantgupta/Documents/GitaGyan/OldWisdom/test/screens/more_screen_test.dart -p vm --plain-name 'MoreScreen Widget Tests should display ACCOUNT section only when authenticated'
❌ Failed to initialize semantic search: Invalid argument(s): Failed to load dynamic library '/Users/nishantgupta/Documents/Development/flutter/bin/cache/artifacts/engine/resources/libtensorflowlite_c-mac.dylib': dlopen(/Users/nishantgupta/Documents/Development/flutter/bin/cache/artifacts/engine/resources/libtensorflowlite_c-mac.dylib, 0x0001): tried: '/Users/nishantgupta/Documents/Development/flutter/bin/cache/artifacts/engine/resources/libtensorflowlite_c-mac.dylib' (no such file), '/System/Volumes/Preboot/Cryptexes/OS/Users/nishantgupta/Documents/Development/flutter/bin/cache/artifacts/engine/resources/libtensorflowlite_c-mac.dylib' (no such file), '/Users/nishantgupta/Documents/Development/flutter/bin/cache/artifacts/engine/resources/libtensorflowlite_c-mac.dylib' (no such file)
ℹ️ App will continue with keyword-only search
00:19 +639 -17: /Users/nishantgupta/Documents/GitaGyan/OldWisdom/test/services/simple_auth_service_test.dart: SimpleAuthService Email Sign In should extract display name from email                   00:19 +639 -17: /Users/nishantgupta/Documents/GitaGyan/OldWisdom/test/services/semantic_search_service_test.dart: SemanticSearchService Initialization should handle empty scenario list               
🧠 Initializing semantic search with TFLite...
⚠️ Failed to load TFLite model: Invalid argument(s): Failed to load dynamic library '/Users/nishantgupta/Documents/Development/flutter/bin/cache/artifacts/engine/resources/libtensorflowlite_c-mac.dylib': dlopen(/Users/nishantgupta/Documents/Development/flutter/bin/cache/artifacts/engine/resources/libtensorflowlite_c-mac.dylib, 0x0001): tried: '/Users/nishantgupta/Documents/Development/flutter/bin/cache/artifacts/engine/resources/libtensorflowlite_c-mac.dylib' (no such file), '/System/Volumes/Preboot/Cryptexes/OS/Users/nishantgupta/Documents/Development/flutter/bin/cache/artifacts/engine/resources/libtensorflowlite_c-mac.dylib' (no such file), '/Users/nishantgupta/Documents/Development/flutter/bin/cache/artifacts/engine/resources/libtensorflowlite_c-mac.dylib' (no such file)
ℹ️ Falling back to keyword-only search
❌ Failed to initialize semantic search: Invalid argument(s): Failed to load dynamic library '/Users/nishantgupta/Documents/Development/flutter/bin/cache/artifacts/engine/resources/libtensorflowlite_c-mac.dylib': dlopen(/Users/nishantgupta/Documents/Development/flutter/bin/cache/artifacts/engine/resources/libtensorflowlite_c-mac.dylib, 0x0001): tried: '/Users/nishantgupta/Documents/Development/flutter/bin/cache/artifacts/engine/resources/libtensorflowlite_c-mac.dylib' (no such file), '/System/Volumes/Preboot/Cryptexes/OS/Users/nishantgupta/Documents/Development/flutter/bin/cache/artifacts/engine/resources/libtensorflowlite_c-mac.dylib' (no such file), '/Users/nishantgupta/Documents/Development/flutter/bin/cache/artifacts/engine/resources/libtensorflowlite_c-mac.dylib' (no such file)
ℹ️ App will continue with keyword-only search
00:19 +640 -17: /Users/nishantgupta/Documents/GitaGyan/OldWisdom/test/services/simple_auth_service_test.dart: SimpleAuthService Email Sign In should extract display name from email                   00:19 +640 -17: /Users/nishantgupta/Documents/GitaGyan/OldWisdom/test/services/semantic_search_service_test.dart: SemanticSearchService Initialization should handle TFLite model loading failure gracefully
🧠 Initializing semantic search with TFLite...
⚠️ Failed to load TFLite model: Invalid argument(s): Failed to load dynamic library '/Users/nishantgupta/Documents/Development/flutter/bin/cache/artifacts/engine/resources/libtensorflowlite_c-mac.dylib': dlopen(/Users/nishantgupta/Documents/Development/flutter/bin/cache/artifacts/engine/resources/libtensorflowlite_c-mac.dylib, 0x0001): tried: '/Users/nishantgupta/Documents/Development/flutter/bin/cache/artifacts/engine/resources/libtensorflowlite_c-mac.dylib' (no such file), '/System/Volumes/Preboot/Cryptexes/OS/Users/nishantgupta/Documents/Development/flutter/bin/cache/artifacts/engine/resources/libtensorflowlite_c-mac.dylib' (no such file), '/Users/nishantgupta/Documents/Development/flutter/bin/cache/artifacts/engine/resources/libtensorflowlite_c-mac.dylib' (no such file)
ℹ️ Falling back to keyword-only search
❌ Failed to initialize semantic search: Invalid argument(s): Failed to load dynamic library '/Users/nishantgupta/Documents/Development/flutter/bin/cache/artifacts/engine/resources/libtensorflowlite_c-mac.dylib': dlopen(/Users/nishantgupta/Documents/Development/flutter/bin/cache/artifacts/engine/resources/libtensorflowlite_c-mac.dylib, 0x0001): tried: '/Users/nishantgupta/Documents/Development/flutter/bin/cache/artifacts/engine/resources/libtensorflowlite_c-mac.dylib' (no such file), '/System/Volumes/Preboot/Cryptexes/OS/Users/nishantgupta/Documents/Development/flutter/bin/cache/artifacts/engine/resources/libtensorflowlite_c-mac.dylib' (no such file), '/Users/nishantgupta/Documents/Development/flutter/bin/cache/artifacts/engine/resources/libtensorflowlite_c-mac.dylib' (no such file)
ℹ️ App will continue with keyword-only search
00:19 +641 -17: /Users/nishantgupta/Documents/GitaGyan/OldWisdom/test/services/simple_auth_service_test.dart: SimpleAuthService Email Sign In should extract display name from email                   00:19 +641 -17: /Users/nishantgupta/Documents/GitaGyan/OldWisdom/test/services/semantic_search_service_test.dart: SemanticSearchService Search Functionality should return empty list when not initialized
⚠️ Semantic search not ready
00:19 +642 -17: /Users/nishantgupta/Documents/GitaGyan/OldWisdom/test/services/simple_auth_service_test.dart: SimpleAuthService Email Sign In should extract display name from email                   00:19 +642 -17: /Users/nishantgupta/Documents/GitaGyan/OldWisdom/test/services/semantic_search_service_test.dart: SemanticSearchService Search Functionality should handle empty query gracefully      
⚠️ Semantic search not ready
00:19 +643 -17: /Users/nishantgupta/Documents/GitaGyan/OldWisdom/test/services/simple_auth_service_test.dart: SimpleAuthService Email Sign In should extract display name from email                   00:19 +643 -17: /Users/nishantgupta/Documents/GitaGyan/OldWisdom/test/services/semantic_search_service_test.dart: SemanticSearchService Search Functionality should handle null query gracefully       
⚠️ Semantic search not ready
00:19 +644 -17: /Users/nishantgupta/Documents/GitaGyan/OldWisdom/test/services/simple_auth_service_test.dart: SimpleAuthService Email Sign In should extract display name from email                   00:19 +644 -17: /Users/nishantgupta/Documents/GitaGyan/OldWisdom/test/services/semantic_search_service_test.dart: SemanticSearchService Search Functionality should return SemanticSearchResult objects
🧠 Initializing semantic search with TFLite...
⚠️ Failed to load TFLite model: Invalid argument(s): Failed to load dynamic library '/Users/nishantgupta/Documents/Development/flutter/bin/cache/artifacts/engine/resources/libtensorflowlite_c-mac.dylib': dlopen(/Users/nishantgupta/Documents/Development/flutter/bin/cache/artifacts/engine/resources/libtensorflowlite_c-mac.dylib, 0x0001): tried: '/Users/nishantgupta/Documents/Development/flutter/bin/cache/artifacts/engine/resources/libtensorflowlite_c-mac.dylib' (no such file), '/System/Volumes/Preboot/Cryptexes/OS/Users/nishantgupta/Documents/Development/flutter/bin/cache/artifacts/engine/resources/libtensorflowlite_c-mac.dylib' (no such file), '/Users/nishantgupta/Documents/Development/flutter/bin/cache/artifacts/engine/resources/libtensorflowlite_c-mac.dylib' (no such file)
ℹ️ Falling back to keyword-only search
❌ Failed to initialize semantic search: Invalid argument(s): Failed to load dynamic library '/Users/nishantgupta/Documents/Development/flutter/bin/cache/artifacts/engine/resources/libtensorflowlite_c-mac.dylib': dlopen(/Users/nishantgupta/Documents/Development/flutter/bin/cache/artifacts/engine/resources/libtensorflowlite_c-mac.dylib, 0x0001): tried: '/Users/nishantgupta/Documents/Development/flutter/bin/cache/artifacts/engine/resources/libtensorflowlite_c-mac.dylib' (no such file), '/System/Volumes/Preboot/Cryptexes/OS/Users/nishantgupta/Documents/Development/flutter/bin/cache/artifacts/engine/resources/libtensorflowlite_c-mac.dylib' (no such file), '/Users/nishantgupta/Documents/Development/flutter/bin/cache/artifacts/engine/resources/libtensorflowlite_c-mac.dylib' (no such file)
ℹ️ App will continue with keyword-only search
⚠️ Semantic search not ready
00:19 +645 -17: /Users/nishantgupta/Documents/GitaGyan/OldWisdom/test/services/simple_auth_service_test.dart: SimpleAuthService Email Sign In should extract display name from email                   00:19 +645 -17: /Users/nishantgupta/Documents/GitaGyan/OldWisdom/test/services/semantic_search_service_test.dart: SemanticSearchService Search Functionality should filter results by similarity threshold (0.3)
🧠 Initializing semantic search with TFLite...
⚠️ Failed to load TFLite model: Invalid argument(s): Failed to load dynamic library '/Users/nishantgupta/Documents/Development/flutter/bin/cache/artifacts/engine/resources/libtensorflowlite_c-mac.dylib': dlopen(/Users/nishantgupta/Documents/Development/flutter/bin/cache/artifacts/engine/resources/libtensorflowlite_c-mac.dylib, 0x0001): tried: '/Users/nishantgupta/Documents/Development/flutter/bin/cache/artifacts/engine/resources/libtensorflowlite_c-mac.dylib' (no such file), '/System/Volumes/Preboot/Cryptexes/OS/Users/nishantgupta/Documents/Development/flutter/bin/cache/artifacts/engine/resources/libtensorflowlite_c-mac.dylib' (no such file), '/Users/nishantgupta/Documents/Development/flutter/bin/cache/artifacts/engine/resources/libtensorflowlite_c-mac.dylib' (no such file)
ℹ️ Falling back to keyword-only search
❌ Failed to initialize semantic search: Invalid argument(s): Failed to load dynamic library '/Users/nishantgupta/Documents/Development/flutter/bin/cache/artifacts/engine/resources/libtensorflowlite_c-mac.dylib': dlopen(/Users/nishantgupta/Documents/Development/flutter/bin/cache/artifacts/engine/resources/libtensorflowlite_c-mac.dylib, 0x0001): tried: '/Users/nishantgupta/Documents/Development/flutter/bin/cache/artifacts/engine/resources/libtensorflowlite_c-mac.dylib' (no such file), '/System/Volumes/Preboot/Cryptexes/OS/Users/nishantgupta/Documents/Development/flutter/bin/cache/artifacts/engine/resources/libtensorflowlite_c-mac.dylib' (no such file), '/Users/nishantgupta/Documents/Development/flutter/bin/cache/artifacts/engine/resources/libtensorflowlite_c-mac.dylib' (no such file)
ℹ️ App will continue with keyword-only search
⚠️ Semantic search not ready
00:19 +646 -17: /Users/nishantgupta/Documents/GitaGyan/OldWisdom/test/services/simple_auth_service_test.dart: SimpleAuthService Email Sign In should extract display name from email                   00:19 +646 -17: /Users/nishantgupta/Documents/GitaGyan/OldWisdom/test/services/semantic_search_service_test.dart: SemanticSearchService Search Functionality should respect maxResults parameter       
🧠 Initializing semantic search with TFLite...
⚠️ Failed to load TFLite model: Invalid argument(s): Failed to load dynamic library '/Users/nishantgupta/Documents/Development/flutter/bin/cache/artifacts/engine/resources/libtensorflowlite_c-mac.dylib': dlopen(/Users/nishantgupta/Documents/Development/flutter/bin/cache/artifacts/engine/resources/libtensorflowlite_c-mac.dylib, 0x0001): tried: '/Users/nishantgupta/Documents/Development/flutter/bin/cache/artifacts/engine/resources/libtensorflowlite_c-mac.dylib' (no such file), '/System/Volumes/Preboot/Cryptexes/OS/Users/nishantgupta/Documents/Development/flutter/bin/cache/artifacts/engine/resources/libtensorflowlite_c-mac.dylib' (no such file), '/Users/nishantgupta/Documents/Development/flutter/bin/cache/artifacts/engine/resources/libtensorflowlite_c-mac.dylib' (no such file)
ℹ️ Falling back to keyword-only search
❌ Failed to initialize semantic search: Invalid argument(s): Failed to load dynamic library '/Users/nishantgupta/Documents/Development/flutter/bin/cache/artifacts/engine/resources/libtensorflowlite_c-mac.dylib': dlopen(/Users/nishantgupta/Documents/Development/flutter/bin/cache/artifacts/engine/resources/libtensorflowlite_c-mac.dylib, 0x0001): tried: '/Users/nishantgupta/Documents/Development/flutter/bin/cache/artifacts/engine/resources/libtensorflowlite_c-mac.dylib' (no such file), '/System/Volumes/Preboot/Cryptexes/OS/Users/nishantgupta/Documents/Development/flutter/bin/cache/artifacts/engine/resources/libtensorflowlite_c-mac.dylib' (no such file), '/Users/nishantgupta/Documents/Development/flutter/bin/cache/artifacts/engine/resources/libtensorflowlite_c-mac.dylib' (no such file)
ℹ️ App will continue with keyword-only search
⚠️ Semantic search not ready
00:19 +647 -17: /Users/nishantgupta/Documents/GitaGyan/OldWisdom/test/services/simple_auth_service_test.dart: SimpleAuthService Email Sign In should extract display name from email                   00:19 +647 -17: /Users/nishantgupta/Documents/GitaGyan/OldWisdom/test/services/semantic_search_service_test.dart: SemanticSearchService Search Functionality should return sorted results by similarity
🧠 Initializing semantic search with TFLite...
⚠️ Failed to load TFLite model: Invalid argument(s): Failed to load dynamic library '/Users/nishantgupta/Documents/Development/flutter/bin/cache/artifacts/engine/resources/libtensorflowlite_c-mac.dylib': dlopen(/Users/nishantgupta/Documents/Development/flutter/bin/cache/artifacts/engine/resources/libtensorflowlite_c-mac.dylib, 0x0001): tried: '/Users/nishantgupta/Documents/Development/flutter/bin/cache/artifacts/engine/resources/libtensorflowlite_c-mac.dylib' (no such file), '/System/Volumes/Preboot/Cryptexes/OS/Users/nishantgupta/Documents/Development/flutter/bin/cache/artifacts/engine/resources/libtensorflowlite_c-mac.dylib' (no such file), '/Users/nishantgupta/Documents/Development/flutter/bin/cache/artifacts/engine/resources/libtensorflowlite_c-mac.dylib' (no such file)
ℹ️ Falling back to keyword-only search
❌ Failed to initialize semantic search: Invalid argument(s): Failed to load dynamic library '/Users/nishantgupta/Documents/Development/flutter/bin/cache/artifacts/engine/resources/libtensorflowlite_c-mac.dylib': dlopen(/Users/nishantgupta/Documents/Development/flutter/bin/cache/artifacts/engine/resources/libtensorflowlite_c-mac.dylib, 0x0001): tried: '/Users/nishantgupta/Documents/Development/flutter/bin/cache/artifacts/engine/resources/libtensorflowlite_c-mac.dylib' (no such file), '/System/Volumes/Preboot/Cryptexes/OS/Users/nishantgupta/Documents/Development/flutter/bin/cache/artifacts/engine/resources/libtensorflowlite_c-mac.dylib' (no such file), '/Users/nishantgupta/Documents/Development/flutter/bin/cache/artifacts/engine/resources/libtensorflowlite_c-mac.dylib' (no such file)
ℹ️ App will continue with keyword-only search
⚠️ Semantic search not ready
00:19 +648 -17: /Users/nishantgupta/Documents/GitaGyan/OldWisdom/test/services/simple_auth_service_test.dart: SimpleAuthService Email Sign In should extract display name from email                   00:19 +648 -17: /Users/nishantgupta/Documents/GitaGyan/OldWisdom/test/services/semantic_search_service_test.dart: SemanticSearchService Search Functionality should handle search errors gracefully    
⚠️ Semantic search not ready
00:19 +648 -17: /Users/nishantgupta/Documents/GitaGyan/OldWisdom/test/services/simple_auth_service_test.dart: SimpleAuthService Email Sign In should extract display name from email                   
✅ Signed in with email: john.doe@example.com
00:19 +649 -17: /Users/nishantgupta/Documents/GitaGyan/OldWisdom/test/services/simple_auth_service_test.dart: SimpleAuthService Email Sign In should extract display name from email                   00:19 +649 -17: /Users/nishantgupta/Documents/GitaGyan/OldWisdom/test/services/simple_auth_service_test.dart: SimpleAuthService Email Sign In should extract display name from email                   
👋 Signed out
00:19 +650 -17: /Users/nishantgupta/Documents/GitaGyan/OldWisdom/test/screens/more_screen_test.dart: MoreScreen Widget Tests should toggle dark mode when switch is tapped                             00:19 +650 -17: /Users/nishantgupta/Documents/GitaGyan/OldWisdom/test/services/semantic_search_service_test.dart: SemanticSearchService Embedding Generation should handle text tokenization           
🧠 Initializing semantic search with TFLite...
⚠️ Failed to load TFLite model: Invalid argument(s): Failed to load dynamic library '/Users/nishantgupta/Documents/Development/flutter/bin/cache/artifacts/engine/resources/libtensorflowlite_c-mac.dylib': dlopen(/Users/nishantgupta/Documents/Development/flutter/bin/cache/artifacts/engine/resources/libtensorflowlite_c-mac.dylib, 0x0001): tried: '/Users/nishantgupta/Documents/Development/flutter/bin/cache/artifacts/engine/resources/libtensorflowlite_c-mac.dylib' (no such file), '/System/Volumes/Preboot/Cryptexes/OS/Users/nishantgupta/Documents/Development/flutter/bin/cache/artifacts/engine/resources/libtensorflowlite_c-mac.dylib' (no such file), '/Users/nishantgupta/Documents/Development/flutter/bin/cache/artifacts/engine/resources/libtensorflowlite_c-mac.dylib' (no such file)
ℹ️ Falling back to keyword-only search
00:19 +650 -17: /Users/nishantgupta/Documents/GitaGyan/OldWisdom/test/services/simple_auth_service_test.dart: SimpleAuthService Email Sign In should handle empty email                                
✅ SimpleAuthService initialized
00:19 +650 -17: /Users/nishantgupta/Documents/GitaGyan/OldWisdom/test/services/semantic_search_service_test.dart: SemanticSearchService Embedding Generation should handle text tokenization           
❌ Failed to initialize semantic search: Invalid argument(s): Failed to load dynamic library '/Users/nishantgupta/Documents/Development/flutter/bin/cache/artifacts/engine/resources/libtensorflowlite_c-mac.dylib': dlopen(/Users/nishantgupta/Documents/Development/flutter/bin/cache/artifacts/engine/resources/libtensorflowlite_c-mac.dylib, 0x0001): tried: '/Users/nishantgupta/Documents/Development/flutter/bin/cache/artifacts/engine/resources/libtensorflowlite_c-mac.dylib' (no such file), '/System/Volumes/Preboot/Cryptexes/OS/Users/nishantgupta/Documents/Development/flutter/bin/cache/artifacts/engine/resources/libtensorflowlite_c-mac.dylib' (no such file), '/Users/nishantgupta/Documents/Development/flutter/bin/cache/artifacts/engine/resources/libtensorflowlite_c-mac.dylib' (no such file)
ℹ️ App will continue with keyword-only search
⚠️ Semantic search not ready
00:19 +651 -17: /Users/nishantgupta/Documents/GitaGyan/OldWisdom/test/screens/more_screen_test.dart: MoreScreen Widget Tests should toggle dark mode when switch is tapped                             00:19 +651 -17: /Users/nishantgupta/Documents/GitaGyan/OldWisdom/test/services/semantic_search_service_test.dart: SemanticSearchService Embedding Generation should handle long text inputs            
🧠 Initializing semantic search with TFLite...
⚠️ Failed to load TFLite model: Invalid argument(s): Failed to load dynamic library '/Users/nishantgupta/Documents/Development/flutter/bin/cache/artifacts/engine/resources/libtensorflowlite_c-mac.dylib': dlopen(/Users/nishantgupta/Documents/Development/flutter/bin/cache/artifacts/engine/resources/libtensorflowlite_c-mac.dylib, 0x0001): tried: '/Users/nishantgupta/Documents/Development/flutter/bin/cache/artifacts/engine/resources/libtensorflowlite_c-mac.dylib' (no such file), '/System/Volumes/Preboot/Cryptexes/OS/Users/nishantgupta/Documents/Development/flutter/bin/cache/artifacts/engine/resources/libtensorflowlite_c-mac.dylib' (no such file), '/Users/nishantgupta/Documents/Development/flutter/bin/cache/artifacts/engine/resources/libtensorflowlite_c-mac.dylib' (no such file)
ℹ️ Falling back to keyword-only search
❌ Failed to initialize semantic search: Invalid argument(s): Failed to load dynamic library '/Users/nishantgupta/Documents/Development/flutter/bin/cache/artifacts/engine/resources/libtensorflowlite_c-mac.dylib': dlopen(/Users/nishantgupta/Documents/Development/flutter/bin/cache/artifacts/engine/resources/libtensorflowlite_c-mac.dylib, 0x0001): tried: '/Users/nishantgupta/Documents/Development/flutter/bin/cache/artifacts/engine/resources/libtensorflowlite_c-mac.dylib' (no such file), '/System/Volumes/Preboot/Cryptexes/OS/Users/nishantgupta/Documents/Development/flutter/bin/cache/artifacts/engine/resources/libtensorflowlite_c-mac.dylib' (no such file), '/Users/nishantgupta/Documents/Development/flutter/bin/cache/artifacts/engine/resources/libtensorflowlite_c-mac.dylib' (no such file)
ℹ️ App will continue with keyword-only search
⚠️ Semantic search not ready
00:19 +652 -17: /Users/nishantgupta/Documents/GitaGyan/OldWisdom/test/screens/more_screen_test.dart: MoreScreen Widget Tests should toggle dark mode when switch is tapped                             00:19 +652 -17: /Users/nishantgupta/Documents/GitaGyan/OldWisdom/test/services/semantic_search_service_test.dart: SemanticSearchService Embedding Generation should handle special characters in text  
🧠 Initializing semantic search with TFLite...
⚠️ Failed to load TFLite model: Invalid argument(s): Failed to load dynamic library '/Users/nishantgupta/Documents/Development/flutter/bin/cache/artifacts/engine/resources/libtensorflowlite_c-mac.dylib': dlopen(/Users/nishantgupta/Documents/Development/flutter/bin/cache/artifacts/engine/resources/libtensorflowlite_c-mac.dylib, 0x0001): tried: '/Users/nishantgupta/Documents/Development/flutter/bin/cache/artifacts/engine/resources/libtensorflowlite_c-mac.dylib' (no such file), '/System/Volumes/Preboot/Cryptexes/OS/Users/nishantgupta/Documents/Development/flutter/bin/cache/artifacts/engine/resources/libtensorflowlite_c-mac.dylib' (no such file), '/Users/nishantgupta/Documents/Development/flutter/bin/cache/artifacts/engine/resources/libtensorflowlite_c-mac.dylib' (no such file)
ℹ️ Falling back to keyword-only search
❌ Failed to initialize semantic search: Invalid argument(s): Failed to load dynamic library '/Users/nishantgupta/Documents/Development/flutter/bin/cache/artifacts/engine/resources/libtensorflowlite_c-mac.dylib': dlopen(/Users/nishantgupta/Documents/Development/flutter/bin/cache/artifacts/engine/resources/libtensorflowlite_c-mac.dylib, 0x0001): tried: '/Users/nishantgupta/Documents/Development/flutter/bin/cache/artifacts/engine/resources/libtensorflowlite_c-mac.dylib' (no such file), '/System/Volumes/Preboot/Cryptexes/OS/Users/nishantgupta/Documents/Development/flutter/bin/cache/artifacts/engine/resources/libtensorflowlite_c-mac.dylib' (no such file), '/Users/nishantgupta/Documents/Development/flutter/bin/cache/artifacts/engine/resources/libtensorflowlite_c-mac.dylib' (no such file)
ℹ️ App will continue with keyword-only search
⚠️ Semantic search not ready
00:19 +653 -17: /Users/nishantgupta/Documents/GitaGyan/OldWisdom/test/screens/more_screen_test.dart: MoreScreen Widget Tests should toggle dark mode when switch is tapped                             00:19 +653 -17: /Users/nishantgupta/Documents/GitaGyan/OldWisdom/test/services/semantic_search_service_test.dart: SemanticSearchService Embedding Generation should handle unicode characters          
🧠 Initializing semantic search with TFLite...
⚠️ Failed to load TFLite model: Invalid argument(s): Failed to load dynamic library '/Users/nishantgupta/Documents/Development/flutter/bin/cache/artifacts/engine/resources/libtensorflowlite_c-mac.dylib': dlopen(/Users/nishantgupta/Documents/Development/flutter/bin/cache/artifacts/engine/resources/libtensorflowlite_c-mac.dylib, 0x0001): tried: '/Users/nishantgupta/Documents/Development/flutter/bin/cache/artifacts/engine/resources/libtensorflowlite_c-mac.dylib' (no such file), '/System/Volumes/Preboot/Cryptexes/OS/Users/nishantgupta/Documents/Development/flutter/bin/cache/artifacts/engine/resources/libtensorflowlite_c-mac.dylib' (no such file), '/Users/nishantgupta/Documents/Development/flutter/bin/cache/artifacts/engine/resources/libtensorflowlite_c-mac.dylib' (no such file)
ℹ️ Falling back to keyword-only search
❌ Failed to initialize semantic search: Invalid argument(s): Failed to load dynamic library '/Users/nishantgupta/Documents/Development/flutter/bin/cache/artifacts/engine/resources/libtensorflowlite_c-mac.dylib': dlopen(/Users/nishantgupta/Documents/Development/flutter/bin/cache/artifacts/engine/resources/libtensorflowlite_c-mac.dylib, 0x0001): tried: '/Users/nishantgupta/Documents/Development/flutter/bin/cache/artifacts/engine/resources/libtensorflowlite_c-mac.dylib' (no such file), '/System/Volumes/Preboot/Cryptexes/OS/Users/nishantgupta/Documents/Development/flutter/bin/cache/artifacts/engine/resources/libtensorflowlite_c-mac.dylib' (no such file), '/Users/nishantgupta/Documents/Development/flutter/bin/cache/artifacts/engine/resources/libtensorflowlite_c-mac.dylib' (no such file)
ℹ️ App will continue with keyword-only search
⚠️ Semantic search not ready
00:19 +654 -17: /Users/nishantgupta/Documents/GitaGyan/OldWisdom/test/screens/more_screen_test.dart: MoreScreen Widget Tests should toggle dark mode when switch is tapped                             00:19 +654 -17: /Users/nishantgupta/Documents/GitaGyan/OldWisdom/test/services/semantic_search_service_test.dart: SemanticSearchService Cosine Similarity should calculate similarity between 0 and 1  
🧠 Initializing semantic search with TFLite...
⚠️ Failed to load TFLite model: Invalid argument(s): Failed to load dynamic library '/Users/nishantgupta/Documents/Development/flutter/bin/cache/artifacts/engine/resources/libtensorflowlite_c-mac.dylib': dlopen(/Users/nishantgupta/Documents/Development/flutter/bin/cache/artifacts/engine/resources/libtensorflowlite_c-mac.dylib, 0x0001): tried: '/Users/nishantgupta/Documents/Development/flutter/bin/cache/artifacts/engine/resources/libtensorflowlite_c-mac.dylib' (no such file), '/System/Volumes/Preboot/Cryptexes/OS/Users/nishantgupta/Documents/Development/flutter/bin/cache/artifacts/engine/resources/libtensorflowlite_c-mac.dylib' (no such file), '/Users/nishantgupta/Documents/Development/flutter/bin/cache/artifacts/engine/resources/libtensorflowlite_c-mac.dylib' (no such file)
ℹ️ Falling back to keyword-only search
❌ Failed to initialize semantic search: Invalid argument(s): Failed to load dynamic library '/Users/nishantgupta/Documents/Development/flutter/bin/cache/artifacts/engine/resources/libtensorflowlite_c-mac.dylib': dlopen(/Users/nishantgupta/Documents/Development/flutter/bin/cache/artifacts/engine/resources/libtensorflowlite_c-mac.dylib, 0x0001): tried: '/Users/nishantgupta/Documents/Development/flutter/bin/cache/artifacts/engine/resources/libtensorflowlite_c-mac.dylib' (no such file), '/System/Volumes/Preboot/Cryptexes/OS/Users/nishantgupta/Documents/Development/flutter/bin/cache/artifacts/engine/resources/libtensorflowlite_c-mac.dylib' (no such file), '/Users/nishantgupta/Documents/Development/flutter/bin/cache/artifacts/engine/resources/libtensorflowlite_c-mac.dylib' (no such file)
ℹ️ App will continue with keyword-only search
⚠️ Semantic search not ready
00:19 +655 -17: /Users/nishantgupta/Documents/GitaGyan/OldWisdom/test/screens/more_screen_test.dart: MoreScreen Widget Tests should toggle dark mode when switch is tapped                             00:19 +655 -17: /Users/nishantgupta/Documents/GitaGyan/OldWisdom/test/services/semantic_search_service_test.dart: SemanticSearchService Cosine Similarity should find semantically similar content     
🧠 Initializing semantic search with TFLite...
⚠️ Failed to load TFLite model: Invalid argument(s): Failed to load dynamic library '/Users/nishantgupta/Documents/Development/flutter/bin/cache/artifacts/engine/resources/libtensorflowlite_c-mac.dylib': dlopen(/Users/nishantgupta/Documents/Development/flutter/bin/cache/artifacts/engine/resources/libtensorflowlite_c-mac.dylib, 0x0001): tried: '/Users/nishantgupta/Documents/Development/flutter/bin/cache/artifacts/engine/resources/libtensorflowlite_c-mac.dylib' (no such file), '/System/Volumes/Preboot/Cryptexes/OS/Users/nishantgupta/Documents/Development/flutter/bin/cache/artifacts/engine/resources/libtensorflowlite_c-mac.dylib' (no such file), '/Users/nishantgupta/Documents/Development/flutter/bin/cache/artifacts/engine/resources/libtensorflowlite_c-mac.dylib' (no such file)
ℹ️ Falling back to keyword-only search
❌ Failed to initialize semantic search: Invalid argument(s): Failed to load dynamic library '/Users/nishantgupta/Documents/Development/flutter/bin/cache/artifacts/engine/resources/libtensorflowlite_c-mac.dylib': dlopen(/Users/nishantgupta/Documents/Development/flutter/bin/cache/artifacts/engine/resources/libtensorflowlite_c-mac.dylib, 0x0001): tried: '/Users/nishantgupta/Documents/Development/flutter/bin/cache/artifacts/engine/resources/libtensorflowlite_c-mac.dylib' (no such file), '/System/Volumes/Preboot/Cryptexes/OS/Users/nishantgupta/Documents/Development/flutter/bin/cache/artifacts/engine/resources/libtensorflowlite_c-mac.dylib' (no such file), '/Users/nishantgupta/Documents/Development/flutter/bin/cache/artifacts/engine/resources/libtensorflowlite_c-mac.dylib' (no such file)
ℹ️ App will continue with keyword-only search
⚠️ Semantic search not ready
00:19 +656 -17: /Users/nishantgupta/Documents/GitaGyan/OldWisdom/test/screens/more_screen_test.dart: MoreScreen Widget Tests should toggle dark mode when switch is tapped                             00:19 +656 -17: /Users/nishantgupta/Documents/GitaGyan/OldWisdom/test/services/semantic_search_service_test.dart: SemanticSearchService Cosine Similarity should rank exact matches higher             
🧠 Initializing semantic search with TFLite...
⚠️ Failed to load TFLite model: Invalid argument(s): Failed to load dynamic library '/Users/nishantgupta/Documents/Development/flutter/bin/cache/artifacts/engine/resources/libtensorflowlite_c-mac.dylib': dlopen(/Users/nishantgupta/Documents/Development/flutter/bin/cache/artifacts/engine/resources/libtensorflowlite_c-mac.dylib, 0x0001): tried: '/Users/nishantgupta/Documents/Development/flutter/bin/cache/artifacts/engine/resources/libtensorflowlite_c-mac.dylib' (no such file), '/System/Volumes/Preboot/Cryptexes/OS/Users/nishantgupta/Documents/Development/flutter/bin/cache/artifacts/engine/resources/libtensorflowlite_c-mac.dylib' (no such file), '/Users/nishantgupta/Documents/Development/flutter/bin/cache/artifacts/engine/resources/libtensorflowlite_c-mac.dylib' (no such file)
ℹ️ Falling back to keyword-only search
❌ Failed to initialize semantic search: Invalid argument(s): Failed to load dynamic library '/Users/nishantgupta/Documents/Development/flutter/bin/cache/artifacts/engine/resources/libtensorflowlite_c-mac.dylib': dlopen(/Users/nishantgupta/Documents/Development/flutter/bin/cache/artifacts/engine/resources/libtensorflowlite_c-mac.dylib, 0x0001): tried: '/Users/nishantgupta/Documents/Development/flutter/bin/cache/artifacts/engine/resources/libtensorflowlite_c-mac.dylib' (no such file), '/System/Volumes/Preboot/Cryptexes/OS/Users/nishantgupta/Documents/Development/flutter/bin/cache/artifacts/engine/resources/libtensorflowlite_c-mac.dylib' (no such file), '/Users/nishantgupta/Documents/Development/flutter/bin/cache/artifacts/engine/resources/libtensorflowlite_c-mac.dylib' (no such file)
ℹ️ App will continue with keyword-only search
⚠️ Semantic search not ready
⚠️ Semantic search not ready
00:19 +657 -17: /Users/nishantgupta/Documents/GitaGyan/OldWisdom/test/screens/more_screen_test.dart: MoreScreen Widget Tests should toggle dark mode when switch is tapped                             00:19 +657 -17: /Users/nishantgupta/Documents/GitaGyan/OldWisdom/test/services/semantic_search_service_test.dart: SemanticSearchService SemanticSearchResult Model should create result with scenario  
🧠 Initializing semantic search with TFLite...
⚠️ Failed to load TFLite model: Invalid argument(s): Failed to load dynamic library '/Users/nishantgupta/Documents/Development/flutter/bin/cache/artifacts/engine/resources/libtensorflowlite_c-mac.dylib': dlopen(/Users/nishantgupta/Documents/Development/flutter/bin/cache/artifacts/engine/resources/libtensorflowlite_c-mac.dylib, 0x0001): tried: '/Users/nishantgupta/Documents/Development/flutter/bin/cache/artifacts/engine/resources/libtensorflowlite_c-mac.dylib' (no such file), '/System/Volumes/Preboot/Cryptexes/OS/Users/nishantgupta/Documents/Development/flutter/bin/cache/artifacts/engine/resources/libtensorflowlite_c-mac.dylib' (no such file), '/Users/nishantgupta/Documents/Development/flutter/bin/cache/artifacts/engine/resources/libtensorflowlite_c-mac.dylib' (no such file)
ℹ️ Falling back to keyword-only search
❌ Failed to initialize semantic search: Invalid argument(s): Failed to load dynamic library '/Users/nishantgupta/Documents/Development/flutter/bin/cache/artifacts/engine/resources/libtensorflowlite_c-mac.dylib': dlopen(/Users/nishantgupta/Documents/Development/flutter/bin/cache/artifacts/engine/resources/libtensorflowlite_c-mac.dylib, 0x0001): tried: '/Users/nishantgupta/Documents/Development/flutter/bin/cache/artifacts/engine/resources/libtensorflowlite_c-mac.dylib' (no such file), '/System/Volumes/Preboot/Cryptexes/OS/Users/nishantgupta/Documents/Development/flutter/bin/cache/artifacts/engine/resources/libtensorflowlite_c-mac.dylib' (no such file), '/Users/nishantgupta/Documents/Development/flutter/bin/cache/artifacts/engine/resources/libtensorflowlite_c-mac.dylib' (no such file)
ℹ️ App will continue with keyword-only search
⚠️ Semantic search not ready
00:19 +658 -17: /Users/nishantgupta/Documents/GitaGyan/OldWisdom/test/screens/more_screen_test.dart: MoreScreen Widget Tests should toggle dark mode when switch is tapped                             00:19 +658 -17: /Users/nishantgupta/Documents/GitaGyan/OldWisdom/test/services/semantic_search_service_test.dart: SemanticSearchService SemanticSearchResult Model should include similarity score     
🧠 Initializing semantic search with TFLite...
⚠️ Failed to load TFLite model: Invalid argument(s): Failed to load dynamic library '/Users/nishantgupta/Documents/Development/flutter/bin/cache/artifacts/engine/resources/libtensorflowlite_c-mac.dylib': dlopen(/Users/nishantgupta/Documents/Development/flutter/bin/cache/artifacts/engine/resources/libtensorflowlite_c-mac.dylib, 0x0001): tried: '/Users/nishantgupta/Documents/Development/flutter/bin/cache/artifacts/engine/resources/libtensorflowlite_c-mac.dylib' (no such file), '/System/Volumes/Preboot/Cryptexes/OS/Users/nishantgupta/Documents/Development/flutter/bin/cache/artifacts/engine/resources/libtensorflowlite_c-mac.dylib' (no such file), '/Users/nishantgupta/Documents/Development/flutter/bin/cache/artifacts/engine/resources/libtensorflowlite_c-mac.dylib' (no such file)
ℹ️ Falling back to keyword-only search
❌ Failed to initialize semantic search: Invalid argument(s): Failed to load dynamic library '/Users/nishantgupta/Documents/Development/flutter/bin/cache/artifacts/engine/resources/libtensorflowlite_c-mac.dylib': dlopen(/Users/nishantgupta/Documents/Development/flutter/bin/cache/artifacts/engine/resources/libtensorflowlite_c-mac.dylib, 0x0001): tried: '/Users/nishantgupta/Documents/Development/flutter/bin/cache/artifacts/engine/resources/libtensorflowlite_c-mac.dylib' (no such file), '/System/Volumes/Preboot/Cryptexes/OS/Users/nishantgupta/Documents/Development/flutter/bin/cache/artifacts/engine/resources/libtensorflowlite_c-mac.dylib' (no such file), '/Users/nishantgupta/Documents/Development/flutter/bin/cache/artifacts/engine/resources/libtensorflowlite_c-mac.dylib' (no such file)
ℹ️ App will continue with keyword-only search
⚠️ Semantic search not ready
00:19 +659 -17: /Users/nishantgupta/Documents/GitaGyan/OldWisdom/test/screens/more_screen_test.dart: MoreScreen Widget Tests should toggle dark mode when switch is tapped                             00:19 +659 -17: /Users/nishantgupta/Documents/GitaGyan/OldWisdom/test/services/semantic_search_service_test.dart: SemanticSearchService Edge Cases should handle very short query                      
⚠️ Semantic search not ready
00:19 +660 -17: /Users/nishantgupta/Documents/GitaGyan/OldWisdom/test/screens/more_screen_test.dart: MoreScreen Widget Tests should toggle dark mode when switch is tapped                             00:19 +660 -17: /Users/nishantgupta/Documents/GitaGyan/OldWisdom/test/services/semantic_search_service_test.dart: SemanticSearchService Edge Cases should handle numeric query                         
⚠️ Semantic search not ready
00:19 +661 -17: /Users/nishantgupta/Documents/GitaGyan/OldWisdom/test/screens/more_screen_test.dart: MoreScreen Widget Tests should toggle dark mode when switch is tapped                             00:19 +661 -17: /Users/nishantgupta/Documents/GitaGyan/OldWisdom/test/services/semantic_search_service_test.dart: SemanticSearchService Edge Cases should handle query with only punctuation           
⚠️ Semantic search not ready
00:19 +662 -17: /Users/nishantgupta/Documents/GitaGyan/OldWisdom/test/screens/more_screen_test.dart: MoreScreen Widget Tests should toggle dark mode when switch is tapped                             00:19 +662 -17: /Users/nishantgupta/Documents/GitaGyan/OldWisdom/test/services/semantic_search_service_test.dart: SemanticSearchService Edge Cases should handle empty string query                    
⚠️ Semantic search not ready
00:19 +663 -17: /Users/nishantgupta/Documents/GitaGyan/OldWisdom/test/screens/more_screen_test.dart: MoreScreen Widget Tests should toggle dark mode when switch is tapped                             00:19 +663 -17: /Users/nishantgupta/Documents/GitaGyan/OldWisdom/test/services/semantic_search_service_test.dart: SemanticSearchService Edge Cases should handle whitespace query                      
⚠️ Semantic search not ready
00:19 +664 -17: /Users/nishantgupta/Documents/GitaGyan/OldWisdom/test/screens/more_screen_test.dart: MoreScreen Widget Tests should toggle dark mode when switch is tapped                             00:19 +664 -17: /Users/nishantgupta/Documents/GitaGyan/OldWisdom/test/services/semantic_search_service_test.dart: SemanticSearchService Edge Cases should handle very long query                       
⚠️ Semantic search not ready
00:19 +665 -17: /Users/nishantgupta/Documents/GitaGyan/OldWisdom/test/screens/more_screen_test.dart: MoreScreen Widget Tests should toggle dark mode when switch is tapped                             00:19 +665 -17: /Users/nishantgupta/Documents/GitaGyan/OldWisdom/test/services/semantic_search_service_test.dart: SemanticSearchService Performance should initialize efficiently                      
🧠 Initializing semantic search with TFLite...
⚠️ Failed to load TFLite model: Invalid argument(s): Failed to load dynamic library '/Users/nishantgupta/Documents/Development/flutter/bin/cache/artifacts/engine/resources/libtensorflowlite_c-mac.dylib': dlopen(/Users/nishantgupta/Documents/Development/flutter/bin/cache/artifacts/engine/resources/libtensorflowlite_c-mac.dylib, 0x0001): tried: '/Users/nishantgupta/Documents/Development/flutter/bin/cache/artifacts/engine/resources/libtensorflowlite_c-mac.dylib' (no such file), '/System/Volumes/Preboot/Cryptexes/OS/Users/nishantgupta/Documents/Development/flutter/bin/cache/artifacts/engine/resources/libtensorflowlite_c-mac.dylib' (no such file), '/Users/nishantgupta/Documents/Development/flutter/bin/cache/artifacts/engine/resources/libtensorflowlite_c-mac.dylib' (no such file)
ℹ️ Falling back to keyword-only search
❌ Failed to initialize semantic search: Invalid argument(s): Failed to load dynamic library '/Users/nishantgupta/Documents/Development/flutter/bin/cache/artifacts/engine/resources/libtensorflowlite_c-mac.dylib': dlopen(/Users/nishantgupta/Documents/Development/flutter/bin/cache/artifacts/engine/resources/libtensorflowlite_c-mac.dylib, 0x0001): tried: '/Users/nishantgupta/Documents/Development/flutter/bin/cache/artifacts/engine/resources/libtensorflowlite_c-mac.dylib' (no such file), '/System/Volumes/Preboot/Cryptexes/OS/Users/nishantgupta/Documents/Development/flutter/bin/cache/artifacts/engine/resources/libtensorflowlite_c-mac.dylib' (no such file), '/Users/nishantgupta/Documents/Development/flutter/bin/cache/artifacts/engine/resources/libtensorflowlite_c-mac.dylib' (no such file)
ℹ️ App will continue with keyword-only search
00:19 +666 -17: /Users/nishantgupta/Documents/GitaGyan/OldWisdom/test/screens/more_screen_test.dart: MoreScreen Widget Tests should toggle dark mode when switch is tapped                             00:19 +666 -17: /Users/nishantgupta/Documents/GitaGyan/OldWisdom/test/services/semantic_search_service_test.dart: SemanticSearchService Performance should search efficiently                          
🧠 Initializing semantic search with TFLite...
⚠️ Failed to load TFLite model: Invalid argument(s): Failed to load dynamic library '/Users/nishantgupta/Documents/Development/flutter/bin/cache/artifacts/engine/resources/libtensorflowlite_c-mac.dylib': dlopen(/Users/nishantgupta/Documents/Development/flutter/bin/cache/artifacts/engine/resources/libtensorflowlite_c-mac.dylib, 0x0001): tried: '/Users/nishantgupta/Documents/Development/flutter/bin/cache/artifacts/engine/resources/libtensorflowlite_c-mac.dylib' (no such file), '/System/Volumes/Preboot/Cryptexes/OS/Users/nishantgupta/Documents/Development/flutter/bin/cache/artifacts/engine/resources/libtensorflowlite_c-mac.dylib' (no such file), '/Users/nishantgupta/Documents/Development/flutter/bin/cache/artifacts/engine/resources/libtensorflowlite_c-mac.dylib' (no such file)
ℹ️ Falling back to keyword-only search
❌ Failed to initialize semantic search: Invalid argument(s): Failed to load dynamic library '/Users/nishantgupta/Documents/Development/flutter/bin/cache/artifacts/engine/resources/libtensorflowlite_c-mac.dylib': dlopen(/Users/nishantgupta/Documents/Development/flutter/bin/cache/artifacts/engine/resources/libtensorflowlite_c-mac.dylib, 0x0001): tried: '/Users/nishantgupta/Documents/Development/flutter/bin/cache/artifacts/engine/resources/libtensorflowlite_c-mac.dylib' (no such file), '/System/Volumes/Preboot/Cryptexes/OS/Users/nishantgupta/Documents/Development/flutter/bin/cache/artifacts/engine/resources/libtensorflowlite_c-mac.dylib' (no such file), '/Users/nishantgupta/Documents/Development/flutter/bin/cache/artifacts/engine/resources/libtensorflowlite_c-mac.dylib' (no such file)
ℹ️ App will continue with keyword-only search
⚠️ Semantic search not ready
00:19 +667 -17: /Users/nishantgupta/Documents/GitaGyan/OldWisdom/test/screens/more_screen_test.dart: MoreScreen Widget Tests should toggle dark mode when switch is tapped                             00:19 +668 -17: /Users/nishantgupta/Documents/GitaGyan/OldWisdom/test/screens/more_screen_test.dart: MoreScreen Widget Tests should toggle dark mode when switch is tapped                             00:19 +669 -17: /Users/nishantgupta/Documents/GitaGyan/OldWisdom/test/screens/more_screen_test.dart: MoreScreen Widget Tests should toggle dark mode when switch is tapped                             00:19 +670 -17: /Users/nishantgupta/Documents/GitaGyan/OldWisdom/test/screens/more_screen_test.dart: MoreScreen Widget Tests should toggle dark mode when switch is tapped                             00:19 +670 -17: /Users/nishantgupta/Documents/GitaGyan/OldWisdom/test/services/semantic_search_service_test.dart: SemanticSearchService Dispose should allow re-initialization after dispose           
🧠 Initializing semantic search with TFLite...
⚠️ Failed to load TFLite model: Invalid argument(s): Failed to load dynamic library '/Users/nishantgupta/Documents/Development/flutter/bin/cache/artifacts/engine/resources/libtensorflowlite_c-mac.dylib': dlopen(/Users/nishantgupta/Documents/Development/flutter/bin/cache/artifacts/engine/resources/libtensorflowlite_c-mac.dylib, 0x0001): tried: '/Users/nishantgupta/Documents/Development/flutter/bin/cache/artifacts/engine/resources/libtensorflowlite_c-mac.dylib' (no such file), '/System/Volumes/Preboot/Cryptexes/OS/Users/nishantgupta/Documents/Development/flutter/bin/cache/artifacts/engine/resources/libtensorflowlite_c-mac.dylib' (no such file), '/Users/nishantgupta/Documents/Development/flutter/bin/cache/artifacts/engine/resources/libtensorflowlite_c-mac.dylib' (no such file)
ℹ️ Falling back to keyword-only search
❌ Failed to initialize semantic search: Invalid argument(s): Failed to load dynamic library '/Users/nishantgupta/Documents/Development/flutter/bin/cache/artifacts/engine/resources/libtensorflowlite_c-mac.dylib': dlopen(/Users/nishantgupta/Documents/Development/flutter/bin/cache/artifacts/engine/resources/libtensorflowlite_c-mac.dylib, 0x0001): tried: '/Users/nishantgupta/Documents/Development/flutter/bin/cache/artifacts/engine/resources/libtensorflowlite_c-mac.dylib' (no such file), '/System/Volumes/Preboot/Cryptexes/OS/Users/nishantgupta/Documents/Development/flutter/bin/cache/artifacts/engine/resources/libtensorflowlite_c-mac.dylib' (no such file), '/Users/nishantgupta/Documents/Development/flutter/bin/cache/artifacts/engine/resources/libtensorflowlite_c-mac.dylib' (no such file)
ℹ️ App will continue with keyword-only search
00:19 +671 -17: /Users/nishantgupta/Documents/GitaGyan/OldWisdom/test/screens/more_screen_test.dart: MoreScreen Widget Tests should toggle dark mode when switch is tapped                             00:19 +671 -17: /Users/nishantgupta/Documents/GitaGyan/OldWisdom/test/services/semantic_search_service_test.dart: SemanticSearchService TFLite Model Handling should handle missing model file gracefully
🧠 Initializing semantic search with TFLite...
⚠️ Failed to load TFLite model: Invalid argument(s): Failed to load dynamic library '/Users/nishantgupta/Documents/Development/flutter/bin/cache/artifacts/engine/resources/libtensorflowlite_c-mac.dylib': dlopen(/Users/nishantgupta/Documents/Development/flutter/bin/cache/artifacts/engine/resources/libtensorflowlite_c-mac.dylib, 0x0001): tried: '/Users/nishantgupta/Documents/Development/flutter/bin/cache/artifacts/engine/resources/libtensorflowlite_c-mac.dylib' (no such file), '/System/Volumes/Preboot/Cryptexes/OS/Users/nishantgupta/Documents/Development/flutter/bin/cache/artifacts/engine/resources/libtensorflowlite_c-mac.dylib' (no such file), '/Users/nishantgupta/Documents/Development/flutter/bin/cache/artifacts/engine/resources/libtensorflowlite_c-mac.dylib' (no such file)
ℹ️ Falling back to keyword-only search
❌ Failed to initialize semantic search: Invalid argument(s): Failed to load dynamic library '/Users/nishantgupta/Documents/Development/flutter/bin/cache/artifacts/engine/resources/libtensorflowlite_c-mac.dylib': dlopen(/Users/nishantgupta/Documents/Development/flutter/bin/cache/artifacts/engine/resources/libtensorflowlite_c-mac.dylib, 0x0001): tried: '/Users/nishantgupta/Documents/Development/flutter/bin/cache/artifacts/engine/resources/libtensorflowlite_c-mac.dylib' (no such file), '/System/Volumes/Preboot/Cryptexes/OS/Users/nishantgupta/Documents/Development/flutter/bin/cache/artifacts/engine/resources/libtensorflowlite_c-mac.dylib' (no such file), '/Users/nishantgupta/Documents/Development/flutter/bin/cache/artifacts/engine/resources/libtensorflowlite_c-mac.dylib' (no such file)
ℹ️ App will continue with keyword-only search
00:19 +672 -17: /Users/nishantgupta/Documents/GitaGyan/OldWisdom/test/screens/more_screen_test.dart: MoreScreen Widget Tests should toggle dark mode when switch is tapped                             00:19 +672 -17: /Users/nishantgupta/Documents/GitaGyan/OldWisdom/test/services/semantic_search_service_test.dart: SemanticSearchService TFLite Model Handling should continue app functionality without model
🧠 Initializing semantic search with TFLite...
⚠️ Failed to load TFLite model: Invalid argument(s): Failed to load dynamic library '/Users/nishantgupta/Documents/Development/flutter/bin/cache/artifacts/engine/resources/libtensorflowlite_c-mac.dylib': dlopen(/Users/nishantgupta/Documents/Development/flutter/bin/cache/artifacts/engine/resources/libtensorflowlite_c-mac.dylib, 0x0001): tried: '/Users/nishantgupta/Documents/Development/flutter/bin/cache/artifacts/engine/resources/libtensorflowlite_c-mac.dylib' (no such file), '/System/Volumes/Preboot/Cryptexes/OS/Users/nishantgupta/Documents/Development/flutter/bin/cache/artifacts/engine/resources/libtensorflowlite_c-mac.dylib' (no such file), '/Users/nishantgupta/Documents/Development/flutter/bin/cache/artifacts/engine/resources/libtensorflowlite_c-mac.dylib' (no such file)
ℹ️ Falling back to keyword-only search
❌ Failed to initialize semantic search: Invalid argument(s): Failed to load dynamic library '/Users/nishantgupta/Documents/Development/flutter/bin/cache/artifacts/engine/resources/libtensorflowlite_c-mac.dylib': dlopen(/Users/nishantgupta/Documents/Development/flutter/bin/cache/artifacts/engine/resources/libtensorflowlite_c-mac.dylib, 0x0001): tried: '/Users/nishantgupta/Documents/Development/flutter/bin/cache/artifacts/engine/resources/libtensorflowlite_c-mac.dylib' (no such file), '/System/Volumes/Preboot/Cryptexes/OS/Users/nishantgupta/Documents/Development/flutter/bin/cache/artifacts/engine/resources/libtensorflowlite_c-mac.dylib' (no such file), '/Users/nishantgupta/Documents/Development/flutter/bin/cache/artifacts/engine/resources/libtensorflowlite_c-mac.dylib' (no such file)
ℹ️ App will continue with keyword-only search
⚠️ Semantic search not ready
00:19 +673 -17: /Users/nishantgupta/Documents/GitaGyan/OldWisdom/test/screens/more_screen_test.dart: MoreScreen Widget Tests should toggle dark mode when switch is tapped                             00:19 +673 -17: /Users/nishantgupta/Documents/GitaGyan/OldWisdom/test/services/semantic_search_service_test.dart: SemanticSearchService TFLite Model Handling should log appropriate messages on model failure
🧠 Initializing semantic search with TFLite...
⚠️ Failed to load TFLite model: Invalid argument(s): Failed to load dynamic library '/Users/nishantgupta/Documents/Development/flutter/bin/cache/artifacts/engine/resources/libtensorflowlite_c-mac.dylib': dlopen(/Users/nishantgupta/Documents/Development/flutter/bin/cache/artifacts/engine/resources/libtensorflowlite_c-mac.dylib, 0x0001): tried: '/Users/nishantgupta/Documents/Development/flutter/bin/cache/artifacts/engine/resources/libtensorflowlite_c-mac.dylib' (no such file), '/System/Volumes/Preboot/Cryptexes/OS/Users/nishantgupta/Documents/Development/flutter/bin/cache/artifacts/engine/resources/libtensorflowlite_c-mac.dylib' (no such file), '/Users/nishantgupta/Documents/Development/flutter/bin/cache/artifacts/engine/resources/libtensorflowlite_c-mac.dylib' (no such file)
ℹ️ Falling back to keyword-only search
❌ Failed to initialize semantic search: Invalid argument(s): Failed to load dynamic library '/Users/nishantgupta/Documents/Development/flutter/bin/cache/artifacts/engine/resources/libtensorflowlite_c-mac.dylib': dlopen(/Users/nishantgupta/Documents/Development/flutter/bin/cache/artifacts/engine/resources/libtensorflowlite_c-mac.dylib, 0x0001): tried: '/Users/nishantgupta/Documents/Development/flutter/bin/cache/artifacts/engine/resources/libtensorflowlite_c-mac.dylib' (no such file), '/System/Volumes/Preboot/Cryptexes/OS/Users/nishantgupta/Documents/Development/flutter/bin/cache/artifacts/engine/resources/libtensorflowlite_c-mac.dylib' (no such file), '/Users/nishantgupta/Documents/Development/flutter/bin/cache/artifacts/engine/resources/libtensorflowlite_c-mac.dylib' (no such file)
ℹ️ App will continue with keyword-only search
00:19 +674 -17: /Users/nishantgupta/Documents/GitaGyan/OldWisdom/test/screens/more_screen_test.dart: MoreScreen Widget Tests should toggle dark mode when switch is tapped                             00:19 +674 -17: /Users/nishantgupta/Documents/GitaGyan/OldWisdom/test/services/semantic_search_service_test.dart: SemanticSearchService State Management should maintain state across searches         
🧠 Initializing semantic search with TFLite...
⚠️ Failed to load TFLite model: Invalid argument(s): Failed to load dynamic library '/Users/nishantgupta/Documents/Development/flutter/bin/cache/artifacts/engine/resources/libtensorflowlite_c-mac.dylib': dlopen(/Users/nishantgupta/Documents/Development/flutter/bin/cache/artifacts/engine/resources/libtensorflowlite_c-mac.dylib, 0x0001): tried: '/Users/nishantgupta/Documents/Development/flutter/bin/cache/artifacts/engine/resources/libtensorflowlite_c-mac.dylib' (no such file), '/System/Volumes/Preboot/Cryptexes/OS/Users/nishantgupta/Documents/Development/flutter/bin/cache/artifacts/engine/resources/libtensorflowlite_c-mac.dylib' (no such file), '/Users/nishantgupta/Documents/Development/flutter/bin/cache/artifacts/engine/resources/libtensorflowlite_c-mac.dylib' (no such file)
ℹ️ Falling back to keyword-only search
❌ Failed to initialize semantic search: Invalid argument(s): Failed to load dynamic library '/Users/nishantgupta/Documents/Development/flutter/bin/cache/artifacts/engine/resources/libtensorflowlite_c-mac.dylib': dlopen(/Users/nishantgupta/Documents/Development/flutter/bin/cache/artifacts/engine/resources/libtensorflowlite_c-mac.dylib, 0x0001): tried: '/Users/nishantgupta/Documents/Development/flutter/bin/cache/artifacts/engine/resources/libtensorflowlite_c-mac.dylib' (no such file), '/System/Volumes/Preboot/Cryptexes/OS/Users/nishantgupta/Documents/Development/flutter/bin/cache/artifacts/engine/resources/libtensorflowlite_c-mac.dylib' (no such file), '/Users/nishantgupta/Documents/Development/flutter/bin/cache/artifacts/engine/resources/libtensorflowlite_c-mac.dylib' (no such file)
ℹ️ App will continue with keyword-only search
⚠️ Semantic search not ready
⚠️ Semantic search not ready
⚠️ Semantic search not ready
00:19 +675 -17: /Users/nishantgupta/Documents/GitaGyan/OldWisdom/test/screens/more_screen_test.dart: MoreScreen Widget Tests should toggle dark mode when switch is tapped                             00:19 +675 -17: /Users/nishantgupta/Documents/GitaGyan/OldWisdom/test/services/semantic_search_service_test.dart: SemanticSearchService State Management should handle concurrent searches             
🧠 Initializing semantic search with TFLite...
⚠️ Failed to load TFLite model: Invalid argument(s): Failed to load dynamic library '/Users/nishantgupta/Documents/Development/flutter/bin/cache/artifacts/engine/resources/libtensorflowlite_c-mac.dylib': dlopen(/Users/nishantgupta/Documents/Development/flutter/bin/cache/artifacts/engine/resources/libtensorflowlite_c-mac.dylib, 0x0001): tried: '/Users/nishantgupta/Documents/Development/flutter/bin/cache/artifacts/engine/resources/libtensorflowlite_c-mac.dylib' (no such file), '/System/Volumes/Preboot/Cryptexes/OS/Users/nishantgupta/Documents/Development/flutter/bin/cache/artifacts/engine/resources/libtensorflowlite_c-mac.dylib' (no such file), '/Users/nishantgupta/Documents/Development/flutter/bin/cache/artifacts/engine/resources/libtensorflowlite_c-mac.dylib' (no such file)
ℹ️ Falling back to keyword-only search
❌ Failed to initialize semantic search: Invalid argument(s): Failed to load dynamic library '/Users/nishantgupta/Documents/Development/flutter/bin/cache/artifacts/engine/resources/libtensorflowlite_c-mac.dylib': dlopen(/Users/nishantgupta/Documents/Development/flutter/bin/cache/artifacts/engine/resources/libtensorflowlite_c-mac.dylib, 0x0001): tried: '/Users/nishantgupta/Documents/Development/flutter/bin/cache/artifacts/engine/resources/libtensorflowlite_c-mac.dylib' (no such file), '/System/Volumes/Preboot/Cryptexes/OS/Users/nishantgupta/Documents/Development/flutter/bin/cache/artifacts/engine/resources/libtensorflowlite_c-mac.dylib' (no such file), '/Users/nishantgupta/Documents/Development/flutter/bin/cache/artifacts/engine/resources/libtensorflowlite_c-mac.dylib' (no such file)
ℹ️ App will continue with keyword-only search
⚠️ Semantic search not ready
⚠️ Semantic search not ready
⚠️ Semantic search not ready
00:19 +676 -17: /Users/nishantgupta/Documents/GitaGyan/OldWisdom/test/screens/more_screen_test.dart: MoreScreen Widget Tests should toggle dark mode when switch is tapped                             00:20 +676 -17: /Users/nishantgupta/Documents/GitaGyan/OldWisdom/test/screens/more_screen_test.dart: MoreScreen Widget Tests should toggle dark mode when switch is tapped                             00:20 +677 -17: /Users/nishantgupta/Documents/GitaGyan/OldWisdom/test/screens/more_screen_test.dart: MoreScreen Widget Tests should toggle dark mode when switch is tapped                             00:20 +678 -17: /Users/nishantgupta/Documents/GitaGyan/OldWisdom/test/screens/more_screen_test.dart: MoreScreen Widget Tests should toggle dark mode when switch is tapped                             00:20 +679 -17: /Users/nishantgupta/Documents/GitaGyan/OldWisdom/test/screens/more_screen_test.dart: MoreScreen Widget Tests should toggle dark mode when switch is tapped                             00:20 +680 -17: /Users/nishantgupta/Documents/GitaGyan/OldWisdom/test/screens/more_screen_test.dart: MoreScreen Widget Tests should toggle dark mode when switch is tapped                             00:20 +681 -17: /Users/nishantgupta/Documents/GitaGyan/OldWisdom/test/screens/more_screen_test.dart: MoreScreen Widget Tests should toggle dark mode when switch is tapped                             00:20 +682 -17: /Users/nishantgupta/Documents/GitaGyan/OldWisdom/test/screens/more_screen_test.dart: MoreScreen Widget Tests should toggle dark mode when switch is tapped                             00:20 +683 -17: /Users/nishantgupta/Documents/GitaGyan/OldWisdom/test/screens/more_screen_test.dart: MoreScreen Widget Tests should toggle dark mode when switch is tapped                             00:20 +684 -17: /Users/nishantgupta/Documents/GitaGyan/OldWisdom/test/screens/more_screen_test.dart: MoreScreen Widget Tests should toggle dark mode when switch is tapped                             00:20 +685 -17: /Users/nishantgupta/Documents/GitaGyan/OldWisdom/test/screens/more_screen_test.dart: MoreScreen Widget Tests should toggle dark mode when switch is tapped                             00:20 +686 -17: /Users/nishantgupta/Documents/GitaGyan/OldWisdom/test/screens/more_screen_test.dart: MoreScreen Widget Tests should toggle dark mode when switch is tapped                             00:20 +687 -17: /Users/nishantgupta/Documents/GitaGyan/OldWisdom/test/screens/more_screen_test.dart: MoreScreen Widget Tests should toggle dark mode when switch is tapped                             00:20 +688 -17: /Users/nishantgupta/Documents/GitaGyan/OldWisdom/test/screens/more_screen_test.dart: MoreScreen Widget Tests should toggle dark mode when switch is tapped                             00:20 +689 -17: /Users/nishantgupta/Documents/GitaGyan/OldWisdom/test/screens/more_screen_test.dart: MoreScreen Widget Tests should toggle dark mode when switch is tapped                             00:20 +690 -17: /Users/nishantgupta/Documents/GitaGyan/OldWisdom/test/screens/more_screen_test.dart: MoreScreen Widget Tests should toggle dark mode when switch is tapped                             00:20 +691 -17: /Users/nishantgupta/Documents/GitaGyan/OldWisdom/test/screens/more_screen_test.dart: MoreScreen Widget Tests should toggle dark mode when switch is tapped                             00:20 +692 -17: /Users/nishantgupta/Documents/GitaGyan/OldWisdom/test/screens/more_screen_test.dart: MoreScreen Widget Tests should toggle dark mode when switch is tapped                             00:20 +693 -17: /Users/nishantgupta/Documents/GitaGyan/OldWisdom/test/screens/more_screen_test.dart: MoreScreen Widget Tests should toggle dark mode when switch is tapped                             00:20 +694 -17: /Users/nishantgupta/Documents/GitaGyan/OldWisdom/test/screens/more_screen_test.dart: MoreScreen Widget Tests should toggle dark mode when switch is tapped                             00:20 +695 -17: /Users/nishantgupta/Documents/GitaGyan/OldWisdom/test/screens/more_screen_test.dart: MoreScreen Widget Tests should toggle dark mode when switch is tapped                             00:20 +696 -17: /Users/nishantgupta/Documents/GitaGyan/OldWisdom/test/screens/more_screen_test.dart: MoreScreen Widget Tests should toggle dark mode when switch is tapped                             00:20 +696 -17: /Users/nishantgupta/Documents/GitaGyan/OldWisdom/test/services/intelligent_caching_service_test.dart: IntelligentCachingService Critical Scenarios should wait for critical scenarios without error
❌ Error fetching paginated scenarios for en: PostgrestException(message: , code: 400, details: , hint: null)
🔧 Using fallback method for scenarios (limit: 50, offset: 0)
❌ Fallback scenarios fetch failed: PostgrestException(message: , code: 400, details: , hint: null)
00:20 +697 -17: /Users/nishantgupta/Documents/GitaGyan/OldWisdom/test/screens/more_screen_test.dart: MoreScreen Widget Tests should toggle dark mode when switch is tapped                             00:20 +698 -17: /Users/nishantgupta/Documents/GitaGyan/OldWisdom/test/screens/more_screen_test.dart: MoreScreen Widget Tests should toggle dark mode when switch is tapped                             00:20 +699 -17: /Users/nishantgupta/Documents/GitaGyan/OldWisdom/test/screens/more_screen_test.dart: MoreScreen Widget Tests should toggle dark mode when switch is tapped                             00:20 +700 -17: /Users/nishantgupta/Documents/GitaGyan/OldWisdom/test/screens/more_screen_test.dart: MoreScreen Widget Tests should toggle dark mode when switch is tapped                             00:20 +701 -17: /Users/nishantgupta/Documents/GitaGyan/OldWisdom/test/screens/more_screen_test.dart: MoreScreen Widget Tests should toggle dark mode when switch is tapped                             00:20 +702 -17: /Users/nishantgupta/Documents/GitaGyan/OldWisdom/test/screens/more_screen_test.dart: MoreScreen Widget Tests should toggle dark mode when switch is tapped                             00:20 +702 -17: /Users/nishantgupta/Documents/GitaGyan/OldWisdom/test/services/simple_auth_service_test.dart: SimpleAuthService Email Sign In should handle empty email                                
✅ Signed in with email: 
👋 Signed out
00:20 +703 -17: /Users/nishantgupta/Documents/GitaGyan/OldWisdom/test/screens/more_screen_test.dart: MoreScreen Widget Tests should toggle dark mode when switch is tapped                             00:20 +704 -17: /Users/nishantgupta/Documents/GitaGyan/OldWisdom/test/screens/more_screen_test.dart: MoreScreen Widget Tests should toggle dark mode when switch is tapped                             00:20 +704 -17: /Users/nishantgupta/Documents/GitaGyan/OldWisdom/test/services/simple_auth_service_test.dart: SimpleAuthService Email Sign In should notify listeners on email sign in                 
✅ SimpleAuthService initialized
00:20 +705 -17: /Users/nishantgupta/Documents/GitaGyan/OldWisdom/test/screens/more_screen_test.dart: MoreScreen Widget Tests should toggle dark mode when switch is tapped                             00:20 +706 -17: /Users/nishantgupta/Documents/GitaGyan/OldWisdom/test/screens/more_screen_test.dart: MoreScreen Widget Tests should toggle dark mode when switch is tapped                             00:20 +707 -17: /Users/nishantgupta/Documents/GitaGyan/OldWisdom/test/screens/more_screen_test.dart: MoreScreen Widget Tests should toggle dark mode when switch is tapped                             00:20 +708 -17: /Users/nishantgupta/Documents/GitaGyan/OldWisdom/test/screens/more_screen_test.dart: MoreScreen Widget Tests should toggle dark mode when switch is tapped                             00:20 +709 -17: /Users/nishantgupta/Documents/GitaGyan/OldWisdom/test/screens/more_screen_test.dart: MoreScreen Widget Tests should toggle dark mode when switch is tapped                             00:20 +710 -17: /Users/nishantgupta/Documents/GitaGyan/OldWisdom/test/screens/more_screen_test.dart: MoreScreen Widget Tests should toggle dark mode when switch is tapped                             00:20 +711 -17: /Users/nishantgupta/Documents/GitaGyan/OldWisdom/test/screens/more_screen_test.dart: MoreScreen Widget Tests should toggle dark mode when switch is tapped                             00:20 +712 -17: /Users/nishantgupta/Documents/GitaGyan/OldWisdom/test/screens/more_screen_test.dart: MoreScreen Widget Tests should toggle dark mode when switch is tapped                             00:20 +713 -17: /Users/nishantgupta/Documents/GitaGyan/OldWisdom/test/screens/more_screen_test.dart: MoreScreen Widget Tests should toggle dark mode when switch is tapped                             00:20 +714 -17: /Users/nishantgupta/Documents/GitaGyan/OldWisdom/test/screens/more_screen_test.dart: MoreScreen Widget Tests should toggle dark mode when switch is tapped                             00:20 +715 -17: /Users/nishantgupta/Documents/GitaGyan/OldWisdom/test/screens/more_screen_test.dart: MoreScreen Widget Tests should toggle dark mode when switch is tapped                             00:20 +716 -17: /Users/nishantgupta/Documents/GitaGyan/OldWisdom/test/screens/more_screen_test.dart: MoreScreen Widget Tests should toggle dark mode when switch is tapped                             00:20 +717 -17: /Users/nishantgupta/Documents/GitaGyan/OldWisdom/test/screens/more_screen_test.dart: MoreScreen Widget Tests should toggle dark mode when switch is tapped                             00:20 +718 -17: /Users/nishantgupta/Documents/GitaGyan/OldWisdom/test/screens/more_screen_test.dart: MoreScreen Widget Tests should toggle dark mode when switch is tapped                             00:20 +719 -17: /Users/nishantgupta/Documents/GitaGyan/OldWisdom/test/screens/more_screen_test.dart: MoreScreen Widget Tests should toggle dark mode when switch is tapped                             00:20 +720 -17: /Users/nishantgupta/Documents/GitaGyan/OldWisdom/test/screens/more_screen_test.dart: MoreScreen Widget Tests should toggle dark mode when switch is tapped                             00:20 +721 -17: /Users/nishantgupta/Documents/GitaGyan/OldWisdom/test/screens/more_screen_test.dart: MoreScreen Widget Tests should toggle dark mode when switch is tapped                             00:20 +722 -17: /Users/nishantgupta/Documents/GitaGyan/OldWisdom/test/screens/more_screen_test.dart: MoreScreen Widget Tests should toggle dark mode when switch is tapped                             00:20 +723 -17: /Users/nishantgupta/Documents/GitaGyan/OldWisdom/test/screens/more_screen_test.dart: MoreScreen Widget Tests should toggle dark mode when switch is tapped                             00:20 +724 -17: /Users/nishantgupta/Documents/GitaGyan/OldWisdom/test/screens/more_screen_test.dart: MoreScreen Widget Tests should toggle dark mode when switch is tapped                             00:20 +725 -17: /Users/nishantgupta/Documents/GitaGyan/OldWisdom/test/screens/more_screen_test.dart: MoreScreen Widget Tests should toggle dark mode when switch is tapped                             00:20 +726 -17: /Users/nishantgupta/Documents/GitaGyan/OldWisdom/test/screens/more_screen_test.dart: MoreScreen Widget Tests should toggle dark mode when switch is tapped                             00:20 +727 -17: /Users/nishantgupta/Documents/GitaGyan/OldWisdom/test/screens/more_screen_test.dart: MoreScreen Widget Tests should toggle dark mode when switch is tapped                             00:20 +727 -17: /Users/nishantgupta/Documents/GitaGyan/OldWisdom/test/services/intelligent_caching_service_test.dart: HybridStorage Get All Scenarios should remove duplicates from all scenarios      
❌ Error storing scenario test_1_dup: HiveError: The same instance of an HiveObject cannot be stored in two different boxes.
00:20 +728 -17: /Users/nishantgupta/Documents/GitaGyan/OldWisdom/test/screens/more_screen_test.dart: MoreScreen Widget Tests should toggle dark mode when switch is tapped                             00:20 +729 -17: /Users/nishantgupta/Documents/GitaGyan/OldWisdom/test/screens/more_screen_test.dart: MoreScreen Widget Tests should toggle dark mode when switch is tapped                             00:20 +730 -17: /Users/nishantgupta/Documents/GitaGyan/OldWisdom/test/screens/more_screen_test.dart: MoreScreen Widget Tests should toggle dark mode when switch is tapped                             00:20 +731 -17: /Users/nishantgupta/Documents/GitaGyan/OldWisdom/test/screens/more_screen_test.dart: MoreScreen Widget Tests should toggle dark mode when switch is tapped                             00:20 +732 -17: /Users/nishantgupta/Documents/GitaGyan/OldWisdom/test/screens/more_screen_test.dart: MoreScreen Widget Tests should toggle dark mode when switch is tapped                             00:20 +733 -17: /Users/nishantgupta/Documents/GitaGyan/OldWisdom/test/screens/more_screen_test.dart: MoreScreen Widget Tests should toggle dark mode when switch is tapped                             00:20 +734 -17: /Users/nishantgupta/Documents/GitaGyan/OldWisdom/test/screens/more_screen_test.dart: MoreScreen Widget Tests should toggle dark mode when switch is tapped                             00:20 +735 -17: /Users/nishantgupta/Documents/GitaGyan/OldWisdom/test/screens/more_screen_test.dart: MoreScreen Widget Tests should toggle dark mode when switch is tapped                             00:20 +736 -17: /Users/nishantgupta/Documents/GitaGyan/OldWisdom/test/screens/more_screen_test.dart: MoreScreen Widget Tests should toggle dark mode when switch is tapped                             00:21 +736 -17: /Users/nishantgupta/Documents/GitaGyan/OldWisdom/test/screens/more_screen_test.dart: MoreScreen Widget Tests should toggle dark mode when switch is tapped                             00:21 +736 -17: /Users/nishantgupta/Documents/GitaGyan/OldWisdom/test/screens/more_screen_test.dart: MoreScreen Widget Tests should toggle dark mode when switch is tapped                             
══╡ EXCEPTION CAUGHT BY FLUTTER TEST FRAMEWORK ╞════════════════════════════════════════════════════
The following assertion was thrown running a test:
pumpAndSettle timed out

When the exception was thrown, this was the stack:
#0      WidgetTester.pumpAndSettle.<anonymous closure> (package:flutter_test/src/widget_tester.dart:717:11)
<asynchronous suspension>
#1      TestAsyncUtils.guard.<anonymous closure> (package:flutter_test/src/test_async_utils.dart:130:27)
<asynchronous suspension>
#2      main.<anonymous closure>.<anonymous closure> (file:///Users/nishantgupta/Documents/GitaGyan/OldWisdom/test/screens/more_screen_test.dart:108:7)
<asynchronous suspension>
#3      testWidgets.<anonymous closure>.<anonymous closure> (package:flutter_test/src/widget_tester.dart:192:15)
<asynchronous suspension>
#4      TestWidgetsFlutterBinding._runTestBody (package:flutter_test/src/binding.dart:1059:5)
<asynchronous suspension>
<asynchronous suspension>
(elided one frame from package:stack_trace)

The test description was:
  should toggle dark mode when switch is tapped
════════════════════════════════════════════════════════════════════════════════════════════════════
00:21 +736 -18: /Users/nishantgupta/Documents/GitaGyan/OldWisdom/test/screens/more_screen_test.dart: MoreScreen Widget Tests should toggle dark mode when switch is tapped [E]                         
  Test failed. See exception logs above.
  The test description was: should toggle dark mode when switch is tapped
  

To run this test again: /Users/nishantgupta/Documents/Development/flutter/bin/cache/dart-sdk/bin/dart test /Users/nishantgupta/Documents/GitaGyan/OldWisdom/test/screens/more_screen_test.dart -p vm --plain-name 'MoreScreen Widget Tests should toggle dark mode when switch is tapped'
00:21 +736 -18: /Users/nishantgupta/Documents/GitaGyan/OldWisdom/test/services/simple_auth_service_test.dart: SimpleAuthService Email Sign In should notify listeners on email sign in                 
✅ Signed in with email: test@example.com
👋 Signed out
00:21 +737 -18: /Users/nishantgupta/Documents/GitaGyan/OldWisdom/test/screens/more_screen_test.dart: MoreScreen Widget Tests should toggle background music when switch is tapped                      00:21 +737 -18: /Users/nishantgupta/Documents/GitaGyan/OldWisdom/test/services/simple_auth_service_test.dart: SimpleAuthService Sign Up should sign up with email and name successfully                
✅ SimpleAuthService initialized
00:22 +737 -18: /Users/nishantgupta/Documents/GitaGyan/OldWisdom/test/screens/home_screen_test.dart: HomeScreen Widget Tests should display daily verse carousel                                       
══╡ EXCEPTION CAUGHT BY FLUTTER TEST FRAMEWORK ╞════════════════════════════════════════════════════
The following assertion was thrown running a test (but after the test had completed):
pumpAndSettle timed out

When the exception was thrown, this was the stack:
#0      WidgetTester.pumpAndSettle.<anonymous closure> (package:flutter_test/src/widget_tester.dart:717:11)
<asynchronous suspension>
#1      TestAsyncUtils.guard.<anonymous closure> (package:flutter_test/src/test_async_utils.dart:130:27)
<asynchronous suspension>
#2      main.<anonymous closure>.<anonymous closure> (file:///Users/nishantgupta/Documents/GitaGyan/OldWisdom/test/screens/home_screen_test.dart:76:7)
<asynchronous suspension>
#3      testWidgets.<anonymous closure>.<anonymous closure> (package:flutter_test/src/widget_tester.dart:192:15)
<asynchronous suspension>
#4      TestWidgetsFlutterBinding._runTestBody (package:flutter_test/src/binding.dart:1059:5)
<asynchronous suspension>
<asynchronous suspension>
(elided one frame from package:stack_trace)
════════════════════════════════════════════════════════════════════════════════════════════════════
00:22 +737 -18: /Users/nishantgupta/Documents/GitaGyan/OldWisdom/test/screens/home_screen_test.dart: HomeScreen Widget Tests should display daily verse carousel [E]                                   
  Test failed. See exception logs above.
  The test description was: should display daily verse carousel
  

To run this test again: /Users/nishantgupta/Documents/Development/flutter/bin/cache/dart-sdk/bin/dart test /Users/nishantgupta/Documents/GitaGyan/OldWisdom/test/screens/home_screen_test.dart -p vm --plain-name 'HomeScreen Widget Tests should display daily verse carousel'
00:22 +737 -18: /Users/nishantgupta/Documents/GitaGyan/OldWisdom/test/services/simple_auth_service_test.dart: SimpleAuthService Sign Up should sign up with email and name successfully                
✅ Signed up with email: new@example.com, name: John Doe
👋 Signed out
00:22 +738 -18: /Users/nishantgupta/Documents/GitaGyan/OldWisdom/test/screens/more_screen_test.dart: MoreScreen Widget Tests should toggle background music when switch is tapped                      00:22 +738 -18: /Users/nishantgupta/Documents/GitaGyan/OldWisdom/test/services/simple_auth_service_test.dart: SimpleAuthService Sign Up should sign up with email only (no name)                       
✅ SimpleAuthService initialized
00:22 +738 -18: /Users/nishantgupta/Documents/GitaGyan/OldWisdom/test/screens/home_screen_test.dart: HomeScreen Widget Tests should display 18 chapters section                                        
══╡ EXCEPTION CAUGHT BY FLUTTER TEST FRAMEWORK ╞════════════════════════════════════════════════════
The following assertion was thrown running a test:
You must initialize the supabase instance before calling Supabase.instance
'package:supabase_flutter/src/supabase.dart':
Failed assertion: line 45 pos 7: '_instance._isInitialized'

When the exception was thrown, this was the stack:
#2      Supabase.instance (package:supabase_flutter/src/supabase.dart:45:7)
#3      new EnhancedSupabaseService (package:GitaWisdom/services/enhanced_supabase_service.dart:28:42)
#4      ServiceLocator.enhancedSupabaseService (package:GitaWisdom/services/service_locator.dart:15:34)
#5      _HomeScreenState._service (package:GitaWisdom/screens/home_screen.dart:78:49)
#6      _HomeScreenState._service (package:GitaWisdom/screens/home_screen.dart)
#7      _HomeScreenState._initializeDataAfterFirstFrame.<anonymous closure> (package:GitaWisdom/screens/home_screen.dart:160:22)
#8      State.setState (package:flutter/src/widgets/framework.dart:1199:30)
#9      _HomeScreenState._initializeDataAfterFirstFrame (package:GitaWisdom/screens/home_screen.dart:158:5)
#10     _HomeScreenState.initState.<anonymous closure> (package:GitaWisdom/screens/home_screen.dart:141:7)
#11     SchedulerBinding._invokeFrameCallback (package:flutter/src/scheduler/binding.dart:1434:15)
#12     SchedulerBinding.handleDrawFrame (package:flutter/src/scheduler/binding.dart:1361:11)
#13     AutomatedTestWidgetsFlutterBinding.pump.<anonymous closure> (package:flutter_test/src/binding.dart:1335:9)
#16     TestAsyncUtils.guard (package:flutter_test/src/test_async_utils.dart:74:41)
#17     AutomatedTestWidgetsFlutterBinding.pump (package:flutter_test/src/binding.dart:1324:27)
#18     WidgetTester.pumpWidget.<anonymous closure> (package:flutter_test/src/widget_tester.dart:598:22)
#21     TestAsyncUtils.guard (package:flutter_test/src/test_async_utils.dart:74:41)
#22     WidgetTester.pumpWidget (package:flutter_test/src/widget_tester.dart:595:27)
#23     main.<anonymous closure>.<anonymous closure> (file:///Users/nishantgupta/Documents/GitaGyan/OldWisdom/test/screens/home_screen_test.dart:96:20)
#24     testWidgets.<anonymous closure>.<anonymous closure> (package:flutter_test/src/widget_tester.dart:192:29)
<asynchronous suspension>
#25     TestWidgetsFlutterBinding._runTestBody (package:flutter_test/src/binding.dart:1059:5)
<asynchronous suspension>
<asynchronous suspension>
(elided 7 frames from class _AssertionError, dart:async, and package:stack_trace)

The test description was:
  should display 18 chapters section
════════════════════════════════════════════════════════════════════════════════════════════════════
00:22 +738 -19: /Users/nishantgupta/Documents/GitaGyan/OldWisdom/test/screens/home_screen_test.dart: HomeScreen Widget Tests should display 18 chapters section [E]                                    
  Test failed. See exception logs above.
  The test description was: should display 18 chapters section
  
00:23 +738 -19: /Users/nishantgupta/Documents/GitaGyan/OldWisdom/test/screens/more_screen_test.dart: MoreScreen Widget Tests should toggle background music when switch is tapped                      
══╡ EXCEPTION CAUGHT BY FLUTTER TEST FRAMEWORK ╞════════════════════════════════════════════════════
The following assertion was thrown running a test:
pumpAndSettle timed out

When the exception was thrown, this was the stack:
#0      WidgetTester.pumpAndSettle.<anonymous closure> (package:flutter_test/src/widget_tester.dart:717:11)
<asynchronous suspension>
#1      TestAsyncUtils.guard.<anonymous closure> (package:flutter_test/src/test_async_utils.dart:130:27)
<asynchronous suspension>
#2      main.<anonymous closure>.<anonymous closure> (file:///Users/nishantgupta/Documents/GitaGyan/OldWisdom/test/screens/more_screen_test.dart:127:7)
<asynchronous suspension>
#3      testWidgets.<anonymous closure>.<anonymous closure> (package:flutter_test/src/widget_tester.dart:192:15)
<asynchronous suspension>
#4      TestWidgetsFlutterBinding._runTestBody (package:flutter_test/src/binding.dart:1059:5)
<asynchronous suspension>
<asynchronous suspension>
(elided one frame from package:stack_trace)

The test description was:
  should toggle background music when switch is tapped
════════════════════════════════════════════════════════════════════════════════════════════════════
00:23 +738 -20: /Users/nishantgupta/Documents/GitaGyan/OldWisdom/test/screens/more_screen_test.dart: MoreScreen Widget Tests should toggle background music when switch is tapped [E]                  
  Test failed. See exception logs above.
  The test description was: should toggle background music when switch is tapped
  

To run this test again: /Users/nishantgupta/Documents/Development/flutter/bin/cache/dart-sdk/bin/dart test /Users/nishantgupta/Documents/GitaGyan/OldWisdom/test/screens/more_screen_test.dart -p vm --plain-name 'MoreScreen Widget Tests should toggle background music when switch is tapped'
00:23 +738 -20: /Users/nishantgupta/Documents/GitaGyan/OldWisdom/test/services/simple_auth_service_test.dart: SimpleAuthService Sign Up should sign up with email only (no name)                       
✅ Signed up with email: new@example.com, name: 
👋 Signed out
00:23 +739 -20: /Users/nishantgupta/Documents/GitaGyan/OldWisdom/test/screens/more_screen_test.dart: MoreScreen Widget Tests should update font size when dropdown is changed                          00:23 +739 -20: /Users/nishantgupta/Documents/GitaGyan/OldWisdom/test/services/simple_auth_service_test.dart: SimpleAuthService Sign Up should use signUpWithEmail alias                               
✅ SimpleAuthService initialized
✅ Signed up with email: test@example.com, name: Test User
👋 Signed out
00:24 +740 -20: /Users/nishantgupta/Documents/GitaGyan/OldWisdom/test/screens/more_screen_test.dart: MoreScreen Widget Tests should update font size when dropdown is changed                          00:24 +740 -20: /Users/nishantgupta/Documents/GitaGyan/OldWisdom/test/services/simple_auth_service_test.dart: SimpleAuthService Sign Up should notify listeners on sign up                             
✅ SimpleAuthService initialized
00:24 +740 -20: /Users/nishantgupta/Documents/GitaGyan/OldWisdom/test/screens/more_screen_test.dart: MoreScreen Widget Tests should update font size when dropdown is changed                          
══╡ EXCEPTION CAUGHT BY FLUTTER TEST FRAMEWORK ╞════════════════════════════════════════════════════
The following assertion was thrown running a test:
pumpAndSettle timed out

When the exception was thrown, this was the stack:
#0      WidgetTester.pumpAndSettle.<anonymous closure> (package:flutter_test/src/widget_tester.dart:717:11)
<asynchronous suspension>
#1      TestAsyncUtils.guard.<anonymous closure> (package:flutter_test/src/test_async_utils.dart:130:27)
<asynchronous suspension>
#2      main.<anonymous closure>.<anonymous closure> (file:///Users/nishantgupta/Documents/GitaGyan/OldWisdom/test/screens/more_screen_test.dart:145:7)
<asynchronous suspension>
#3      testWidgets.<anonymous closure>.<anonymous closure> (package:flutter_test/src/widget_tester.dart:192:15)
<asynchronous suspension>
#4      TestWidgetsFlutterBinding._runTestBody (package:flutter_test/src/binding.dart:1059:5)
<asynchronous suspension>
<asynchronous suspension>
(elided one frame from package:stack_trace)

The test description was:
  should update font size when dropdown is changed
════════════════════════════════════════════════════════════════════════════════════════════════════
00:24 +740 -21: /Users/nishantgupta/Documents/GitaGyan/OldWisdom/test/screens/more_screen_test.dart: MoreScreen Widget Tests should update font size when dropdown is changed [E]                      
  Test failed. See exception logs above.
  The test description was: should update font size when dropdown is changed
  

To run this test again: /Users/nishantgupta/Documents/Development/flutter/bin/cache/dart-sdk/bin/dart test /Users/nishantgupta/Documents/GitaGyan/OldWisdom/test/screens/more_screen_test.dart -p vm --plain-name 'MoreScreen Widget Tests should update font size when dropdown is changed'
00:25 +740 -21: /Users/nishantgupta/Documents/GitaGyan/OldWisdom/test/services/simple_auth_service_test.dart: SimpleAuthService Sign Up should notify listeners on sign up                             
✅ Signed up with email: test@example.com, name: Test
👋 Signed out
00:25 +741 -21: /Users/nishantgupta/Documents/GitaGyan/OldWisdom/test/screens/more_screen_test.dart: MoreScreen Widget Tests should navigate to search screen when search tile is tapped               00:25 +741 -21: /Users/nishantgupta/Documents/GitaGyan/OldWisdom/test/services/simple_auth_service_test.dart: SimpleAuthService Sign Out should sign out from authenticated state                      
✅ SimpleAuthService initialized
00:25 +741 -21: /Users/nishantgupta/Documents/GitaGyan/OldWisdom/test/screens/home_screen_test.dart: HomeScreen Widget Tests should display 18 chapters section                                        
══╡ EXCEPTION CAUGHT BY FLUTTER TEST FRAMEWORK ╞════════════════════════════════════════════════════
The following assertion was thrown running a test (but after the test had completed):
pumpAndSettle timed out

When the exception was thrown, this was the stack:
#0      WidgetTester.pumpAndSettle.<anonymous closure> (package:flutter_test/src/widget_tester.dart:717:11)
<asynchronous suspension>
#1      TestAsyncUtils.guard.<anonymous closure> (package:flutter_test/src/test_async_utils.dart:130:27)
<asynchronous suspension>
#2      main.<anonymous closure>.<anonymous closure> (file:///Users/nishantgupta/Documents/GitaGyan/OldWisdom/test/screens/home_screen_test.dart:97:7)
<asynchronous suspension>
#3      testWidgets.<anonymous closure>.<anonymous closure> (package:flutter_test/src/widget_tester.dart:192:15)
<asynchronous suspension>
#4      TestWidgetsFlutterBinding._runTestBody (package:flutter_test/src/binding.dart:1059:5)
<asynchronous suspension>
<asynchronous suspension>
(elided one frame from package:stack_trace)
════════════════════════════════════════════════════════════════════════════════════════════════════
00:25 +741 -21: /Users/nishantgupta/Documents/GitaGyan/OldWisdom/test/screens/home_screen_test.dart: HomeScreen Widget Tests should display 18 chapters section [E]                                    
  Test failed. See exception logs above.
  The test description was: should display 18 chapters section
  

To run this test again: /Users/nishantgupta/Documents/Development/flutter/bin/cache/dart-sdk/bin/dart test /Users/nishantgupta/Documents/GitaGyan/OldWisdom/test/screens/home_screen_test.dart -p vm --plain-name 'HomeScreen Widget Tests should display 18 chapters section'
00:25 +741 -21: /Users/nishantgupta/Documents/GitaGyan/OldWisdom/test/screens/home_screen_test.dart: HomeScreen Widget Tests should navigate to chapter detail on chapter tap                          
══╡ EXCEPTION CAUGHT BY FLUTTER TEST FRAMEWORK ╞════════════════════════════════════════════════════
The following assertion was thrown running a test:
You must initialize the supabase instance before calling Supabase.instance
'package:supabase_flutter/src/supabase.dart':
Failed assertion: line 45 pos 7: '_instance._isInitialized'

When the exception was thrown, this was the stack:
#2      Supabase.instance (package:supabase_flutter/src/supabase.dart:45:7)
#3      new EnhancedSupabaseService (package:GitaWisdom/services/enhanced_supabase_service.dart:28:42)
#4      ServiceLocator.enhancedSupabaseService (package:GitaWisdom/services/service_locator.dart:15:34)
#5      _HomeScreenState._service (package:GitaWisdom/screens/home_screen.dart:78:49)
#6      _HomeScreenState._service (package:GitaWisdom/screens/home_screen.dart)
#7      _HomeScreenState._initializeDataAfterFirstFrame.<anonymous closure> (package:GitaWisdom/screens/home_screen.dart:160:22)
#8      State.setState (package:flutter/src/widgets/framework.dart:1199:30)
#9      _HomeScreenState._initializeDataAfterFirstFrame (package:GitaWisdom/screens/home_screen.dart:158:5)
#10     _HomeScreenState.initState.<anonymous closure> (package:GitaWisdom/screens/home_screen.dart:141:7)
#11     SchedulerBinding._invokeFrameCallback (package:flutter/src/scheduler/binding.dart:1434:15)
#12     SchedulerBinding.handleDrawFrame (package:flutter/src/scheduler/binding.dart:1361:11)
#13     AutomatedTestWidgetsFlutterBinding.pump.<anonymous closure> (package:flutter_test/src/binding.dart:1335:9)
#16     TestAsyncUtils.guard (package:flutter_test/src/test_async_utils.dart:74:41)
#17     AutomatedTestWidgetsFlutterBinding.pump (package:flutter_test/src/binding.dart:1324:27)
#18     WidgetTester.pumpWidget.<anonymous closure> (package:flutter_test/src/widget_tester.dart:598:22)
#21     TestAsyncUtils.guard (package:flutter_test/src/test_async_utils.dart:74:41)
#22     WidgetTester.pumpWidget (package:flutter_test/src/widget_tester.dart:595:27)
#23     main.<anonymous closure>.<anonymous closure> (file:///Users/nishantgupta/Documents/GitaGyan/OldWisdom/test/screens/home_screen_test.dart:116:20)
#24     testWidgets.<anonymous closure>.<anonymous closure> (package:flutter_test/src/widget_tester.dart:192:29)
<asynchronous suspension>
#25     TestWidgetsFlutterBinding._runTestBody (package:flutter_test/src/binding.dart:1059:5)
<asynchronous suspension>
<asynchronous suspension>
(elided 7 frames from class _AssertionError, dart:async, and package:stack_trace)

The test description was:
  should navigate to chapter detail on chapter tap
════════════════════════════════════════════════════════════════════════════════════════════════════
00:25 +741 -22: /Users/nishantgupta/Documents/GitaGyan/OldWisdom/test/screens/home_screen_test.dart: HomeScreen Widget Tests should navigate to chapter detail on chapter tap [E]                      
  Test failed. See exception logs above.
  The test description was: should navigate to chapter detail on chapter tap
  
00:26 +741 -22: /Users/nishantgupta/Documents/GitaGyan/OldWisdom/test/services/simple_auth_service_test.dart: SimpleAuthService Sign Out should sign out from authenticated state                      
✅ Signed in with email: test@example.com
👋 Signed out
👋 Signed out
00:26 +742 -22: /Users/nishantgupta/Documents/GitaGyan/OldWisdom/test/screens/more_screen_test.dart: MoreScreen Widget Tests should navigate to search screen when search tile is tapped               00:26 +742 -22: /Users/nishantgupta/Documents/GitaGyan/OldWisdom/test/services/simple_auth_service_test.dart: SimpleAuthService Sign Out should sign out from anonymous state                          
✅ SimpleAuthService initialized
00:26 +742 -22: /Users/nishantgupta/Documents/GitaGyan/OldWisdom/test/screens/more_screen_test.dart: MoreScreen Widget Tests should navigate to search screen when search tile is tapped               
══╡ EXCEPTION CAUGHT BY FLUTTER TEST FRAMEWORK ╞════════════════════════════════════════════════════
The following assertion was thrown running a test:
pumpAndSettle timed out

When the exception was thrown, this was the stack:
#0      WidgetTester.pumpAndSettle.<anonymous closure> (package:flutter_test/src/widget_tester.dart:717:11)
<asynchronous suspension>
#1      TestAsyncUtils.guard.<anonymous closure> (package:flutter_test/src/test_async_utils.dart:130:27)
<asynchronous suspension>
#2      main.<anonymous closure>.<anonymous closure> (file:///Users/nishantgupta/Documents/GitaGyan/OldWisdom/test/screens/more_screen_test.dart:172:7)
<asynchronous suspension>
#3      testWidgets.<anonymous closure>.<anonymous closure> (package:flutter_test/src/widget_tester.dart:192:15)
<asynchronous suspension>
#4      TestWidgetsFlutterBinding._runTestBody (package:flutter_test/src/binding.dart:1059:5)
<asynchronous suspension>
<asynchronous suspension>
(elided one frame from package:stack_trace)

The test description was:
  should navigate to search screen when search tile is tapped
════════════════════════════════════════════════════════════════════════════════════════════════════
00:26 +742 -23: /Users/nishantgupta/Documents/GitaGyan/OldWisdom/test/screens/more_screen_test.dart: MoreScreen Widget Tests should navigate to search screen when search tile is tapped [E]           
  Test failed. See exception logs above.
  The test description was: should navigate to search screen when search tile is tapped
  

To run this test again: /Users/nishantgupta/Documents/Development/flutter/bin/cache/dart-sdk/bin/dart test /Users/nishantgupta/Documents/GitaGyan/OldWisdom/test/screens/more_screen_test.dart -p vm --plain-name 'MoreScreen Widget Tests should navigate to search screen when search tile is tapped'
00:26 +742 -23: /Users/nishantgupta/Documents/GitaGyan/OldWisdom/test/services/simple_auth_service_test.dart: SimpleAuthService Sign Out should sign out from anonymous state                          
✅ Signed in as guest
👋 Signed out
👋 Signed out
00:26 +743 -23: /Users/nishantgupta/Documents/GitaGyan/OldWisdom/test/screens/more_screen_test.dart: MoreScreen Widget Tests should display app version in EXTRAS section                              00:26 +743 -23: /Users/nishantgupta/Documents/GitaGyan/OldWisdom/test/services/simple_auth_service_test.dart: SimpleAuthService Sign Out should clear error on sign out                                
✅ SimpleAuthService initialized
✅ Signed in with email: test@example.com
👋 Signed out
👋 Signed out
00:27 +744 -23: /Users/nishantgupta/Documents/GitaGyan/OldWisdom/test/screens/more_screen_test.dart: MoreScreen Widget Tests should display app version in EXTRAS section                              00:27 +744 -23: /Users/nishantgupta/Documents/GitaGyan/OldWisdom/test/services/simple_auth_service_test.dart: SimpleAuthService Sign Out should notify listeners on sign out                           
✅ SimpleAuthService initialized
✅ Signed in as guest
👋 Signed out
👋 Signed out
00:28 +745 -23: /Users/nishantgupta/Documents/GitaGyan/OldWisdom/test/screens/more_screen_test.dart: MoreScreen Widget Tests should display app version in EXTRAS section                              00:28 +745 -23: /Users/nishantgupta/Documents/GitaGyan/OldWisdom/test/services/simple_auth_service_test.dart: SimpleAuthService Password Reset should send password reset email                        
✅ SimpleAuthService initialized
00:28 +745 -23: /Users/nishantgupta/Documents/GitaGyan/OldWisdom/test/screens/more_screen_test.dart: MoreScreen Widget Tests should display app version in EXTRAS section                              
══╡ EXCEPTION CAUGHT BY FLUTTER TEST FRAMEWORK ╞════════════════════════════════════════════════════
The following assertion was thrown running a test:
pumpAndSettle timed out

When the exception was thrown, this was the stack:
#0      WidgetTester.pumpAndSettle.<anonymous closure> (package:flutter_test/src/widget_tester.dart:717:11)
<asynchronous suspension>
#1      TestAsyncUtils.guard.<anonymous closure> (package:flutter_test/src/test_async_utils.dart:130:27)
<asynchronous suspension>
#2      main.<anonymous closure>.<anonymous closure> (file:///Users/nishantgupta/Documents/GitaGyan/OldWisdom/test/screens/more_screen_test.dart:188:7)
<asynchronous suspension>
#3      testWidgets.<anonymous closure>.<anonymous closure> (package:flutter_test/src/widget_tester.dart:192:15)
<asynchronous suspension>
#4      TestWidgetsFlutterBinding._runTestBody (package:flutter_test/src/binding.dart:1059:5)
<asynchronous suspension>
<asynchronous suspension>
(elided one frame from package:stack_trace)

The test description was:
  should display app version in EXTRAS section
════════════════════════════════════════════════════════════════════════════════════════════════════
00:28 +745 -24: /Users/nishantgupta/Documents/GitaGyan/OldWisdom/test/screens/more_screen_test.dart: MoreScreen Widget Tests should display app version in EXTRAS section [E]                          
  Test failed. See exception logs above.
  The test description was: should display app version in EXTRAS section
  

To run this test again: /Users/nishantgupta/Documents/Development/flutter/bin/cache/dart-sdk/bin/dart test /Users/nishantgupta/Documents/GitaGyan/OldWisdom/test/screens/more_screen_test.dart -p vm --plain-name 'MoreScreen Widget Tests should display app version in EXTRAS section'
00:28 +745 -24: /Users/nishantgupta/Documents/GitaGyan/OldWisdom/test/screens/home_screen_test.dart: HomeScreen Widget Tests should navigate to chapter detail on chapter tap                          
══╡ EXCEPTION CAUGHT BY FLUTTER TEST FRAMEWORK ╞════════════════════════════════════════════════════
The following assertion was thrown running a test (but after the test had completed):
pumpAndSettle timed out

When the exception was thrown, this was the stack:
#0      WidgetTester.pumpAndSettle.<anonymous closure> (package:flutter_test/src/widget_tester.dart:717:11)
<asynchronous suspension>
#1      TestAsyncUtils.guard.<anonymous closure> (package:flutter_test/src/test_async_utils.dart:130:27)
<asynchronous suspension>
#2      main.<anonymous closure>.<anonymous closure> (file:///Users/nishantgupta/Documents/GitaGyan/OldWisdom/test/screens/home_screen_test.dart:117:7)
<asynchronous suspension>
#3      testWidgets.<anonymous closure>.<anonymous closure> (package:flutter_test/src/widget_tester.dart:192:15)
<asynchronous suspension>
#4      TestWidgetsFlutterBinding._runTestBody (package:flutter_test/src/binding.dart:1059:5)
<asynchronous suspension>
<asynchronous suspension>
(elided one frame from package:stack_trace)
════════════════════════════════════════════════════════════════════════════════════════════════════
00:28 +745 -24: /Users/nishantgupta/Documents/GitaGyan/OldWisdom/test/screens/home_screen_test.dart: HomeScreen Widget Tests should navigate to chapter detail on chapter tap [E]                      
  Test failed. See exception logs above.
  The test description was: should navigate to chapter detail on chapter tap
  

To run this test again: /Users/nishantgupta/Documents/Development/flutter/bin/cache/dart-sdk/bin/dart test /Users/nishantgupta/Documents/GitaGyan/OldWisdom/test/screens/home_screen_test.dart -p vm --plain-name 'HomeScreen Widget Tests should navigate to chapter detail on chapter tap'
00:29 +745 -24: /Users/nishantgupta/Documents/GitaGyan/OldWisdom/test/screens/home_screen_test.dart: HomeScreen Widget Tests should display loading state while fetching data                          
══╡ EXCEPTION CAUGHT BY FLUTTER TEST FRAMEWORK ╞════════════════════════════════════════════════════
The following assertion was thrown running a test:
You must initialize the supabase instance before calling Supabase.instance
'package:supabase_flutter/src/supabase.dart':
Failed assertion: line 45 pos 7: '_instance._isInitialized'

When the exception was thrown, this was the stack:
#2      Supabase.instance (package:supabase_flutter/src/supabase.dart:45:7)
#3      new EnhancedSupabaseService (package:GitaWisdom/services/enhanced_supabase_service.dart:28:42)
#4      ServiceLocator.enhancedSupabaseService (package:GitaWisdom/services/service_locator.dart:15:34)
#5      _HomeScreenState._service (package:GitaWisdom/screens/home_screen.dart:78:49)
#6      _HomeScreenState._service (package:GitaWisdom/screens/home_screen.dart)
#7      _HomeScreenState._initializeDataAfterFirstFrame.<anonymous closure> (package:GitaWisdom/screens/home_screen.dart:160:22)
#8      State.setState (package:flutter/src/widgets/framework.dart:1199:30)
#9      _HomeScreenState._initializeDataAfterFirstFrame (package:GitaWisdom/screens/home_screen.dart:158:5)
#10     _HomeScreenState.initState.<anonymous closure> (package:GitaWisdom/screens/home_screen.dart:141:7)
#11     SchedulerBinding._invokeFrameCallback (package:flutter/src/scheduler/binding.dart:1434:15)
#12     SchedulerBinding.handleDrawFrame (package:flutter/src/scheduler/binding.dart:1361:11)
#13     AutomatedTestWidgetsFlutterBinding.pump.<anonymous closure> (package:flutter_test/src/binding.dart:1335:9)
#16     TestAsyncUtils.guard (package:flutter_test/src/test_async_utils.dart:74:41)
#17     AutomatedTestWidgetsFlutterBinding.pump (package:flutter_test/src/binding.dart:1324:27)
#18     WidgetTester.pumpWidget.<anonymous closure> (package:flutter_test/src/widget_tester.dart:598:22)
#21     TestAsyncUtils.guard (package:flutter_test/src/test_async_utils.dart:74:41)
#22     WidgetTester.pumpWidget (package:flutter_test/src/widget_tester.dart:595:27)
#23     main.<anonymous closure>.<anonymous closure> (file:///Users/nishantgupta/Documents/GitaGyan/OldWisdom/test/screens/home_screen_test.dart:135:20)
#24     testWidgets.<anonymous closure>.<anonymous closure> (package:flutter_test/src/widget_tester.dart:192:29)
<asynchronous suspension>
#25     TestWidgetsFlutterBinding._runTestBody (package:flutter_test/src/binding.dart:1059:5)
<asynchronous suspension>
<asynchronous suspension>
(elided 7 frames from class _AssertionError, dart:async, and package:stack_trace)

The test description was:
  should display loading state while fetching data
════════════════════════════════════════════════════════════════════════════════════════════════════
00:29 +745 -25: /Users/nishantgupta/Documents/GitaGyan/OldWisdom/test/screens/home_screen_test.dart: HomeScreen Widget Tests should display loading state while fetching data [E]                      
  Test failed. See exception logs above.
  The test description was: should display loading state while fetching data
  
Pending timers:
Timer (duration: 0:00:03.000000, periodic: false), created:
#0      new FakeTimer._ (package:fake_async/fake_async.dart:342:62)
#1      FakeAsync._createTimer (package:fake_async/fake_async.dart:260:29)
#2      FakeAsync.run.<anonymous closure> (package:fake_async/fake_async.dart:185:15)
#6      _HomeScreenState.initState (package:GitaWisdom/screens/home_screen.dart:145:12)
#7      StatefulElement._firstBuild (package:flutter/src/widgets/framework.dart:5953:55)
#8      ComponentElement.mount (package:flutter/src/widgets/framework.dart:5796:5)
...     Normal element mounting (260 frames)
#268    Element.inflateWidget (package:flutter/src/widgets/framework.dart:4590:20)
#269    MultiChildRenderObjectElement.inflateWidget (package:flutter/src/widgets/framework.dart:7269:36)
#270    MultiChildRenderObjectElement.mount (package:flutter/src/widgets/framework.dart:7285:32)
...     Normal element mounting (471 frames)
#741    _InheritedProviderScopeElement.mount (package:provider/src/inherited_provider.dart:424:11)
...     Normal element mounting (7 frames)
#748    _InheritedProviderScopeElement.mount (package:provider/src/inherited_provider.dart:424:11)
...     Normal element mounting (7 frames)
#755    _InheritedProviderScopeElement.mount (package:provider/src/inherited_provider.dart:424:11)
...     Normal element mounting (7 frames)
#762    _InheritedProviderScopeElement.mount (package:provider/src/inherited_provider.dart:424:11)
...     Normal element mounting (7 frames)
#769    SingleChildWidgetElementMixin.mount (package:nested/nested.dart:222:11)
...     Normal element mounting (7 frames)
#776    _NestedHookElement.mount (package:nested/nested.dart:187:11)
...     Normal element mounting (7 frames)
#783    SingleChildWidgetElementMixin.mount (package:nested/nested.dart:222:11)
#784    Element.inflateWidget (package:flutter/src/widgets/framework.dart:4590:20)
#785    Element.updateChild (package:flutter/src/widgets/framework.dart:4053:20)
#786    ComponentElement.performRebuild (package:flutter/src/widgets/framework.dart:5844:16)
#787    Element.rebuild (package:flutter/src/widgets/framework.dart:5532:7)
#788    ProxyElement.update (package:flutter/src/widgets/framework.dart:6152:5)
#789    _InheritedNotifierElement.update (package:flutter/src/widgets/inherited_notifier.dart:108:11)
#790    Element.updateChild (package:flutter/src/widgets/framework.dart:4037:15)
#791    ComponentElement.performRebuild (package:flutter/src/widgets/framework.dart:5844:16)
#792    StatefulElement.performRebuild (package:flutter/src/widgets/framework.dart:5985:11)
#793    Element.rebuild (package:flutter/src/widgets/framework.dart:5532:7)
#794    StatefulElement.update (package:flutter/src/widgets/framework.dart:6010:5)
#795    Element.updateChild (package:flutter/src/widgets/framework.dart:4037:15)
#796    ComponentElement.performRebuild (package:flutter/src/widgets/framework.dart:5844:16)
#797    Element.rebuild (package:flutter/src/widgets/framework.dart:5532:7)
#798    ProxyElement.update (package:flutter/src/widgets/framework.dart:6152:5)
#799    _InheritedNotifierElement.update (package:flutter/src/widgets/inherited_notifier.dart:108:11)
#800    Element.updateChild (package:flutter/src/widgets/framework.dart:4037:15)
#801    ComponentElement.performRebuild (package:flutter/src/widgets/framework.dart:5844:16)
#802    StatefulElement.performRebuild (package:flutter/src/widgets/framework.dart:5985:11)
#803    Element.rebuild (package:flutter/src/widgets/framework.dart:5532:7)
#804    StatefulElement.update (package:flutter/src/widgets/framework.dart:6010:5)
#805    Element.updateChild (package:flutter/src/widgets/framework.dart:4037:15)
#806    ComponentElement.performRebuild (package:flutter/src/widgets/framework.dart:5844:16)
#807    StatefulElement.performRebuild (package:flutter/src/widgets/framework.dart:5985:11)
#808    Element.rebuild (package:flutter/src/widgets/framework.dart:5532:7)
#809    StatefulElement.update (package:flutter/src/widgets/framework.dart:6010:5)
#810    Element.updateChild (package:flutter/src/widgets/framework.dart:4037:15)
#811    ComponentElement.performRebuild (package:flutter/src/widgets/framework.dart:5844:16)
#812    Element.rebuild (package:flutter/src/widgets/framework.dart:5532:7)
#813    ProxyElement.update (package:flutter/src/widgets/framework.dart:6152:5)
#814    Element.updateChild (package:flutter/src/widgets/framework.dart:4037:15)
#815    ComponentElement.performRebuild (package:flutter/src/widgets/framework.dart:5844:16)
#816    StatefulElement.performRebuild (package:flutter/src/widgets/framework.dart:5985:11)
#817    Element.rebuild (package:flutter/src/widgets/framework.dart:5532:7)
#818    StatefulElement.update (package:flutter/src/widgets/framework.dart:6010:5)
#819    Element.updateChild (package:flutter/src/widgets/framework.dart:4037:15)
#820    ComponentElement.performRebuild (package:flutter/src/widgets/framework.dart:5844:16)
#821    Element.rebuild (package:flutter/src/widgets/framework.dart:5532:7)
#822    ProxyElement.update (package:flutter/src/widgets/framework.dart:6152:5)
#823    Element.updateChild (package:flutter/src/widgets/framework.dart:4037:15)
#824    ComponentElement.performRebuild (package:flutter/src/widgets/framework.dart:5844:16)
#825    Element.rebuild (package:flutter/src/widgets/framework.dart:5532:7)
#826    ProxyElement.update (package:flutter/src/widgets/framework.dart:6152:5)
#827    Element.updateChild (package:flutter/src/widgets/framework.dart:4037:15)
#828    _RawViewElement._updateChild (package:flutter/src/widgets/view.dart:481:16)
#829    _RawViewElement.update (package:flutter/src/widgets/view.dart:568:5)
#830    Element.updateChild (package:flutter/src/widgets/framework.dart:4037:15)
#831    ComponentElement.performRebuild (package:flutter/src/widgets/framework.dart:5844:16)
#832    Element.rebuild (package:flutter/src/widgets/framework.dart:5532:7)
#833    StatelessElement.update (package:flutter/src/widgets/framework.dart:5898:5)
#834    Element.updateChild (package:flutter/src/widgets/framework.dart:4037:15)
#835    ComponentElement.performRebuild (package:flutter/src/widgets/framework.dart:5844:16)
#836    StatefulElement.performRebuild (package:flutter/src/widgets/framework.dart:5985:11)
#837    Element.rebuild (package:flutter/src/widgets/framework.dart:5532:7)
#838    StatefulElement.update (package:flutter/src/widgets/framework.dart:6010:5)
#839    Element.updateChild (package:flutter/src/widgets/framework.dart:4037:15)
#840    RootElement._rebuild (package:flutter/src/widgets/binding.dart:1782:16)
#841    RootElement.update (package:flutter/src/widgets/binding.dart:1760:5)
#842    RootElement.performRebuild (package:flutter/src/widgets/binding.dart:1774:7)
#843    Element.rebuild (package:flutter/src/widgets/framework.dart:5532:7)
#844    BuildScope._tryRebuild (package:flutter/src/widgets/framework.dart:2750:15)
#845    BuildScope._flushDirtyElements (package:flutter/src/widgets/framework.dart:2807:11)
#846    BuildOwner.buildScope (package:flutter/src/widgets/framework.dart:3111:18)
#847    AutomatedTestWidgetsFlutterBinding.drawFrame (package:flutter_test/src/binding.dart:1506:19)
#848    RendererBinding._handlePersistentFrameCallback (package:flutter/src/rendering/binding.dart:495:5)
#849    SchedulerBinding._invokeFrameCallback (package:flutter/src/scheduler/binding.dart:1434:15)
#850    SchedulerBinding.handleDrawFrame (package:flutter/src/scheduler/binding.dart:1347:9)
#851    AutomatedTestWidgetsFlutterBinding.pump.<anonymous closure> (package:flutter_test/src/binding.dart:1335:9)
#854    TestAsyncUtils.guard (package:flutter_test/src/test_async_utils.dart:74:41)
#855    AutomatedTestWidgetsFlutterBinding.pump (package:flutter_test/src/binding.dart:1324:27)
#856    WidgetTester.pumpWidget.<anonymous closure> (package:flutter_test/src/widget_tester.dart:598:22)
#859    TestAsyncUtils.guard (package:flutter_test/src/test_async_utils.dart:74:41)
#860    WidgetTester.pumpWidget (package:flutter_test/src/widget_tester.dart:595:27)
#861    main.<anonymous closure>.<anonymous closure> (file:///Users/nishantgupta/Documents/GitaGyan/OldWisdom/test/screens/home_screen_test.dart:135:20)
#862    testWidgets.<anonymous closure>.<anonymous closure> (package:flutter_test/src/widget_tester.dart:192:29)
<asynchronous suspension>
#863    TestWidgetsFlutterBinding._runTestBody (package:flutter_test/src/binding.dart:1059:5)
<asynchronous suspension>
<asynchronous suspension>
(elided 8 frames from dart:async and package:stack_trace)

══╡ EXCEPTION CAUGHT BY FLUTTER TEST FRAMEWORK ╞════════════════════════════════════════════════════
The following assertion was thrown running a test (but after the test had completed):
A Timer is still pending even after the widget tree was disposed.
'package:flutter_test/src/binding.dart':
Failed assertion: line 1617 pos 12: '!timersPending'

When the exception was thrown, this was the stack:
#2      AutomatedTestWidgetsFlutterBinding._verifyInvariants (package:flutter_test/src/binding.dart:1617:12)
#3      TestWidgetsFlutterBinding._runTestBody (package:flutter_test/src/binding.dart:1078:7)
<asynchronous suspension>
<asynchronous suspension>
(elided 3 frames from class _AssertionError and package:stack_trace)
════════════════════════════════════════════════════════════════════════════════════════════════════
  Test failed. See exception logs above.
  The test description was: should display loading state while fetching data
  

To run this test again: /Users/nishantgupta/Documents/Development/flutter/bin/cache/dart-sdk/bin/dart test /Users/nishantgupta/Documents/GitaGyan/OldWisdom/test/screens/home_screen_test.dart -p vm --plain-name 'HomeScreen Widget Tests should display loading state while fetching data'
00:29 +745 -25: /Users/nishantgupta/Documents/GitaGyan/OldWisdom/test/screens/home_screen_test.dart: HomeScreen Widget Tests should handle error state gracefully                                      
══╡ EXCEPTION CAUGHT BY FLUTTER TEST FRAMEWORK ╞════════════════════════════════════════════════════
The following assertion was thrown running a test:
You must initialize the supabase instance before calling Supabase.instance
'package:supabase_flutter/src/supabase.dart':
Failed assertion: line 45 pos 7: '_instance._isInitialized'

When the exception was thrown, this was the stack:
#2      Supabase.instance (package:supabase_flutter/src/supabase.dart:45:7)
#3      new EnhancedSupabaseService (package:GitaWisdom/services/enhanced_supabase_service.dart:28:42)
#4      ServiceLocator.enhancedSupabaseService (package:GitaWisdom/services/service_locator.dart:15:34)
#5      _HomeScreenState._service (package:GitaWisdom/screens/home_screen.dart:78:49)
#6      _HomeScreenState._service (package:GitaWisdom/screens/home_screen.dart)
#7      _HomeScreenState._initializeDataAfterFirstFrame.<anonymous closure> (package:GitaWisdom/screens/home_screen.dart:160:22)
#8      State.setState (package:flutter/src/widgets/framework.dart:1199:30)
#9      _HomeScreenState._initializeDataAfterFirstFrame (package:GitaWisdom/screens/home_screen.dart:158:5)
#10     _HomeScreenState.initState.<anonymous closure> (package:GitaWisdom/screens/home_screen.dart:141:7)
#11     SchedulerBinding._invokeFrameCallback (package:flutter/src/scheduler/binding.dart:1434:15)
#12     SchedulerBinding.handleDrawFrame (package:flutter/src/scheduler/binding.dart:1361:11)
#13     AutomatedTestWidgetsFlutterBinding.pump.<anonymous closure> (package:flutter_test/src/binding.dart:1335:9)
#16     TestAsyncUtils.guard (package:flutter_test/src/test_async_utils.dart:74:41)
#17     AutomatedTestWidgetsFlutterBinding.pump (package:flutter_test/src/binding.dart:1324:27)
#18     WidgetTester.pumpWidget.<anonymous closure> (package:flutter_test/src/widget_tester.dart:598:22)
#21     TestAsyncUtils.guard (package:flutter_test/src/test_async_utils.dart:74:41)
#22     WidgetTester.pumpWidget (package:flutter_test/src/widget_tester.dart:595:27)
#23     main.<anonymous closure>.<anonymous closure> (file:///Users/nishantgupta/Documents/GitaGyan/OldWisdom/test/screens/home_screen_test.dart:145:20)
#24     testWidgets.<anonymous closure>.<anonymous closure> (package:flutter_test/src/widget_tester.dart:192:29)
<asynchronous suspension>
#25     TestWidgetsFlutterBinding._runTestBody (package:flutter_test/src/binding.dart:1059:5)
<asynchronous suspension>
<asynchronous suspension>
(elided 7 frames from class _AssertionError, dart:async, and package:stack_trace)

The test description was:
  should handle error state gracefully
════════════════════════════════════════════════════════════════════════════════════════════════════
00:29 +745 -26: /Users/nishantgupta/Documents/GitaGyan/OldWisdom/test/screens/home_screen_test.dart: HomeScreen Widget Tests should handle error state gracefully [E]                                  
  Test failed. See exception logs above.
  The test description was: should handle error state gracefully
  
00:29 +745 -26: /Users/nishantgupta/Documents/GitaGyan/OldWisdom/test/services/simple_auth_service_test.dart: SimpleAuthService Password Reset should send password reset email                        
📧 Password reset sent to: test@example.com
👋 Signed out
00:29 +746 -26: /Users/nishantgupta/Documents/GitaGyan/OldWisdom/test/screens/more_screen_test.dart: MoreScreen Widget Tests should show sign out confirmation dialog                                  00:29 +746 -26: /Users/nishantgupta/Documents/GitaGyan/OldWisdom/test/services/simple_auth_service_test.dart: SimpleAuthService Password Reset should handle empty email for password reset            
✅ SimpleAuthService initialized
00:30 +746 -26: /Users/nishantgupta/Documents/GitaGyan/OldWisdom/test/screens/more_screen_test.dart: MoreScreen Widget Tests should show sign out confirmation dialog                                  
══╡ EXCEPTION CAUGHT BY FLUTTER TEST FRAMEWORK ╞════════════════════════════════════════════════════
The following assertion was thrown running a test:
pumpAndSettle timed out

When the exception was thrown, this was the stack:
#0      WidgetTester.pumpAndSettle.<anonymous closure> (package:flutter_test/src/widget_tester.dart:717:11)
<asynchronous suspension>
#1      TestAsyncUtils.guard.<anonymous closure> (package:flutter_test/src/test_async_utils.dart:130:27)
<asynchronous suspension>
#2      main.<anonymous closure>.<anonymous closure> (file:///Users/nishantgupta/Documents/GitaGyan/OldWisdom/test/screens/more_screen_test.dart:198:7)
<asynchronous suspension>
#3      testWidgets.<anonymous closure>.<anonymous closure> (package:flutter_test/src/widget_tester.dart:192:15)
<asynchronous suspension>
#4      TestWidgetsFlutterBinding._runTestBody (package:flutter_test/src/binding.dart:1059:5)
<asynchronous suspension>
<asynchronous suspension>
(elided one frame from package:stack_trace)

The test description was:
  should show sign out confirmation dialog
════════════════════════════════════════════════════════════════════════════════════════════════════
00:30 +746 -27: /Users/nishantgupta/Documents/GitaGyan/OldWisdom/test/services/simple_auth_service_test.dart: SimpleAuthService Password Reset should handle empty email for password reset            
📧 Password reset sent to: 
00:30 +746 -27: /Users/nishantgupta/Documents/GitaGyan/OldWisdom/test/screens/more_screen_test.dart: MoreScreen Widget Tests should show sign out confirmation dialog [E]                              
  Test failed. See exception logs above.
  The test description was: should show sign out confirmation dialog
  
00:30 +746 -27: /Users/nishantgupta/Documents/GitaGyan/OldWisdom/test/services/simple_auth_service_test.dart: SimpleAuthService Password Reset should handle empty email for password reset            
👋 Signed out

To run this test again: /Users/nishantgupta/Documents/Development/flutter/bin/cache/dart-sdk/bin/dart test /Users/nishantgupta/Documents/GitaGyan/OldWisdom/test/screens/more_screen_test.dart -p vm --plain-name 'MoreScreen Widget Tests should show sign out confirmation dialog'
00:30 +747 -27: /Users/nishantgupta/Documents/GitaGyan/OldWisdom/test/screens/more_screen_test.dart: MoreScreen Widget Tests should show delete account confirmation dialog                            00:30 +747 -27: /Users/nishantgupta/Documents/GitaGyan/OldWisdom/test/services/simple_auth_service_test.dart: SimpleAuthService Password Reset should set loading state during password reset          
✅ SimpleAuthService initialized
📧 Password reset sent to: test@example.com
👋 Signed out
00:31 +748 -27: /Users/nishantgupta/Documents/GitaGyan/OldWisdom/test/screens/more_screen_test.dart: MoreScreen Widget Tests should show delete account confirmation dialog                            00:31 +748 -27: /Users/nishantgupta/Documents/GitaGyan/OldWisdom/test/services/simple_auth_service_test.dart: SimpleAuthService State Management should clear error                                    
✅ SimpleAuthService initialized
00:32 +748 -27: /Users/nishantgupta/Documents/GitaGyan/OldWisdom/test/screens/more_screen_test.dart: MoreScreen Widget Tests should show delete account confirmation dialog                            
══╡ EXCEPTION CAUGHT BY FLUTTER TEST FRAMEWORK ╞════════════════════════════════════════════════════
The following assertion was thrown running a test:
pumpAndSettle timed out

When the exception was thrown, this was the stack:
#0      WidgetTester.pumpAndSettle.<anonymous closure> (package:flutter_test/src/widget_tester.dart:717:11)
<asynchronous suspension>
#1      TestAsyncUtils.guard.<anonymous closure> (package:flutter_test/src/test_async_utils.dart:130:27)
<asynchronous suspension>
#2      main.<anonymous closure>.<anonymous closure> (file:///Users/nishantgupta/Documents/GitaGyan/OldWisdom/test/screens/more_screen_test.dart:223:7)
<asynchronous suspension>
#3      testWidgets.<anonymous closure>.<anonymous closure> (package:flutter_test/src/widget_tester.dart:192:15)
<asynchronous suspension>
#4      TestWidgetsFlutterBinding._runTestBody (package:flutter_test/src/binding.dart:1059:5)
<asynchronous suspension>
<asynchronous suspension>
(elided one frame from package:stack_trace)

The test description was:
  should show delete account confirmation dialog
════════════════════════════════════════════════════════════════════════════════════════════════════
00:32 +748 -28: /Users/nishantgupta/Documents/GitaGyan/OldWisdom/test/screens/more_screen_test.dart: MoreScreen Widget Tests should show delete account confirmation dialog [E]                        
  Test failed. See exception logs above.
  The test description was: should show delete account confirmation dialog
  

To run this test again: /Users/nishantgupta/Documents/Development/flutter/bin/cache/dart-sdk/bin/dart test /Users/nishantgupta/Documents/GitaGyan/OldWisdom/test/screens/more_screen_test.dart -p vm --plain-name 'MoreScreen Widget Tests should show delete account confirmation dialog'
00:32 +748 -28: /Users/nishantgupta/Documents/GitaGyan/OldWisdom/test/services/simple_auth_service_test.dart: SimpleAuthService State Management should clear error                                    
✅ Signed in with email: test@example.com
👋 Signed out
00:32 +749 -28: /Users/nishantgupta/Documents/GitaGyan/OldWisdom/test/screens/more_screen_test.dart: MoreScreen Widget Tests should handle cache refresh                                               00:32 +749 -28: /Users/nishantgupta/Documents/GitaGyan/OldWisdom/test/services/simple_auth_service_test.dart: SimpleAuthService State Management should provide auth state stream                      
✅ SimpleAuthService initialized
00:32 +749 -28: /Users/nishantgupta/Documents/GitaGyan/OldWisdom/test/screens/home_screen_test.dart: HomeScreen Widget Tests should handle error state gracefully                                      
══╡ EXCEPTION CAUGHT BY FLUTTER TEST FRAMEWORK ╞════════════════════════════════════════════════════
The following assertion was thrown running a test (but after the test had completed):
pumpAndSettle timed out

When the exception was thrown, this was the stack:
#0      WidgetTester.pumpAndSettle.<anonymous closure> (package:flutter_test/src/widget_tester.dart:717:11)
<asynchronous suspension>
#1      TestAsyncUtils.guard.<anonymous closure> (package:flutter_test/src/test_async_utils.dart:130:27)
<asynchronous suspension>
#2      main.<anonymous closure>.<anonymous closure> (file:///Users/nishantgupta/Documents/GitaGyan/OldWisdom/test/screens/home_screen_test.dart:146:7)
<asynchronous suspension>
#3      testWidgets.<anonymous closure>.<anonymous closure> (package:flutter_test/src/widget_tester.dart:192:15)
<asynchronous suspension>
#4      TestWidgetsFlutterBinding._runTestBody (package:flutter_test/src/binding.dart:1059:5)
<asynchronous suspension>
<asynchronous suspension>
(elided one frame from package:stack_trace)
════════════════════════════════════════════════════════════════════════════════════════════════════
00:32 +749 -28: /Users/nishantgupta/Documents/GitaGyan/OldWisdom/test/screens/home_screen_test.dart: HomeScreen Widget Tests should handle error state gracefully [E]                                  
  Test failed. See exception logs above.
  The test description was: should handle error state gracefully
  

To run this test again: /Users/nishantgupta/Documents/Development/flutter/bin/cache/dart-sdk/bin/dart test /Users/nishantgupta/Documents/GitaGyan/OldWisdom/test/screens/home_screen_test.dart -p vm --plain-name 'HomeScreen Widget Tests should handle error state gracefully'
00:32 +749 -28: /Users/nishantgupta/Documents/GitaGyan/OldWisdom/test/screens/home_screen_test.dart: HomeScreen Widget Tests should display authenticated user greeting when signed in                 
══╡ EXCEPTION CAUGHT BY FLUTTER TEST FRAMEWORK ╞════════════════════════════════════════════════════
The following assertion was thrown running a test:
You must initialize the supabase instance before calling Supabase.instance
'package:supabase_flutter/src/supabase.dart':
Failed assertion: line 45 pos 7: '_instance._isInitialized'

When the exception was thrown, this was the stack:
#2      Supabase.instance (package:supabase_flutter/src/supabase.dart:45:7)
#3      new EnhancedSupabaseService (package:GitaWisdom/services/enhanced_supabase_service.dart:28:42)
#4      ServiceLocator.enhancedSupabaseService (package:GitaWisdom/services/service_locator.dart:15:34)
#5      _HomeScreenState._service (package:GitaWisdom/screens/home_screen.dart:78:49)
#6      _HomeScreenState._service (package:GitaWisdom/screens/home_screen.dart)
#7      _HomeScreenState._initializeDataAfterFirstFrame.<anonymous closure> (package:GitaWisdom/screens/home_screen.dart:160:22)
#8      State.setState (package:flutter/src/widgets/framework.dart:1199:30)
#9      _HomeScreenState._initializeDataAfterFirstFrame (package:GitaWisdom/screens/home_screen.dart:158:5)
#10     _HomeScreenState.initState.<anonymous closure> (package:GitaWisdom/screens/home_screen.dart:141:7)
#11     SchedulerBinding._invokeFrameCallback (package:flutter/src/scheduler/binding.dart:1434:15)
#12     SchedulerBinding.handleDrawFrame (package:flutter/src/scheduler/binding.dart:1361:11)
#13     AutomatedTestWidgetsFlutterBinding.pump.<anonymous closure> (package:flutter_test/src/binding.dart:1335:9)
#16     TestAsyncUtils.guard (package:flutter_test/src/test_async_utils.dart:74:41)
#17     AutomatedTestWidgetsFlutterBinding.pump (package:flutter_test/src/binding.dart:1324:27)
#18     WidgetTester.pumpWidget.<anonymous closure> (package:flutter_test/src/widget_tester.dart:598:22)
#21     TestAsyncUtils.guard (package:flutter_test/src/test_async_utils.dart:74:41)
#22     WidgetTester.pumpWidget (package:flutter_test/src/widget_tester.dart:595:27)
#23     main.<anonymous closure>.<anonymous closure> (file:///Users/nishantgupta/Documents/GitaGyan/OldWisdom/test/screens/home_screen_test.dart:156:20)
#24     testWidgets.<anonymous closure>.<anonymous closure> (package:flutter_test/src/widget_tester.dart:192:29)
<asynchronous suspension>
#25     TestWidgetsFlutterBinding._runTestBody (package:flutter_test/src/binding.dart:1059:5)
<asynchronous suspension>
<asynchronous suspension>
(elided 7 frames from class _AssertionError, dart:async, and package:stack_trace)

The test description was:
  should display authenticated user greeting when signed in
════════════════════════════════════════════════════════════════════════════════════════════════════
00:32 +749 -29: /Users/nishantgupta/Documents/GitaGyan/OldWisdom/test/screens/home_screen_test.dart: HomeScreen Widget Tests should display authenticated user greeting when signed in [E]             
  Test failed. See exception logs above.
  The test description was: should display authenticated user greeting when signed in
  
00:32 +749 -29: /Users/nishantgupta/Documents/GitaGyan/OldWisdom/test/services/simple_auth_service_test.dart: SimpleAuthService State Management should provide auth state stream                      
✅ Signed in as guest
00:33 +749 -29: /Users/nishantgupta/Documents/GitaGyan/OldWisdom/test/screens/more_screen_test.dart: MoreScreen Widget Tests should handle cache refresh                                               
══╡ EXCEPTION CAUGHT BY FLUTTER TEST FRAMEWORK ╞════════════════════════════════════════════════════
The following assertion was thrown running a test:
pumpAndSettle timed out

When the exception was thrown, this was the stack:
#0      WidgetTester.pumpAndSettle.<anonymous closure> (package:flutter_test/src/widget_tester.dart:717:11)
<asynchronous suspension>
#1      TestAsyncUtils.guard.<anonymous closure> (package:flutter_test/src/test_async_utils.dart:130:27)
<asynchronous suspension>
#2      main.<anonymous closure>.<anonymous closure> (file:///Users/nishantgupta/Documents/GitaGyan/OldWisdom/test/screens/more_screen_test.dart:246:7)
<asynchronous suspension>
#3      testWidgets.<anonymous closure>.<anonymous closure> (package:flutter_test/src/widget_tester.dart:192:15)
<asynchronous suspension>
#4      TestWidgetsFlutterBinding._runTestBody (package:flutter_test/src/binding.dart:1059:5)
<asynchronous suspension>
<asynchronous suspension>
(elided one frame from package:stack_trace)

The test description was:
  should handle cache refresh
════════════════════════════════════════════════════════════════════════════════════════════════════
00:33 +749 -30: /Users/nishantgupta/Documents/GitaGyan/OldWisdom/test/screens/more_screen_test.dart: MoreScreen Widget Tests should handle cache refresh [E]                                           
  Test failed. See exception logs above.
  The test description was: should handle cache refresh
  

To run this test again: /Users/nishantgupta/Documents/Development/flutter/bin/cache/dart-sdk/bin/dart test /Users/nishantgupta/Documents/GitaGyan/OldWisdom/test/screens/more_screen_test.dart -p vm --plain-name 'MoreScreen Widget Tests should handle cache refresh'
00:35 +749 -30: /Users/nishantgupta/Documents/GitaGyan/OldWisdom/test/services/simple_auth_service_test.dart: SimpleAuthService State Management should provide auth state stream                      
👋 Signed out
00:35 +750 -30: /Users/nishantgupta/Documents/GitaGyan/OldWisdom/test/screens/more_screen_test.dart: MoreScreen Accessibility Tests should have proper semantic labels                                 00:35 +750 -30: /Users/nishantgupta/Documents/GitaGyan/OldWisdom/test/services/simple_auth_service_test.dart: SimpleAuthService Display Name Logic should return full name when available              
✅ SimpleAuthService initialized
00:36 +750 -30: /Users/nishantgupta/Documents/GitaGyan/OldWisdom/test/screens/home_screen_test.dart: HomeScreen Widget Tests should display authenticated user greeting when signed in                 
══╡ EXCEPTION CAUGHT BY FLUTTER TEST FRAMEWORK ╞════════════════════════════════════════════════════
The following assertion was thrown running a test (but after the test had completed):
pumpAndSettle timed out

When the exception was thrown, this was the stack:
#0      WidgetTester.pumpAndSettle.<anonymous closure> (package:flutter_test/src/widget_tester.dart:717:11)
<asynchronous suspension>
#1      TestAsyncUtils.guard.<anonymous closure> (package:flutter_test/src/test_async_utils.dart:130:27)
<asynchronous suspension>
#2      main.<anonymous closure>.<anonymous closure> (file:///Users/nishantgupta/Documents/GitaGyan/OldWisdom/test/screens/home_screen_test.dart:157:7)
<asynchronous suspension>
#3      testWidgets.<anonymous closure>.<anonymous closure> (package:flutter_test/src/widget_tester.dart:192:15)
<asynchronous suspension>
#4      TestWidgetsFlutterBinding._runTestBody (package:flutter_test/src/binding.dart:1059:5)
<asynchronous suspension>
<asynchronous suspension>
(elided one frame from package:stack_trace)
════════════════════════════════════════════════════════════════════════════════════════════════════
00:36 +750 -30: /Users/nishantgupta/Documents/GitaGyan/OldWisdom/test/screens/home_screen_test.dart: HomeScreen Widget Tests should display authenticated user greeting when signed in [E]             
  Test failed. See exception logs above.
  The test description was: should display authenticated user greeting when signed in
  

To run this test again: /Users/nishantgupta/Documents/Development/flutter/bin/cache/dart-sdk/bin/dart test /Users/nishantgupta/Documents/GitaGyan/OldWisdom/test/screens/home_screen_test.dart -p vm --plain-name 'HomeScreen Widget Tests should display authenticated user greeting when signed in'
00:36 +750 -30: /Users/nishantgupta/Documents/GitaGyan/OldWisdom/test/screens/more_screen_test.dart: MoreScreen Accessibility Tests should have proper semantic labels                                 
══╡ EXCEPTION CAUGHT BY FLUTTER TEST FRAMEWORK ╞════════════════════════════════════════════════════
The following assertion was thrown running a test:
pumpAndSettle timed out

When the exception was thrown, this was the stack:
#0      WidgetTester.pumpAndSettle.<anonymous closure> (package:flutter_test/src/widget_tester.dart:717:11)
<asynchronous suspension>
#1      TestAsyncUtils.guard.<anonymous closure> (package:flutter_test/src/test_async_utils.dart:130:27)
<asynchronous suspension>
#2      main.<anonymous closure>.<anonymous closure> (file:///Users/nishantgupta/Documents/GitaGyan/OldWisdom/test/screens/more_screen_test.dart:264:7)
<asynchronous suspension>
#3      testWidgets.<anonymous closure>.<anonymous closure> (package:flutter_test/src/widget_tester.dart:192:15)
<asynchronous suspension>
#4      TestWidgetsFlutterBinding._runTestBody (package:flutter_test/src/binding.dart:1059:5)
<asynchronous suspension>
<asynchronous suspension>
(elided one frame from package:stack_trace)

The test description was:
  should have proper semantic labels
════════════════════════════════════════════════════════════════════════════════════════════════════
00:36 +750 -31: /Users/nishantgupta/Documents/GitaGyan/OldWisdom/test/screens/more_screen_test.dart: MoreScreen Accessibility Tests should have proper semantic labels [E]                             
  Test failed. See exception logs above.
  The test description was: should have proper semantic labels
  

To run this test again: /Users/nishantgupta/Documents/Development/flutter/bin/cache/dart-sdk/bin/dart test /Users/nishantgupta/Documents/GitaGyan/OldWisdom/test/screens/more_screen_test.dart -p vm --plain-name 'MoreScreen Accessibility Tests should have proper semantic labels'
00:36 +750 -31: /Users/nishantgupta/Documents/GitaGyan/OldWisdom/test/screens/home_screen_test.dart: HomeScreen Widget Tests should apply dark mode theme when enabled                                 
══╡ EXCEPTION CAUGHT BY FLUTTER TEST FRAMEWORK ╞════════════════════════════════════════════════════
The following assertion was thrown running a test:
You must initialize the supabase instance before calling Supabase.instance
'package:supabase_flutter/src/supabase.dart':
Failed assertion: line 45 pos 7: '_instance._isInitialized'

When the exception was thrown, this was the stack:
#2      Supabase.instance (package:supabase_flutter/src/supabase.dart:45:7)
#3      new EnhancedSupabaseService (package:GitaWisdom/services/enhanced_supabase_service.dart:28:42)
#4      ServiceLocator.enhancedSupabaseService (package:GitaWisdom/services/service_locator.dart:15:34)
#5      _HomeScreenState._service (package:GitaWisdom/screens/home_screen.dart:78:49)
#6      _HomeScreenState._service (package:GitaWisdom/screens/home_screen.dart)
#7      _HomeScreenState._initializeDataAfterFirstFrame.<anonymous closure> (package:GitaWisdom/screens/home_screen.dart:160:22)
#8      State.setState (package:flutter/src/widgets/framework.dart:1199:30)
#9      _HomeScreenState._initializeDataAfterFirstFrame (package:GitaWisdom/screens/home_screen.dart:158:5)
#10     _HomeScreenState.initState.<anonymous closure> (package:GitaWisdom/screens/home_screen.dart:141:7)
#11     SchedulerBinding._invokeFrameCallback (package:flutter/src/scheduler/binding.dart:1434:15)
#12     SchedulerBinding.handleDrawFrame (package:flutter/src/scheduler/binding.dart:1361:11)
#13     AutomatedTestWidgetsFlutterBinding.pump.<anonymous closure> (package:flutter_test/src/binding.dart:1335:9)
#16     TestAsyncUtils.guard (package:flutter_test/src/test_async_utils.dart:74:41)
#17     AutomatedTestWidgetsFlutterBinding.pump (package:flutter_test/src/binding.dart:1324:27)
#18     WidgetTester.pumpWidget.<anonymous closure> (package:flutter_test/src/widget_tester.dart:598:22)
#21     TestAsyncUtils.guard (package:flutter_test/src/test_async_utils.dart:74:41)
#22     WidgetTester.pumpWidget (package:flutter_test/src/widget_tester.dart:595:27)
#23     main.<anonymous closure>.<anonymous closure> (file:///Users/nishantgupta/Documents/GitaGyan/OldWisdom/test/screens/home_screen_test.dart:166:20)
#24     testWidgets.<anonymous closure>.<anonymous closure> (package:flutter_test/src/widget_tester.dart:192:29)
<asynchronous suspension>
#25     TestWidgetsFlutterBinding._runTestBody (package:flutter_test/src/binding.dart:1059:5)
<asynchronous suspension>
<asynchronous suspension>
(elided 7 frames from class _AssertionError, dart:async, and package:stack_trace)

The test description was:
  should apply dark mode theme when enabled
════════════════════════════════════════════════════════════════════════════════════════════════════
00:36 +750 -32: /Users/nishantgupta/Documents/GitaGyan/OldWisdom/test/screens/home_screen_test.dart: HomeScreen Widget Tests should apply dark mode theme when enabled [E]                             
  Test failed. See exception logs above.
  The test description was: should apply dark mode theme when enabled
  
00:36 +750 -32: /Users/nishantgupta/Documents/GitaGyan/OldWisdom/test/services/simple_auth_service_test.dart: SimpleAuthService Display Name Logic should return full name when available              
✅ Signed up with email: test@example.com, name: Full Name
👋 Signed out
00:36 +751 -32: /Users/nishantgupta/Documents/GitaGyan/OldWisdom/test/screens/more_screen_test.dart: MoreScreen Accessibility Tests should have minimum touch target sizes for all interactive elements00:36 +751 -32: /Users/nishantgupta/Documents/GitaGyan/OldWisdom/test/services/simple_auth_service_test.dart: SimpleAuthService Display Name Logic should extract from email when name not set         
✅ SimpleAuthService initialized
✅ Signed in with email: john.smith@example.com
👋 Signed out
00:37 +752 -32: /Users/nishantgupta/Documents/GitaGyan/OldWisdom/test/screens/more_screen_test.dart: MoreScreen Accessibility Tests should have minimum touch target sizes for all interactive elements00:37 +752 -32: /Users/nishantgupta/Documents/GitaGyan/OldWisdom/test/services/simple_auth_service_test.dart: SimpleAuthService Display Name Logic should return null when no email or name            
✅ SimpleAuthService initialized
👋 Signed out
00:37 +753 -32: /Users/nishantgupta/Documents/GitaGyan/OldWisdom/test/screens/more_screen_test.dart: MoreScreen Accessibility Tests should have minimum touch target sizes for all interactive elements00:37 +753 -32: /Users/nishantgupta/Documents/GitaGyan/OldWisdom/test/services/simple_auth_service_test.dart: SimpleAuthService Authentication State Transitions should transition from anonymous to authenticated
✅ SimpleAuthService initialized
00:38 +753 -32: /Users/nishantgupta/Documents/GitaGyan/OldWisdom/test/screens/more_screen_test.dart: MoreScreen Accessibility Tests should have minimum touch target sizes for all interactive elements
══╡ EXCEPTION CAUGHT BY FLUTTER TEST FRAMEWORK ╞════════════════════════════════════════════════════
The following assertion was thrown running a test:
pumpAndSettle timed out

When the exception was thrown, this was the stack:
#0      WidgetTester.pumpAndSettle.<anonymous closure> (package:flutter_test/src/widget_tester.dart:717:11)
<asynchronous suspension>
#1      TestAsyncUtils.guard.<anonymous closure> (package:flutter_test/src/test_async_utils.dart:130:27)
<asynchronous suspension>
#2      main.<anonymous closure>.<anonymous closure> (file:///Users/nishantgupta/Documents/GitaGyan/OldWisdom/test/screens/more_screen_test.dart:274:7)
<asynchronous suspension>
#3      testWidgets.<anonymous closure>.<anonymous closure> (package:flutter_test/src/widget_tester.dart:192:15)
<asynchronous suspension>
#4      TestWidgetsFlutterBinding._runTestBody (package:flutter_test/src/binding.dart:1059:5)
<asynchronous suspension>
<asynchronous suspension>
(elided one frame from package:stack_trace)

The test description was:
  should have minimum touch target sizes for all interactive elements
════════════════════════════════════════════════════════════════════════════════════════════════════
00:38 +753 -33: /Users/nishantgupta/Documents/GitaGyan/OldWisdom/test/screens/more_screen_test.dart: MoreScreen Accessibility Tests should have minimum touch target sizes for all interactive elements [E]
  Test failed. See exception logs above.
  The test description was: should have minimum touch target sizes for all interactive elements
  

To run this test again: /Users/nishantgupta/Documents/Development/flutter/bin/cache/dart-sdk/bin/dart test /Users/nishantgupta/Documents/GitaGyan/OldWisdom/test/screens/more_screen_test.dart -p vm --plain-name 'MoreScreen Accessibility Tests should have minimum touch target sizes for all interactive elements'
00:38 +753 -33: /Users/nishantgupta/Documents/GitaGyan/OldWisdom/test/services/simple_auth_service_test.dart: SimpleAuthService Authentication State Transitions should transition from anonymous to authenticated
✅ Signed in as guest
✅ Signed in with email: test@example.com
👋 Signed out
00:39 +754 -33: /Users/nishantgupta/Documents/GitaGyan/OldWisdom/test/services/simple_auth_service_test.dart: ... Authentication State Transitions should transition from anonymous to authenticated   00:39 +754 -33: /Users/nishantgupta/Documents/GitaGyan/OldWisdom/test/services/simple_auth_service_test.dart: ... Authentication State Transitions should transition from authenticated to anonymous   00:39 +754 -33: /Users/nishantgupta/Documents/GitaGyan/OldWisdom/test/services/simple_auth_service_test.dart: SimpleAuthService Authentication State Transitions should transition from authenticated to anonymous
✅ SimpleAuthService initialized
00:39 +754 -33: /Users/nishantgupta/Documents/GitaGyan/OldWisdom/test/screens/home_screen_test.dart: HomeScreen Widget Tests should apply dark mode theme when enabled                                 
══╡ EXCEPTION CAUGHT BY FLUTTER TEST FRAMEWORK ╞════════════════════════════════════════════════════
The following assertion was thrown running a test (but after the test had completed):
pumpAndSettle timed out

When the exception was thrown, this was the stack:
#0      WidgetTester.pumpAndSettle.<anonymous closure> (package:flutter_test/src/widget_tester.dart:717:11)
<asynchronous suspension>
#1      TestAsyncUtils.guard.<anonymous closure> (package:flutter_test/src/test_async_utils.dart:130:27)
<asynchronous suspension>
#2      main.<anonymous closure>.<anonymous closure> (file:///Users/nishantgupta/Documents/GitaGyan/OldWisdom/test/screens/home_screen_test.dart:167:7)
<asynchronous suspension>
#3      testWidgets.<anonymous closure>.<anonymous closure> (package:flutter_test/src/widget_tester.dart:192:15)
<asynchronous suspension>
#4      TestWidgetsFlutterBinding._runTestBody (package:flutter_test/src/binding.dart:1059:5)
<asynchronous suspension>
<asynchronous suspension>
(elided one frame from package:stack_trace)
════════════════════════════════════════════════════════════════════════════════════════════════════
00:39 +754 -33: /Users/nishantgupta/Documents/GitaGyan/OldWisdom/test/screens/home_screen_test.dart: HomeScreen Widget Tests should apply dark mode theme when enabled [E]                             
  Test failed. See exception logs above.
  The test description was: should apply dark mode theme when enabled
  

To run this test again: /Users/nishantgupta/Documents/Development/flutter/bin/cache/dart-sdk/bin/dart test /Users/nishantgupta/Documents/GitaGyan/OldWisdom/test/screens/home_screen_test.dart -p vm --plain-name 'HomeScreen Widget Tests should apply dark mode theme when enabled'
00:39 +754 -33: /Users/nishantgupta/Documents/GitaGyan/OldWisdom/test/screens/home_screen_test.dart: HomeScreen Widget Tests should refresh data on pull-to-refresh                                    
══╡ EXCEPTION CAUGHT BY FLUTTER TEST FRAMEWORK ╞════════════════════════════════════════════════════
The following assertion was thrown running a test:
You must initialize the supabase instance before calling Supabase.instance
'package:supabase_flutter/src/supabase.dart':
Failed assertion: line 45 pos 7: '_instance._isInitialized'

When the exception was thrown, this was the stack:
#2      Supabase.instance (package:supabase_flutter/src/supabase.dart:45:7)
#3      new EnhancedSupabaseService (package:GitaWisdom/services/enhanced_supabase_service.dart:28:42)
#4      ServiceLocator.enhancedSupabaseService (package:GitaWisdom/services/service_locator.dart:15:34)
#5      _HomeScreenState._service (package:GitaWisdom/screens/home_screen.dart:78:49)
#6      _HomeScreenState._service (package:GitaWisdom/screens/home_screen.dart)
#7      _HomeScreenState._initializeDataAfterFirstFrame.<anonymous closure> (package:GitaWisdom/screens/home_screen.dart:160:22)
#8      State.setState (package:flutter/src/widgets/framework.dart:1199:30)
#9      _HomeScreenState._initializeDataAfterFirstFrame (package:GitaWisdom/screens/home_screen.dart:158:5)
#10     _HomeScreenState.initState.<anonymous closure> (package:GitaWisdom/screens/home_screen.dart:141:7)
#11     SchedulerBinding._invokeFrameCallback (package:flutter/src/scheduler/binding.dart:1434:15)
#12     SchedulerBinding.handleDrawFrame (package:flutter/src/scheduler/binding.dart:1361:11)
#13     AutomatedTestWidgetsFlutterBinding.pump.<anonymous closure> (package:flutter_test/src/binding.dart:1335:9)
#16     TestAsyncUtils.guard (package:flutter_test/src/test_async_utils.dart:74:41)
#17     AutomatedTestWidgetsFlutterBinding.pump (package:flutter_test/src/binding.dart:1324:27)
#18     WidgetTester.pumpWidget.<anonymous closure> (package:flutter_test/src/widget_tester.dart:598:22)
#21     TestAsyncUtils.guard (package:flutter_test/src/test_async_utils.dart:74:41)
#22     WidgetTester.pumpWidget (package:flutter_test/src/widget_tester.dart:595:27)
#23     main.<anonymous closure>.<anonymous closure> (file:///Users/nishantgupta/Documents/GitaGyan/OldWisdom/test/screens/home_screen_test.dart:187:20)
#24     testWidgets.<anonymous closure>.<anonymous closure> (package:flutter_test/src/widget_tester.dart:192:29)
<asynchronous suspension>
#25     TestWidgetsFlutterBinding._runTestBody (package:flutter_test/src/binding.dart:1059:5)
<asynchronous suspension>
<asynchronous suspension>
(elided 7 frames from class _AssertionError, dart:async, and package:stack_trace)

The test description was:
  should refresh data on pull-to-refresh
════════════════════════════════════════════════════════════════════════════════════════════════════
00:39 +754 -34: /Users/nishantgupta/Documents/GitaGyan/OldWisdom/test/screens/home_screen_test.dart: HomeScreen Widget Tests should refresh data on pull-to-refresh [E]                                
  Test failed. See exception logs above.
  The test description was: should refresh data on pull-to-refresh
  
00:40 +754 -34: /Users/nishantgupta/Documents/GitaGyan/OldWisdom/test/services/simple_auth_service_test.dart: SimpleAuthService Authentication State Transitions should transition from authenticated to anonymous
✅ Signed in with email: test@example.com
👋 Signed out
✅ Signed in as guest
👋 Signed out
00:40 +755 -34: /Users/nishantgupta/Documents/GitaGyan/OldWisdom/test/services/simple_auth_service_test.dart: ... Authentication State Transitions should transition from authenticated to anonymous   00:40 +755 -34: /Users/nishantgupta/Documents/GitaGyan/OldWisdom/test/services/simple_auth_service_test.dart: ... Authentication State Transitions should handle multiple sign in attempts             00:40 +755 -34: /Users/nishantgupta/Documents/GitaGyan/OldWisdom/test/services/simple_auth_service_test.dart: SimpleAuthService Authentication State Transitions should handle multiple sign in attempts
✅ SimpleAuthService initialized
✅ Signed in with email: first@example.com
✅ Signed in with email: second@example.com
👋 Signed out
00:42 +756 -34: /Users/nishantgupta/Documents/GitaGyan/OldWisdom/test/services/simple_auth_service_test.dart: ... Authentication State Transitions should handle multiple sign in attempts             00:42 +756 -34: /Users/nishantgupta/Documents/GitaGyan/OldWisdom/test/services/simple_auth_service_test.dart: SimpleAuthService Edge Cases should handle special characters in email                   00:42 +756 -34: /Users/nishantgupta/Documents/GitaGyan/OldWisdom/test/services/simple_auth_service_test.dart: SimpleAuthService Edge Cases should handle special characters in email                   
✅ SimpleAuthService initialized
00:43 +756 -34: /Users/nishantgupta/Documents/GitaGyan/OldWisdom/test/screens/home_screen_test.dart: HomeScreen Widget Tests should refresh data on pull-to-refresh                                    
══╡ EXCEPTION CAUGHT BY FLUTTER TEST FRAMEWORK ╞════════════════════════════════════════════════════
The following assertion was thrown running a test (but after the test had completed):
pumpAndSettle timed out

When the exception was thrown, this was the stack:
#0      WidgetTester.pumpAndSettle.<anonymous closure> (package:flutter_test/src/widget_tester.dart:717:11)
<asynchronous suspension>
#1      TestAsyncUtils.guard.<anonymous closure> (package:flutter_test/src/test_async_utils.dart:130:27)
<asynchronous suspension>
#2      main.<anonymous closure>.<anonymous closure> (file:///Users/nishantgupta/Documents/GitaGyan/OldWisdom/test/screens/home_screen_test.dart:188:7)
<asynchronous suspension>
#3      testWidgets.<anonymous closure>.<anonymous closure> (package:flutter_test/src/widget_tester.dart:192:15)
<asynchronous suspension>
#4      TestWidgetsFlutterBinding._runTestBody (package:flutter_test/src/binding.dart:1059:5)
<asynchronous suspension>
<asynchronous suspension>
(elided one frame from package:stack_trace)
════════════════════════════════════════════════════════════════════════════════════════════════════
00:43 +756 -34: /Users/nishantgupta/Documents/GitaGyan/OldWisdom/test/screens/home_screen_test.dart: HomeScreen Widget Tests should refresh data on pull-to-refresh [E]                                
  Test failed. See exception logs above.
  The test description was: should refresh data on pull-to-refresh
  

To run this test again: /Users/nishantgupta/Documents/Development/flutter/bin/cache/dart-sdk/bin/dart test /Users/nishantgupta/Documents/GitaGyan/OldWisdom/test/screens/home_screen_test.dart -p vm --plain-name 'HomeScreen Widget Tests should refresh data on pull-to-refresh'
00:43 +756 -34: /Users/nishantgupta/Documents/GitaGyan/OldWisdom/test/screens/home_screen_test.dart: HomeScreen Accessibility Tests should have proper semantics for screen readers                    
══╡ EXCEPTION CAUGHT BY FLUTTER TEST FRAMEWORK ╞════════════════════════════════════════════════════
The following assertion was thrown running a test:
You must initialize the supabase instance before calling Supabase.instance
'package:supabase_flutter/src/supabase.dart':
Failed assertion: line 45 pos 7: '_instance._isInitialized'

When the exception was thrown, this was the stack:
#2      Supabase.instance (package:supabase_flutter/src/supabase.dart:45:7)
#3      new EnhancedSupabaseService (package:GitaWisdom/services/enhanced_supabase_service.dart:28:42)
#4      ServiceLocator.enhancedSupabaseService (package:GitaWisdom/services/service_locator.dart:15:34)
#5      _HomeScreenState._service (package:GitaWisdom/screens/home_screen.dart:78:49)
#6      _HomeScreenState._service (package:GitaWisdom/screens/home_screen.dart)
#7      _HomeScreenState._initializeDataAfterFirstFrame.<anonymous closure> (package:GitaWisdom/screens/home_screen.dart:160:22)
#8      State.setState (package:flutter/src/widgets/framework.dart:1199:30)
#9      _HomeScreenState._initializeDataAfterFirstFrame (package:GitaWisdom/screens/home_screen.dart:158:5)
#10     _HomeScreenState.initState.<anonymous closure> (package:GitaWisdom/screens/home_screen.dart:141:7)
#11     SchedulerBinding._invokeFrameCallback (package:flutter/src/scheduler/binding.dart:1434:15)
#12     SchedulerBinding.handleDrawFrame (package:flutter/src/scheduler/binding.dart:1361:11)
#13     AutomatedTestWidgetsFlutterBinding.pump.<anonymous closure> (package:flutter_test/src/binding.dart:1335:9)
#16     TestAsyncUtils.guard (package:flutter_test/src/test_async_utils.dart:74:41)
#17     AutomatedTestWidgetsFlutterBinding.pump (package:flutter_test/src/binding.dart:1324:27)
#18     WidgetTester.pumpWidget.<anonymous closure> (package:flutter_test/src/widget_tester.dart:598:22)
#21     TestAsyncUtils.guard (package:flutter_test/src/test_async_utils.dart:74:41)
#22     WidgetTester.pumpWidget (package:flutter_test/src/widget_tester.dart:595:27)
#23     main.<anonymous closure>.<anonymous closure> (file:///Users/nishantgupta/Documents/GitaGyan/OldWisdom/test/screens/home_screen_test.dart:204:20)
#24     testWidgets.<anonymous closure>.<anonymous closure> (package:flutter_test/src/widget_tester.dart:192:29)
<asynchronous suspension>
#25     TestWidgetsFlutterBinding._runTestBody (package:flutter_test/src/binding.dart:1059:5)
<asynchronous suspension>
<asynchronous suspension>
(elided 7 frames from class _AssertionError, dart:async, and package:stack_trace)

The test description was:
  should have proper semantics for screen readers
════════════════════════════════════════════════════════════════════════════════════════════════════
00:43 +756 -35: /Users/nishantgupta/Documents/GitaGyan/OldWisdom/test/screens/home_screen_test.dart: HomeScreen Accessibility Tests should have proper semantics for screen readers [E]                
  Test failed. See exception logs above.
  The test description was: should have proper semantics for screen readers
  
00:43 +756 -35: /Users/nishantgupta/Documents/GitaGyan/OldWisdom/test/services/simple_auth_service_test.dart: SimpleAuthService Edge Cases should handle special characters in email                   
✅ Signed in with email: test+tag@example.com
👋 Signed out
00:43 +757 -35: /Users/nishantgupta/Documents/GitaGyan/OldWisdom/test/services/simple_auth_service_test.dart: SimpleAuthService Edge Cases should handle special characters in email                   00:43 +757 -35: /Users/nishantgupta/Documents/GitaGyan/OldWisdom/test/services/simple_auth_service_test.dart: SimpleAuthService Edge Cases should handle very long names                               00:43 +757 -35: /Users/nishantgupta/Documents/GitaGyan/OldWisdom/test/services/simple_auth_service_test.dart: SimpleAuthService Edge Cases should handle very long names                               
✅ SimpleAuthService initialized
✅ Signed up with email: test@example.com, name: Very Long Name That Exceeds Normal Length
👋 Signed out
00:44 +758 -35: /Users/nishantgupta/Documents/GitaGyan/OldWisdom/test/services/simple_auth_service_test.dart: SimpleAuthService Edge Cases should handle very long names                               00:44 +758 -35: /Users/nishantgupta/Documents/GitaGyan/OldWisdom/test/services/simple_auth_service_test.dart: SimpleAuthService Edge Cases should handle concurrent sign in attempts                   00:44 +758 -35: /Users/nishantgupta/Documents/GitaGyan/OldWisdom/test/services/simple_auth_service_test.dart: SimpleAuthService Edge Cases should handle concurrent sign in attempts                   
✅ SimpleAuthService initialized
✅ Signed in as guest
✅ Signed in with email: test@example.com
👋 Signed out
00:45 +759 -35: /Users/nishantgupta/Documents/GitaGyan/OldWisdom/test/services/simple_auth_service_test.dart: SimpleAuthService Edge Cases should handle concurrent sign in attempts                   00:45 +759 -35: /Users/nishantgupta/Documents/GitaGyan/OldWisdom/test/services/simple_auth_service_test.dart: (tearDownAll)                                                                            00:46 +759 -35: /Users/nishantgupta/Documents/GitaGyan/OldWisdom/test/services/simple_auth_service_test.dart: (tearDownAll)                                                                            00:46 +759 -35: /Users/nishantgupta/Documents/GitaGyan/OldWisdom/test/screens/home_screen_test.dart: HomeScreen Accessibility Tests should have proper semantics for screen readers                    
══╡ EXCEPTION CAUGHT BY FLUTTER TEST FRAMEWORK ╞════════════════════════════════════════════════════
The following assertion was thrown running a test (but after the test had completed):
pumpAndSettle timed out

When the exception was thrown, this was the stack:
#0      WidgetTester.pumpAndSettle.<anonymous closure> (package:flutter_test/src/widget_tester.dart:717:11)
<asynchronous suspension>
#1      TestAsyncUtils.guard.<anonymous closure> (package:flutter_test/src/test_async_utils.dart:130:27)
<asynchronous suspension>
#2      main.<anonymous closure>.<anonymous closure> (file:///Users/nishantgupta/Documents/GitaGyan/OldWisdom/test/screens/home_screen_test.dart:205:7)
<asynchronous suspension>
#3      testWidgets.<anonymous closure>.<anonymous closure> (package:flutter_test/src/widget_tester.dart:192:15)
<asynchronous suspension>
#4      TestWidgetsFlutterBinding._runTestBody (package:flutter_test/src/binding.dart:1059:5)
<asynchronous suspension>
<asynchronous suspension>
(elided one frame from package:stack_trace)
════════════════════════════════════════════════════════════════════════════════════════════════════
00:46 +759 -35: /Users/nishantgupta/Documents/GitaGyan/OldWisdom/test/screens/home_screen_test.dart: HomeScreen Accessibility Tests should have proper semantics for screen readers [E]                
  Test failed. See exception logs above.
  The test description was: should have proper semantics for screen readers
  

To run this test again: /Users/nishantgupta/Documents/Development/flutter/bin/cache/dart-sdk/bin/dart test /Users/nishantgupta/Documents/GitaGyan/OldWisdom/test/screens/home_screen_test.dart -p vm --plain-name 'HomeScreen Accessibility Tests should have proper semantics for screen readers'
00:46 +759 -35: /Users/nishantgupta/Documents/GitaGyan/OldWisdom/test/screens/home_screen_test.dart: HomeScreen Accessibility Tests should have minimum touch target sizes                             00:46 +759 -35: /Users/nishantgupta/Documents/GitaGyan/OldWisdom/test/screens/home_screen_test.dart: HomeScreen Accessibility Tests should have minimum touch target sizes                             
══╡ EXCEPTION CAUGHT BY FLUTTER TEST FRAMEWORK ╞════════════════════════════════════════════════════
The following assertion was thrown running a test:
You must initialize the supabase instance before calling Supabase.instance
'package:supabase_flutter/src/supabase.dart':
Failed assertion: line 45 pos 7: '_instance._isInitialized'

When the exception was thrown, this was the stack:
#2      Supabase.instance (package:supabase_flutter/src/supabase.dart:45:7)
#3      new EnhancedSupabaseService (package:GitaWisdom/services/enhanced_supabase_service.dart:28:42)
#4      ServiceLocator.enhancedSupabaseService (package:GitaWisdom/services/service_locator.dart:15:34)
#5      _HomeScreenState._service (package:GitaWisdom/screens/home_screen.dart:78:49)
#6      _HomeScreenState._service (package:GitaWisdom/screens/home_screen.dart)
#7      _HomeScreenState._initializeDataAfterFirstFrame.<anonymous closure> (package:GitaWisdom/screens/home_screen.dart:160:22)
#8      State.setState (package:flutter/src/widgets/framework.dart:1199:30)
#9      _HomeScreenState._initializeDataAfterFirstFrame (package:GitaWisdom/screens/home_screen.dart:158:5)
#10     _HomeScreenState.initState.<anonymous closure> (package:GitaWisdom/screens/home_screen.dart:141:7)
#11     SchedulerBinding._invokeFrameCallback (package:flutter/src/scheduler/binding.dart:1434:15)
#12     SchedulerBinding.handleDrawFrame (package:flutter/src/scheduler/binding.dart:1361:11)
#13     AutomatedTestWidgetsFlutterBinding.pump.<anonymous closure> (package:flutter_test/src/binding.dart:1335:9)
#16     TestAsyncUtils.guard (package:flutter_test/src/test_async_utils.dart:74:41)
#17     AutomatedTestWidgetsFlutterBinding.pump (package:flutter_test/src/binding.dart:1324:27)
#18     WidgetTester.pumpWidget.<anonymous closure> (package:flutter_test/src/widget_tester.dart:598:22)
#21     TestAsyncUtils.guard (package:flutter_test/src/test_async_utils.dart:74:41)
#22     WidgetTester.pumpWidget (package:flutter_test/src/widget_tester.dart:595:27)
#23     main.<anonymous closure>.<anonymous closure> (file:///Users/nishantgupta/Documents/GitaGyan/OldWisdom/test/screens/home_screen_test.dart:227:20)
#24     testWidgets.<anonymous closure>.<anonymous closure> (package:flutter_test/src/widget_tester.dart:192:29)
<asynchronous suspension>
#25     TestWidgetsFlutterBinding._runTestBody (package:flutter_test/src/binding.dart:1059:5)
<asynchronous suspension>
<asynchronous suspension>
(elided 7 frames from class _AssertionError, dart:async, and package:stack_trace)

The test description was:
  should have minimum touch target sizes
════════════════════════════════════════════════════════════════════════════════════════════════════
00:46 +759 -36: /Users/nishantgupta/Documents/GitaGyan/OldWisdom/test/screens/home_screen_test.dart: HomeScreen Accessibility Tests should have minimum touch target sizes [E]                         
  Test failed. See exception logs above.
  The test description was: should have minimum touch target sizes
  
══╡ EXCEPTION CAUGHT BY FLUTTER TEST FRAMEWORK ╞════════════════════════════════════════════════════
The following assertion was thrown running a test (but after the test had completed):
pumpAndSettle timed out

When the exception was thrown, this was the stack:
#0      WidgetTester.pumpAndSettle.<anonymous closure> (package:flutter_test/src/widget_tester.dart:717:11)
<asynchronous suspension>
#1      TestAsyncUtils.guard.<anonymous closure> (package:flutter_test/src/test_async_utils.dart:130:27)
<asynchronous suspension>
#2      main.<anonymous closure>.<anonymous closure> (file:///Users/nishantgupta/Documents/GitaGyan/OldWisdom/test/screens/home_screen_test.dart:228:7)
<asynchronous suspension>
#3      testWidgets.<anonymous closure>.<anonymous closure> (package:flutter_test/src/widget_tester.dart:192:15)
<asynchronous suspension>
#4      TestWidgetsFlutterBinding._runTestBody (package:flutter_test/src/binding.dart:1059:5)
<asynchronous suspension>
<asynchronous suspension>
(elided one frame from package:stack_trace)
════════════════════════════════════════════════════════════════════════════════════════════════════
  Test failed. See exception logs above.
  The test description was: should have minimum touch target sizes
  

To run this test again: /Users/nishantgupta/Documents/Development/flutter/bin/cache/dart-sdk/bin/dart test /Users/nishantgupta/Documents/GitaGyan/OldWisdom/test/screens/home_screen_test.dart -p vm --plain-name 'HomeScreen Accessibility Tests should have minimum touch target sizes'
00:49 +759 -36: Some tests failed.                                                                                                                                                                     
